******************************************************************************
             TMS320C2000 Linker PC v18.1.3                     
******************************************************************************
>> Linked Wed Feb 20 10:23:56 2019

OUTPUT FILE NAME:   <Groupmodule_Controller_31Lv_DSP_CPU2.out>
ENTRY POINT SYMBOL: "_c_int00"  address: 0001562c


MEMORY CONFIGURATION

         name            origin    length      used     unused   attr    fill
----------------------  --------  ---------  --------  --------  ----  --------
PAGE 0:
  RAM_BEGIN             00000000   00000002  00000000  00000002  RWIX
  RAMM0                 00000080   00000380  00000004  0000037c  RWIX
  RAMLS0                00008000   00000800  000003e5  0000041b  RWIX
  RAMLS1                00008800   00000800  00000000  00000800  RWIX
  RAMLS2                00009000   00000800  00000000  00000800  RWIX
  RAMLS3                00009800   00000800  00000000  00000800  RWIX
  RAMD0                 0000b000   00000800  00000000  00000800  RWIX
  RAMGS8910             00014000   00003000  000017bc  00001844  RWIX
  FLASH_BEGIN           00080000   00000002  00000000  00000002  RWIX
  FLASHA                00080002   00001ffe  00000000  00001ffe  RWIX
  FLASHB                00082000   00002000  00000000  00002000  RWIX
  FLASHC                00084000   00002000  00000000  00002000  RWIX
  FLASHD                00086000   00002000  00000000  00002000  RWIX
  FLASHE                00088000   00008000  00000000  00008000  RWIX
  FLASHF                00090000   00008000  00000000  00008000  RWIX
  FLASHG                00098000   00008000  00000000  00008000  RWIX
  FLASHH                000a0000   00008000  00000000  00008000  RWIX
  FLASHI                000a8000   00008000  00000000  00008000  RWIX
  FLASHJ                000b0000   00008000  00000000  00008000  RWIX
  FLASHK                000b8000   00002000  00000000  00002000  RWIX
  FLASHL                000ba000   00002000  00000000  00002000  RWIX
  FLASHM                000bc000   00002000  00000000  00002000  RWIX
  FLASHN                000be000   00002000  00000000  00002000  RWIX
  RESET                 003fffc0   00000002  00000000  00000002  RWIX

PAGE 1:
  BOOT_RSVD             00000002   00000120  00000000  00000120  RWIX
  RAMM1                 00000400   00000400  00000200  00000200  RWIX
  ADCA_RESULT           00000b00   00000020  00000018  00000008  RWIX
  ADCB_RESULT           00000b20   00000020  00000018  00000008  RWIX
  ADCC_RESULT           00000b40   00000020  00000018  00000008  RWIX
  ADCD_RESULT           00000b60   00000020  00000018  00000008  RWIX
  CPUx_TIMER0           00000c00   00000008  00000008  00000000  RWIX
  CPUx_TIMER1           00000c08   00000008  00000008  00000000  RWIX
  CPUx_TIMER2           00000c10   00000008  00000008  00000000  RWIX
  CPUx_PIE_CTRL         00000ce0   00000020  0000001a  00000006  RWIX
  CPUx_PIE_VECT         00000d00   00000200  000001c0  00000040  RWIX
  CPUx_DMA              00001000   00000200  000000e0  00000120  RWIX
  CPUx_CLA1             00001400   00000040  0000003e  00000002  RWIX
  EPWM1                 00004000   00000100  00000100  00000000  RWIX
  EPWM2                 00004100   00000100  00000100  00000000  RWIX
  EPWM3                 00004200   00000100  00000100  00000000  RWIX
  EPWM4                 00004300   00000100  00000100  00000000  RWIX
  EPWM5                 00004400   00000100  00000100  00000000  RWIX
  EPWM6                 00004500   00000100  00000100  00000000  RWIX
  EPWM7                 00004600   00000100  00000100  00000000  RWIX
  EPWM8                 00004700   00000100  00000100  00000000  RWIX
  EPWM9                 00004800   00000100  00000100  00000000  RWIX
  EPWM10                00004900   00000100  00000100  00000000  RWIX
  EPWM11                00004a00   00000100  00000100  00000000  RWIX
  EPWM12                00004b00   00000100  00000100  00000000  RWIX
  ECAP1                 00005000   00000020  00000020  00000000  RWIX
  ECAP2                 00005020   00000020  00000020  00000000  RWIX
  ECAP3                 00005040   00000020  00000020  00000000  RWIX
  ECAP4                 00005060   00000020  00000020  00000000  RWIX
  ECAP5                 00005080   00000020  00000020  00000000  RWIX
  ECAP6                 000050a0   00000020  00000020  00000000  RWIX
  EQEP1                 00005100   00000040  00000022  0000001e  RWIX
  EQEP2                 00005140   00000040  00000022  0000001e  RWIX
  EQEP3                 00005180   00000040  00000022  0000001e  RWIX
  DACA                  00005c00   00000010  00000008  00000008  RWIX
  DACB                  00005c10   00000010  00000008  00000008  RWIX
  DACC                  00005c20   00000010  00000008  00000008  RWIX
  CMPSS1                00005c80   00000020  00000020  00000000  RWIX
  CMPSS2                00005ca0   00000020  00000020  00000000  RWIX
  CMPSS3                00005cc0   00000020  00000020  00000000  RWIX
  CMPSS4                00005ce0   00000020  00000020  00000000  RWIX
  CMPSS5                00005d00   00000020  00000020  00000000  RWIX
  CMPSS6                00005d20   00000020  00000020  00000000  RWIX
  CMPSS7                00005d40   00000020  00000020  00000000  RWIX
  CMPSS8                00005d60   00000020  00000020  00000000  RWIX
  SDFM1                 00005e00   00000080  00000080  00000000  RWIX
  SDFM2                 00005e80   00000080  00000080  00000000  RWIX
  MCBSPA                00006000   00000040  00000024  0000001c  RWIX
  MCBSPB                00006040   00000040  00000024  0000001c  RWIX
  SPIA                  00006100   00000010  00000010  00000000  RWIX
  SPIB                  00006110   00000010  00000010  00000000  RWIX
  SPIC                  00006120   00000010  00000010  00000000  RWIX
  CPU1_UPP              00006200   00000100  00000000  00000100  RWIX
  CPUx_WD               00007000   00000040  0000002b  00000015  RWIX
  CPUx_NMIINTRUPT       00007060   00000010  00000007  00000009  RWIX
  CPUx_XINT             00007070   00000010  0000000b  00000005  RWIX
  SCIA                  00007200   00000010  00000010  00000000  RWIX
  SCIB                  00007210   00000010  00000010  00000000  RWIX
  SCIC                  00007220   00000010  00000010  00000000  RWIX
  SCID                  00007230   00000010  00000010  00000000  RWIX
  I2CA                  00007300   00000040  00000022  0000001e  RWIX
  I2CB                  00007340   00000040  00000022  0000001e  RWIX
  ADCA                  00007400   00000080  00000080  00000000  RWIX
  ADCB                  00007480   00000080  00000080  00000000  RWIX
  ADCC                  00007500   00000080  00000080  00000000  RWIX
  ADCD                  00007580   00000080  00000080  00000000  RWIX
  CPU1_INPUT_XBAR       00007900   00000020  00000000  00000020  RWIX
  CPU1_XBAR             00007920   00000020  00000000  00000020  RWIX
  CPU1_SYNC_SOC         00007940   00000010  00000000  00000010  RWIX
  CPUx_DMACLASRCSEL     00007980   00000040  0000001a  00000026  RWIX
  CPU1_EPWM_XBAR        00007a00   00000040  00000000  00000040  RWIX
  CPU1_OUTPUT_XBAR      00007a80   00000040  00000000  00000040  RWIX
  CPU1_GPIOCTRL         00007c00   00000180  00000000  00000180  RWIX
  CPUx_GPIODATA         00007f00   00000030  00000030  00000000  RWIX
  RAMLS4                0000a000   00000800  00000000  00000800  RWIX
  RAMLS5                0000a800   00000800  00000308  000004f8  RWIX
  RAMD1                 0000b800   00000800  00000000  00000800  RWIX
  RAMGS11               00017000   00001000  00000000  00001000  RWIX
  RAMGS12               00018000   00001000  00000000  00001000  RWIX
  RAMGS13               00019000   00001000  00000000  00001000  RWIX
  RAMGS14               0001a000   00001000  00000000  00001000  RWIX
  RAMGS15               0001b000   00001000  00000000  00001000  RWIX
  IPC_CPU2TO1_TEMP      0003f800   00000018  00000018  00000000  RWIX
  IPC_CPU2TO1_EtherCAT  0003f818   000003e8  00000004  000003e4  RWIX
  IPC_CPU1TO2_TEMP      0003fc00   00000018  00000018  00000000  RWIX
  IPC_CPU1TO2_EtherCAT  0003fc18   000003e8  0000000b  000003dd  RWIX
  CPU1_USBA             00040000   00001000  00000000  00001000  RWIX
  EMIF1                 00047000   00000800  00000070  00000790  RWIX
  CPU1_EMIF2            00047800   00000800  00000000  00000800  RWIX
  CPUx_IPC              00050000   00000024  00000024  00000000  RWIX
  CPUx_FLASHPUMPSEMAPHO 00050024   00000002  00000002  00000000  RWIX
  CPU1_DEV_CFG          0005d000   00000180  00000000  00000180  RWIX
  CPU1_ANALOG_SUBSYS    0005d180   00000080  00000000  00000080  RWIX
  CLK_CFG               0005d200   00000100  00000032  000000ce  RWIX
  CPUx_CPU_SYS          0005d300   00000100  00000082  0000007e  RWIX
  CPU1_ROMPREFETCH      0005e608   00000002  00000000  00000002  RWIX
  CPUx_DCSM_Z1          0005f000   00000030  00000024  0000000c  RWIX
  CPUx_DCSM_Z2          0005f040   00000030  00000024  0000000c  RWIX
  CPUx_DCSM_COMMON      0005f070   00000010  00000008  00000008  RWIX
  CPUx_MEMCFG           0005f400   00000080  00000080  00000000  RWIX
  CPUx_EMIF1CONFIG      0005f480   00000020  00000020  00000000  RWIX
  CPU1_EMIF2CONFIG      0005f4a0   00000020  00000000  00000020  RWIX
  CPUx_ACCESSPROTECTION 0005f4c0   00000040  00000040  00000000  RWIX
  CPUx_MEMORYERROR      0005f500   00000040  00000040  00000000  RWIX
  CPU1_ROMWAITSTATE     0005f540   00000002  00000000  00000002  RWIX
  CPUx_FLASH0_CTRL      0005f800   00000300  00000182  0000017e  RWIX
  CPUx_FLASH0_ECC       0005fb00   00000040  00000028  00000018  RWIX
  CPUx_DCSM_Z1_OTP      00078000   00000020  00000020  00000000  RWIX
  CPUx_DCSM_Z2_OTP      00078200   00000020  00000020  00000000  RWIX


SECTION ALLOCATION MAP

 output                                  attributes/
section   page    origin      length       input sections
--------  ----  ----------  ----------   ----------------
.cinit     0    00008000    000003e5     
                  00008000    0000010b     Sensor.obj (.cinit)
                  0000810b    000000cc     OPERATION_MODE.obj (.cinit)
                  000081d7    00000070     DAQ_RS422.obj (.cinit)
                  00008247    00000054     ADC.obj (.cinit)
                  0000829b    00000041     Interrupt.obj (.cinit)
                  000082dc    0000003a     PWM.obj (.cinit)
                  00008316    00000028     DAC.obj (.cinit)
                  0000833e    00000021     Vol_Balance.obj (.cinit)
                  0000835f    0000001e     Bypass.obj (.cinit)
                  0000837d    0000001e     LPF_Parameter.obj (.cinit)
                  0000839b    00000010     LED.obj (.cinit)
                  000083ab    0000000f     Fault.obj (.cinit)
                  000083ba    0000000e     rts2800_fpu32.lib : exit.c.obj (.cinit)
                  000083c8    0000000d     FAN.obj (.cinit)
                  000083d5    00000005     rts2800_fpu32.lib : _lock.c.obj (.cinit:__lock)
                  000083da    00000005                       : _lock.c.obj (.cinit:__unlock)
                  000083df    00000004                       : errno.c.obj (.cinit)
                  000083e3    00000002     --HOLE-- [fill = 0]

AdcaResultFile 
*          1    00000b00    00000018     UNINITIALIZED
                  00000b00    00000018     F2837xD_GlobalVariableDefs.obj (AdcaResultFile)

AdcbResultFile 
*          1    00000b20    00000018     UNINITIALIZED
                  00000b20    00000018     F2837xD_GlobalVariableDefs.obj (AdcbResultFile)

AdccResultFile 
*          1    00000b40    00000018     UNINITIALIZED
                  00000b40    00000018     F2837xD_GlobalVariableDefs.obj (AdccResultFile)

AdcdResultFile 
*          1    00000b60    00000018     UNINITIALIZED
                  00000b60    00000018     F2837xD_GlobalVariableDefs.obj (AdcdResultFile)

CpuTimer0RegsFile 
*          1    00000c00    00000008     UNINITIALIZED
                  00000c00    00000008     F2837xD_GlobalVariableDefs.obj (CpuTimer0RegsFile)

CpuTimer1RegsFile 
*          1    00000c08    00000008     UNINITIALIZED
                  00000c08    00000008     F2837xD_GlobalVariableDefs.obj (CpuTimer1RegsFile)

CpuTimer2RegsFile 
*          1    00000c10    00000008     UNINITIALIZED
                  00000c10    00000008     F2837xD_GlobalVariableDefs.obj (CpuTimer2RegsFile)

PieCtrlRegsFile 
*          1    00000ce0    0000001a     UNINITIALIZED
                  00000ce0    0000001a     F2837xD_GlobalVariableDefs.obj (PieCtrlRegsFile)

Cla1SoftIntRegsFile 
*          1    00000ce0    00000004     DSECT
                  00000ce0    00000004     F2837xD_GlobalVariableDefs.obj (Cla1SoftIntRegsFile)

PieVectTableFile 
*          1    00000d00    000001c0     UNINITIALIZED
                  00000d00    000001c0     F2837xD_GlobalVariableDefs.obj (PieVectTableFile)

EmuKeyVar 
*          1    00000d00    00000001     UNINITIALIZED
                  00000d00    00000001     F2837xD_GlobalVariableDefs.obj (EmuKeyVar)

EmuBModeVar 
*          1    00000d01    00000001     UNINITIALIZED
                  00000d01    00000001     F2837xD_GlobalVariableDefs.obj (EmuBModeVar)

FlashCallbackVar 
*          1    00000d02    00000000     UNINITIALIZED

FlashScalingVar 
*          1    00000d02    00000000     UNINITIALIZED

DmaRegsFile 
*          1    00001000    000000e0     UNINITIALIZED
                  00001000    000000e0     F2837xD_GlobalVariableDefs.obj (DmaRegsFile)

Cla1RegsFile 
*          1    00001400    0000003e     UNINITIALIZED
                  00001400    0000003e     F2837xD_GlobalVariableDefs.obj (Cla1RegsFile)

EPwm1RegsFile 
*          1    00004000    00000100     UNINITIALIZED
                  00004000    00000100     F2837xD_GlobalVariableDefs.obj (EPwm1RegsFile)

EPwm2RegsFile 
*          1    00004100    00000100     UNINITIALIZED
                  00004100    00000100     F2837xD_GlobalVariableDefs.obj (EPwm2RegsFile)

EPwm3RegsFile 
*          1    00004200    00000100     UNINITIALIZED
                  00004200    00000100     F2837xD_GlobalVariableDefs.obj (EPwm3RegsFile)

EPwm4RegsFile 
*          1    00004300    00000100     UNINITIALIZED
                  00004300    00000100     F2837xD_GlobalVariableDefs.obj (EPwm4RegsFile)

EPwm5RegsFile 
*          1    00004400    00000100     UNINITIALIZED
                  00004400    00000100     F2837xD_GlobalVariableDefs.obj (EPwm5RegsFile)

EPwm6RegsFile 
*          1    00004500    00000100     UNINITIALIZED
                  00004500    00000100     F2837xD_GlobalVariableDefs.obj (EPwm6RegsFile)

EPwm7RegsFile 
*          1    00004600    00000100     UNINITIALIZED
                  00004600    00000100     F2837xD_GlobalVariableDefs.obj (EPwm7RegsFile)

EPwm8RegsFile 
*          1    00004700    00000100     UNINITIALIZED
                  00004700    00000100     F2837xD_GlobalVariableDefs.obj (EPwm8RegsFile)

EPwm9RegsFile 
*          1    00004800    00000100     UNINITIALIZED
                  00004800    00000100     F2837xD_GlobalVariableDefs.obj (EPwm9RegsFile)

EPwm10RegsFile 
*          1    00004900    00000100     UNINITIALIZED
                  00004900    00000100     F2837xD_GlobalVariableDefs.obj (EPwm10RegsFile)

EPwm11RegsFile 
*          1    00004a00    00000100     UNINITIALIZED
                  00004a00    00000100     F2837xD_GlobalVariableDefs.obj (EPwm11RegsFile)

EPwm12RegsFile 
*          1    00004b00    00000100     UNINITIALIZED
                  00004b00    00000100     F2837xD_GlobalVariableDefs.obj (EPwm12RegsFile)

ECap1RegsFile 
*          1    00005000    00000020     UNINITIALIZED
                  00005000    00000020     F2837xD_GlobalVariableDefs.obj (ECap1RegsFile)

ECap2RegsFile 
*          1    00005020    00000020     UNINITIALIZED
                  00005020    00000020     F2837xD_GlobalVariableDefs.obj (ECap2RegsFile)

ECap3RegsFile 
*          1    00005040    00000020     UNINITIALIZED
                  00005040    00000020     F2837xD_GlobalVariableDefs.obj (ECap3RegsFile)

ECap4RegsFile 
*          1    00005060    00000020     UNINITIALIZED
                  00005060    00000020     F2837xD_GlobalVariableDefs.obj (ECap4RegsFile)

ECap5RegsFile 
*          1    00005080    00000020     UNINITIALIZED
                  00005080    00000020     F2837xD_GlobalVariableDefs.obj (ECap5RegsFile)

ECap6RegsFile 
*          1    000050a0    00000020     UNINITIALIZED
                  000050a0    00000020     F2837xD_GlobalVariableDefs.obj (ECap6RegsFile)

EQep1RegsFile 
*          1    00005100    00000022     UNINITIALIZED
                  00005100    00000022     F2837xD_GlobalVariableDefs.obj (EQep1RegsFile)

EQep2RegsFile 
*          1    00005140    00000022     UNINITIALIZED
                  00005140    00000022     F2837xD_GlobalVariableDefs.obj (EQep2RegsFile)

EQep3RegsFile 
*          1    00005180    00000022     UNINITIALIZED
                  00005180    00000022     F2837xD_GlobalVariableDefs.obj (EQep3RegsFile)

DacaRegsFile 
*          1    00005c00    00000008     UNINITIALIZED
                  00005c00    00000008     F2837xD_GlobalVariableDefs.obj (DacaRegsFile)

DacbRegsFile 
*          1    00005c10    00000008     UNINITIALIZED
                  00005c10    00000008     F2837xD_GlobalVariableDefs.obj (DacbRegsFile)

DaccRegsFile 
*          1    00005c20    00000008     UNINITIALIZED
                  00005c20    00000008     F2837xD_GlobalVariableDefs.obj (DaccRegsFile)

Cmpss1RegsFile 
*          1    00005c80    00000020     UNINITIALIZED
                  00005c80    00000020     F2837xD_GlobalVariableDefs.obj (Cmpss1RegsFile)

Cmpss2RegsFile 
*          1    00005ca0    00000020     UNINITIALIZED
                  00005ca0    00000020     F2837xD_GlobalVariableDefs.obj (Cmpss2RegsFile)

Cmpss3RegsFile 
*          1    00005cc0    00000020     UNINITIALIZED
                  00005cc0    00000020     F2837xD_GlobalVariableDefs.obj (Cmpss3RegsFile)

Cmpss4RegsFile 
*          1    00005ce0    00000020     UNINITIALIZED
                  00005ce0    00000020     F2837xD_GlobalVariableDefs.obj (Cmpss4RegsFile)

Cmpss5RegsFile 
*          1    00005d00    00000020     UNINITIALIZED
                  00005d00    00000020     F2837xD_GlobalVariableDefs.obj (Cmpss5RegsFile)

Cmpss6RegsFile 
*          1    00005d20    00000020     UNINITIALIZED
                  00005d20    00000020     F2837xD_GlobalVariableDefs.obj (Cmpss6RegsFile)

Cmpss7RegsFile 
*          1    00005d40    00000020     UNINITIALIZED
                  00005d40    00000020     F2837xD_GlobalVariableDefs.obj (Cmpss7RegsFile)

Cmpss8RegsFile 
*          1    00005d60    00000020     UNINITIALIZED
                  00005d60    00000020     F2837xD_GlobalVariableDefs.obj (Cmpss8RegsFile)

Sdfm1RegsFile 
*          1    00005e00    00000080     UNINITIALIZED
                  00005e00    00000080     F2837xD_GlobalVariableDefs.obj (Sdfm1RegsFile)

Sdfm2RegsFile 
*          1    00005e80    00000080     UNINITIALIZED
                  00005e80    00000080     F2837xD_GlobalVariableDefs.obj (Sdfm2RegsFile)

McbspaRegsFile 
*          1    00006000    00000024     UNINITIALIZED
                  00006000    00000024     F2837xD_GlobalVariableDefs.obj (McbspaRegsFile)

McbspbRegsFile 
*          1    00006040    00000024     UNINITIALIZED
                  00006040    00000024     F2837xD_GlobalVariableDefs.obj (McbspbRegsFile)

SpiaRegsFile 
*          1    00006100    00000010     UNINITIALIZED
                  00006100    00000010     F2837xD_GlobalVariableDefs.obj (SpiaRegsFile)

SpibRegsFile 
*          1    00006110    00000010     UNINITIALIZED
                  00006110    00000010     F2837xD_GlobalVariableDefs.obj (SpibRegsFile)

SpicRegsFile 
*          1    00006120    00000010     UNINITIALIZED
                  00006120    00000010     F2837xD_GlobalVariableDefs.obj (SpicRegsFile)

WdRegsFile 
*          1    00007000    0000002b     UNINITIALIZED
                  00007000    0000002b     F2837xD_GlobalVariableDefs.obj (WdRegsFile)

NmiIntruptRegsFile 
*          1    00007060    00000007     UNINITIALIZED
                  00007060    00000007     F2837xD_GlobalVariableDefs.obj (NmiIntruptRegsFile)

XintRegsFile 
*          1    00007070    0000000b     UNINITIALIZED
                  00007070    0000000b     F2837xD_GlobalVariableDefs.obj (XintRegsFile)

SciaRegsFile 
*          1    00007200    00000010     UNINITIALIZED
                  00007200    00000010     F2837xD_GlobalVariableDefs.obj (SciaRegsFile)

ScibRegsFile 
*          1    00007210    00000010     UNINITIALIZED
                  00007210    00000010     F2837xD_GlobalVariableDefs.obj (ScibRegsFile)

ScicRegsFile 
*          1    00007220    00000010     UNINITIALIZED
                  00007220    00000010     F2837xD_GlobalVariableDefs.obj (ScicRegsFile)

ScidRegsFile 
*          1    00007230    00000010     UNINITIALIZED
                  00007230    00000010     F2837xD_GlobalVariableDefs.obj (ScidRegsFile)

I2caRegsFile 
*          1    00007300    00000022     UNINITIALIZED
                  00007300    00000022     F2837xD_GlobalVariableDefs.obj (I2caRegsFile)

I2cbRegsFile 
*          1    00007340    00000022     UNINITIALIZED
                  00007340    00000022     F2837xD_GlobalVariableDefs.obj (I2cbRegsFile)

AdcaRegsFile 
*          1    00007400    00000080     UNINITIALIZED
                  00007400    00000080     F2837xD_GlobalVariableDefs.obj (AdcaRegsFile)

AdcbRegsFile 
*          1    00007480    00000080     UNINITIALIZED
                  00007480    00000080     F2837xD_GlobalVariableDefs.obj (AdcbRegsFile)

AdccRegsFile 
*          1    00007500    00000080     UNINITIALIZED
                  00007500    00000080     F2837xD_GlobalVariableDefs.obj (AdccRegsFile)

AdcdRegsFile 
*          1    00007580    00000080     UNINITIALIZED
                  00007580    00000080     F2837xD_GlobalVariableDefs.obj (AdcdRegsFile)

DmaClaSrcSelRegsFile 
*          1    00007980    0000001a     UNINITIALIZED
                  00007980    0000001a     F2837xD_GlobalVariableDefs.obj (DmaClaSrcSelRegsFile)

GpioDataRegsFile 
*          1    00007f00    00000030     UNINITIALIZED
                  00007f00    00000030     F2837xD_GlobalVariableDefs.obj (GpioDataRegsFile)

IpcTempVolFile 
*          1    0003f800    00000018     UNINITIALIZED
                  0003f800    00000018     F2837xD_GlobalVariableDefs.obj (IpcTempVolFile)

IpcEcatSlaveFile 
*          1    0003f818    00000004     UNINITIALIZED
                  0003f818    00000004     F2837xD_GlobalVariableDefs.obj (IpcEcatSlaveFile)

IpcTempCalFile 
*          1    0003fc00    00000018     UNINITIALIZED
                  0003fc00    00000018     F2837xD_GlobalVariableDefs.obj (IpcTempCalFile)

IpcEcatMasterFile 
*          1    0003fc18    0000000b     UNINITIALIZED
                  0003fc18    0000000b     F2837xD_GlobalVariableDefs.obj (IpcEcatMasterFile)

Emif1RegsFile 
*          1    00047000    00000070     UNINITIALIZED
                  00047000    00000070     F2837xD_GlobalVariableDefs.obj (Emif1RegsFile)

IpcRegsFile 
*          1    00050000    00000024     UNINITIALIZED
                  00050000    00000024     F2837xD_GlobalVariableDefs.obj (IpcRegsFile)

FlashPumpSemaphoreRegsFile 
*          1    00050024    00000002     UNINITIALIZED
                  00050024    00000002     F2837xD_GlobalVariableDefs.obj (FlashPumpSemaphoreRegsFile)

ClkCfgRegsFile 
*          1    0005d200    00000032     UNINITIALIZED
                  0005d200    00000032     F2837xD_GlobalVariableDefs.obj (ClkCfgRegsFile)

CpuSysRegsFile 
*          1    0005d300    00000082     UNINITIALIZED
                  0005d300    00000082     F2837xD_GlobalVariableDefs.obj (CpuSysRegsFile)

DcsmZ1RegsFile 
*          1    0005f000    00000024     UNINITIALIZED
                  0005f000    00000024     F2837xD_GlobalVariableDefs.obj (DcsmZ1RegsFile)

DcsmZ2RegsFile 
*          1    0005f040    00000024     UNINITIALIZED
                  0005f040    00000024     F2837xD_GlobalVariableDefs.obj (DcsmZ2RegsFile)

DcsmCommonRegsFile 
*          1    0005f070    00000008     UNINITIALIZED
                  0005f070    00000008     F2837xD_GlobalVariableDefs.obj (DcsmCommonRegsFile)

MemCfgRegsFile 
*          1    0005f400    00000080     UNINITIALIZED
                  0005f400    00000080     F2837xD_GlobalVariableDefs.obj (MemCfgRegsFile)

Emif1ConfigRegsFile 
*          1    0005f480    00000020     UNINITIALIZED
                  0005f480    00000020     F2837xD_GlobalVariableDefs.obj (Emif1ConfigRegsFile)

AccessProtectionRegsFile 
*          1    0005f4c0    00000040     UNINITIALIZED
                  0005f4c0    00000040     F2837xD_GlobalVariableDefs.obj (AccessProtectionRegsFile)

MemoryErrorRegsFile 
*          1    0005f500    00000040     UNINITIALIZED
                  0005f500    00000040     F2837xD_GlobalVariableDefs.obj (MemoryErrorRegsFile)

Flash0CtrlRegsFile 
*          1    0005f800    00000182     UNINITIALIZED
                  0005f800    00000182     F2837xD_GlobalVariableDefs.obj (Flash0CtrlRegsFile)

Flash0EccRegsFile 
*          1    0005fb00    00000028     UNINITIALIZED
                  0005fb00    00000028     F2837xD_GlobalVariableDefs.obj (Flash0EccRegsFile)

DcsmZ1OtpFile 
*          1    00078000    00000020     NOLOAD SECTION
                  00078000    00000020     F2837xD_GlobalVariableDefs.obj (DcsmZ1OtpFile)

DcsmZ2OtpFile 
*          1    00078200    00000020     NOLOAD SECTION
                  00078200    00000020     F2837xD_GlobalVariableDefs.obj (DcsmZ2OtpFile)

ramfuncs   0    00000080    00000004     
                  00000080    00000004     F2837xD_usDelay.obj (ramfuncs)

.text      0    00014000    000017bc     
                  00014000    000002f1     OPERATION_MODE.obj (.text)
                  000142f1    000002b3     Sensor.obj (.text)
                  000145a4    000002a3     DAC.obj (.text)
                  00014847    0000029e     SysCtrl.obj (.text)
                  00014ae5    0000016c     PWM.obj (.text)
                  00014c51    00000165     DAQ_RS422.obj (.text)
                  00014db6    0000013f     Fault.obj (.text)
                  00014ef5    0000012c     ADC.obj (.text:retain)
                  00015021    0000012b     rts2800_fpu32.lib : e_logf.c.obj (.text)
                  0001514c    000000ac     EMIF.obj (.text)
                  000151f8    0000009b     ADC.obj (.text)
                  00015293    00000088     rts2800_fpu32.lib : fs_div28.asm.obj (.text)
                  0001531b    00000087     ePWM.obj (.text)
                  000153a2    00000082     IPC.obj (.text)
                  00015424    0000007a     Bypass.obj (.text)
                  0001549e    00000070     Interrupt.obj (.text:retain)
                  0001550e    00000063     FAN.obj (.text)
                  00015571    00000063     Vol_Balance.obj (.text)
                  000155d4    00000058     rts2800_fpu32.lib : s_sinf.c.obj (.text)
                  0001562c    00000056                       : boot28.asm.obj (.text)
                  00015682    0000003b     LED.obj (.text)
                  000156bd    0000002a     main.obj (.text)
                  000156e7    00000029     rts2800_fpu32.lib : exit.c.obj (.text)
                  00015710    00000024                       : cpy_tbl.c.obj (.text)
                  00015734    00000023     LPF_Parameter.obj (.text)
                  00015757    0000001d     rts2800_fpu32.lib : memcpy.c.obj (.text)
                  00015774    00000019                       : args_main.c.obj (.text)
                  0001578d    0000000d     WatchDog.obj (.text)
                  0001579a    0000000c     Xint.obj (.text)
                  000157a6    0000000a     SysCtrl.obj (.text:retain)
                  000157b0    00000009     rts2800_fpu32.lib : _lock.c.obj (.text)
                  000157b9    00000002                       : pre_init.c.obj (.text)
                  000157bb    00000001                       : startup.c.obj (.text)

.pinit     0    00000080    00000000     UNINITIALIZED

.reset     0    003fffc0    00000002     DSECT
                  003fffc0    00000002     rts2800_fpu32.lib : boot28.asm.obj (.reset)

.stack     1    00000400    00000200     UNINITIALIZED
                  00000400    00000200     --HOLE--

.ebss      1    0000a800    000002f8     UNINITIALIZED
                  0000a800    000000f0     Sensor.obj (.ebss)
                  0000a8f0    0000000f     Bypass.obj (.ebss)
                  0000a8ff    00000001     rts2800_fpu32.lib : errno.c.obj (.ebss)
                  0000a900    00000098     OPERATION_MODE.obj (.ebss)
                  0000a998    00000026     Interrupt.obj (.ebss)
                  0000a9be    00000002     rts2800_fpu32.lib : _lock.c.obj (.ebss:__lock)
                  0000a9c0    00000066     DAQ_RS422.obj (.ebss)
                  0000aa26    00000016     Vol_Balance.obj (.ebss)
                  0000aa3c    00000004     LED.obj (.ebss)
                  0000aa40    00000050     DAC.obj (.ebss)
                  0000aa90    0000001c     PWM.obj (.ebss)
                  0000aaac    0000000f     IPC.obj (.ebss)
                  0000aabb    00000001     --HOLE--
                  0000aabc    00000002     rts2800_fpu32.lib : _lock.c.obj (.ebss:__unlock)
                  0000aabe    00000002     --HOLE--
                  0000aac0    00000015     ADC.obj (.ebss)
                  0000aad5    00000001     --HOLE--
                  0000aad6    0000000c     LPF_Parameter.obj (.ebss)
                  0000aae2    00000008     Fault.obj (.ebss)
                  0000aaea    00000007     FAN.obj (.ebss)
                  0000aaf1    00000001     --HOLE--
                  0000aaf2    00000006     rts2800_fpu32.lib : exit.c.obj (.ebss)

.econst    1    0000aaf8    00000010     
                  0000aaf8    00000010     rts2800_fpu32.lib : e_logf.c.obj (.econst)

MODULE SUMMARY

       Module                           code   initialized data   uninitialized data
       ------                           ----   ----------------   ------------------
    .\include\F2837xD\
       F2837xD_GlobalVariableDefs.obj   0      0                  6934              
       F2837xD_usDelay.obj              4      0                  0                 
    +--+--------------------------------+------+------------------+--------------------+
       Total:                           4      0                  6934              
                                                                                    
    .\source\
       Sensor.obj                       691    267                240               
       OPERATION_MODE.obj               753    204                152               
       DAC.obj                          675    40                 80                
       SysCtrl.obj                      680    0                  0                 
       DAQ_RS422.obj                    357    112                102               
       ADC.obj                          455    84                 21                
       PWM.obj                          364    58                 28                
       Fault.obj                        319    15                 8                 
       Interrupt.obj                    112    65                 38                
       EMIF.obj                         172    0                  0                 
       Bypass.obj                       122    30                 15                
       Vol_Balance.obj                  99     33                 22                
       IPC.obj                          130    0                  15                
       ePWM.obj                         135    0                  0                 
       FAN.obj                          99     13                 7                 
       LED.obj                          59     16                 4                 
       LPF_Parameter.obj                35     30                 12                
       main.obj                         42     0                  0                 
       WatchDog.obj                     13     0                  0                 
       Xint.obj                         12     0                  0                 
    +--+--------------------------------+------+------------------+--------------------+
       Total:                           5324   967                744               
                                                                                    
    C:\ti\ccsv8\tools\compiler\ti-cgt-c2000_18.1.3.LTS\lib\rts2800_fpu32.lib
       e_logf.c.obj                     299    16                 0                 
       fs_div28.asm.obj                 136    0                  0                 
       s_sinf.c.obj                     88     0                  0                 
       boot28.asm.obj                   86     0                  0                 
       exit.c.obj                       41     14                 6                 
       cpy_tbl.c.obj                    36     0                  0                 
       memcpy.c.obj                     29     0                  0                 
       args_main.c.obj                  25     0                  0                 
       _lock.c.obj                      9      10                 4                 
       errno.c.obj                      0      4                  1                 
       pre_init.c.obj                   2      0                  0                 
       startup.c.obj                    1      0                  0                 
    +--+--------------------------------+------+------------------+--------------------+
       Total:                           752    44                 11                
                                                                                    
       Stack:                           0      0                  512               
    +--+--------------------------------+------+------------------+--------------------+
       Grand Total:                     6080   1011               8201              


GLOBAL DATA SYMBOLS: SORTED BY DATA PAGE

address     data page           name
--------    ----------------    ----
00000400      10 (00000400)     __stack

00000b00      2c (00000b00)     _AdcaResultRegs
00000b20      2c (00000b00)     _AdcbResultRegs

00000b40      2d (00000b40)     _AdccResultRegs
00000b60      2d (00000b40)     _AdcdResultRegs

00000c00      30 (00000c00)     _CpuTimer0Regs
00000c08      30 (00000c00)     _CpuTimer1Regs
00000c10      30 (00000c00)     _CpuTimer2Regs

00000ce0      33 (00000cc0)     _Cla1SoftIntRegs
00000ce0      33 (00000cc0)     _PieCtrlRegs

00000d00      34 (00000d00)     _EmuKey
00000d00      34 (00000d00)     _PieVectTable
00000d01      34 (00000d00)     _EmuBMode

00001000      40 (00001000)     _DmaRegs

00001400      50 (00001400)     _Cla1Regs

00004000     100 (00004000)     _EPwm1Regs

00004100     104 (00004100)     _EPwm2Regs

00004200     108 (00004200)     _EPwm3Regs

00004300     10c (00004300)     _EPwm4Regs

00004400     110 (00004400)     _EPwm5Regs

00004500     114 (00004500)     _EPwm6Regs

00004600     118 (00004600)     _EPwm7Regs

00004700     11c (00004700)     _EPwm8Regs

00004800     120 (00004800)     _EPwm9Regs

00004900     124 (00004900)     _EPwm10Regs

00004a00     128 (00004a00)     _EPwm11Regs

00004b00     12c (00004b00)     _EPwm12Regs

00005000     140 (00005000)     _ECap1Regs
00005020     140 (00005000)     _ECap2Regs

00005040     141 (00005040)     _ECap3Regs
00005060     141 (00005040)     _ECap4Regs

00005080     142 (00005080)     _ECap5Regs
000050a0     142 (00005080)     _ECap6Regs

00005100     144 (00005100)     _EQep1Regs

00005140     145 (00005140)     _EQep2Regs

00005180     146 (00005180)     _EQep3Regs

00005c00     170 (00005c00)     _DacaRegs
00005c10     170 (00005c00)     _DacbRegs
00005c20     170 (00005c00)     _DaccRegs

00005c80     172 (00005c80)     _Cmpss1Regs
00005ca0     172 (00005c80)     _Cmpss2Regs

00005cc0     173 (00005cc0)     _Cmpss3Regs
00005ce0     173 (00005cc0)     _Cmpss4Regs

00005d00     174 (00005d00)     _Cmpss5Regs
00005d20     174 (00005d00)     _Cmpss6Regs

00005d40     175 (00005d40)     _Cmpss7Regs
00005d60     175 (00005d40)     _Cmpss8Regs

00005e00     178 (00005e00)     _Sdfm1Regs

00005e80     17a (00005e80)     _Sdfm2Regs

00006000     180 (00006000)     _McbspaRegs

00006040     181 (00006040)     _McbspbRegs

00006100     184 (00006100)     _SpiaRegs
00006110     184 (00006100)     _SpibRegs
00006120     184 (00006100)     _SpicRegs

00007000     1c0 (00007000)     _WdRegs

00007060     1c1 (00007040)     _NmiIntruptRegs
00007070     1c1 (00007040)     _XintRegs

00007200     1c8 (00007200)     _SciaRegs
00007210     1c8 (00007200)     _ScibRegs
00007220     1c8 (00007200)     _ScicRegs
00007230     1c8 (00007200)     _ScidRegs

00007300     1cc (00007300)     _I2caRegs

00007340     1cd (00007340)     _I2cbRegs

00007400     1d0 (00007400)     _AdcaRegs

00007480     1d2 (00007480)     _AdcbRegs

00007500     1d4 (00007500)     _AdccRegs

00007580     1d6 (00007580)     _AdcdRegs

00007980     1e6 (00007980)     _DmaClaSrcSelRegs

00007f00     1fc (00007f00)     _GpioDataRegs

0000a800     2a0 (0000a800)     _Arm_Cur_Sign
0000a801     2a0 (0000a800)     _Lower_Arm_Cur_Sign
0000a802     2a0 (0000a800)     _Upper_Arm_Cur_Sign
0000a804     2a0 (0000a800)     _Arm_Cur_B_offset_origin
0000a806     2a0 (0000a800)     _Arm_Cur_A_offset_origin
0000a808     2a0 (0000a800)     _Arm_Cur_B_offset
0000a80a     2a0 (0000a800)     _Inv_Vdc
0000a80c     2a0 (0000a800)     _offset_sum_Arm_Cur_B
0000a80e     2a0 (0000a800)     _SM_MAX
0000a810     2a0 (0000a800)     _Vdc_test
0000a812     2a0 (0000a800)     _offset_sum_Arm_Cur_A
0000a814     2a0 (0000a800)     _TEMP_MAX
0000a816     2a0 (0000a800)     _Arm_Cur_A
0000a818     2a0 (0000a800)     _CUR_MAX
0000a81a     2a0 (0000a800)     _V_SM_SUM
0000a81c     2a0 (0000a800)     _Arm_Cur_A_offset
0000a81e     2a0 (0000a800)     _Arm_Cur_B
0000a820     2a0 (0000a800)     _SM_VOL_MAX
0000a822     2a0 (0000a800)     _SM_Vol_offset
0000a82e     2a0 (0000a800)     _offset_sum_SM_Vol

0000a840     2a1 (0000a840)     _V_SM
0000a84c     2a1 (0000a840)     _Temp
0000a864     2a1 (0000a840)     _Vol_Temp

0000a880     2a2 (0000a880)     _Rt_denum
0000a898     2a2 (0000a880)     _Rt

0000a8c0     2a3 (0000a8c0)     _Rt_num
0000a8d8     2a3 (0000a8c0)     _Rt_R25C
0000a8f0     2a3 (0000a8c0)     _IGBT_OP
0000a8f1     2a3 (0000a8c0)     _Flag_Bypass
0000a8f2     2a3 (0000a8c0)     _RELAY_OP
0000a8f3     2a3 (0000a8c0)     _Flag_IGBT
0000a8f9     2a3 (0000a8c0)     _Flag_Relay
0000a8ff     2a3 (0000a8c0)     _errno

0000a900     2a4 (0000a900)     _Flag_Normal_DT
0000a901     2a4 (0000a900)     _Flag_Gating
0000a902     2a4 (0000a900)     _Group_number_t
0000a903     2a4 (0000a900)     _fault_t
0000a904     2a4 (0000a900)     _OP_MODE
0000a905     2a4 (0000a900)     _PWM_MODE
0000a906     2a4 (0000a900)     _NUM_SM_t
0000a908     2a4 (0000a900)     _Arm_Cur_B_offset_t
0000a90a     2a4 (0000a900)     _Arm_Cur_A_offset_t
0000a90c     2a4 (0000a900)     _theta_t2
0000a90e     2a4 (0000a900)     _freq_t2
0000a910     2a4 (0000a900)     _theta_t
0000a912     2a4 (0000a900)     _freq_t
0000a914     2a4 (0000a900)     _Flag_Buffer_HW_t
0000a918     2a4 (0000a900)     _Flag_FAN_t
0000a91e     2a4 (0000a900)     _Flag_Buffer_SW_t
0000a924     2a4 (0000a900)     _Flag_Relay_t
0000a92a     2a4 (0000a900)     _Flag_IGBT_t
0000a930     2a4 (0000a900)     _V_SM_t

0000a940     2a5 (0000a940)     _V_SMt
0000a94c     2a5 (0000a940)     _sine_t2
0000a958     2a5 (0000a940)     _sine_offset_t
0000a964     2a5 (0000a940)     _sine_t

0000a980     2a6 (0000a980)     _Temp_t
0000a998     2a6 (0000a980)     _Flag_PWM_INIT
0000a999     2a6 (0000a980)     _Flag_ADC_init
0000a99a     2a6 (0000a980)     _j
0000a99b     2a6 (0000a980)     _i
0000a99c     2a6 (0000a980)     _Number_SM
0000a99d     2a6 (0000a980)     _t
0000a99e     2a6 (0000a980)     _l
0000a99f     2a6 (0000a980)     _k
0000a9a0     2a6 (0000a980)     _m
0000a9a1     2a6 (0000a980)     _REF_MAX
0000a9a2     2a6 (0000a980)     _HALF_CNT
0000a9a3     2a6 (0000a980)     _REF_MIN
0000a9a4     2a6 (0000a980)     _H_Number_SM
0000a9a5     2a6 (0000a980)     _D_Number_SM
0000a9a6     2a6 (0000a980)     _Group_number
0000a9a8     2a6 (0000a980)     _Temp_old
0000a9aa     2a6 (0000a980)     _msg_test_rd
0000a9b4     2a6 (0000a980)     _msg_test_wr
0000a9be     2a6 (0000a980)     __lock

0000a9c0     2a7 (0000a9c0)     _RX_ACCESS_INDEX
0000a9c2     2a7 (0000a9c0)     _RX_DATA
0000a9c3     2a7 (0000a9c0)     _fault
0000a9c4     2a7 (0000a9c0)     _test_tx_cnt
0000a9c8     2a7 (0000a9c0)     _EX_DATA
0000a9d2     2a7 (0000a9c0)     _TEST_TX
0000a9e6     2a7 (0000a9c0)     _DAQ_TX

0000aa00     2a8 (0000aa00)     _TEST_RX
0000aa26     2a8 (0000aa00)     _index_temp
0000aa28     2a8 (0000aa00)     _voltage_temp
0000aa2a     2a8 (0000aa00)     _SM_INDEX_NEW
0000aa30     2a8 (0000aa00)     _SM_VOLTAGE_NEW
0000aa3e     2a8 (0000aa00)     _LED_cnt
0000aa3f     2a8 (0000aa00)     _LED_case

0000aa40     2a9 (0000aa40)     _da5_tmp
0000aa41     2a9 (0000aa40)     _da4_tmp
0000aa42     2a9 (0000aa40)     _da7_tmp
0000aa43     2a9 (0000aa40)     _da2_tmp
0000aa44     2a9 (0000aa40)     _da1_tmp
0000aa45     2a9 (0000aa40)     _da6_tmp
0000aa46     2a9 (0000aa40)     _temp
0000aa47     2a9 (0000aa40)     _da8_tmp
0000aa48     2a9 (0000aa40)     _da_sel
0000aa49     2a9 (0000aa40)     _da3_tmp
0000aa4a     2a9 (0000aa40)     _da3
0000aa52     2a9 (0000aa40)     _da4
0000aa5a     2a9 (0000aa40)     _da1
0000aa62     2a9 (0000aa40)     _da2
0000aa6a     2a9 (0000aa40)     _da7
0000aa72     2a9 (0000aa40)     _da8

0000aa80     2aa (0000aa80)     _da5
0000aa88     2aa (0000aa80)     _da6
0000aa90     2aa (0000aa80)     _V_ref_NLC
0000aa91     2aa (0000aa80)     _BUFFER_SW
0000aa92     2aa (0000aa80)     _PWM_x
0000aa93     2aa (0000aa80)     _V_ref_PWM
0000aa94     2aa (0000aa80)     _BUFFER_HW
0000aa95     2aa (0000aa80)     _NLC_x
0000aa96     2aa (0000aa80)     _Flag_Buffer_HW
0000aa9a     2aa (0000aa80)     _REFERENCE
0000aaa0     2aa (0000aa80)     _Flag_Buffer_SW
0000aaa6     2aa (0000aa80)     _REFERENCE_t
0000aaac     2aa (0000aa80)     _Dsp2EcatSlave
0000aab0     2aa (0000aa80)     _Dsp2EcatMaster
0000aabc     2aa (0000aa80)     __unlock

0000aac0     2ab (0000aac0)     _AIN2_CH4
0000aac1     2ab (0000aac0)     _AIN2_CH3
0000aac2     2ab (0000aac0)     _AIN3_CH2
0000aac3     2ab (0000aac0)     _AIN3_CH1
0000aac4     2ab (0000aac0)     _AIN1_CH4
0000aac5     2ab (0000aac0)     _AIN1_CH3
0000aac6     2ab (0000aac0)     _AIN2_CH2
0000aac7     2ab (0000aac0)     _AIN4_CH3
0000aac8     2ab (0000aac0)     _AIN4_CH2
0000aaca     2ab (0000aac0)     _AIN4_CH4
0000aacb     2ab (0000aac0)     _AIN3_CH3
0000aacc     2ab (0000aac0)     _AIN2_CH1
0000aacd     2ab (0000aac0)     _AIN4_CH1
0000aace     2ab (0000aac0)     _AIN3_CH4
0000aacf     2ab (0000aac0)     _AIN0_CH2
0000aad0     2ab (0000aac0)     _AIN0_CH1
0000aad1     2ab (0000aac0)     _AIN0_CH3
0000aad2     2ab (0000aac0)     _AIN1_CH1
0000aad3     2ab (0000aac0)     _AIN0_CH4
0000aad4     2ab (0000aac0)     _AIN1_CH2
0000aad6     2ab (0000aac0)     _VM1de_pre
0000aad8     2ab (0000aac0)     _VM1de_lpf
0000aada     2ab (0000aac0)     _VM1de_delta
0000aadc     2ab (0000aac0)     _La_rpm
0000aade     2ab (0000aac0)     _Lb_rpm
0000aae0     2ab (0000aac0)     _Fc_rpm
0000aae2     2ab (0000aac0)     _SM_VOL_OVER_LIMIT
0000aae4     2ab (0000aac0)     _SM_VOL_UNDER_Limit
0000aae6     2ab (0000aac0)     _FlagFault
0000aae8     2ab (0000aac0)     _TEMP_LIMIT
0000aaea     2ab (0000aac0)     _FAN_OP
0000aaeb     2ab (0000aac0)     _Flag_FAN
0000aaf2     2ab (0000aac0)     ___TI_enable_exit_profile_output
0000aaf4     2ab (0000aac0)     ___TI_cleanup_ptr
0000aaf6     2ab (0000aac0)     ___TI_dtors_ptr

0003f800     fe0 (0003f800)     _IPC_Temp_Vol
0003f818     fe0 (0003f800)     _IpcDspEcatSlave

0003fc00     ff0 (0003fc00)     _IPC_Temp_Cal
0003fc18     ff0 (0003fc00)     _IpcDspEcatMaster

00047000    11c0 (00047000)     _Emif1Regs

00050000    1400 (00050000)     _IpcRegs
00050024    1400 (00050000)     _FlashPumpSemaphoreRegs

0005d200    1748 (0005d200)     _ClkCfgRegs

0005d300    174c (0005d300)     _CpuSysRegs

0005f000    17c0 (0005f000)     _DcsmZ1Regs

0005f040    17c1 (0005f040)     _DcsmZ2Regs
0005f070    17c1 (0005f040)     _DcsmCommonRegs

0005f400    17d0 (0005f400)     _MemCfgRegs

0005f480    17d2 (0005f480)     _Emif1ConfigRegs

0005f4c0    17d3 (0005f4c0)     _AccessProtectionRegs

0005f500    17d4 (0005f500)     _MemoryErrorRegs

0005f800    17e0 (0005f800)     _Flash0CtrlRegs

0005fb00    17ec (0005fb00)     _Flash0EccRegs

00078000    1e00 (00078000)     _DcsmZ1Otp

00078200    1e08 (00078200)     _DcsmZ2Otp


GLOBAL SYMBOLS: SORTED ALPHABETICALLY BY Name 

page  address   name                            
----  -------   ----                            
0     00014000  .text                           
0     000156e7  C$$EXIT                         
0     00015293  FS$$DIV                         
0     00015289  _ADC                            
0     00014ef5  _ADC_Offset                     
0     00015209  _ADC_Read                       
1     0000aad0  _AIN0_CH1                       
1     0000aacf  _AIN0_CH2                       
1     0000aad1  _AIN0_CH3                       
1     0000aad3  _AIN0_CH4                       
1     0000aad2  _AIN1_CH1                       
1     0000aad4  _AIN1_CH2                       
1     0000aac5  _AIN1_CH3                       
1     0000aac4  _AIN1_CH4                       
1     0000aacc  _AIN2_CH1                       
1     0000aac6  _AIN2_CH2                       
1     0000aac1  _AIN2_CH3                       
1     0000aac0  _AIN2_CH4                       
1     0000aac3  _AIN3_CH1                       
1     0000aac2  _AIN3_CH2                       
1     0000aacb  _AIN3_CH3                       
1     0000aace  _AIN3_CH4                       
1     0000aacd  _AIN4_CH1                       
1     0000aac8  _AIN4_CH2                       
1     0000aac7  _AIN4_CH3                       
1     0000aaca  _AIN4_CH4                       
1     0005f4c0  _AccessProtectionRegs           
1     00007400  _AdcaRegs                       
1     00000b00  _AdcaResultRegs                 
1     00007480  _AdcbRegs                       
1     00000b20  _AdcbResultRegs                 
1     00007500  _AdccRegs                       
1     00000b40  _AdccResultRegs                 
1     00007580  _AdcdRegs                       
1     00000b60  _AdcdResultRegs                 
1     0000a816  _Arm_Cur_A                      
1     0000a81c  _Arm_Cur_A_offset               
1     0000a806  _Arm_Cur_A_offset_origin        
1     0000a90a  _Arm_Cur_A_offset_t             
1     0000a81e  _Arm_Cur_B                      
1     0000a808  _Arm_Cur_B_offset               
1     0000a804  _Arm_Cur_B_offset_origin        
1     0000a908  _Arm_Cur_B_offset_t             
1     0000a800  _Arm_Cur_Sign                   
0     0001455d  _Arm_Current_Sensor             
1     0000aa94  _BUFFER_HW                      
1     0000aa91  _BUFFER_SW                      
0     00015424  _BYPASSING                      
0     00015571  _Bubble_sort                    
1     0000a818  _CUR_MAX                        
1     00001400  _Cla1Regs                       
0     00000ce0  _Cla1SoftIntRegs                
1     0005d200  _ClkCfgRegs                     
1     00005c80  _Cmpss1Regs                     
1     00005ca0  _Cmpss2Regs                     
1     00005cc0  _Cmpss3Regs                     
1     00005ce0  _Cmpss4Regs                     
1     00005d00  _Cmpss5Regs                     
1     00005d20  _Cmpss6Regs                     
1     00005d40  _Cmpss7Regs                     
1     00005d60  _Cmpss8Regs                     
1     0005d300  _CpuSysRegs                     
1     00000c00  _CpuTimer0Regs                  
1     00000c08  _CpuTimer1Regs                  
1     00000c10  _CpuTimer2Regs                  
0     000145dd  _DAC                            
0     000145a4  _DAC_out                        
0     00014c51  _DAQ_RS422                      
1     0000a9e6  _DAQ_TX                         
1     0000a9a5  _D_Number_SM                    
1     00005c00  _DacaRegs                       
1     00005c10  _DacbRegs                       
1     00005c20  _DaccRegs                       
1     0005f070  _DcsmCommonRegs                 
1     00078000  _DcsmZ1Otp                      
1     0005f000  _DcsmZ1Regs                     
1     00078200  _DcsmZ2Otp                      
1     0005f040  _DcsmZ2Regs                     
0     0001578d  _DisableDog                     
1     00007980  _DmaClaSrcSelRegs               
1     00001000  _DmaRegs                        
1     0000aab0  _Dsp2EcatMaster                 
1     0000aaac  _Dsp2EcatSlave                  
1     00005000  _ECap1Regs                      
1     00005020  _ECap2Regs                      
1     00005040  _ECap3Regs                      
1     00005060  _ECap4Regs                      
1     00005080  _ECap5Regs                      
1     000050a0  _ECap6Regs                      
1     00004900  _EPwm10Regs                     
1     00004a00  _EPwm11Regs                     
1     00004b00  _EPwm12Regs                     
1     00004000  _EPwm1Regs                      
1     00004100  _EPwm2Regs                      
1     00004200  _EPwm3Regs                      
1     00004300  _EPwm4Regs                      
1     00004400  _EPwm5Regs                      
1     00004500  _EPwm6Regs                      
1     00004600  _EPwm7Regs                      
1     00004700  _EPwm8Regs                      
1     00004800  _EPwm9Regs                      
1     00005100  _EQep1Regs                      
1     00005140  _EQep2Regs                      
1     00005180  _EQep3Regs                      
1     0000a9c8  _EX_DATA                        
1     0005f480  _Emif1ConfigRegs                
0     000151f4  _Emif1Initialize                
1     00047000  _Emif1Regs                      
1     00000d01  _EmuBMode                       
1     00000d00  _EmuKey                         
0     00000080  _F28x_usDelay                   
0     0001550e  _FAN                            
1     0000aaea  _FAN_OP                         
0     00014db6  _Fault                          
1     0000aae0  _Fc_rpm                         
1     0000aae6  _FlagFault                      
1     0000a999  _Flag_ADC_init                  
1     0000aa96  _Flag_Buffer_HW                 
1     0000a914  _Flag_Buffer_HW_t               
1     0000aaa0  _Flag_Buffer_SW                 
1     0000a91e  _Flag_Buffer_SW_t               
1     0000a8f1  _Flag_Bypass                    
1     0000aaeb  _Flag_FAN                       
1     0000a918  _Flag_FAN_t                     
1     0000a901  _Flag_Gating                    
1     0000a8f3  _Flag_IGBT                      
1     0000a92a  _Flag_IGBT_t                    
1     0000a900  _Flag_Normal_DT                 
1     0000a998  _Flag_PWM_INIT                  
1     0000a8f9  _Flag_Relay                     
1     0000a924  _Flag_Relay_t                   
1     0005f800  _Flash0CtrlRegs                 
1     0005fb00  _Flash0EccRegs                  
1     00050024  _FlashPumpSemaphoreRegs         
0     00014c37  _GATING                         
1     00007f00  _GpioDataRegs                   
1     0000a9a6  _Group_number                   
1     0000a902  _Group_number_t                 
1     0000a9a2  _HALF_CNT                       
1     0000a9a4  _H_Number_SM                    
1     00007300  _I2caRegs                       
1     00007340  _I2cbRegs                       
1     0000a8f0  _IGBT_OP                        
0     000153ff  _IPC_DSP2_EtherCAT_RX           
0     000153ee  _IPC_DSP2_EtherCAT_TX           
0     000153c7  _IPC_DSP2_Temp_RX               
0     000153a2  _IPC_DSP2_Temp_TX               
1     0003fc00  _IPC_Temp_Cal                   
1     0003f800  _IPC_Temp_Vol                   
0     000157a6  _ISR_Default                    
0     000151f8  _Init_ADC                       
0     0001514c  _Init_Emif                      
0     0001531b  _Init_Epwm                      
0     00014ac2  _Init_Flash                     
0     00014a1d  _Init_Mem                       
0     00014970  _Init_PeripheralClocks          
0     0001494b  _Init_PieCtrl                   
0     00014851  _Init_PieVectTable              
0     0001579a  _Init_xint                      
0     0001549e  _Interrupt                      
1     0000a80a  _Inv_Vdc                        
1     0003fc18  _IpcDspEcatMaster               
1     0003f818  _IpcDspEcatSlave                
1     00050000  _IpcRegs                        
0     00015695  _LED_DSP                        
0     00015682  _LED_FPGA                       
1     0000aa3f  _LED_case                       
1     0000aa3e  _LED_cnt                        
0     00015734  _LPF_Parameter                  
1     0000aadc  _La_rpm                         
1     0000aade  _Lb_rpm                         
1     0000a801  _Lower_Arm_Cur_Sign             
1     00006000  _McbspaRegs                     
1     00006040  _McbspbRegs                     
1     0005f400  _MemCfgRegs                     
1     0005f500  _MemoryErrorRegs                
0     00014bae  _NLC                            
1     0000aa95  _NLC_x                          
1     0000a906  _NUM_SM_t                       
1     00007060  _NmiIntruptRegs                 
1     0000a99c  _Number_SM                      
0     000140bf  _OPERATION                      
1     0000a904  _OP_MODE                        
0     00014b02  _PD                             
0     00014ae6  _PMW_INIT                       
0     00014ae5  _PSC                            
0     00014070  _PWM_METHOD                     
1     0000a905  _PWM_MODE                       
1     0000aa92  _PWM_x                          
1     00000ce0  _PieCtrlRegs                    
1     00000d00  _PieVectTable                   
1     0000aa9a  _REFERENCE                      
1     0000aaa6  _REFERENCE_t                    
1     0000a9a1  _REF_MAX                        
1     0000a9a3  _REF_MIN                        
1     0000a8f2  _RELAY_OP                       
1     0000a9c0  _RX_ACCESS_INDEX                
1     0000a9c2  _RX_DATA                        
0     00014000  _Reset                          
1     0000a898  _Rt                             
1     0000a8d8  _Rt_R25C                        
1     0000a880  _Rt_denum                       
1     0000a8c0  _Rt_num                         
1     0000aa2a  _SM_INDEX_NEW                   
1     0000a80e  _SM_MAX                         
1     0000aa30  _SM_VOLTAGE_NEW                 
1     0000a820  _SM_VOL_MAX                     
1     0000aae2  _SM_VOL_OVER_LIMIT              
1     0000aae4  _SM_VOL_UNDER_Limit             
0     000144c1  _SM_Vol_Sensor                  
1     0000a822  _SM_Vol_offset                  
1     00007200  _SciaRegs                       
1     00007210  _ScibRegs                       
1     00007220  _ScicRegs                       
1     00007230  _ScidRegs                       
1     00005e00  _Sdfm1Regs                      
1     00005e80  _Sdfm2Regs                      
1     00006100  _SpiaRegs                       
1     00006110  _SpibRegs                       
1     00006120  _SpicRegs                       
0     00014847  _Start_PieCtrl                  
1     0000aae8  _TEMP_LIMIT                     
1     0000a814  _TEMP_MAX                       
1     0000aa00  _TEST_RX                        
1     0000a9d2  _TEST_TX                        
1     0000a84c  _Temp                           
0     00014440  _Temp_Calc                      
0     000142f1  _Temp_Sensor                    
1     0000a9a8  _Temp_old                       
1     0000a980  _Temp_t                         
1     0000a802  _Upper_Arm_Cur_Sign             
1     0000aada  _VM1de_delta                    
1     0000aad8  _VM1de_lpf                      
1     0000aad6  _VM1de_pre                      
1     0000a840  _V_SM                           
1     0000a81a  _V_SM_SUM                       
1     0000a930  _V_SM_t                         
1     0000a940  _V_SMt                          
1     0000aa90  _V_ref_NLC                      
1     0000aa93  _V_ref_PWM                      
1     0000a810  _Vdc_test                       
1     0000a864  _Vol_Temp                       
1     00007000  _WdRegs                         
1     00007070  _XintRegs                       
1     00000600  __STACK_END                     
abs   00000200  __STACK_SIZE                    
1     0000aaf4  ___TI_cleanup_ptr               
1     0000aaf6  ___TI_dtors_ptr                 
1     0000aaf2  ___TI_enable_exit_profile_output
abs   ffffffff  ___TI_pprof_out_hndl            
abs   ffffffff  ___TI_prof_data_size            
abs   ffffffff  ___TI_prof_data_start           
abs   ffffffff  ___binit__                      
abs   ffffffff  ___c_args__                     
0     00008000  ___cinit__                      
0     000157bc  ___etext__                      
abs   ffffffff  ___pinit__                      
0     00014000  ___text__                       
0     00015774  __args_main                     
1     0000a9be  __lock                          
0     000157b8  __nop                           
0     000157b4  __register_lock                 
0     000157b0  __register_unlock               
1     00000400  __stack                         
0     000157bb  __system_post_cinit             
0     000157b9  __system_pre_init               
1     0000aabc  __unlock                        
0     000156e7  _abort                          
0     0001562c  _c_int00                        
0     00015710  _copy_in                        
1     0000aa5a  _da1                            
1     0000aa44  _da1_tmp                        
1     0000aa62  _da2                            
1     0000aa43  _da2_tmp                        
1     0000aa4a  _da3                            
1     0000aa49  _da3_tmp                        
1     0000aa52  _da4                            
1     0000aa41  _da4_tmp                        
1     0000aa80  _da5                            
1     0000aa40  _da5_tmp                        
1     0000aa88  _da6                            
1     0000aa45  _da6_tmp                        
1     0000aa6a  _da7                            
1     0000aa42  _da7_tmp                        
1     0000aa72  _da8                            
1     0000aa47  _da8_tmp                        
1     0000aa48  _da_sel                         
1     0000a8ff  _errno                          
0     000156e9  _exit                           
1     0000a9c3  _fault                          
1     0000a903  _fault_t                        
1     0000a912  _freq_t                         
1     0000a90e  _freq_t2                        
1     0000a99b  _i                              
1     0000aa26  _index_temp                     
1     0000a99a  _j                              
1     0000a99f  _k                              
1     0000a99e  _l                              
0     00015021  _log                            
0     00015021  _logf                           
1     0000a9a0  _m                              
0     000156bd  _main                           
0     00015757  _memcpy                         
1     0000a9aa  _msg_test_rd                    
1     0000a9b4  _msg_test_wr                    
1     0000a812  _offset_sum_Arm_Cur_A           
1     0000a80c  _offset_sum_Arm_Cur_B           
1     0000a82e  _offset_sum_SM_Vol              
0     000155d4  _sin                            
1     0000a958  _sine_offset_t                  
1     0000a964  _sine_t                         
1     0000a94c  _sine_t2                        
0     000155d4  _sinf                           
1     0000a99d  _t                              
1     0000aa46  _temp                           
1     0000a9c4  _test_tx_cnt                    
1     0000a910  _theta_t                        
1     0000a90c  _theta_t2                       
1     0000aa28  _voltage_temp                   
abs   ffffffff  binit                           
0     00008000  cinit                           
0     000157bc  etext                           
abs   ffffffff  pinit                           


GLOBAL SYMBOLS: SORTED BY Symbol Address 

page  address   name                            
----  -------   ----                            
0     00000080  _F28x_usDelay                   
0     00000ce0  _Cla1SoftIntRegs                
0     00008000  ___cinit__                      
0     00008000  cinit                           
0     00014000  .text                           
0     00014000  _Reset                          
0     00014000  ___text__                       
0     00014070  _PWM_METHOD                     
0     000140bf  _OPERATION                      
0     000142f1  _Temp_Sensor                    
0     00014440  _Temp_Calc                      
0     000144c1  _SM_Vol_Sensor                  
0     0001455d  _Arm_Current_Sensor             
0     000145a4  _DAC_out                        
0     000145dd  _DAC                            
0     00014847  _Start_PieCtrl                  
0     00014851  _Init_PieVectTable              
0     0001494b  _Init_PieCtrl                   
0     00014970  _Init_PeripheralClocks          
0     00014a1d  _Init_Mem                       
0     00014ac2  _Init_Flash                     
0     00014ae5  _PSC                            
0     00014ae6  _PMW_INIT                       
0     00014b02  _PD                             
0     00014bae  _NLC                            
0     00014c37  _GATING                         
0     00014c51  _DAQ_RS422                      
0     00014db6  _Fault                          
0     00014ef5  _ADC_Offset                     
0     00015021  _log                            
0     00015021  _logf                           
0     0001514c  _Init_Emif                      
0     000151f4  _Emif1Initialize                
0     000151f8  _Init_ADC                       
0     00015209  _ADC_Read                       
0     00015289  _ADC                            
0     00015293  FS$$DIV                         
0     0001531b  _Init_Epwm                      
0     000153a2  _IPC_DSP2_Temp_TX               
0     000153c7  _IPC_DSP2_Temp_RX               
0     000153ee  _IPC_DSP2_EtherCAT_TX           
0     000153ff  _IPC_DSP2_EtherCAT_RX           
0     00015424  _BYPASSING                      
0     0001549e  _Interrupt                      
0     0001550e  _FAN                            
0     00015571  _Bubble_sort                    
0     000155d4  _sin                            
0     000155d4  _sinf                           
0     0001562c  _c_int00                        
0     00015682  _LED_FPGA                       
0     00015695  _LED_DSP                        
0     000156bd  _main                           
0     000156e7  C$$EXIT                         
0     000156e7  _abort                          
0     000156e9  _exit                           
0     00015710  _copy_in                        
0     00015734  _LPF_Parameter                  
0     00015757  _memcpy                         
0     00015774  __args_main                     
0     0001578d  _DisableDog                     
0     0001579a  _Init_xint                      
0     000157a6  _ISR_Default                    
0     000157b0  __register_unlock               
0     000157b4  __register_lock                 
0     000157b8  __nop                           
0     000157b9  __system_pre_init               
0     000157bb  __system_post_cinit             
0     000157bc  ___etext__                      
0     000157bc  etext                           
1     00000400  __stack                         
1     00000600  __STACK_END                     
1     00000b00  _AdcaResultRegs                 
1     00000b20  _AdcbResultRegs                 
1     00000b40  _AdccResultRegs                 
1     00000b60  _AdcdResultRegs                 
1     00000c00  _CpuTimer0Regs                  
1     00000c08  _CpuTimer1Regs                  
1     00000c10  _CpuTimer2Regs                  
1     00000ce0  _PieCtrlRegs                    
1     00000d00  _EmuKey                         
1     00000d00  _PieVectTable                   
1     00000d01  _EmuBMode                       
1     00001000  _DmaRegs                        
1     00001400  _Cla1Regs                       
1     00004000  _EPwm1Regs                      
1     00004100  _EPwm2Regs                      
1     00004200  _EPwm3Regs                      
1     00004300  _EPwm4Regs                      
1     00004400  _EPwm5Regs                      
1     00004500  _EPwm6Regs                      
1     00004600  _EPwm7Regs                      
1     00004700  _EPwm8Regs                      
1     00004800  _EPwm9Regs                      
1     00004900  _EPwm10Regs                     
1     00004a00  _EPwm11Regs                     
1     00004b00  _EPwm12Regs                     
1     00005000  _ECap1Regs                      
1     00005020  _ECap2Regs                      
1     00005040  _ECap3Regs                      
1     00005060  _ECap4Regs                      
1     00005080  _ECap5Regs                      
1     000050a0  _ECap6Regs                      
1     00005100  _EQep1Regs                      
1     00005140  _EQep2Regs                      
1     00005180  _EQep3Regs                      
1     00005c00  _DacaRegs                       
1     00005c10  _DacbRegs                       
1     00005c20  _DaccRegs                       
1     00005c80  _Cmpss1Regs                     
1     00005ca0  _Cmpss2Regs                     
1     00005cc0  _Cmpss3Regs                     
1     00005ce0  _Cmpss4Regs                     
1     00005d00  _Cmpss5Regs                     
1     00005d20  _Cmpss6Regs                     
1     00005d40  _Cmpss7Regs                     
1     00005d60  _Cmpss8Regs                     
1     00005e00  _Sdfm1Regs                      
1     00005e80  _Sdfm2Regs                      
1     00006000  _McbspaRegs                     
1     00006040  _McbspbRegs                     
1     00006100  _SpiaRegs                       
1     00006110  _SpibRegs                       
1     00006120  _SpicRegs                       
1     00007000  _WdRegs                         
1     00007060  _NmiIntruptRegs                 
1     00007070  _XintRegs                       
1     00007200  _SciaRegs                       
1     00007210  _ScibRegs                       
1     00007220  _ScicRegs                       
1     00007230  _ScidRegs                       
1     00007300  _I2caRegs                       
1     00007340  _I2cbRegs                       
1     00007400  _AdcaRegs                       
1     00007480  _AdcbRegs                       
1     00007500  _AdccRegs                       
1     00007580  _AdcdRegs                       
1     00007980  _DmaClaSrcSelRegs               
1     00007f00  _GpioDataRegs                   
1     0000a800  _Arm_Cur_Sign                   
1     0000a801  _Lower_Arm_Cur_Sign             
1     0000a802  _Upper_Arm_Cur_Sign             
1     0000a804  _Arm_Cur_B_offset_origin        
1     0000a806  _Arm_Cur_A_offset_origin        
1     0000a808  _Arm_Cur_B_offset               
1     0000a80a  _Inv_Vdc                        
1     0000a80c  _offset_sum_Arm_Cur_B           
1     0000a80e  _SM_MAX                         
1     0000a810  _Vdc_test                       
1     0000a812  _offset_sum_Arm_Cur_A           
1     0000a814  _TEMP_MAX                       
1     0000a816  _Arm_Cur_A                      
1     0000a818  _CUR_MAX                        
1     0000a81a  _V_SM_SUM                       
1     0000a81c  _Arm_Cur_A_offset               
1     0000a81e  _Arm_Cur_B                      
1     0000a820  _SM_VOL_MAX                     
1     0000a822  _SM_Vol_offset                  
1     0000a82e  _offset_sum_SM_Vol              
1     0000a840  _V_SM                           
1     0000a84c  _Temp                           
1     0000a864  _Vol_Temp                       
1     0000a880  _Rt_denum                       
1     0000a898  _Rt                             
1     0000a8c0  _Rt_num                         
1     0000a8d8  _Rt_R25C                        
1     0000a8f0  _IGBT_OP                        
1     0000a8f1  _Flag_Bypass                    
1     0000a8f2  _RELAY_OP                       
1     0000a8f3  _Flag_IGBT                      
1     0000a8f9  _Flag_Relay                     
1     0000a8ff  _errno                          
1     0000a900  _Flag_Normal_DT                 
1     0000a901  _Flag_Gating                    
1     0000a902  _Group_number_t                 
1     0000a903  _fault_t                        
1     0000a904  _OP_MODE                        
1     0000a905  _PWM_MODE                       
1     0000a906  _NUM_SM_t                       
1     0000a908  _Arm_Cur_B_offset_t             
1     0000a90a  _Arm_Cur_A_offset_t             
1     0000a90c  _theta_t2                       
1     0000a90e  _freq_t2                        
1     0000a910  _theta_t                        
1     0000a912  _freq_t                         
1     0000a914  _Flag_Buffer_HW_t               
1     0000a918  _Flag_FAN_t                     
1     0000a91e  _Flag_Buffer_SW_t               
1     0000a924  _Flag_Relay_t                   
1     0000a92a  _Flag_IGBT_t                    
1     0000a930  _V_SM_t                         
1     0000a940  _V_SMt                          
1     0000a94c  _sine_t2                        
1     0000a958  _sine_offset_t                  
1     0000a964  _sine_t                         
1     0000a980  _Temp_t                         
1     0000a998  _Flag_PWM_INIT                  
1     0000a999  _Flag_ADC_init                  
1     0000a99a  _j                              
1     0000a99b  _i                              
1     0000a99c  _Number_SM                      
1     0000a99d  _t                              
1     0000a99e  _l                              
1     0000a99f  _k                              
1     0000a9a0  _m                              
1     0000a9a1  _REF_MAX                        
1     0000a9a2  _HALF_CNT                       
1     0000a9a3  _REF_MIN                        
1     0000a9a4  _H_Number_SM                    
1     0000a9a5  _D_Number_SM                    
1     0000a9a6  _Group_number                   
1     0000a9a8  _Temp_old                       
1     0000a9aa  _msg_test_rd                    
1     0000a9b4  _msg_test_wr                    
1     0000a9be  __lock                          
1     0000a9c0  _RX_ACCESS_INDEX                
1     0000a9c2  _RX_DATA                        
1     0000a9c3  _fault                          
1     0000a9c4  _test_tx_cnt                    
1     0000a9c8  _EX_DATA                        
1     0000a9d2  _TEST_TX                        
1     0000a9e6  _DAQ_TX                         
1     0000aa00  _TEST_RX                        
1     0000aa26  _index_temp                     
1     0000aa28  _voltage_temp                   
1     0000aa2a  _SM_INDEX_NEW                   
1     0000aa30  _SM_VOLTAGE_NEW                 
1     0000aa3e  _LED_cnt                        
1     0000aa3f  _LED_case                       
1     0000aa40  _da5_tmp                        
1     0000aa41  _da4_tmp                        
1     0000aa42  _da7_tmp                        
1     0000aa43  _da2_tmp                        
1     0000aa44  _da1_tmp                        
1     0000aa45  _da6_tmp                        
1     0000aa46  _temp                           
1     0000aa47  _da8_tmp                        
1     0000aa48  _da_sel                         
1     0000aa49  _da3_tmp                        
1     0000aa4a  _da3                            
1     0000aa52  _da4                            
1     0000aa5a  _da1                            
1     0000aa62  _da2                            
1     0000aa6a  _da7                            
1     0000aa72  _da8                            
1     0000aa80  _da5                            
1     0000aa88  _da6                            
1     0000aa90  _V_ref_NLC                      
1     0000aa91  _BUFFER_SW                      
1     0000aa92  _PWM_x                          
1     0000aa93  _V_ref_PWM                      
1     0000aa94  _BUFFER_HW                      
1     0000aa95  _NLC_x                          
1     0000aa96  _Flag_Buffer_HW                 
1     0000aa9a  _REFERENCE                      
1     0000aaa0  _Flag_Buffer_SW                 
1     0000aaa6  _REFERENCE_t                    
1     0000aaac  _Dsp2EcatSlave                  
1     0000aab0  _Dsp2EcatMaster                 
1     0000aabc  __unlock                        
1     0000aac0  _AIN2_CH4                       
1     0000aac1  _AIN2_CH3                       
1     0000aac2  _AIN3_CH2                       
1     0000aac3  _AIN3_CH1                       
1     0000aac4  _AIN1_CH4                       
1     0000aac5  _AIN1_CH3                       
1     0000aac6  _AIN2_CH2                       
1     0000aac7  _AIN4_CH3                       
1     0000aac8  _AIN4_CH2                       
1     0000aaca  _AIN4_CH4                       
1     0000aacb  _AIN3_CH3                       
1     0000aacc  _AIN2_CH1                       
1     0000aacd  _AIN4_CH1                       
1     0000aace  _AIN3_CH4                       
1     0000aacf  _AIN0_CH2                       
1     0000aad0  _AIN0_CH1                       
1     0000aad1  _AIN0_CH3                       
1     0000aad2  _AIN1_CH1                       
1     0000aad3  _AIN0_CH4                       
1     0000aad4  _AIN1_CH2                       
1     0000aad6  _VM1de_pre                      
1     0000aad8  _VM1de_lpf                      
1     0000aada  _VM1de_delta                    
1     0000aadc  _La_rpm                         
1     0000aade  _Lb_rpm                         
1     0000aae0  _Fc_rpm                         
1     0000aae2  _SM_VOL_OVER_LIMIT              
1     0000aae4  _SM_VOL_UNDER_Limit             
1     0000aae6  _FlagFault                      
1     0000aae8  _TEMP_LIMIT                     
1     0000aaea  _FAN_OP                         
1     0000aaeb  _Flag_FAN                       
1     0000aaf2  ___TI_enable_exit_profile_output
1     0000aaf4  ___TI_cleanup_ptr               
1     0000aaf6  ___TI_dtors_ptr                 
1     0003f800  _IPC_Temp_Vol                   
1     0003f818  _IpcDspEcatSlave                
1     0003fc00  _IPC_Temp_Cal                   
1     0003fc18  _IpcDspEcatMaster               
1     00047000  _Emif1Regs                      
1     00050000  _IpcRegs                        
1     00050024  _FlashPumpSemaphoreRegs         
1     0005d200  _ClkCfgRegs                     
1     0005d300  _CpuSysRegs                     
1     0005f000  _DcsmZ1Regs                     
1     0005f040  _DcsmZ2Regs                     
1     0005f070  _DcsmCommonRegs                 
1     0005f400  _MemCfgRegs                     
1     0005f480  _Emif1ConfigRegs                
1     0005f4c0  _AccessProtectionRegs           
1     0005f500  _MemoryErrorRegs                
1     0005f800  _Flash0CtrlRegs                 
1     0005fb00  _Flash0EccRegs                  
1     00078000  _DcsmZ1Otp                      
1     00078200  _DcsmZ2Otp                      
abs   00000200  __STACK_SIZE                    
abs   ffffffff  ___TI_pprof_out_hndl            
abs   ffffffff  ___TI_prof_data_size            
abs   ffffffff  ___TI_prof_data_start           
abs   ffffffff  ___binit__                      
abs   ffffffff  ___c_args__                     
abs   ffffffff  ___pinit__                      
abs   ffffffff  binit                           
abs   ffffffff  pinit                           

[323 symbols]
