******************************************************************************
             TMS320C2000 Linker PC v18.1.3                     
******************************************************************************
>> Linked Mon Feb 18 21:23:05 2019

OUTPUT FILE NAME:   <Groupmodule_Controller_31Lv_DSP_CPU1.out>
ENTRY POINT SYMBOL: "_c_int00"  address: 0000f740


MEMORY CONFIGURATION

         name            origin    length      used     unused   attr    fill
----------------------  --------  ---------  --------  --------  ----  --------
PAGE 0:
  RAM_BEGIN             00000000   00000002  00000000  00000002  RWIX
  RAMM0                 00000122   000002de  0000003d  000002a1  RWIX
  RAMLS0                00008000   00000800  00000297  00000569  RWIX
  RAMLS1                00008800   00000800  00000000  00000800  RWIX
  RAMLS2                00009000   00000800  00000000  00000800  RWIX
  RAMLS3                00009800   00000800  00000000  00000800  RWIX
  RAMD0                 0000b000   00000800  00000000  00000800  RWIX
  RAMGS012              0000c000   00006000  00003939  000026c7  RWIX
  FLASH_BEGIN           00080000   00000002  00000000  00000002  RWIX
  FLASHA                00080002   00001ffe  00000000  00001ffe  RWIX
  FLASHB                00082000   00002000  00000000  00002000  RWIX
  FLASHC                00084000   00002000  00000000  00002000  RWIX
  FLASHD                00086000   00002000  00000000  00002000  RWIX
  FLASHE                00088000   00008000  00000000  00008000  RWIX
  FLASHF                00090000   00008000  00000000  00008000  RWIX
  FLASHG                00098000   00008000  00000000  00008000  RWIX
  FLASHH                000a0000   00008000  00000000  00008000  RWIX
  FLASHI                000a8000   00008000  00000000  00008000  RWIX
  FLASHJ                000b0000   00008000  00000000  00008000  RWIX
  FLASHK                000b8000   00002000  00000000  00002000  RWIX
  FLASHL                000ba000   00002000  00000000  00002000  RWIX
  FLASHM                000bc000   00002000  00000000  00002000  RWIX
  FLASHN                000be000   00002000  00000000  00002000  RWIX
  RESET                 003fffc0   00000002  00000000  00000002  RWIX

PAGE 1:
  BOOT_RSVD             00000002   00000120  00000000  00000120  RWIX
  RAMM1                 00000400   00000400  00000200  00000200  RWIX
  ADCA_RESULT           00000b00   00000020  00000018  00000008  RWIX
  ADCB_RESULT           00000b20   00000020  00000018  00000008  RWIX
  ADCC_RESULT           00000b40   00000020  00000018  00000008  RWIX
  ADCD_RESULT           00000b60   00000020  00000018  00000008  RWIX
  CPUx_TIMER0           00000c00   00000008  00000008  00000000  RWIX
  CPUx_TIMER1           00000c08   00000008  00000008  00000000  RWIX
  CPUx_TIMER2           00000c10   00000008  00000008  00000000  RWIX
  CPUx_PIE_CTRL         00000ce0   00000020  0000001a  00000006  RWIX
  CPUx_PIE_VECT         00000d00   00000200  000001c0  00000040  RWIX
  CPUx_DMA              00001000   00000200  000000e0  00000120  RWIX
  CPUx_CLA1             00001400   00000040  0000003e  00000002  RWIX
  EPWM1                 00004000   00000100  00000100  00000000  RWIX
  EPWM2                 00004100   00000100  00000100  00000000  RWIX
  EPWM3                 00004200   00000100  00000100  00000000  RWIX
  EPWM4                 00004300   00000100  00000100  00000000  RWIX
  EPWM5                 00004400   00000100  00000100  00000000  RWIX
  EPWM6                 00004500   00000100  00000100  00000000  RWIX
  EPWM7                 00004600   00000100  00000100  00000000  RWIX
  EPWM8                 00004700   00000100  00000100  00000000  RWIX
  EPWM9                 00004800   00000100  00000100  00000000  RWIX
  EPWM10                00004900   00000100  00000100  00000000  RWIX
  EPWM11                00004a00   00000100  00000100  00000000  RWIX
  EPWM12                00004b00   00000100  00000100  00000000  RWIX
  ECAP1                 00005000   00000020  00000020  00000000  RWIX
  ECAP2                 00005020   00000020  00000020  00000000  RWIX
  ECAP3                 00005040   00000020  00000020  00000000  RWIX
  ECAP4                 00005060   00000020  00000020  00000000  RWIX
  ECAP5                 00005080   00000020  00000020  00000000  RWIX
  ECAP6                 000050a0   00000020  00000020  00000000  RWIX
  EQEP1                 00005100   00000040  00000022  0000001e  RWIX
  EQEP2                 00005140   00000040  00000022  0000001e  RWIX
  EQEP3                 00005180   00000040  00000022  0000001e  RWIX
  DACA                  00005c00   00000010  00000008  00000008  RWIX
  DACB                  00005c10   00000010  00000008  00000008  RWIX
  DACC                  00005c20   00000010  00000008  00000008  RWIX
  CMPSS1                00005c80   00000020  00000020  00000000  RWIX
  CMPSS2                00005ca0   00000020  00000020  00000000  RWIX
  CMPSS3                00005cc0   00000020  00000020  00000000  RWIX
  CMPSS4                00005ce0   00000020  00000020  00000000  RWIX
  CMPSS5                00005d00   00000020  00000020  00000000  RWIX
  CMPSS6                00005d20   00000020  00000020  00000000  RWIX
  CMPSS7                00005d40   00000020  00000020  00000000  RWIX
  CMPSS8                00005d60   00000020  00000020  00000000  RWIX
  SDFM1                 00005e00   00000080  00000080  00000000  RWIX
  SDFM2                 00005e80   00000080  00000080  00000000  RWIX
  MCBSPA                00006000   00000040  00000024  0000001c  RWIX
  MCBSPB                00006040   00000040  00000024  0000001c  RWIX
  SPIA                  00006100   00000010  00000010  00000000  RWIX
  SPIB                  00006110   00000010  00000010  00000000  RWIX
  SPIC                  00006120   00000010  00000010  00000000  RWIX
  CPU1_UPP              00006200   00000100  00000048  000000b8  RWIX
  CPUx_WD               00007000   00000040  0000002b  00000015  RWIX
  CPUx_NMIINTRUPT       00007060   00000010  00000007  00000009  RWIX
  CPUx_XINT             00007070   00000010  0000000b  00000005  RWIX
  SCIA                  00007200   00000010  00000010  00000000  RWIX
  SCIB                  00007210   00000010  00000010  00000000  RWIX
  SCIC                  00007220   00000010  00000010  00000000  RWIX
  SCID                  00007230   00000010  00000010  00000000  RWIX
  I2CA                  00007300   00000040  00000022  0000001e  RWIX
  I2CB                  00007340   00000040  00000022  0000001e  RWIX
  ADCA                  00007400   00000080  00000080  00000000  RWIX
  ADCB                  00007480   00000080  00000080  00000000  RWIX
  ADCC                  00007500   00000080  00000080  00000000  RWIX
  ADCD                  00007580   00000080  00000080  00000000  RWIX
  CPU1_INPUT_XBAR       00007900   00000020  00000020  00000000  RWIX
  CPU1_XBAR             00007920   00000020  00000020  00000000  RWIX
  CPU1_SYNC_SOC         00007940   00000010  00000006  0000000a  RWIX
  CPUx_DMACLASRCSEL     00007980   00000040  0000001a  00000026  RWIX
  CPU1_EPWM_XBAR        00007a00   00000040  00000040  00000000  RWIX
  CPU1_OUTPUT_XBAR      00007a80   00000040  00000040  00000000  RWIX
  CPU1_GPIOCTRL         00007c00   00000180  00000180  00000000  RWIX
  CPUx_GPIODATA         00007f00   00000030  00000030  00000000  RWIX
  RAMLS45               0000a000   00001000  00000cbd  00000343  RWIX
  RAMD1                 0000b800   00000800  00000000  00000800  RWIX
  RAMGS6                00012000   00001000  00000000  00001000  RWIX
  RAMGS7                00013000   00001000  00000000  00001000  RWIX
  IPC_CPU2TO1_TEMP      0003f800   00000018  00000018  00000000  RWIX
  IPC_CPU2TO1_EtherCAT  0003f818   000003e8  00000004  000003e4  RWIX
  IPC_CPU1TO2_TEMP      0003fc00   00000018  00000018  00000000  RWIX
  IPC_CPU1TO2_EtherCAT  0003fc18   000003e8  0000000b  000003dd  RWIX
  CPU1_USBA             00040000   00001000  00000000  00001000  RWIX
  EMIF1                 00047000   00000800  00000070  00000790  RWIX
  CPU1_EMIF2            00047800   00000800  00000070  00000790  RWIX
  CPUx_IPC              00050000   00000024  00000024  00000000  RWIX
  CPUx_FLASHPUMPSEMAPHO 00050024   00000002  00000002  00000000  RWIX
  CPU1_DEV_CFG          0005d000   00000180  0000012e  00000052  RWIX
  CPU1_ANALOG_SUBSYS    0005d180   00000080  00000048  00000038  RWIX
  CLK_CFG               0005d200   00000100  00000032  000000ce  RWIX
  CPUx_CPU_SYS          0005d300   00000100  00000082  0000007e  RWIX
  CPU1_ROMPREFETCH      0005e608   00000002  00000002  00000000  RWIX
  CPUx_DCSM_Z1          0005f000   00000030  00000024  0000000c  RWIX
  CPUx_DCSM_Z2          0005f040   00000030  00000024  0000000c  RWIX
  CPUx_DCSM_COMMON      0005f070   00000010  00000008  00000008  RWIX
  CPUx_MEMCFG           0005f400   00000080  00000080  00000000  RWIX
  CPUx_EMIF1CONFIG      0005f480   00000020  00000020  00000000  RWIX
  CPU1_EMIF2CONFIG      0005f4a0   00000020  00000020  00000000  RWIX
  CPUx_ACCESSPROTECTION 0005f4c0   00000040  00000040  00000000  RWIX
  CPUx_MEMORYERROR      0005f500   00000040  00000040  00000000  RWIX
  CPU1_ROMWAITSTATE     0005f540   00000002  00000002  00000000  RWIX
  CPUx_FLASH0_CTRL      0005f800   00000300  00000182  0000017e  RWIX
  CPUx_FLASH0_ECC       0005fb00   00000040  00000028  00000018  RWIX
  CPUx_DCSM_Z1_OTP      00078000   00000020  00000020  00000000  RWIX
  CPUx_DCSM_Z2_OTP      00078200   00000020  00000020  00000000  RWIX


SECTION ALLOCATION MAP

 output                                  attributes/
section   page    origin      length       input sections
--------  ----  ----------  ----------   ----------------
.cinit     0    00008000    00000297     
                  00008000    000001ad     F2837xD_EtherCAT_Slave_Lib.lib : coeappl.obj (.cinit)
                  000081ad    00000043                                    : F2837xD_Slave.obj (.cinit)
                  000081f0    00000038     Interrupt.obj (.cinit)
                  00008228    00000018     F2837xD_EtherCAT_Slave_Lib.lib : ecatappl.obj (.cinit)
                  00008240    00000018                                    : objdef.obj (.cinit)
                  00008258    00000010     LED.obj (.cinit)
                  00008268    0000000e     rts2800_fpu32.lib : exit.c.obj (.cinit)
                  00008276    00000008     F2837xD_EtherCAT_Slave_Lib.lib : ecatslv.obj (.cinit)
                  0000827e    00000005     IPC.obj (.cinit)
                  00008283    00000005     rts2800_fpu32.lib : _lock.c.obj (.cinit:__lock)
                  00008288    00000005                       : _lock.c.obj (.cinit:__unlock)
                  0000828d    00000004     F2837xD_EtherCAT_Slave_Lib.lib : sdoserv.obj (.cinit)
                  00008291    00000004     rts2800_fpu32.lib : memory.c.obj (.cinit)
                  00008295    00000002     --HOLE-- [fill = 0]

AdcaResultFile 
*          1    00000b00    00000018     UNINITIALIZED
                  00000b00    00000018     F2837xD_GlobalVariableDefs.obj (AdcaResultFile)

AdcbResultFile 
*          1    00000b20    00000018     UNINITIALIZED
                  00000b20    00000018     F2837xD_GlobalVariableDefs.obj (AdcbResultFile)

AdccResultFile 
*          1    00000b40    00000018     UNINITIALIZED
                  00000b40    00000018     F2837xD_GlobalVariableDefs.obj (AdccResultFile)

AdcdResultFile 
*          1    00000b60    00000018     UNINITIALIZED
                  00000b60    00000018     F2837xD_GlobalVariableDefs.obj (AdcdResultFile)

CpuTimer0RegsFile 
*          1    00000c00    00000008     UNINITIALIZED
                  00000c00    00000008     F2837xD_GlobalVariableDefs.obj (CpuTimer0RegsFile)

CpuTimer1RegsFile 
*          1    00000c08    00000008     UNINITIALIZED
                  00000c08    00000008     F2837xD_GlobalVariableDefs.obj (CpuTimer1RegsFile)

CpuTimer2RegsFile 
*          1    00000c10    00000008     UNINITIALIZED
                  00000c10    00000008     F2837xD_GlobalVariableDefs.obj (CpuTimer2RegsFile)

PieCtrlRegsFile 
*          1    00000ce0    0000001a     UNINITIALIZED
                  00000ce0    0000001a     F2837xD_GlobalVariableDefs.obj (PieCtrlRegsFile)

Cla1SoftIntRegsFile 
*          1    00000ce0    00000004     DSECT
                  00000ce0    00000004     F2837xD_GlobalVariableDefs.obj (Cla1SoftIntRegsFile)

PieVectTableFile 
*          1    00000d00    000001c0     UNINITIALIZED
                  00000d00    000001c0     F2837xD_GlobalVariableDefs.obj (PieVectTableFile)

EmuKeyVar 
*          1    00000d00    00000001     UNINITIALIZED
                  00000d00    00000001     F2837xD_GlobalVariableDefs.obj (EmuKeyVar)

EmuBModeVar 
*          1    00000d01    00000001     UNINITIALIZED
                  00000d01    00000001     F2837xD_GlobalVariableDefs.obj (EmuBModeVar)

FlashCallbackVar 
*          1    00000d02    00000000     UNINITIALIZED

FlashScalingVar 
*          1    00000d02    00000000     UNINITIALIZED

DmaRegsFile 
*          1    00001000    000000e0     UNINITIALIZED
                  00001000    000000e0     F2837xD_GlobalVariableDefs.obj (DmaRegsFile)

Cla1RegsFile 
*          1    00001400    0000003e     UNINITIALIZED
                  00001400    0000003e     F2837xD_GlobalVariableDefs.obj (Cla1RegsFile)

EPwm1RegsFile 
*          1    00004000    00000100     UNINITIALIZED
                  00004000    00000100     F2837xD_GlobalVariableDefs.obj (EPwm1RegsFile)

EPwm2RegsFile 
*          1    00004100    00000100     UNINITIALIZED
                  00004100    00000100     F2837xD_GlobalVariableDefs.obj (EPwm2RegsFile)

EPwm3RegsFile 
*          1    00004200    00000100     UNINITIALIZED
                  00004200    00000100     F2837xD_GlobalVariableDefs.obj (EPwm3RegsFile)

EPwm4RegsFile 
*          1    00004300    00000100     UNINITIALIZED
                  00004300    00000100     F2837xD_GlobalVariableDefs.obj (EPwm4RegsFile)

EPwm5RegsFile 
*          1    00004400    00000100     UNINITIALIZED
                  00004400    00000100     F2837xD_GlobalVariableDefs.obj (EPwm5RegsFile)

EPwm6RegsFile 
*          1    00004500    00000100     UNINITIALIZED
                  00004500    00000100     F2837xD_GlobalVariableDefs.obj (EPwm6RegsFile)

EPwm7RegsFile 
*          1    00004600    00000100     UNINITIALIZED
                  00004600    00000100     F2837xD_GlobalVariableDefs.obj (EPwm7RegsFile)

EPwm8RegsFile 
*          1    00004700    00000100     UNINITIALIZED
                  00004700    00000100     F2837xD_GlobalVariableDefs.obj (EPwm8RegsFile)

EPwm9RegsFile 
*          1    00004800    00000100     UNINITIALIZED
                  00004800    00000100     F2837xD_GlobalVariableDefs.obj (EPwm9RegsFile)

EPwm10RegsFile 
*          1    00004900    00000100     UNINITIALIZED
                  00004900    00000100     F2837xD_GlobalVariableDefs.obj (EPwm10RegsFile)

EPwm11RegsFile 
*          1    00004a00    00000100     UNINITIALIZED
                  00004a00    00000100     F2837xD_GlobalVariableDefs.obj (EPwm11RegsFile)

EPwm12RegsFile 
*          1    00004b00    00000100     UNINITIALIZED
                  00004b00    00000100     F2837xD_GlobalVariableDefs.obj (EPwm12RegsFile)

ECap1RegsFile 
*          1    00005000    00000020     UNINITIALIZED
                  00005000    00000020     F2837xD_GlobalVariableDefs.obj (ECap1RegsFile)

ECap2RegsFile 
*          1    00005020    00000020     UNINITIALIZED
                  00005020    00000020     F2837xD_GlobalVariableDefs.obj (ECap2RegsFile)

ECap3RegsFile 
*          1    00005040    00000020     UNINITIALIZED
                  00005040    00000020     F2837xD_GlobalVariableDefs.obj (ECap3RegsFile)

ECap4RegsFile 
*          1    00005060    00000020     UNINITIALIZED
                  00005060    00000020     F2837xD_GlobalVariableDefs.obj (ECap4RegsFile)

ECap5RegsFile 
*          1    00005080    00000020     UNINITIALIZED
                  00005080    00000020     F2837xD_GlobalVariableDefs.obj (ECap5RegsFile)

ECap6RegsFile 
*          1    000050a0    00000020     UNINITIALIZED
                  000050a0    00000020     F2837xD_GlobalVariableDefs.obj (ECap6RegsFile)

EQep1RegsFile 
*          1    00005100    00000022     UNINITIALIZED
                  00005100    00000022     F2837xD_GlobalVariableDefs.obj (EQep1RegsFile)

EQep2RegsFile 
*          1    00005140    00000022     UNINITIALIZED
                  00005140    00000022     F2837xD_GlobalVariableDefs.obj (EQep2RegsFile)

EQep3RegsFile 
*          1    00005180    00000022     UNINITIALIZED
                  00005180    00000022     F2837xD_GlobalVariableDefs.obj (EQep3RegsFile)

DacaRegsFile 
*          1    00005c00    00000008     UNINITIALIZED
                  00005c00    00000008     F2837xD_GlobalVariableDefs.obj (DacaRegsFile)

DacbRegsFile 
*          1    00005c10    00000008     UNINITIALIZED
                  00005c10    00000008     F2837xD_GlobalVariableDefs.obj (DacbRegsFile)

DaccRegsFile 
*          1    00005c20    00000008     UNINITIALIZED
                  00005c20    00000008     F2837xD_GlobalVariableDefs.obj (DaccRegsFile)

Cmpss1RegsFile 
*          1    00005c80    00000020     UNINITIALIZED
                  00005c80    00000020     F2837xD_GlobalVariableDefs.obj (Cmpss1RegsFile)

Cmpss2RegsFile 
*          1    00005ca0    00000020     UNINITIALIZED
                  00005ca0    00000020     F2837xD_GlobalVariableDefs.obj (Cmpss2RegsFile)

Cmpss3RegsFile 
*          1    00005cc0    00000020     UNINITIALIZED
                  00005cc0    00000020     F2837xD_GlobalVariableDefs.obj (Cmpss3RegsFile)

Cmpss4RegsFile 
*          1    00005ce0    00000020     UNINITIALIZED
                  00005ce0    00000020     F2837xD_GlobalVariableDefs.obj (Cmpss4RegsFile)

Cmpss5RegsFile 
*          1    00005d00    00000020     UNINITIALIZED
                  00005d00    00000020     F2837xD_GlobalVariableDefs.obj (Cmpss5RegsFile)

Cmpss6RegsFile 
*          1    00005d20    00000020     UNINITIALIZED
                  00005d20    00000020     F2837xD_GlobalVariableDefs.obj (Cmpss6RegsFile)

Cmpss7RegsFile 
*          1    00005d40    00000020     UNINITIALIZED
                  00005d40    00000020     F2837xD_GlobalVariableDefs.obj (Cmpss7RegsFile)

Cmpss8RegsFile 
*          1    00005d60    00000020     UNINITIALIZED
                  00005d60    00000020     F2837xD_GlobalVariableDefs.obj (Cmpss8RegsFile)

Sdfm1RegsFile 
*          1    00005e00    00000080     UNINITIALIZED
                  00005e00    00000080     F2837xD_GlobalVariableDefs.obj (Sdfm1RegsFile)

Sdfm2RegsFile 
*          1    00005e80    00000080     UNINITIALIZED
                  00005e80    00000080     F2837xD_GlobalVariableDefs.obj (Sdfm2RegsFile)

McbspaRegsFile 
*          1    00006000    00000024     UNINITIALIZED
                  00006000    00000024     F2837xD_GlobalVariableDefs.obj (McbspaRegsFile)

McbspbRegsFile 
*          1    00006040    00000024     UNINITIALIZED
                  00006040    00000024     F2837xD_GlobalVariableDefs.obj (McbspbRegsFile)

SpiaRegsFile 
*          1    00006100    00000010     UNINITIALIZED
                  00006100    00000010     F2837xD_GlobalVariableDefs.obj (SpiaRegsFile)

SpibRegsFile 
*          1    00006110    00000010     UNINITIALIZED
                  00006110    00000010     F2837xD_GlobalVariableDefs.obj (SpibRegsFile)

SpicRegsFile 
*          1    00006120    00000010     UNINITIALIZED
                  00006120    00000010     F2837xD_GlobalVariableDefs.obj (SpicRegsFile)

UppRegsFile 
*          1    00006200    00000048     UNINITIALIZED
                  00006200    00000048     F2837xD_GlobalVariableDefs.obj (UppRegsFile)

WdRegsFile 
*          1    00007000    0000002b     UNINITIALIZED
                  00007000    0000002b     F2837xD_GlobalVariableDefs.obj (WdRegsFile)

NmiIntruptRegsFile 
*          1    00007060    00000007     UNINITIALIZED
                  00007060    00000007     F2837xD_GlobalVariableDefs.obj (NmiIntruptRegsFile)

XintRegsFile 
*          1    00007070    0000000b     UNINITIALIZED
                  00007070    0000000b     F2837xD_GlobalVariableDefs.obj (XintRegsFile)

SciaRegsFile 
*          1    00007200    00000010     UNINITIALIZED
                  00007200    00000010     F2837xD_GlobalVariableDefs.obj (SciaRegsFile)

ScibRegsFile 
*          1    00007210    00000010     UNINITIALIZED
                  00007210    00000010     F2837xD_GlobalVariableDefs.obj (ScibRegsFile)

ScicRegsFile 
*          1    00007220    00000010     UNINITIALIZED
                  00007220    00000010     F2837xD_GlobalVariableDefs.obj (ScicRegsFile)

ScidRegsFile 
*          1    00007230    00000010     UNINITIALIZED
                  00007230    00000010     F2837xD_GlobalVariableDefs.obj (ScidRegsFile)

I2caRegsFile 
*          1    00007300    00000022     UNINITIALIZED
                  00007300    00000022     F2837xD_GlobalVariableDefs.obj (I2caRegsFile)

I2cbRegsFile 
*          1    00007340    00000022     UNINITIALIZED
                  00007340    00000022     F2837xD_GlobalVariableDefs.obj (I2cbRegsFile)

AdcaRegsFile 
*          1    00007400    00000080     UNINITIALIZED
                  00007400    00000080     F2837xD_GlobalVariableDefs.obj (AdcaRegsFile)

AdcbRegsFile 
*          1    00007480    00000080     UNINITIALIZED
                  00007480    00000080     F2837xD_GlobalVariableDefs.obj (AdcbRegsFile)

AdccRegsFile 
*          1    00007500    00000080     UNINITIALIZED
                  00007500    00000080     F2837xD_GlobalVariableDefs.obj (AdccRegsFile)

AdcdRegsFile 
*          1    00007580    00000080     UNINITIALIZED
                  00007580    00000080     F2837xD_GlobalVariableDefs.obj (AdcdRegsFile)

InputXbarRegsFile 
*          1    00007900    00000020     UNINITIALIZED
                  00007900    00000020     F2837xD_GlobalVariableDefs.obj (InputXbarRegsFile)

XbarRegsFile 
*          1    00007920    00000020     UNINITIALIZED
                  00007920    00000020     F2837xD_GlobalVariableDefs.obj (XbarRegsFile)

SyncSocRegsFile 
*          1    00007940    00000006     UNINITIALIZED
                  00007940    00000006     F2837xD_GlobalVariableDefs.obj (SyncSocRegsFile)

DmaClaSrcSelRegsFile 
*          1    00007980    0000001a     UNINITIALIZED
                  00007980    0000001a     F2837xD_GlobalVariableDefs.obj (DmaClaSrcSelRegsFile)

EPwmXbarRegsFile 
*          1    00007a00    00000040     UNINITIALIZED
                  00007a00    00000040     F2837xD_GlobalVariableDefs.obj (EPwmXbarRegsFile)

OutputXbarRegsFile 
*          1    00007a80    00000040     UNINITIALIZED
                  00007a80    00000040     F2837xD_GlobalVariableDefs.obj (OutputXbarRegsFile)

GpioCtrlRegsFile 
*          1    00007c00    00000180     UNINITIALIZED
                  00007c00    00000180     F2837xD_GlobalVariableDefs.obj (GpioCtrlRegsFile)

GpioDataRegsFile 
*          1    00007f00    00000030     UNINITIALIZED
                  00007f00    00000030     F2837xD_GlobalVariableDefs.obj (GpioDataRegsFile)

.econst    1    0000a000    00000590     
                  0000a000    00000100     F2837xD_EtherCAT_Slave_Lib.lib : coeappl.obj (.econst:.string:_aName0x1C32)
                  0000a100    000000ff                                    : coeappl.obj (.econst:.string:_aName0x1C33)
                  0000a1ff    00000092                                    : coeappl.obj (.econst:.string:_aName0x7010)
                  0000a291    0000008e                                    : coeappl.obj (.econst:.string:_aName0x1601)
                  0000a31f    00000063                                    : coeappl.obj (.econst:_asEntryDesc0x1C3x)
                  0000a382    0000003f                                    : coeappl.obj (.econst:.string:_aName0x10F1)
                  0000a3c1    00000001     --HOLE-- [fill = 0]
                  0000a3c2    0000003c                                    : sdoserv.obj (.econst:_cAbortCode)
                  0000a3fe    00000039                                    : coeappl.obj (.econst:.string:_aName0x1018)
                  0000a437    00000026                                    : coeappl.obj (.econst:.string:_aName0x1A00)
                  0000a45d    00000021                                    : coeappl.obj (.econst:_asEntryDesc0x1601)
                  0000a47e    00000021                                    : coeappl.obj (.econst:_asEntryDesc0x7010)
                  0000a49f    0000001d                                    : coeappl.obj (.econst:.string:_aName0x6000)
                  0000a4bc    00000012                                    : coeappl.obj (.econst:.string:_aName0x1C00)
                  0000a4ce    00000011                                    : coeappl.obj (.econst:.string:_aName0x1009)
                  0000a4df    00000011                                    : coeappl.obj (.econst:.string:_aName0x100A)
                  0000a4f0    00000010                                    : objdef.obj (.econst:_cBitMask)
                  0000a500    0000000f                                    : coeappl.obj (.econst:.string:_aName0x1001)
                  0000a50f    0000000f                                    : coeappl.obj (.econst:.string:_aName0x1C12)
                  0000a51e    0000000f                                    : coeappl.obj (.econst:.string:_aName0x1C13)
                  0000a52d    0000000f                                    : coeappl.obj (.econst:_asEntryDesc0x1018)
                  0000a53c    0000000c                                    : coeappl.obj (.econst:.string:_aName0x1000)
                  0000a548    0000000c                                    : coeappl.obj (.econst:.string:_aName0x1008)
                  0000a554    00000009                                    : coeappl.obj (.econst:_asEntryDesc0x10F1)
                  0000a55d    00000009                                    : coeappl.obj (.econst:_asEntryDesc0x1A00)
                  0000a566    00000009                                    : coeappl.obj (.econst:_asEntryDesc0x6000)
                  0000a56f    00000006                                    : coeappl.obj (.econst:_asEntryDesc0x1C00)
                  0000a575    00000006                                    : coeappl.obj (.econst:_asEntryDesc0x1C12)
                  0000a57b    00000006                                    : coeappl.obj (.econst:_asEntryDesc0x1C13)
                  0000a581    00000003                                    : coeappl.obj (.econst:_sEntryDesc0x1000)
                  0000a584    00000003                                    : coeappl.obj (.econst:_sEntryDesc0x1001)
                  0000a587    00000003                                    : coeappl.obj (.econst:_sEntryDesc0x1008)
                  0000a58a    00000003                                    : coeappl.obj (.econst:_sEntryDesc0x1009)
                  0000a58d    00000003                                    : coeappl.obj (.econst:_sEntryDesc0x100A)

IpcTempVolFile 
*          1    0003f800    00000018     UNINITIALIZED
                  0003f800    00000018     F2837xD_GlobalVariableDefs.obj (IpcTempVolFile)

IpcEcatSlaveFile 
*          1    0003f818    00000004     UNINITIALIZED
                  0003f818    00000004     F2837xD_GlobalVariableDefs.obj (IpcEcatSlaveFile)

IpcTempCalFile 
*          1    0003fc00    00000018     UNINITIALIZED
                  0003fc00    00000018     F2837xD_GlobalVariableDefs.obj (IpcTempCalFile)

IpcEcatMasterFile 
*          1    0003fc18    0000000b     UNINITIALIZED
                  0003fc18    0000000b     F2837xD_GlobalVariableDefs.obj (IpcEcatMasterFile)

Emif1RegsFile 
*          1    00047000    00000070     UNINITIALIZED
                  00047000    00000070     F2837xD_GlobalVariableDefs.obj (Emif1RegsFile)

Emif2RegsFile 
*          1    00047800    00000070     UNINITIALIZED
                  00047800    00000070     F2837xD_GlobalVariableDefs.obj (Emif2RegsFile)

IpcRegsFile 
*          1    00050000    00000024     UNINITIALIZED
                  00050000    00000024     F2837xD_GlobalVariableDefs.obj (IpcRegsFile)

FlashPumpSemaphoreRegsFile 
*          1    00050024    00000002     UNINITIALIZED
                  00050024    00000002     F2837xD_GlobalVariableDefs.obj (FlashPumpSemaphoreRegsFile)

DevCfgRegsFile 
*          1    0005d000    0000012e     UNINITIALIZED
                  0005d000    0000012e     F2837xD_GlobalVariableDefs.obj (DevCfgRegsFile)

AnalogSubsysRegsFile 
*          1    0005d180    00000048     UNINITIALIZED
                  0005d180    00000048     F2837xD_GlobalVariableDefs.obj (AnalogSubsysRegsFile)

ClkCfgRegsFile 
*          1    0005d200    00000032     UNINITIALIZED
                  0005d200    00000032     F2837xD_GlobalVariableDefs.obj (ClkCfgRegsFile)

CpuSysRegsFile 
*          1    0005d300    00000082     UNINITIALIZED
                  0005d300    00000082     F2837xD_GlobalVariableDefs.obj (CpuSysRegsFile)

RomPrefetchRegsFile 
*          1    0005e608    00000002     UNINITIALIZED
                  0005e608    00000002     F2837xD_GlobalVariableDefs.obj (RomPrefetchRegsFile)

DcsmZ1RegsFile 
*          1    0005f000    00000024     UNINITIALIZED
                  0005f000    00000024     F2837xD_GlobalVariableDefs.obj (DcsmZ1RegsFile)

DcsmZ2RegsFile 
*          1    0005f040    00000024     UNINITIALIZED
                  0005f040    00000024     F2837xD_GlobalVariableDefs.obj (DcsmZ2RegsFile)

DcsmCommonRegsFile 
*          1    0005f070    00000008     UNINITIALIZED
                  0005f070    00000008     F2837xD_GlobalVariableDefs.obj (DcsmCommonRegsFile)

MemCfgRegsFile 
*          1    0005f400    00000080     UNINITIALIZED
                  0005f400    00000080     F2837xD_GlobalVariableDefs.obj (MemCfgRegsFile)

Emif1ConfigRegsFile 
*          1    0005f480    00000020     UNINITIALIZED
                  0005f480    00000020     F2837xD_GlobalVariableDefs.obj (Emif1ConfigRegsFile)

Emif2ConfigRegsFile 
*          1    0005f4a0    00000020     UNINITIALIZED
                  0005f4a0    00000020     F2837xD_GlobalVariableDefs.obj (Emif2ConfigRegsFile)

AccessProtectionRegsFile 
*          1    0005f4c0    00000040     UNINITIALIZED
                  0005f4c0    00000040     F2837xD_GlobalVariableDefs.obj (AccessProtectionRegsFile)

MemoryErrorRegsFile 
*          1    0005f500    00000040     UNINITIALIZED
                  0005f500    00000040     F2837xD_GlobalVariableDefs.obj (MemoryErrorRegsFile)

RomWaitStateRegsFile 
*          1    0005f540    00000002     UNINITIALIZED
                  0005f540    00000002     F2837xD_GlobalVariableDefs.obj (RomWaitStateRegsFile)

Flash0CtrlRegsFile 
*          1    0005f800    00000182     UNINITIALIZED
                  0005f800    00000182     F2837xD_GlobalVariableDefs.obj (Flash0CtrlRegsFile)

Flash0EccRegsFile 
*          1    0005fb00    00000028     UNINITIALIZED
                  0005fb00    00000028     F2837xD_GlobalVariableDefs.obj (Flash0EccRegsFile)

DcsmZ1OtpFile 
*          1    00078000    00000020     NOLOAD SECTION
                  00078000    00000020     F2837xD_GlobalVariableDefs.obj (DcsmZ1OtpFile)

DcsmZ2OtpFile 
*          1    00078200    00000020     NOLOAD SECTION
                  00078200    00000020     F2837xD_GlobalVariableDefs.obj (DcsmZ2OtpFile)

ramfuncs   0    00000152    0000000d     
                  00000152    00000009     F2837xD_EtherCAT_Slave_Lib.lib : F2837xD_hw.obj (ramfuncs)
                  0000015b    00000004     F2837xD_usDelay.obj (ramfuncs)

.text      0    0000c000    00003939     
                  0000c000    00000a8c     GPIO.obj (.text)
                  0000ca8c    00000968     F2837xD_EtherCAT_Slave_Lib.lib : ecatslv.obj (.text)
                  0000d3f4    00000807                                    : objdef.obj (.text)
                  0000dbfb    0000061d                                    : sdoserv.obj (.text)
                  0000e218    0000030a                                    : mailbox.obj (.text)
                  0000e522    00000300     SysCtrl.obj (.text)
                  0000e822    000002ff     F2837xD_EtherCAT_Slave_Lib.lib : ecatappl.obj (.text)
                  0000eb21    000002ae                                    : F2837xD_hw.obj (.text)
                  0000edcf    00000244                                    : F2837xD_Gpio.obj (.text)
                  0000f013    000001d2     rts2800_fpu32.lib : memory.c.obj (.text)
                  0000f1e5    0000017f     F2837xD_EtherCAT_Slave_Lib.lib : coeappl.obj (.text)
                  0000f364    00000129                                    : F2837xD_Slave.obj (.text)
                  0000f48d    000000ac     EMIF.obj (.text)
                  0000f539    0000009e     Dual_core.obj (.text)
                  0000f5d7    00000093     F2837xD_EtherCAT_Slave_Lib.lib : F2837xD_hw.obj (.text:retain)
                  0000f66a    0000007e     IPC.obj (.text)
                  0000f6e8    00000058     F2837xD_EtherCAT_Slave_Lib.lib : ecatcoe.obj (.text)
                  0000f740    00000056     rts2800_fpu32.lib : boot28.asm.obj (.text)
                  0000f796    00000055     main.obj (.text)
                  0000f7eb    0000003f     Interrupt.obj (.text:retain)
                  0000f82a    0000002e     F2837xD_EtherCAT_Slave_Lib.lib : F2837xD_system.obj (.text)
                  0000f858    00000029     rts2800_fpu32.lib : exit.c.obj (.text)
                  0000f881    00000028     LED.obj (.text)
                  0000f8a9    00000024     rts2800_fpu32.lib : cpy_tbl.c.obj (.text)
                  0000f8cd    0000001d                       : memcpy.c.obj (.text)
                  0000f8ea    00000019                       : args_main.c.obj (.text)
                  0000f903    0000000d     WatchDog.obj (.text)
                  0000f910    0000000b     rts2800_fpu32.lib : u_div28.asm.obj (.text)
                  0000f91b    0000000a     SysCtrl.obj (.text:retain)
                  0000f925    00000009     rts2800_fpu32.lib : _lock.c.obj (.text)
                  0000f92e    00000008                       : strlen.c.obj (.text)
                  0000f936    00000002                       : pre_init.c.obj (.text)
                  0000f938    00000001                       : startup.c.obj (.text)

.pinit     0    00000122    00000000     UNINITIALIZED

.switch    0    00000122    00000030     
                  00000122    00000018     F2837xD_EtherCAT_Slave_Lib.lib : objdef.obj (.switch:_OBJ_Read)
                  0000013a    00000018                                    : objdef.obj (.switch:_OBJ_Write)

.reset     0    003fffc0    00000002     DSECT
                  003fffc0    00000002     rts2800_fpu32.lib : boot28.asm.obj (.reset)

.stack     1    00000400    00000200     UNINITIALIZED
                  00000400    00000200     --HOLE--

.ebss      1    0000a590    0000052d     UNINITIALIZED
                  0000a590    0000002b     F2837xD_EtherCAT_Slave_Lib.lib : ecatslv.obj (.ebss)
                  0000a5bb    00000004     LED.obj (.ebss)
                  0000a5bf    00000001     --HOLE--
                  0000a5c0    000001dc     F2837xD_EtherCAT_Slave_Lib.lib : coeappl.obj (.ebss)
                  0000a79c    00000022     Interrupt.obj (.ebss)
                  0000a7be    00000002     F2837xD_EtherCAT_Slave_Lib.lib : ecatcoe.obj (.ebss)
                  0000a7c0    00000180                                    : mailbox.obj (.ebss)
                  0000a940    00000062                                    : ecatappl.obj (.ebss)
                  0000a9a2    0000000a                                    : F2837xD_hw.obj (.ebss)
                  0000a9ac    00000008     rts2800_fpu32.lib : memory.c.obj (.ebss)
                  0000a9b4    00000006                       : exit.c.obj (.ebss)
                  0000a9ba    00000002     IPC.obj (.ebss)
                  0000a9bc    00000002     rts2800_fpu32.lib : _lock.c.obj (.ebss:__lock)
                  0000a9be    00000002                       : _lock.c.obj (.ebss:__unlock)
                  0000a9c0    00000062     F2837xD_EtherCAT_Slave_Lib.lib : objdef.obj (.ebss)
                  0000aa22    0000001e     --HOLE--
                  0000aa40    00000056                                    : F2837xD_Slave.obj (.ebss)
                  0000aa96    00000027                                    : sdoserv.obj (.ebss)

.esysmem   1    0000aabe    00000200     UNINITIALIZED
                  0000aabe    00000001     rts2800_fpu32.lib : memory.c.obj (.esysmem)
                  0000aabf    000001ff     --HOLE--

MODULE SUMMARY

       Module                           code    initialized data   uninitialized data
       ------                           ----    ----------------   ------------------
    .\include\F2837xD\
       F2837xD_GlobalVariableDefs.obj   0       0                  8110              
       F2837xD_usDelay.obj              4       0                  0                 
    +--+--------------------------------+-------+------------------+--------------------+
       Total:                           4       0                  8110              
                                                                                     
    .\source\
       GPIO.obj                         2700    0                  0                 
       SysCtrl.obj                      778     0                  0                 
       EMIF.obj                         172     0                  0                 
       Dual_core.obj                    158     0                  0                 
       Interrupt.obj                    63      56                 34                
       IPC.obj                          126     5                  2                 
       main.obj                         85      0                  0                 
       LED.obj                          40      16                 4                 
       WatchDog.obj                     13      0                  0                 
    +--+--------------------------------+-------+------------------+--------------------+
       Total:                           4135    77                 40                
                                                                                     
    ../EtherCAT_Library/F2837xD_EtherCAT_Slave_Lib.lib
       coeappl.obj                      383     1776               476               
       ecatslv.obj                      2408    8                  43                
       objdef.obj                       2055    88                 98                
       sdoserv.obj                      1565    64                 39                
       mailbox.obj                      778     0                  384               
       ecatappl.obj                     767     24                 98                
       F2837xD_hw.obj                   842     0                  10                
       F2837xD_Gpio.obj                 580     0                  0                 
       F2837xD_Slave.obj                297     67                 86                
       ecatcoe.obj                      88      0                  2                 
       F2837xD_system.obj               46      0                  0                 
    +--+--------------------------------+-------+------------------+--------------------+
       Total:                           9809    2027               1236              
                                                                                     
    C:\ti\ccsv8\tools\compiler\ti-cgt-c2000_18.1.3.LTS\lib\rts2800_fpu32.lib
       memory.c.obj                     466     4                  8                 
       boot28.asm.obj                   86      0                  0                 
       exit.c.obj                       41      14                 6                 
       cpy_tbl.c.obj                    36      0                  0                 
       memcpy.c.obj                     29      0                  0                 
       args_main.c.obj                  25      0                  0                 
       _lock.c.obj                      9       10                 4                 
       u_div28.asm.obj                  11      0                  0                 
       strlen.c.obj                     8       0                  0                 
       pre_init.c.obj                   2       0                  0                 
       startup.c.obj                    1       0                  0                 
    +--+--------------------------------+-------+------------------+--------------------+
       Total:                           714     28                 18                
                                                                                     
       Heap:                            0       0                  512               
       Stack:                           0       0                  512               
    +--+--------------------------------+-------+------------------+--------------------+
       Grand Total:                     14662   2132               10428             


GLOBAL DATA SYMBOLS: SORTED BY DATA PAGE

address     data page           name
--------    ----------------    ----
00000400      10 (00000400)     __stack

00000b00      2c (00000b00)     _AdcaResultRegs
00000b20      2c (00000b00)     _AdcbResultRegs

00000b40      2d (00000b40)     _AdccResultRegs
00000b60      2d (00000b40)     _AdcdResultRegs

00000c00      30 (00000c00)     _CpuTimer0Regs
00000c08      30 (00000c00)     _CpuTimer1Regs
00000c10      30 (00000c00)     _CpuTimer2Regs

00000ce0      33 (00000cc0)     _Cla1SoftIntRegs
00000ce0      33 (00000cc0)     _PieCtrlRegs

00000d00      34 (00000d00)     _EmuKey
00000d00      34 (00000d00)     _PieVectTable
00000d01      34 (00000d00)     _EmuBMode

00001000      40 (00001000)     _DmaRegs

00001400      50 (00001400)     _Cla1Regs

00004000     100 (00004000)     _EPwm1Regs

00004100     104 (00004100)     _EPwm2Regs

00004200     108 (00004200)     _EPwm3Regs

00004300     10c (00004300)     _EPwm4Regs

00004400     110 (00004400)     _EPwm5Regs

00004500     114 (00004500)     _EPwm6Regs

00004600     118 (00004600)     _EPwm7Regs

00004700     11c (00004700)     _EPwm8Regs

00004800     120 (00004800)     _EPwm9Regs

00004900     124 (00004900)     _EPwm10Regs

00004a00     128 (00004a00)     _EPwm11Regs

00004b00     12c (00004b00)     _EPwm12Regs

00005000     140 (00005000)     _ECap1Regs
00005020     140 (00005000)     _ECap2Regs

00005040     141 (00005040)     _ECap3Regs
00005060     141 (00005040)     _ECap4Regs

00005080     142 (00005080)     _ECap5Regs
000050a0     142 (00005080)     _ECap6Regs

00005100     144 (00005100)     _EQep1Regs

00005140     145 (00005140)     _EQep2Regs

00005180     146 (00005180)     _EQep3Regs

00005c00     170 (00005c00)     _DacaRegs
00005c10     170 (00005c00)     _DacbRegs
00005c20     170 (00005c00)     _DaccRegs

00005c80     172 (00005c80)     _Cmpss1Regs
00005ca0     172 (00005c80)     _Cmpss2Regs

00005cc0     173 (00005cc0)     _Cmpss3Regs
00005ce0     173 (00005cc0)     _Cmpss4Regs

00005d00     174 (00005d00)     _Cmpss5Regs
00005d20     174 (00005d00)     _Cmpss6Regs

00005d40     175 (00005d40)     _Cmpss7Regs
00005d60     175 (00005d40)     _Cmpss8Regs

00005e00     178 (00005e00)     _Sdfm1Regs

00005e80     17a (00005e80)     _Sdfm2Regs

00006000     180 (00006000)     _McbspaRegs

00006040     181 (00006040)     _McbspbRegs

00006100     184 (00006100)     _SpiaRegs
00006110     184 (00006100)     _SpibRegs
00006120     184 (00006100)     _SpicRegs

00006200     188 (00006200)     _UppRegs

00007000     1c0 (00007000)     _WdRegs

00007060     1c1 (00007040)     _NmiIntruptRegs
00007070     1c1 (00007040)     _XintRegs

00007200     1c8 (00007200)     _SciaRegs
00007210     1c8 (00007200)     _ScibRegs
00007220     1c8 (00007200)     _ScicRegs
00007230     1c8 (00007200)     _ScidRegs

00007300     1cc (00007300)     _I2caRegs

00007340     1cd (00007340)     _I2cbRegs

00007400     1d0 (00007400)     _AdcaRegs

00007480     1d2 (00007480)     _AdcbRegs

00007500     1d4 (00007500)     _AdccRegs

00007580     1d6 (00007580)     _AdcdRegs

00007900     1e4 (00007900)     _InputXbarRegs
00007920     1e4 (00007900)     _XbarRegs

00007940     1e5 (00007940)     _SyncSocRegs

00007980     1e6 (00007980)     _DmaClaSrcSelRegs

00007a00     1e8 (00007a00)     _EPwmXbarRegs

00007a80     1ea (00007a80)     _OutputXbarRegs

00007c00     1f0 (00007c00)     _GpioCtrlRegs

00007f00     1fc (00007f00)     _GpioDataRegs

0000a000     280 (0000a000)     _aName0x1C32

0000a100     284 (0000a100)     _aName0x1C33

0000a1ff     287 (0000a1c0)     _aName0x7010

0000a291     28a (0000a280)     _aName0x1601

0000a31f     28c (0000a300)     _asEntryDesc0x1C3x

0000a382     28e (0000a380)     _aName0x10F1

0000a3c2     28f (0000a3c0)     _cAbortCode
0000a3fe     28f (0000a3c0)     _aName0x1018

0000a437     290 (0000a400)     _aName0x1A00

0000a45d     291 (0000a440)     _asEntryDesc0x1601
0000a47e     291 (0000a440)     _asEntryDesc0x7010

0000a49f     292 (0000a480)     _aName0x6000
0000a4bc     292 (0000a480)     _aName0x1C00

0000a4ce     293 (0000a4c0)     _aName0x1009
0000a4df     293 (0000a4c0)     _aName0x100A
0000a4f0     293 (0000a4c0)     _cBitMask

0000a500     294 (0000a500)     _aName0x1001
0000a50f     294 (0000a500)     _aName0x1C12
0000a51e     294 (0000a500)     _aName0x1C13
0000a52d     294 (0000a500)     _asEntryDesc0x1018
0000a53c     294 (0000a500)     _aName0x1000

0000a548     295 (0000a540)     _aName0x1008
0000a554     295 (0000a540)     _asEntryDesc0x10F1
0000a55d     295 (0000a540)     _asEntryDesc0x1A00
0000a566     295 (0000a540)     _asEntryDesc0x6000
0000a56f     295 (0000a540)     _asEntryDesc0x1C00
0000a575     295 (0000a540)     _asEntryDesc0x1C12
0000a57b     295 (0000a540)     _asEntryDesc0x1C13

0000a581     296 (0000a580)     _sEntryDesc0x1000
0000a584     296 (0000a580)     _sEntryDesc0x1001
0000a587     296 (0000a580)     _sEntryDesc0x1008
0000a58a     296 (0000a580)     _sEntryDesc0x1009
0000a58d     296 (0000a580)     _sEntryDesc0x100A
0000a590     296 (0000a580)     _nMaxEscAddress
0000a591     296 (0000a580)     _nAlStatus
0000a592     296 (0000a580)     _LatchInputSync0Counter
0000a593     296 (0000a580)     _LatchInputSync0Value
0000a594     296 (0000a580)     _bEscIntEnabled
0000a595     296 (0000a580)     _u8EcatErrorLed
0000a596     296 (0000a580)     _bLocalErrorFlag
0000a597     296 (0000a580)     _nEcatStateTrans
0000a598     296 (0000a580)     _bApplEsmPending
0000a599     296 (0000a580)     _bEcatWaitForAlControlRes
0000a59a     296 (0000a580)     _nPdOutputSize
0000a59b     296 (0000a580)     _nMaxSyncMan
0000a59c     296 (0000a580)     _nPdInputSize
0000a59d     296 (0000a580)     _b3BufferMode
0000a59e     296 (0000a580)     _u8EcatRunLed
0000a59f     296 (0000a580)     _SMActivate
0000a5a0     296 (0000a580)     _EepromLoaded
0000a5a1     296 (0000a580)     _u16ALEventMask
0000a5a2     296 (0000a580)     _u16dummy
0000a5a3     296 (0000a580)     _nEscAddrOutputData
0000a5a4     296 (0000a580)     _nEscAddrInputData
0000a5a5     296 (0000a580)     _u16LocalErrorCode
0000a5a6     296 (0000a580)     _EcatWdValue
0000a5a7     296 (0000a580)     _bEcatInputUpdateRunning
0000a5a8     296 (0000a580)     _bEcatFirstOutputsReceived
0000a5a9     296 (0000a580)     _bEcatOutputUpdateRunning
0000a5aa     296 (0000a580)     _i16WaitForPllRunningCnt
0000a5ab     296 (0000a580)     _Sync0WdCounter
0000a5ac     296 (0000a580)     _bSmSyncSequenceValid
0000a5ad     296 (0000a580)     _i16WaitForPllRunningTimeout
0000a5ae     296 (0000a580)     _Sync1WdValue
0000a5af     296 (0000a580)     _Sync0WdValue
0000a5b0     296 (0000a580)     _Sync1WdCounter
0000a5b1     296 (0000a580)     _EsmTimeoutCounter
0000a5b2     296 (0000a580)     _bWdTrigger
0000a5b3     296 (0000a580)     _bDcSyncActive
0000a5b4     296 (0000a580)     _u16SmSync0Counter
0000a5b5     296 (0000a580)     _bDcRunning
0000a5b6     296 (0000a580)     _u16SmSync0Value
0000a5b7     296 (0000a580)     _SyncManInfo
0000a5bd     296 (0000a580)     _LED_cnt
0000a5be     296 (0000a580)     _LED_case

0000a5c0     297 (0000a5c0)     _u16ErrorRegister
0000a5c2     297 (0000a5c0)     _ObjDicList
0000a5c4     297 (0000a5c0)     _u32Devicetype
0000a5c6     297 (0000a5c0)     _acHardwareversion
0000a5cb     297 (0000a5c0)     _sSyncmanagertype
0000a5d0     297 (0000a5c0)     _acSoftwareversion
0000a5d6     297 (0000a5c0)     _sIdentity
0000a5e0     297 (0000a5c0)     _acDevicename

0000a600     298 (0000a600)     _ApplicationObjDic

0000a6c0     29b (0000a6c0)     _GenObjDic

0000a79c     29e (0000a780)     _Group_number
0000a79d     29e (0000a780)     _REF_MIN
0000a79e     29e (0000a780)     _D_Number_SM
0000a79f     29e (0000a780)     _HALF_CNT
0000a7a0     29e (0000a780)     _Flag_PWM_INIT
0000a7a1     29e (0000a780)     _H_Number_SM
0000a7a2     29e (0000a780)     _k
0000a7a3     29e (0000a780)     _i
0000a7a4     29e (0000a780)     _l
0000a7a5     29e (0000a780)     _m
0000a7a6     29e (0000a780)     _Number_SM
0000a7a7     29e (0000a780)     _REF_MAX
0000a7a8     29e (0000a780)     _j
0000a7a9     29e (0000a780)     _t
0000a7aa     29e (0000a780)     _msg_test_wr
0000a7b4     29e (0000a780)     _msg_test_rd
0000a7be     29e (0000a780)     _pCoeSendStored

0000a7c0     29f (0000a7c0)     _u16ReceiveMbxSize
0000a7c1     29f (0000a7c0)     _u16SendMbxSize
0000a7c2     29f (0000a7c0)     _bMbxRepeatToggle
0000a7c3     29f (0000a7c0)     _bReceiveMbxIsLocked
0000a7c4     29f (0000a7c0)     _bMbxRunning
0000a7c5     29f (0000a7c0)     _u8MbxReadCounter
0000a7c6     29f (0000a7c0)     _u8MbxWriteCounter
0000a7c7     29f (0000a7c0)     _u8MailboxSendReqStored
0000a7c8     29f (0000a7c0)     _u16EscAddrReceiveMbx
0000a7c9     29f (0000a7c0)     _bSendMbxIsFull
0000a7ca     29f (0000a7c0)     _bNoMbxMemoryAvailable
0000a7cb     29f (0000a7c0)     _u16EscAddrSendMbx
0000a7cc     29f (0000a7c0)     _psReadMbx
0000a7ce     29f (0000a7c0)     _psWriteMbx
0000a7d0     29f (0000a7c0)     _psRepeatMbx
0000a7d2     29f (0000a7c0)     _psStoreMbx
0000a7d4     29f (0000a7c0)     _sMbxSendQueue

0000a800     2a0 (0000a800)     _sMbxReceiveQueue

0000a840     2a1 (0000a840)     _asMbx

0000a940     2a5 (0000a940)     _bEtherCATRunLed
0000a941     2a5 (0000a940)     _bEtherCATErrorLed
0000a942     2a5 (0000a940)     _bEcatWaitForInputUpdate
0000a948     2a5 (0000a940)     _u16BusCycleCntMs
0000a949     2a5 (0000a940)     _bRunApplication
0000a94a     2a5 (0000a940)     _bCycleTimeMeasurementStarted
0000a94b     2a5 (0000a940)     _bInitFinished
0000a94c     2a5 (0000a940)     _pAPPL_EEPROM_Write
0000a94e     2a5 (0000a940)     _pAPPL_EEPROM_Read
0000a950     2a5 (0000a940)     _pAPPL_EEPROM_Reload
0000a952     2a5 (0000a940)     _StartTimerCnt
0000a954     2a5 (0000a940)     _aPdOutputData

0000a980     2a6 (0000a980)     _aPdInputData
0000a9a2     2a6 (0000a980)     _pEsc
0000a9a4     2a6 (0000a980)     _CpuTimer0
0000a9b4     2a6 (0000a980)     ___TI_enable_exit_profile_output
0000a9b6     2a6 (0000a980)     ___TI_cleanup_ptr
0000a9b8     2a6 (0000a980)     ___TI_dtors_ptr
0000a9ba     2a6 (0000a980)     _Sum_v_sm_old
0000a9bc     2a6 (0000a980)     __lock
0000a9be     2a6 (0000a980)     __unlock

0000a9c0     2a7 (0000a9c0)     _bSyncSetByUser
0000a9c1     2a7 (0000a9c0)     _sCycleDiag
0000a9c2     2a7 (0000a9c0)     _sErrorSettings
0000a9c8     2a7 (0000a9c0)     _aSubindexDesc
0000a9d6     2a7 (0000a9c0)     _sSyncManOutPar

0000aa00     2a8 (0000aa00)     _sSyncManInPar

0000aa40     2a9 (0000aa40)     _Flash_ROM_lsb
0000aa41     2a9 (0000aa40)     _Flash_ROM_msb
0000aa42     2a9 (0000aa40)     _Ref
0000aa43     2a9 (0000aa40)     _Limit_v_sm_over
0000aa44     2a9 (0000aa40)     _Limit_v_sm_under
0000aa45     2a9 (0000aa40)     _Slave_OP_mode
0000aa46     2a9 (0000aa40)     _Limit_temperature
0000aa47     2a9 (0000aa40)     _Status_data
0000aa48     2a9 (0000aa40)     _SlaveStatus
0000aa49     2a9 (0000aa40)     _Bypass_data
0000aa4a     2a9 (0000aa40)     _Operation_data
0000aa4b     2a9 (0000aa40)     _sTxPDOassign
0000aa4d     2a9 (0000aa40)     _sRxPDOassign
0000aa50     2a9 (0000aa40)     _Fault_data
0000aa52     2a9 (0000aa40)     _Sum_v_sm
0000aa54     2a9 (0000aa40)     _DIInputs0x6000
0000aa5a     2a9 (0000aa40)     _TxPDOMap0x1A00
0000aa60     2a9 (0000aa40)     _DOOutputs0x7010

0000aa80     2aa (0000aa80)     _RxPDOMap0x1601
0000aa96     2aa (0000aa80)     _u8StoreSubindex
0000aa97     2aa (0000aa80)     _bStoreCompleteAccess
0000aa98     2aa (0000aa80)     _nSdoInfoFragmentsLeft
0000aa99     2aa (0000aa80)     _u16StoreIndex
0000aa9a     2aa (0000aa80)     _bSdoSegAccess
0000aa9b     2aa (0000aa80)     _bSdoSegFollows
0000aa9c     2aa (0000aa80)     _nSdoSegSubindex
0000aa9d     2aa (0000aa80)     _nSdoSegIndex
0000aa9e     2aa (0000aa80)     _nSdoInfoIndex
0000aa9f     2aa (0000aa80)     _u8PendingSdo
0000aaa0     2aa (0000aa80)     _nSdoSegService
0000aaa1     2aa (0000aa80)     _bSdoInWork
0000aaa2     2aa (0000aa80)     _bSdoSegLastToggle
0000aaa4     2aa (0000aa80)     _pSdoInfoObjEntry
0000aaa6     2aa (0000aa80)     _nSdoSegBytesToHandle
0000aaa8     2aa (0000aa80)     _pSdoPendFunc
0000aaaa     2aa (0000aa80)     _u32StoreDataSize
0000aaac     2aa (0000aa80)     _pStoreData
0000aaae     2aa (0000aa80)     _pSdoSegObjEntry
0000aab0     2aa (0000aa80)     _pSdoResStored
0000aab2     2aa (0000aa80)     _nSdoSegCompleteSize
0000aab4     2aa (0000aa80)     _pSdoSegData
0000aab6     2aa (0000aa80)     _aSdoInfoHeader
0000aabe     2aa (0000aa80)     __sys_memory

0003f800     fe0 (0003f800)     _IPC_Temp_Vol
0003f818     fe0 (0003f800)     _IpcDspEcatSlave

0003fc00     ff0 (0003fc00)     _IPC_Temp_Cal
0003fc18     ff0 (0003fc00)     _IpcDspEcatMaster

00047000    11c0 (00047000)     _Emif1Regs

00047800    11e0 (00047800)     _Emif2Regs

00050000    1400 (00050000)     _IpcRegs
00050024    1400 (00050000)     _FlashPumpSemaphoreRegs

0005d000    1740 (0005d000)     _DevCfgRegs

0005d180    1746 (0005d180)     _AnalogSubsysRegs

0005d200    1748 (0005d200)     _ClkCfgRegs

0005d300    174c (0005d300)     _CpuSysRegs

0005e608    1798 (0005e600)     _RomPrefetchRegs

0005f000    17c0 (0005f000)     _DcsmZ1Regs

0005f040    17c1 (0005f040)     _DcsmZ2Regs
0005f070    17c1 (0005f040)     _DcsmCommonRegs

0005f400    17d0 (0005f400)     _MemCfgRegs

0005f480    17d2 (0005f480)     _Emif1ConfigRegs
0005f4a0    17d2 (0005f480)     _Emif2ConfigRegs

0005f4c0    17d3 (0005f4c0)     _AccessProtectionRegs

0005f500    17d4 (0005f500)     _MemoryErrorRegs

0005f540    17d5 (0005f540)     _RomWaitStateRegs

0005f800    17e0 (0005f800)     _Flash0CtrlRegs

0005fb00    17ec (0005fb00)     _Flash0EccRegs

00078000    1e00 (00078000)     _DcsmZ1Otp

00078200    1e08 (00078200)     _DcsmZ2Otp


GLOBAL SYMBOLS: SORTED ALPHABETICALLY BY Name 

page  address   name                                  
----  -------   ----                                  
0     0000c000  .text                                 
0     0000f858  C$$EXIT                               
0     0000f910  U$$DIV                                
0     0000f915  U$$MOD                                
0     0000cf5f  _AL_ControlInd                        
0     0000d162  _AL_ControlRes                        
0     0000f364  _APPL_AckErrorInd                     
0     0000f468  _APPL_Application                     
0     0000f469  _APPL_Application_DC                  
0     0000f377  _APPL_GenerateMapping                 
0     0000f3fd  _APPL_InputMapping                    
0     0000f42f  _APPL_OutputMapping                   
0     0000f36c  _APPL_StartInputHandler               
0     0000f368  _APPL_StartMailboxHandler             
0     0000f373  _APPL_StartOutputHandler              
0     0000f371  _APPL_StopInputHandler                
0     0000f36a  _APPL_StopMailboxHandler              
0     0000f375  _APPL_StopOutputHandler               
1     0005f4c0  _AccessProtectionRegs                 
1     00007400  _AdcaRegs                             
1     00000b00  _AdcaResultRegs                       
1     00007480  _AdcbRegs                             
1     00000b20  _AdcbResultRegs                       
1     00007500  _AdccRegs                             
1     00000b40  _AdccResultRegs                       
1     00007580  _AdcdRegs                             
1     00000b60  _AdcdResultRegs                       
0     0000f2d7  _AddObjectsToObjDictionary            
1     0005d180  _AnalogSubsysRegs                     
1     0000a600  _ApplicationObjDic                    
0     0000cf1b  _BackToInitTransition                 
1     0000aa49  _Bypass_data                          
0     0000f239  _COE_AddObjectToDic                   
0     0000f2bf  _COE_ClearObjDictionary               
0     0000f71c  _COE_ContinueInd                      
0     0000f1e5  _COE_GetObjectDictionary              
0     0000f6e8  _COE_Init                             
0     0000f307  _COE_Main                             
0     0000f2f0  _COE_ObjDictionaryInit                
0     0000f1e9  _COE_ObjInit                          
0     0000f28e  _COE_RemoveDicEntry                   
0     0000f6f0  _COE_ServiceInd                       
0     0000d27f  _CheckIfEcatError                     
0     0000cb01  _CheckSmSettings                      
0     0000d65b  _CheckSyncTypeValue                   
1     00001400  _Cla1Regs                             
0     00000ce0  _Cla1SoftIntRegs                      
1     0005d200  _ClkCfgRegs                           
1     00005c80  _Cmpss1Regs                           
1     00005ca0  _Cmpss2Regs                           
1     00005cc0  _Cmpss3Regs                           
1     00005ce0  _Cmpss4Regs                           
1     00005d00  _Cmpss5Regs                           
1     00005d20  _Cmpss6Regs                           
1     00005d40  _Cmpss7Regs                           
1     00005d60  _Cmpss8Regs                           
1     0005d300  _CpuSysRegs                           
1     0000a9a4  _CpuTimer0                            
1     00000c00  _CpuTimer0Regs                        
1     00000c08  _CpuTimer1Regs                        
1     00000c10  _CpuTimer2Regs                        
0     0000d243  _DC_CheckWatchdog                     
1     0000aa54  _DIInputs0x6000                       
1     0000aa60  _DOOutputs0x7010                      
1     0000a79e  _D_Number_SM                          
1     00005c00  _DacaRegs                             
1     00005c10  _DacbRegs                             
1     00005c20  _DaccRegs                             
1     0005f070  _DcsmCommonRegs                       
1     00078000  _DcsmZ1Otp                            
1     0005f000  _DcsmZ1Regs                           
1     00078200  _DcsmZ2Otp                            
1     0005f040  _DcsmZ2Regs                           
1     0005d000  _DevCfgRegs                           
0     0000f903  _DisableDog                           
0     0000cad8  _DisableSyncManChannel                
1     00007980  _DmaClaSrcSelRegs                     
1     00001000  _DmaRegs                              
0     0000eb1b  _ECAT_Application                     
0     0000eb1e  _ECAT_Application_DC                  
0     0000e840  _ECAT_CheckTimer                      
0     0000d32c  _ECAT_Init                            
0     0000d372  _ECAT_Main                            
0     0000e9b6  _ECAT_SetLedIndication                
0     0000d2ae  _ECAT_StateChange                     
1     00005000  _ECap1Regs                            
1     00005020  _ECap2Regs                            
1     00005040  _ECap3Regs                            
1     00005060  _ECap4Regs                            
1     00005080  _ECap5Regs                            
1     000050a0  _ECap6Regs                            
1     00004900  _EPwm10Regs                           
1     00004a00  _EPwm11Regs                           
1     00004b00  _EPwm12Regs                           
1     00004000  _EPwm1Regs                            
1     00004100  _EPwm2Regs                            
1     00004200  _EPwm3Regs                            
1     00004300  _EPwm4Regs                            
1     00004400  _EPwm5Regs                            
1     00004500  _EPwm6Regs                            
1     00004600  _EPwm7Regs                            
1     00004700  _EPwm8Regs                            
1     00004800  _EPwm9Regs                            
1     00007a00  _EPwmXbarRegs                         
1     00005100  _EQep1Regs                            
1     00005140  _EQep2Regs                            
1     00005180  _EQep3Regs                            
0     0000f5d7  _ESC_ApplicationLayerISR              
0     0000f608  _ESC_ApplicationSync0ISR              
0     0000ec49  _ESC_ConfigurePDIGPIO                 
0     0000ec6c  _ESC_ConfigureSync0GPIO               
0     0000eb26  _ESC_EMIF2WriteBlock                  
0     0000ecd0  _ESC_ET1100EEPROMLoadedCheck          
0     0000ec29  _ESC_HoldET1100InReset                
0     0000ec1f  _ESC_ReleaseET1100Reset               
0     0000f639  _ESC_applicationSync1ISR              
0     0000eb21  _ESC_clearTimer                       
0     0000ec33  _ESC_configureLatch0GPIO              
0     0000ec3e  _ESC_configureLatch1GPIO              
0     0000ec91  _ESC_configureSync1GPIO               
0     00000152  _ESC_getTimer                         
0     0000ed57  _ESC_initHW                           
0     0000ecef  _ESC_passFailSignalSetup              
0     0000eb9b  _ESC_readBlockISR                     
0     0000eb85  _ESC_readBlockNonISR                  
0     0000ebbe  _ESC_readDWordISR                     
0     0000ebad  _ESC_readDWordNonISR                  
0     0000eb7b  _ESC_readWordISR                      
0     0000eb6d  _ESC_readWordNonISR                   
0     0000ecb6  _ESC_resetET1100                      
0     0000ed0c  _ESC_signalFail                       
0     00000157  _ESC_timerIncPerMilliSec              
0     0000ebd7  _ESC_writeBlockISR                    
0     0000ebcb  _ESC_writeBlockNonISR                 
0     0000ebf2  _ESC_writeDWordISR                    
0     0000ebdf  _ESC_writeDWordNonISR                 
0     0000ec12  _ESC_writeWordISR                     
0     0000ec02  _ESC_writeWordNonISR                  
1     0000a5a6  _EcatWdValue                          
1     0000a5a0  _EepromLoaded                         
1     0005f480  _Emif1ConfigRegs                      
0     0000f52e  _Emif1Initialize                      
1     00047000  _Emif1Regs                            
1     0005f4a0  _Emif2ConfigRegs                      
1     00047800  _Emif2Regs                            
1     00000d01  _EmuBMode                             
1     00000d00  _EmuKey                               
0     0000caed  _EnableSyncManChannel                 
1     0000a5b1  _EsmTimeoutCounter                    
0     0000f84d  _F2837xD_memcpy                       
0     0000f82a  _F2837xD_strcpy                       
0     0000015b  _F28x_usDelay                         
1     0000aa50  _Fault_data                           
1     0000a7a0  _Flag_PWM_INIT                        
1     0005f800  _Flash0CtrlRegs                       
1     0005fb00  _Flash0EccRegs                        
1     00050024  _FlashPumpSemaphoreRegs               
1     0000aa40  _Flash_ROM_lsb                        
1     0000aa41  _Flash_ROM_msb                        
0     0000efc8  _GPIO_EnableUnbondedIOPullups         
0     0000efa3  _GPIO_EnableUnbondedIOPullupsFor100Pin
0     0000ef8a  _GPIO_EnableUnbondedIOPullupsFor176Pin
0     0000efde  _GPIO_ReadPin                         
0     0000ef2f  _GPIO_SetupLock                       
0     0000ee0f  _GPIO_SetupPinMux                     
0     0000ee9b  _GPIO_SetupPinOptions                 
0     0000ef58  _GPIO_SetupXINT1Gpio                  
0     0000ef62  _GPIO_SetupXINT2Gpio                  
0     0000ef6c  _GPIO_SetupXINT3Gpio                  
0     0000ef76  _GPIO_SetupXINT4Gpio                  
0     0000ef80  _GPIO_SetupXINT5Gpio                  
0     0000eff5  _GPIO_WritePin                        
1     0000a6c0  _GenObjDic                            
0     0000e237  _GetOutOfMbxQueue                     
0     0000cac9  _GetSyncMan                           
1     00007c00  _GpioCtrlRegs                         
1     00007f00  _GpioDataRegs                         
1     0000a79c  _Group_number                         
1     0000a79f  _HALF_CNT                             
0     0000edcc  _HW_EcatIsr                           
0     0000eda2  _HW_Init                              
0     0000edbe  _HW_Release                           
0     0000edbf  _HW_SetLed                            
1     0000a7a1  _H_Number_SM                          
0     0000e855  _HandleBusCycleCalculation            
1     00007300  _I2caRegs                             
1     00007340  _I2cbRegs                             
0     0000f6c7  _IPCBootCPU2                          
0     0000f6ba  _IPCWrite32bitProtect                 
0     0000f6a7  _IPC_DSP1_EtherCAT_RX                 
0     0000f66a  _IPC_DSP1_EtherCAT_TX                 
1     0003fc00  _IPC_Temp_Cal                         
1     0003f800  _IPC_Temp_Vol                         
0     0000f91b  _ISR_Default                          
0     0000ed42  _InitCpuTimer0                        
0     0000edcf  _InitGpio                             
0     0000f539  _Init_CpuSelect                       
0     0000f48d  _Init_Emif                            
0     0000e7ff  _Init_Flash                           
0     0000c000  _Init_GPIO                            
0     0000e75a  _Init_Mem                             
0     0000e6f8  _Init_PLL                             
0     0000e649  _Init_PeripheralClocks                
0     0000e624  _Init_PieCtrl                         
0     0000e52c  _Init_PieVectTable                    
1     00007900  _InputXbarRegs                        
0     0000f7eb  _Interrupt                            
1     0003fc18  _IpcDspEcatMaster                     
1     0003f818  _IpcDspEcatSlave                      
1     00050000  _IpcRegs                              
0     0000f881  _LED_DSP                              
1     0000a5be  _LED_case                             
1     0000a5bd  _LED_cnt                              
1     0000a592  _LatchInputSync0Counter               
1     0000a593  _LatchInputSync0Value                 
1     0000aa46  _Limit_temperature                    
1     0000aa43  _Limit_v_sm_over                      
1     0000aa44  _Limit_v_sm_under                     
0     0000e433  _MBX_CheckAndCopyMailbox              
0     0000e499  _MBX_CopyToSendMailbox                
0     0000e258  _MBX_Init                             
0     0000e38f  _MBX_MailboxReadInd                   
0     0000e3c9  _MBX_MailboxRepeatReq                 
0     0000e3f4  _MBX_MailboxSendReq                   
0     0000e345  _MBX_MailboxWriteInd                  
0     0000e4f6  _MBX_Main                             
0     0000e28c  _MBX_StartMailboxHandler              
0     0000e2d3  _MBX_StopMailboxHandler               
0     0000e332  _MailboxServiceInd                    
0     0000eaba  _MainInit                             
0     0000eacb  _MainLoop                             
1     00006000  _McbspaRegs                           
1     00006040  _McbspbRegs                           
1     0005f400  _MemCfgRegs                           
1     0005f500  _MemoryErrorRegs                      
1     00007060  _NmiIntruptRegs                       
1     0000a7a6  _Number_SM                            
0     0000d482  _OBJ_CopyNumberToString               
0     0000d52e  _OBJ_GetDesc                          
0     0000d59d  _OBJ_GetEntryDesc                     
0     0000d5c7  _OBJ_GetEntryOffset                   
0     0000d4a0  _OBJ_GetNoOfObjects                   
0     0000d5c0  _OBJ_GetObjDesc                       
0     0000d3f4  _OBJ_GetObjectHandle                  
0     0000d407  _OBJ_GetObjectLength                  
0     0000d4d1  _OBJ_GetObjectList                    
0     0000d6c8  _OBJ_Read                             
0     0000d959  _OBJ_Write                            
1     0000a5c2  _ObjDicList                           
1     0000aa4a  _Operation_data                       
1     00007a80  _OutputXbarRegs                       
0     0000e8a9  _PDI_Isr                              
0     0000e822  _PDO_InputMapping                     
0     0000e831  _PDO_OutputMapping                    
1     00000ce0  _PieCtrlRegs                          
1     00000d00  _PieVectTable                         
0     0000e218  _PutInMbxQueue                        
1     0000a7a7  _REF_MAX                              
1     0000a79d  _REF_MIN                              
1     0000aa42  _Ref                                  
0     0000ca8c  _ResetALEventMask                     
1     0005e608  _RomPrefetchRegs                      
1     0005f540  _RomWaitStateRegs                     
1     0000aa80  _RxPDOMap0x1601                       
0     0000de46  _SDOS_SdoInd                          
0     0000e092  _SDOS_SdoInfoInd                      
0     0000e02c  _SDOS_SdoRes                          
1     0000a59f  _SMActivate                           
1     00007200  _SciaRegs                             
1     00007210  _ScibRegs                             
1     00007220  _ScicRegs                             
1     00007230  _ScidRegs                             
1     00005e00  _Sdfm1Regs                            
1     00005e80  _Sdfm2Regs                            
0     0000ddc7  _SdoRes                               
0     0000caa0  _SetALEventMask                       
0     0000cf1f  _SetALStatus                          
1     0000aa48  _SlaveStatus                          
1     0000aa45  _Slave_OP_mode                        
1     00006100  _SpiaRegs                             
1     00006110  _SpibRegs                             
1     00006120  _SpicRegs                             
0     0000cc69  _StartInputHandler                    
0     0000ced0  _StartOutputHandler                   
1     0000a952  _StartTimerCnt                        
0     0000e522  _Start_PieCtrl                        
1     0000aa47  _Status_data                          
0     0000cee6  _StopInputHandler                     
0     0000cee1  _StopOutputHandler                    
1     0000aa52  _Sum_v_sm                             
1     0000a9ba  _Sum_v_sm_old                         
1     0000a5ab  _Sync0WdCounter                       
1     0000a5af  _Sync0WdValue                         
0     0000e926  _Sync0_Isr                            
1     0000a5b0  _Sync1WdCounter                       
1     0000a5ae  _Sync1WdValue                         
0     0000e9a0  _Sync1_Isr                            
1     0000a5b7  _SyncManInfo                          
1     00007940  _SyncSocRegs                          
1     0000aa5a  _TxPDOMap0x1A00                       
0     0000f7d5  _USER_application                     
0     0000cab4  _UpdateEEPROMLoadedState              
1     00006200  _UppRegs                              
1     00007000  _WdRegs                               
1     00007920  _XbarRegs                             
1     00007070  _XintRegs                             
1     00000600  __STACK_END                           
abs   00000200  __STACK_SIZE                          
abs   00000200  __SYSMEM_SIZE                         
1     0000a9b6  ___TI_cleanup_ptr                     
1     0000a9b8  ___TI_dtors_ptr                       
1     0000a9b4  ___TI_enable_exit_profile_output      
abs   ffffffff  ___TI_pprof_out_hndl                  
abs   ffffffff  ___TI_prof_data_size                  
abs   ffffffff  ___TI_prof_data_start                 
abs   ffffffff  ___binit__                            
abs   ffffffff  ___c_args__                           
0     00008000  ___cinit__                            
0     0000f939  ___etext__                            
abs   ffffffff  ___pinit__                            
0     0000c000  ___text__                             
0     0000f8ea  __args_main                           
1     0000a9bc  __lock                                
0     0000f92d  __nop                                 
0     0000f929  __register_lock                       
0     0000f925  __register_unlock                     
1     00000400  __stack                               
1     0000aabe  __sys_memory                          
0     0000f938  __system_post_cinit                   
0     0000f936  __system_pre_init                     
1     0000a9be  __unlock                              
1     0000a53c  _aName0x1000                          
1     0000a500  _aName0x1001                          
1     0000a548  _aName0x1008                          
1     0000a4ce  _aName0x1009                          
1     0000a4df  _aName0x100A                          
1     0000a3fe  _aName0x1018                          
1     0000a382  _aName0x10F1                          
1     0000a291  _aName0x1601                          
1     0000a437  _aName0x1A00                          
1     0000a4bc  _aName0x1C00                          
1     0000a50f  _aName0x1C12                          
1     0000a51e  _aName0x1C13                          
1     0000a000  _aName0x1C32                          
1     0000a100  _aName0x1C33                          
1     0000a49f  _aName0x6000                          
1     0000a1ff  _aName0x7010                          
1     0000a980  _aPdInputData                         
1     0000a954  _aPdOutputData                        
1     0000aab6  _aSdoInfoHeader                       
1     0000a9c8  _aSubindexDesc                        
0     0000f858  _abort                                
1     0000a5e0  _acDevicename                         
1     0000a5c6  _acHardwareversion                    
1     0000a5d0  _acSoftwareversion                    
1     0000a52d  _asEntryDesc0x1018                    
1     0000a554  _asEntryDesc0x10F1                    
1     0000a45d  _asEntryDesc0x1601                    
1     0000a55d  _asEntryDesc0x1A00                    
1     0000a56f  _asEntryDesc0x1C00                    
1     0000a575  _asEntryDesc0x1C12                    
1     0000a57b  _asEntryDesc0x1C13                    
1     0000a31f  _asEntryDesc0x1C3x                    
1     0000a566  _asEntryDesc0x6000                    
1     0000a47e  _asEntryDesc0x7010                    
1     0000a840  _asMbx                                
1     0000a59d  _b3BufferMode                         
1     0000a598  _bApplEsmPending                      
1     0000a94a  _bCycleTimeMeasurementStarted         
1     0000a5b5  _bDcRunning                           
1     0000a5b3  _bDcSyncActive                        
1     0000a5a8  _bEcatFirstOutputsReceived            
1     0000a5a7  _bEcatInputUpdateRunning              
1     0000a5a9  _bEcatOutputUpdateRunning             
1     0000a599  _bEcatWaitForAlControlRes             
1     0000a942  _bEcatWaitForInputUpdate              
1     0000a594  _bEscIntEnabled                       
1     0000a941  _bEtherCATErrorLed                    
1     0000a940  _bEtherCATRunLed                      
1     0000a94b  _bInitFinished                        
1     0000a596  _bLocalErrorFlag                      
1     0000a7c2  _bMbxRepeatToggle                     
1     0000a7c4  _bMbxRunning                          
1     0000a7ca  _bNoMbxMemoryAvailable                
1     0000a7c3  _bReceiveMbxIsLocked                  
1     0000a949  _bRunApplication                      
1     0000aaa1  _bSdoInWork                           
1     0000aa9a  _bSdoSegAccess                        
1     0000aa9b  _bSdoSegFollows                       
1     0000aaa2  _bSdoSegLastToggle                    
1     0000a7c9  _bSendMbxIsFull                       
1     0000a5ac  _bSmSyncSequenceValid                 
1     0000aa97  _bStoreCompleteAccess                 
1     0000a9c0  _bSyncSetByUser                       
1     0000a5b2  _bWdTrigger                           
1     0000a3c2  _cAbortCode                           
1     0000a4f0  _cBitMask                             
0     0000f740  _c_int00                              
0     0000f1ce  _calloc                               
0     0000f1cc  _chkheap                              
0     0000f8a9  _copy_in                              
0     0000f85a  _exit                                 
0     0000f013  _free                                 
0     0000f1ae  _free_memory                          
1     0000a7a3  _i                                    
1     0000a5aa  _i16WaitForPllRunningCnt              
1     0000a5ad  _i16WaitForPllRunningTimeout          
1     0000a7a8  _j                                    
1     0000a7a2  _k                                    
1     0000a7a4  _l                                    
1     0000a7a5  _m                                    
0     0000f796  _main                                 
0     0000f07c  _malloc                               
0     0000f18c  _max_free                             
0     0000f8cd  _memcpy                               
0     0000f057  _minit                                
1     0000a7b4  _msg_test_rd                          
1     0000a7aa  _msg_test_wr                          
1     0000a591  _nAlStatus                            
1     0000a597  _nEcatStateTrans                      
1     0000a5a4  _nEscAddrInputData                    
1     0000a5a3  _nEscAddrOutputData                   
1     0000a590  _nMaxEscAddress                       
1     0000a59b  _nMaxSyncMan                          
1     0000a59c  _nPdInputSize                         
1     0000a59a  _nPdOutputSize                        
1     0000aa98  _nSdoInfoFragmentsLeft                
1     0000aa9e  _nSdoInfoIndex                        
1     0000aaa6  _nSdoSegBytesToHandle                 
1     0000aab2  _nSdoSegCompleteSize                  
1     0000aa9d  _nSdoSegIndex                         
1     0000aaa0  _nSdoSegService                       
1     0000aa9c  _nSdoSegSubindex                      
1     0000a94e  _pAPPL_EEPROM_Read                    
1     0000a950  _pAPPL_EEPROM_Reload                  
1     0000a94c  _pAPPL_EEPROM_Write                   
1     0000a7be  _pCoeSendStored                       
1     0000a9a2  _pEsc                                 
1     0000aaa4  _pSdoInfoObjEntry                     
1     0000aaa8  _pSdoPendFunc                         
1     0000aab0  _pSdoResStored                        
1     0000aab4  _pSdoSegData                          
1     0000aaae  _pSdoSegObjEntry                      
1     0000aaac  _pStoreData                           
[...]
0     0000f1cc  _chkheap                              
0     0000f1ce  _calloc                               
0     0000f1e5  _COE_GetObjectDictionary              
0     0000f1e9  _COE_ObjInit                          
0     0000f239  _COE_AddObjectToDic                   
0     0000f28e  _COE_RemoveDicEntry                   
0     0000f2bf  _COE_ClearObjDictionary               
0     0000f2d7  _AddObjectsToObjDictionary            
0     0000f2f0  _COE_ObjDictionaryInit                
0     0000f307  _COE_Main                             
0     0000f364  _APPL_AckErrorInd                     
0     0000f368  _APPL_StartMailboxHandler             
0     0000f36a  _APPL_StopMailboxHandler              
0     0000f36c  _APPL_StartInputHandler               
0     0000f371  _APPL_StopInputHandler                
0     0000f373  _APPL_StartOutputHandler              
0     0000f375  _APPL_StopOutputHandler               
0     0000f377  _APPL_GenerateMapping                 
0     0000f3fd  _APPL_InputMapping                    
0     0000f42f  _APPL_OutputMapping                   
0     0000f468  _APPL_Application                     
0     0000f469  _APPL_Application_DC                  
0     0000f48d  _Init_Emif                            
0     0000f52e  _Emif1Initialize                      
0     0000f539  _Init_CpuSelect                       
0     0000f5d7  _ESC_ApplicationLayerISR              
0     0000f608  _ESC_ApplicationSync0ISR              
0     0000f639  _ESC_applicationSync1ISR              
0     0000f66a  _IPC_DSP1_EtherCAT_TX                 
0     0000f6a7  _IPC_DSP1_EtherCAT_RX                 
0     0000f6ba  _IPCWrite32bitProtect                 
0     0000f6c7  _IPCBootCPU2                          
0     0000f6e8  _COE_Init                             
0     0000f6f0  _COE_ServiceInd                       
0     0000f71c  _COE_ContinueInd                      
0     0000f740  _c_int00                              
0     0000f796  _main                                 
0     0000f7d5  _USER_application                     
0     0000f7eb  _Interrupt                            
0     0000f82a  _F2837xD_strcpy                       
0     0000f84d  _F2837xD_memcpy                       
0     0000f858  C$$EXIT                               
0     0000f858  _abort                                
0     0000f85a  _exit                                 
0     0000f881  _LED_DSP                              
0     0000f8a9  _copy_in                              
0     0000f8cd  _memcpy                               
0     0000f8ea  __args_main                           
0     0000f903  _DisableDog                           
0     0000f910  U$$DIV                                
0     0000f915  U$$MOD                                
0     0000f91b  _ISR_Default                          
0     0000f925  __register_unlock                     
0     0000f929  __register_lock                       
0     0000f92d  __nop                                 
0     0000f92e  _strlen                               
0     0000f936  __system_pre_init                     
0     0000f938  __system_post_cinit                   
0     0000f939  ___etext__                            
0     0000f939  etext                                 
1     00000400  __stack                               
1     00000600  __STACK_END                           
1     00000b00  _AdcaResultRegs                       
1     00000b20  _AdcbResultRegs                       
1     00000b40  _AdccResultRegs                       
1     00000b60  _AdcdResultRegs                       
1     00000c00  _CpuTimer0Regs                        
1     00000c08  _CpuTimer1Regs                        
1     00000c10  _CpuTimer2Regs                        
1     00000ce0  _PieCtrlRegs                          
1     00000d00  _EmuKey                               
1     00000d00  _PieVectTable                         
1     00000d01  _EmuBMode                             
1     00001000  _DmaRegs                              
1     00001400  _Cla1Regs                             
1     00004000  _EPwm1Regs                            
1     00004100  _EPwm2Regs                            
1     00004200  _EPwm3Regs                            
1     00004300  _EPwm4Regs                            
1     00004400  _EPwm5Regs                            
1     00004500  _EPwm6Regs                            
1     00004600  _EPwm7Regs                            
1     00004700  _EPwm8Regs                            
1     00004800  _EPwm9Regs                            
1     00004900  _EPwm10Regs                           
1     00004a00  _EPwm11Regs                           
1     00004b00  _EPwm12Regs                           
1     00005000  _ECap1Regs                            
1     00005020  _ECap2Regs                            
1     00005040  _ECap3Regs                            
1     00005060  _ECap4Regs                            
1     00005080  _ECap5Regs                            
1     000050a0  _ECap6Regs                            
1     00005100  _EQep1Regs                            
1     00005140  _EQep2Regs                            
1     00005180  _EQep3Regs                            
1     00005c00  _DacaRegs                             
1     00005c10  _DacbRegs                             
1     00005c20  _DaccRegs                             
1     00005c80  _Cmpss1Regs                           
1     00005ca0  _Cmpss2Regs                           
1     00005cc0  _Cmpss3Regs                           
1     00005ce0  _Cmpss4Regs                           
1     00005d00  _Cmpss5Regs                           
1     00005d20  _Cmpss6Regs                           
1     00005d40  _Cmpss7Regs                           
1     00005d60  _Cmpss8Regs                           
1     00005e00  _Sdfm1Regs                            
1     00005e80  _Sdfm2Regs                            
1     00006000  _McbspaRegs                           
1     00006040  _McbspbRegs                           
1     00006100  _SpiaRegs                             
1     00006110  _SpibRegs                             
1     00006120  _SpicRegs                             
1     00006200  _UppRegs                              
1     00007000  _WdRegs                               
1     00007060  _NmiIntruptRegs                       
1     00007070  _XintRegs                             
1     00007200  _SciaRegs                             
1     00007210  _ScibRegs                             
1     00007220  _ScicRegs                             
1     00007230  _ScidRegs                             
1     00007300  _I2caRegs                             
1     00007340  _I2cbRegs                             
1     00007400  _AdcaRegs                             
1     00007480  _AdcbRegs                             
1     00007500  _AdccRegs                             
1     00007580  _AdcdRegs                             
1     00007900  _InputXbarRegs                        
1     00007920  _XbarRegs                             
1     00007940  _SyncSocRegs                          
1     00007980  _DmaClaSrcSelRegs                     
1     00007a00  _EPwmXbarRegs                         
1     00007a80  _OutputXbarRegs                       
1     00007c00  _GpioCtrlRegs                         
1     00007f00  _GpioDataRegs                         
1     0000a000  _aName0x1C32                          
1     0000a100  _aName0x1C33                          
1     0000a1ff  _aName0x7010                          
1     0000a291  _aName0x1601                          
1     0000a31f  _asEntryDesc0x1C3x                    
1     0000a382  _aName0x10F1                          
1     0000a3c2  _cAbortCode                           
1     0000a3fe  _aName0x1018                          
1     0000a437  _aName0x1A00                          
1     0000a45d  _asEntryDesc0x1601                    
1     0000a47e  _asEntryDesc0x7010                    
1     0000a49f  _aName0x6000                          
1     0000a4bc  _aName0x1C00                          
1     0000a4ce  _aName0x1009                          
1     0000a4df  _aName0x100A                          
1     0000a4f0  _cBitMask                             
1     0000a500  _aName0x1001                          
1     0000a50f  _aName0x1C12                          
1     0000a51e  _aName0x1C13                          
1     0000a52d  _asEntryDesc0x1018                    
1     0000a53c  _aName0x1000                          
1     0000a548  _aName0x1008                          
1     0000a554  _asEntryDesc0x10F1                    
1     0000a55d  _asEntryDesc0x1A00                    
1     0000a566  _asEntryDesc0x6000                    
1     0000a56f  _asEntryDesc0x1C00                    
1     0000a575  _asEntryDesc0x1C12                    
1     0000a57b  _asEntryDesc0x1C13                    
1     0000a581  _sEntryDesc0x1000                     
1     0000a584  _sEntryDesc0x1001                     
1     0000a587  _sEntryDesc0x1008                     
1     0000a58a  _sEntryDesc0x1009                     
1     0000a58d  _sEntryDesc0x100A                     
1     0000a590  _nMaxEscAddress                       
1     0000a591  _nAlStatus                            
1     0000a592  _LatchInputSync0Counter               
1     0000a593  _LatchInputSync0Value                 
1     0000a594  _bEscIntEnabled                       
1     0000a595  _u8EcatErrorLed                       
1     0000a596  _bLocalErrorFlag                      
1     0000a597  _nEcatStateTrans                      
1     0000a598  _bApplEsmPending                      
1     0000a599  _bEcatWaitForAlControlRes             
1     0000a59a  _nPdOutputSize                        
1     0000a59b  _nMaxSyncMan                          
1     0000a59c  _nPdInputSize                         
1     0000a59d  _b3BufferMode                         
1     0000a59e  _u8EcatRunLed                         
1     0000a59f  _SMActivate                           
1     0000a5a0  _EepromLoaded                         
1     0000a5a1  _u16ALEventMask                       
1     0000a5a2  _u16dummy                             
1     0000a5a3  _nEscAddrOutputData                   
1     0000a5a4  _nEscAddrInputData                    
1     0000a5a5  _u16LocalErrorCode                    
1     0000a5a6  _EcatWdValue                          
1     0000a5a7  _bEcatInputUpdateRunning              
1     0000a5a8  _bEcatFirstOutputsReceived            
1     0000a5a9  _bEcatOutputUpdateRunning             
1     0000a5aa  _i16WaitForPllRunningCnt              
1     0000a5ab  _Sync0WdCounter                       
1     0000a5ac  _bSmSyncSequenceValid                 
1     0000a5ad  _i16WaitForPllRunningTimeout          
1     0000a5ae  _Sync1WdValue                         
1     0000a5af  _Sync0WdValue                         
1     0000a5b0  _Sync1WdCounter                       
1     0000a5b1  _EsmTimeoutCounter                    
1     0000a5b2  _bWdTrigger                           
1     0000a5b3  _bDcSyncActive                        
1     0000a5b4  _u16SmSync0Counter                    
1     0000a5b5  _bDcRunning                           
1     0000a5b6  _u16SmSync0Value                      
1     0000a5b7  _SyncManInfo                          
1     0000a5bd  _LED_cnt                              
1     0000a5be  _LED_case                             
1     0000a5c0  _u16ErrorRegister                     
1     0000a5c2  _ObjDicList                           
1     0000a5c4  _u32Devicetype                        
1     0000a5c6  _acHardwareversion                    
1     0000a5cb  _sSyncmanagertype                     
1     0000a5d0  _acSoftwareversion                    
1     0000a5d6  _sIdentity                            
1     0000a5e0  _acDevicename                         
1     0000a600  _ApplicationObjDic                    
1     0000a6c0  _GenObjDic                            
1     0000a79c  _Group_number                         
1     0000a79d  _REF_MIN                              
1     0000a79e  _D_Number_SM                          
1     0000a79f  _HALF_CNT                             
1     0000a7a0  _Flag_PWM_INIT                        
1     0000a7a1  _H_Number_SM                          
1     0000a7a2  _k                                    
1     0000a7a3  _i                                    
1     0000a7a4  _l                                    
1     0000a7a5  _m                                    
1     0000a7a6  _Number_SM                            
1     0000a7a7  _REF_MAX                              
1     0000a7a8  _j                                    
1     0000a7a9  _t                                    
1     0000a7aa  _msg_test_wr                          
1     0000a7b4  _msg_test_rd                          
1     0000a7be  _pCoeSendStored                       
1     0000a7c0  _u16ReceiveMbxSize                    
1     0000a7c1  _u16SendMbxSize                       
1     0000a7c2  _bMbxRepeatToggle                     
1     0000a7c3  _bReceiveMbxIsLocked                  
1     0000a7c4  _bMbxRunning                          
1     0000a7c5  _u8MbxReadCounter                     
1     0000a7c6  _u8MbxWriteCounter                    
1     0000a7c7  _u8MailboxSendReqStored               
1     0000a7c8  _u16EscAddrReceiveMbx                 
1     0000a7c9  _bSendMbxIsFull                       
1     0000a7ca  _bNoMbxMemoryAvailable                
1     0000a7cb  _u16EscAddrSendMbx                    
1     0000a7cc  _psReadMbx                            
1     0000a7ce  _psWriteMbx                           
1     0000a7d0  _psRepeatMbx                          
1     0000a7d2  _psStoreMbx                           
1     0000a7d4  _sMbxSendQueue                        
1     0000a800  _sMbxReceiveQueue                     
1     0000a840  _asMbx                                
1     0000a940  _bEtherCATRunLed                      
1     0000a941  _bEtherCATErrorLed                    
1     0000a942  _bEcatWaitForInputUpdate              
1     0000a948  _u16BusCycleCntMs                     
1     0000a949  _bRunApplication                      
1     0000a94a  _bCycleTimeMeasurementStarted         
1     0000a94b  _bInitFinished                        
1     0000a94c  _pAPPL_EEPROM_Write                   
1     0000a94e  _pAPPL_EEPROM_Read                    
1     0000a950  _pAPPL_EEPROM_Reload                  
1     0000a952  _StartTimerCnt                        
1     0000a954  _aPdOutputData                        
1     0000a980  _aPdInputData                         
1     0000a9a2  _pEsc                                 
1     0000a9a4  _CpuTimer0                            
1     0000a9b4  ___TI_enable_exit_profile_output      
1     0000a9b6  ___TI_cleanup_ptr                     
1     0000a9b8  ___TI_dtors_ptr                       
1     0000a9ba  _Sum_v_sm_old                         
1     0000a9bc  __lock                                
1     0000a9be  __unlock                              
1     0000a9c0  _bSyncSetByUser                       
1     0000a9c1  _sCycleDiag                           
1     0000a9c2  _sErrorSettings                       
1     0000a9c8  _aSubindexDesc                        
1     0000a9d6  _sSyncManOutPar                       
1     0000aa00  _sSyncManInPar                        
1     0000aa40  _Flash_ROM_lsb                        
1     0000aa41  _Flash_ROM_msb                        
1     0000aa42  _Ref                                  
1     0000aa43  _Limit_v_sm_over                      
1     0000aa44  _Limit_v_sm_under                     
1     0000aa45  _Slave_OP_mode                        
1     0000aa46  _Limit_temperature                    
1     0000aa47  _Status_data                          
1     0000aa48  _SlaveStatus                          
1     0000aa49  _Bypass_data                          
1     0000aa4a  _Operation_data                       
1     0000aa4b  _sTxPDOassign                         
1     0000aa4d  _sRxPDOassign                         
1     0000aa50  _Fault_data                           
1     0000aa52  _Sum_v_sm                             
1     0000aa54  _DIInputs0x6000                       
1     0000aa5a  _TxPDOMap0x1A00                       
1     0000aa60  _DOOutputs0x7010                      
1     0000aa80  _RxPDOMap0x1601                       
1     0000aa96  _u8StoreSubindex                      
1     0000aa97  _bStoreCompleteAccess                 
1     0000aa98  _nSdoInfoFragmentsLeft                
1     0000aa99  _u16StoreIndex                        
1     0000aa9a  _bSdoSegAccess                        
1     0000aa9b  _bSdoSegFollows                       
1     0000aa9c  _nSdoSegSubindex                      
1     0000aa9d  _nSdoSegIndex                         
1     0000aa9e  _nSdoInfoIndex                        
1     0000aa9f  _u8PendingSdo                         
1     0000aaa0  _nSdoSegService                       
1     0000aaa1  _bSdoInWork                           
1     0000aaa2  _bSdoSegLastToggle                    
1     0000aaa4  _pSdoInfoObjEntry                     
1     0000aaa6  _nSdoSegBytesToHandle                 
1     0000aaa8  _pSdoPendFunc                         
1     0000aaaa  _u32StoreDataSize                     
1     0000aaac  _pStoreData                           
1     0000aaae  _pSdoSegObjEntry                      
1     0000aab0  _pSdoResStored                        
1     0000aab2  _nSdoSegCompleteSize                  
1     0000aab4  _pSdoSegData                          
1     0000aab6  _aSdoInfoHeader                       
1     0000aabe  __sys_memory                          
1     0003f800  _IPC_Temp_Vol                         
1     0003f818  _IpcDspEcatSlave                      
1     0003fc00  _IPC_Temp_Cal                         
1     0003fc18  _IpcDspEcatMaster                     
1     00047000  _Emif1Regs                            
1     00047800  _Emif2Regs                            
1     00050000  _IpcRegs                              
1     00050024  _FlashPumpSemaphoreRegs               
1     0005d000  _DevCfgRegs                           
1     0005d180  _AnalogSubsysRegs                     
1     0005d200  _ClkCfgRegs                           
1     0005d300  _CpuSysRegs                           
1     0005e608  _RomPrefetchRegs                      
1     0005f000  _DcsmZ1Regs                           
1     0005f040  _DcsmZ2Regs                           
1     0005f070  _DcsmCommonRegs                       
1     0005f400  _MemCfgRegs                           
1     0005f480  _Emif1ConfigRegs                      
1     0005f4a0  _Emif2ConfigRegs                      
1     0005f4c0  _AccessProtectionRegs                 
1     0005f500  _MemoryErrorRegs                      
1     0005f540  _RomWaitStateRegs                     
1     0005f800  _Flash0CtrlRegs                       
1     0005fb00  _Flash0EccRegs                        
1     00078000  _DcsmZ1Otp                            
1     00078200  _DcsmZ2Otp                            
abs   00000200  __STACK_SIZE                          
abs   00000200  __SYSMEM_SIZE                         
abs   ffffffff  ___TI_pprof_out_hndl                  
abs   ffffffff  ___TI_prof_data_size                  
abs   ffffffff  ___TI_prof_data_start                 
abs   ffffffff  ___binit__                            
abs   ffffffff  ___c_args__                           
abs   ffffffff  ___pinit__                            
abs   ffffffff  binit                                 
abs   ffffffff  pinit                                 

[492 symbols]
