Archive member included to satisfy reference by file (symbol)

c:/ti/ccs1020/ccs/tools/compiler/gcc-arm-none-eabi-7-2017-q4-major-win32/bin/../lib/gcc/arm-none-eabi/7.2.1/../../../../arm-none-eabi/lib/thumb/v7-ar\libg.a(lib_a-exit.o)
                              c:/ti/ccs1020/ccs/tools/compiler/gcc-arm-none-eabi-7-2017-q4-major-win32/bin/../lib/gcc/arm-none-eabi/7.2.1/../../../../arm-none-eabi/lib/thumb/v7-ar/rdimon-crt0.o (exit)
c:/ti/ccs1020/ccs/tools/compiler/gcc-arm-none-eabi-7-2017-q4-major-win32/bin/../lib/gcc/arm-none-eabi/7.2.1/../../../../arm-none-eabi/lib/thumb/v7-ar\libg.a(lib_a-impure.o)
                              c:/ti/ccs1020/ccs/tools/compiler/gcc-arm-none-eabi-7-2017-q4-major-win32/bin/../lib/gcc/arm-none-eabi/7.2.1/../../../../arm-none-eabi/lib/thumb/v7-ar\libg.a(lib_a-exit.o) (_global_impure_ptr)
c:/ti/ccs1020/ccs/tools/compiler/gcc-arm-none-eabi-7-2017-q4-major-win32/bin/../lib/gcc/arm-none-eabi/7.2.1/../../../../arm-none-eabi/lib/thumb/v7-ar\libg.a(lib_a-init.o)
                              c:/ti/ccs1020/ccs/tools/compiler/gcc-arm-none-eabi-7-2017-q4-major-win32/bin/../lib/gcc/arm-none-eabi/7.2.1/../../../../arm-none-eabi/lib/thumb/v7-ar/rdimon-crt0.o (__libc_init_array)
c:/ti/ccs1020/ccs/tools/compiler/gcc-arm-none-eabi-7-2017-q4-major-win32/bin/../lib/gcc/arm-none-eabi/7.2.1/../../../../arm-none-eabi/lib/thumb/v7-ar\libg.a(lib_a-memset.o)
                              c:/ti/ccs1020/ccs/tools/compiler/gcc-arm-none-eabi-7-2017-q4-major-win32/bin/../lib/gcc/arm-none-eabi/7.2.1/../../../../arm-none-eabi/lib/thumb/v7-ar/rdimon-crt0.o (memset)
c:/ti/ccs1020/ccs/tools/compiler/gcc-arm-none-eabi-7-2017-q4-major-win32/bin/../lib/gcc/arm-none-eabi/7.2.1/../../../../arm-none-eabi/lib/thumb/v7-ar\libg.a(lib_a-puts.o)
                              ./hello.o (puts)
c:/ti/ccs1020/ccs/tools/compiler/gcc-arm-none-eabi-7-2017-q4-major-win32/bin/../lib/gcc/arm-none-eabi/7.2.1/../../../../arm-none-eabi/lib/thumb/v7-ar\libg.a(lib_a-strlen-stub.o)
                              c:/ti/ccs1020/ccs/tools/compiler/gcc-arm-none-eabi-7-2017-q4-major-win32/bin/../lib/gcc/arm-none-eabi/7.2.1/../../../../arm-none-eabi/lib/thumb/v7-ar\libg.a(lib_a-puts.o) (strlen)
c:/ti/ccs1020/ccs/tools/compiler/gcc-arm-none-eabi-7-2017-q4-major-win32/bin/../lib/gcc/arm-none-eabi/7.2.1/../../../../arm-none-eabi/lib/thumb/v7-ar\libg.a(lib_a-__call_atexit.o)
                              c:/ti/ccs1020/ccs/tools/compiler/gcc-arm-none-eabi-7-2017-q4-major-win32/bin/../lib/gcc/arm-none-eabi/7.2.1/../../../../arm-none-eabi/lib/thumb/v7-ar\libg.a(lib_a-exit.o) (__call_exitprocs)
c:/ti/ccs1020/ccs/tools/compiler/gcc-arm-none-eabi-7-2017-q4-major-win32/bin/../lib/gcc/arm-none-eabi/7.2.1/../../../../arm-none-eabi/lib/thumb/v7-ar\libg.a(lib_a-atexit.o)
                              c:/ti/ccs1020/ccs/tools/compiler/gcc-arm-none-eabi-7-2017-q4-major-win32/bin/../lib/gcc/arm-none-eabi/7.2.1/../../../../arm-none-eabi/lib/thumb/v7-ar\libg.a(lib_a-__call_atexit.o) (atexit)
c:/ti/ccs1020/ccs/tools/compiler/gcc-arm-none-eabi-7-2017-q4-major-win32/bin/../lib/gcc/arm-none-eabi/7.2.1/../../../../arm-none-eabi/lib/thumb/v7-ar\libg.a(lib_a-findfp.o)
                              c:/ti/ccs1020/ccs/tools/compiler/gcc-arm-none-eabi-7-2017-q4-major-win32/bin/../lib/gcc/arm-none-eabi/7.2.1/../../../../arm-none-eabi/lib/thumb/v7-ar\libg.a(lib_a-puts.o) (__sinit)
c:/ti/ccs1020/ccs/tools/compiler/gcc-arm-none-eabi-7-2017-q4-major-win32/bin/../lib/gcc/arm-none-eabi/7.2.1/../../../../arm-none-eabi/lib/thumb/v7-ar\libg.a(lib_a-fini.o)
                              c:/ti/ccs1020/ccs/tools/compiler/gcc-arm-none-eabi-7-2017-q4-major-win32/bin/../lib/gcc/arm-none-eabi/7.2.1/../../../../arm-none-eabi/lib/thumb/v7-ar\libg.a(lib_a-__call_atexit.o) (__libc_fini_array)
c:/ti/ccs1020/ccs/tools/compiler/gcc-arm-none-eabi-7-2017-q4-major-win32/bin/../lib/gcc/arm-none-eabi/7.2.1/../../../../arm-none-eabi/lib/thumb/v7-ar\libg.a(lib_a-fvwrite.o)
                              c:/ti/ccs1020/ccs/tools/compiler/gcc-arm-none-eabi-7-2017-q4-major-win32/bin/../lib/gcc/arm-none-eabi/7.2.1/../../../../arm-none-eabi/lib/thumb/v7-ar\libg.a(lib_a-puts.o) (__sfvwrite_r)
c:/ti/ccs1020/ccs/tools/compiler/gcc-arm-none-eabi-7-2017-q4-major-win32/bin/../lib/gcc/arm-none-eabi/7.2.1/../../../../arm-none-eabi/lib/thumb/v7-ar\libg.a(lib_a-fwalk.o)
                              c:/ti/ccs1020/ccs/tools/compiler/gcc-arm-none-eabi-7-2017-q4-major-win32/bin/../lib/gcc/arm-none-eabi/7.2.1/../../../../arm-none-eabi/lib/thumb/v7-ar\libg.a(lib_a-findfp.o) (_fwalk)
c:/ti/ccs1020/ccs/tools/compiler/gcc-arm-none-eabi-7-2017-q4-major-win32/bin/../lib/gcc/arm-none-eabi/7.2.1/../../../../arm-none-eabi/lib/thumb/v7-ar\libg.a(lib_a-lock.o)
                              c:/ti/ccs1020/ccs/tools/compiler/gcc-arm-none-eabi-7-2017-q4-major-win32/bin/../lib/gcc/arm-none-eabi/7.2.1/../../../../arm-none-eabi/lib/thumb/v7-ar\libg.a(lib_a-findfp.o) (__retarget_lock_init_recursive)
[...]
Memory Configuration

Name             Origin             Length             Attributes
OCMC_RAM1        0x40300000         0x00080000
OCMC_RAM2        0x40400000         0x00100000
OCMC_RAM3        0x40500000         0x00100000
DDR0             0x80000000         0x40000000
DDR1             0xc0000000         0x40000000
*default*        0x00000000         0xffffffff

Linker script and memory map

LOAD c:/ti/ccs1020/ccs/tools/compiler/gcc-arm-none-eabi-7-2017-q4-major-win32/bin/../lib/gcc/arm-none-eabi/7.2.1/thumb/v7-ar/crti.o
LOAD c:/ti/ccs1020/ccs/tools/compiler/gcc-arm-none-eabi-7-2017-q4-major-win32/bin/../lib/gcc/arm-none-eabi/7.2.1/thumb/v7-ar/crtbegin.o
LOAD c:/ti/ccs1020/ccs/tools/compiler/gcc-arm-none-eabi-7-2017-q4-major-win32/bin/../lib/gcc/arm-none-eabi/7.2.1/../../../../arm-none-eabi/lib/thumb/v7-ar/rdimon-crt0.o
                0x00000001                CORE0 = 0x1
                0x00010000                STACKSIZE = 0x10000
                0x00000400                HEAPSIZE = 0x400
LOAD ./hello.o
LOAD ./startup_ARMCA15.o

.rsthand        0x80000000       0x70
                0x80000000                . = ALIGN (0x10000)
 *(.isr_vector)
 .isr_vector    0x80000000       0x50 ./startup_ARMCA15.o
                0x80000000                __isr_vector
                0x8000004e                DEF_IRQHandler
 *startup_ARMCA15.o(.text)
 .text          0x80000050       0x20 ./startup_ARMCA15.o
                0x80000050                Entry
                0x80000070                . = ALIGN (0x4)

.text           0x80000070     0x2c54
 *(.text*)
 .text          0x80000070        0x0 c:/ti/ccs1020/ccs/tools/compiler/gcc-arm-none-eabi-7-2017-q4-major-win32/bin/../lib/gcc/arm-none-eabi/7.2.1/thumb/v7-ar/crti.o
 .text          0x80000070       0x50 c:/ti/ccs1020/ccs/tools/compiler/gcc-arm-none-eabi-7-2017-q4-major-win32/bin/../lib/gcc/arm-none-eabi/7.2.1/thumb/v7-ar/crtbegin.o
 .text          0x800000c0       0xe8 c:/ti/ccs1020/ccs/tools/compiler/gcc-arm-none-eabi-7-2017-q4-major-win32/bin/../lib/gcc/arm-none-eabi/7.2.1/../../../../arm-none-eabi/lib/thumb/v7-ar/rdimon-crt0.o
                0x800000c0                _start
                0x800000c0                _mainCRTStartup
 .text          0x800001a8       0x24 ./hello.o
                0x800001a8                main
 .text          0x800001cc        0x0 c:/ti/ccs1020/ccs/tools/compiler/gcc-arm-none-eabi-7-2017-q4-major-win32/bin/../lib/gcc/arm-none-eabi/7.2.1/../../../../arm-none-eabi/lib/thumb/v7-ar\libg.a(lib_a-exit.o)
 .text.exit     0x800001cc       0x20 c:/ti/ccs1020/ccs/tools/compiler/gcc-arm-none-eabi-7-2017-q4-major-win32/bin/../lib/gcc/arm-none-eabi/7.2.1/../../../../arm-none-eabi/lib/thumb/v7-ar\libg.a(lib_a-exit.o)
                0x800001cc                exit
 .text          0x800001ec        0x0 c:/ti/ccs1020/ccs/tools/compiler/gcc-arm-none-eabi-7-2017-q4-major-win32/bin/../lib/gcc/arm-none-eabi/7.2.1/../../../../arm-none-eabi/lib/thumb/v7-ar\libg.a(lib_a-impure.o)
 .text          0x800001ec        0x0 c:/ti/ccs1020/ccs/tools/compiler/gcc-arm-none-eabi-7-2017-q4-major-win32/bin/../lib/gcc/arm-none-eabi/7.2.1/../../../../arm-none-eabi/lib/thumb/v7-ar\libg.a(lib_a-init.o)
 .text.__libc_init_array
                0x800001ec       0x50 c:/ti/ccs1020/ccs/tools/compiler/gcc-arm-none-eabi-7-2017-q4-major-win32/bin/../lib/gcc/arm-none-eabi/7.2.1/../../../../arm-none-eabi/lib/thumb/v7-ar\libg.a(lib_a-init.o)
                0x800001ec                __libc_init_array
 .text          0x8000023c        0x0 c:/ti/ccs1020/ccs/tools/compiler/gcc-arm-none-eabi-7-2017-q4-major-win32/bin/../lib/gcc/arm-none-eabi/7.2.1/../../../../arm-none-eabi/lib/thumb/v7-ar\libg.a(lib_a-memset.o)
 .text.memset   0x8000023c       0x98 c:/ti/ccs1020/ccs/tools/compiler/gcc-arm-none-eabi-7-2017-q4-major-win32/bin/../lib/gcc/arm-none-eabi/7.2.1/../../../../arm-none-eabi/lib/thumb/v7-ar\libg.a(lib_a-memset.o)
                0x8000023c                memset
 .text          0x800002d4        0x0 c:/ti/ccs1020/ccs/tools/compiler/gcc-arm-none-eabi-7-2017-q4-major-win32/bin/../lib/gcc/arm-none-eabi/7.2.1/../../../../arm-none-eabi/lib/thumb/v7-ar\libg.a(lib_a-puts.o)
 .text._puts_r  0x800002d4       0xa0 c:/ti/ccs1020/ccs/tools/compiler/gcc-arm-none-eabi-7-2017-q4-major-win32/bin/../lib/gcc/arm-none-eabi/7.2.1/../../../../arm-none-eabi/lib/thumb/v7-ar\libg.a(lib_a-puts.o)
                0x800002d4                _puts_r
 .text.puts     0x80000374       0x10 c:/ti/ccs1020/ccs/tools/compiler/gcc-arm-none-eabi-7-2017-q4-major-win32/bin/../lib/gcc/arm-none-eabi/7.2.1/../../../../arm-none-eabi/lib/thumb/v7-ar\libg.a(lib_a-puts.o)
                0x80000374                puts
 .text          0x80000384        0x0 c:/ti/ccs1020/ccs/tools/compiler/gcc-arm-none-eabi-7-2017-q4-major-win32/bin/../lib/gcc/arm-none-eabi/7.2.1/../../../../arm-none-eabi/lib/thumb/v7-ar\libg.a(lib_a-strlen-stub.o)
 .text.strlen   0x80000384       0x5c c:/ti/ccs1020/ccs/tools/compiler/gcc-arm-none-eabi-7-2017-q4-major-win32/bin/../lib/gcc/arm-none-eabi/7.2.1/../../../../arm-none-eabi/lib/thumb/v7-ar\libg.a(lib_a-strlen-stub.o)
                0x80000384                strlen
 .text          0x800003e0        0x0 c:/ti/ccs1020/ccs/tools/compiler/gcc-arm-none-eabi-7-2017-q4-major-win32/bin/../lib/gcc/arm-none-eabi/7.2.1/../../../../arm-none-eabi/lib/thumb/v7-ar\libg.a(lib_a-__call_atexit.o)
 .text.startup.register_fini
                0x800003e0       0x18 c:/ti/ccs1020/ccs/tools/compiler/gcc-arm-none-eabi-7-2017-q4-major-win32/bin/../lib/gcc/arm-none-eabi/7.2.1/../../../../arm-none-eabi/lib/thumb/v7-ar\libg.a(lib_a-__call_atexit.o)
 .text.__call_exitprocs
                0x800003f8       0xf8 c:/ti/ccs1020/ccs/tools/compiler/gcc-arm-none-eabi-7-2017-q4-major-win32/bin/../lib/gcc/arm-none-eabi/7.2.1/../../../../arm-none-eabi/lib/thumb/v7-ar\libg.a(lib_a-__call_atexit.o)
                0x800003f8                __call_exitprocs
 .text          0x800004f0        0x0 c:/ti/ccs1020/ccs/tools/compiler/gcc-arm-none-eabi-7-2017-q4-major-win32/bin/../lib/gcc/arm-none-eabi/7.2.1/../../../../arm-none-eabi/lib/thumb/v7-ar\libg.a(lib_a-atexit.o)
 .text.atexit   0x800004f0        0xc c:/ti/ccs1020/ccs/tools/compiler/gcc-arm-none-eabi-7-2017-q4-major-win32/bin/../lib/gcc/arm-none-eabi/7.2.1/../../../../arm-none-eabi/lib/thumb/v7-ar\libg.a(lib_a-atexit.o)
                0x800004f0                atexit
 .text          0x800004fc        0x0 c:/ti/ccs1020/ccs/tools/compiler/gcc-arm-none-eabi-7-2017-q4-major-win32/bin/../lib/gcc/arm-none-eabi/7.2.1/../../../../arm-none-eabi/lib/thumb/v7-ar\libg.a(lib_a-findfp.o)
 .text.std      0x800004fc       0x58 c:/ti/ccs1020/ccs/tools/compiler/gcc-arm-none-eabi-7-2017-q4-major-win32/bin/../lib/gcc/arm-none-eabi/7.2.1/../../../../arm-none-eabi/lib/thumb/v7-ar\libg.a(lib_a-findfp.o)
 .text._cleanup_r
                0x80000554        0xc c:/ti/ccs1020/ccs/tools/compiler/gcc-arm-none-eabi-7-2017-q4-major-win32/bin/../lib/gcc/arm-none-eabi/7.2.1/../../../../arm-none-eabi/lib/thumb/v7-ar\libg.a(lib_a-findfp.o)
                0x80000554                _cleanup_r
 .text.__fp_lock
                0x80000560       0x1c c:/ti/ccs1020/ccs/tools/compiler/gcc-arm-none-eabi-7-2017-q4-major-win32/bin/../lib/gcc/arm-none-eabi/7.2.1/../../../../arm-none-eabi/lib/thumb/v7-ar\libg.a(lib_a-findfp.o)
 .text.__fp_unlock
                0x8000057c       0x1c c:/ti/ccs1020/ccs/tools/compiler/gcc-arm-none-eabi-7-2017-q4-major-win32/bin/../lib/gcc/arm-none-eabi/7.2.1/../../../../arm-none-eabi/lib/thumb/v7-ar\libg.a(lib_a-findfp.o)
 .text.__sfmoreglue
                0x80000598       0x30 c:/ti/ccs1020/ccs/tools/compiler/gcc-arm-none-eabi-7-2017-q4-major-win32/bin/../lib/gcc/arm-none-eabi/7.2.1/../../../../arm-none-eabi/lib/thumb/v7-ar\libg.a(lib_a-findfp.o)
                0x80000598                __sfmoreglue
 .text._cleanup
                0x800005c8       0x18 c:/ti/ccs1020/ccs/tools/compiler/gcc-arm-none-eabi-7-2017-q4-major-win32/bin/../lib/gcc/arm-none-eabi/7.2.1/../../../../arm-none-eabi/lib/thumb/v7-ar\libg.a(lib_a-findfp.o)
                0x800005c8                _cleanup
 .text.__sinit  0x800005e0       0x70 c:/ti/ccs1020/ccs/tools/compiler/gcc-arm-none-eabi-7-2017-q4-major-win32/bin/../lib/gcc/arm-none-eabi/7.2.1/../../../../arm-none-eabi/lib/thumb/v7-ar\libg.a(lib_a-findfp.o)
                0x800005e0                __sinit
 .text.__sfp    0x80000650       0xb4 c:/ti/ccs1020/ccs/tools/compiler/gcc-arm-none-eabi-7-2017-q4-major-win32/bin/../lib/gcc/arm-none-eabi/7.2.1/../../../../arm-none-eabi/lib/thumb/v7-ar\libg.a(lib_a-findfp.o)
                0x80000650                __sfp
 .text.__sfp_lock_acquire
                0x80000704        0xc c:/ti/ccs1020/ccs/tools/compiler/gcc-arm-none-eabi-7-2017-q4-major-win32/bin/../lib/gcc/arm-none-eabi/7.2.1/../../../../arm-none-eabi/lib/thumb/v7-ar\libg.a(lib_a-findfp.o)
                0x80000704                __sfp_lock_acquire
 .text.__sfp_lock_release
                0x80000710        0xc c:/ti/ccs1020/ccs/tools/compiler/gcc-arm-none-eabi-7-2017-q4-major-win32/bin/../lib/gcc/arm-none-eabi/7.2.1/../../../../arm-none-eabi/lib/thumb/v7-ar\libg.a(lib_a-findfp.o)
                0x80000710                __sfp_lock_release
 .text.__sinit_lock_acquire
                0x8000071c        0xc c:/ti/ccs1020/ccs/tools/compiler/gcc-arm-none-eabi-7-2017-q4-major-win32/bin/../lib/gcc/arm-none-eabi/7.2.1/../../../../arm-none-eabi/lib/thumb/v7-ar\libg.a(lib_a-findfp.o)
                0x8000071c                __sinit_lock_acquire
 .text.__sinit_lock_release
                0x80000728        0xc c:/ti/ccs1020/ccs/tools/compiler/gcc-arm-none-eabi-7-2017-q4-major-win32/bin/../lib/gcc/arm-none-eabi/7.2.1/../../../../arm-none-eabi/lib/thumb/v7-ar\libg.a(lib_a-findfp.o)
                0x80000728                __sinit_lock_release
 .text.__fp_lock_all
                0x80000734       0x28 c:/ti/ccs1020/ccs/tools/compiler/gcc-arm-none-eabi-7-2017-q4-major-win32/bin/../lib/gcc/arm-none-eabi/7.2.1/../../../../arm-none-eabi/lib/thumb/v7-ar\libg.a(lib_a-findfp.o)
                0x80000734                __fp_lock_all
 .text.__fp_unlock_all
                0x8000075c       0x28 c:/ti/ccs1020/ccs/tools/compiler/gcc-arm-none-eabi-7-2017-q4-major-win32/bin/../lib/gcc/arm-none-eabi/7.2.1/../../../../arm-none-eabi/lib/thumb/v7-ar\libg.a(lib_a-findfp.o)
                0x8000075c                __fp_unlock_all
 .text          0x80000784        0x0 c:/ti/ccs1020/ccs/tools/compiler/gcc-arm-none-eabi-7-2017-q4-major-win32/bin/../lib/gcc/arm-none-eabi/7.2.1/../../../../arm-none-eabi/lib/thumb/v7-ar\libg.a(lib_a-fini.o)
 .text.__libc_fini_array
                0x80000784       0x30 c:/ti/ccs1020/ccs/tools/compiler/gcc-arm-none-eabi-7-2017-q4-major-win32/bin/../lib/gcc/arm-none-eabi/7.2.1/../../../../arm-none-eabi/lib/thumb/v7-ar\libg.a(lib_a-fini.o)
                0x80000784                __libc_fini_array
 .text          0x800007b4        0x0 c:/ti/ccs1020/ccs/tools/compiler/gcc-arm-none-eabi-7-2017-q4-major-win32/bin/../lib/gcc/arm-none-eabi/7.2.1/../../../../arm-none-eabi/lib/thumb/v7-ar\libg.a(lib_a-fvwrite.o)
 .text.__sfvwrite_r
                0x800007b4      0x320 c:/ti/ccs1020/ccs/tools/compiler/gcc-arm-none-eabi-7-2017-q4-major-win32/bin/../lib/gcc/arm-none-eabi/7.2.1/../../../../arm-none-eabi/lib/thumb/v7-ar\libg.a(lib_a-fvwrite.o)
                0x800007b4                __sfvwrite_r
 .text          0x80000ad4        0x0 c:/ti/ccs1020/ccs/tools/compiler/gcc-arm-none-eabi-7-2017-q4-major-win32/bin/../lib/gcc/arm-none-eabi/7.2.1/../../../../arm-none-eabi/lib/thumb/v7-ar\libg.a(lib_a-fwalk.o)
 .text._fwalk   0x80000ad4       0x44 c:/ti/ccs1020/ccs/tools/compiler/gcc-arm-none-eabi-7-2017-q4-major-win32/bin/../lib/gcc/arm-none-eabi/7.2.1/../../../../arm-none-eabi/lib/thumb/v7-ar\libg.a(lib_a-fwalk.o)
                0x80000ad4                _fwalk
 .text._fwalk_reent
                0x80000b18       0x4c c:/ti/ccs1020/ccs/tools/compiler/gcc-arm-none-eabi-7-2017-q4-major-win32/bin/../lib/gcc/arm-none-eabi/7.2.1/../../../../arm-none-eabi/lib/thumb/v7-ar\libg.a(lib_a-fwalk.o)
                0x80000b18                _fwalk_reent
 .text          0x80000b64        0x0 c:/ti/ccs1020/ccs/tools/compiler/gcc-arm-none-eabi-7-2017-q4-major-win32/bin/../lib/gcc/arm-none-eabi/7.2.1/../../../../arm-none-eabi/lib/thumb/v7-ar\libg.a(lib_a-lock.o)
 .text.__retarget_lock_init
                0x80000b64        0x4 c:/ti/ccs1020/ccs/tools/compiler/gcc-arm-none-eabi-7-2017-q4-major-win32/bin/../lib/gcc/arm-none-eabi/7.2.1/../../../../arm-none-eabi/lib/thumb/v7-ar\libg.a(lib_a-lock.o)
                0x80000b64                __retarget_lock_init
 .text.__retarget_lock_init_recursive
                0x80000b68        0x4 c:/ti/ccs1020/ccs/tools/compiler/gcc-arm-none-eabi-7-2017-q4-major-win32/bin/../lib/gcc/arm-none-eabi/7.2.1/../../../../arm-none-eabi/lib/thumb/v7-ar\libg.a(lib_a-lock.o)
                0x80000b68                __retarget_lock_init_recursive
 .text.__retarget_lock_close
                0x80000b6c        0x4 c:/ti/ccs1020/ccs/tools/compiler/gcc-arm-none-eabi-7-2017-q4-major-win32/bin/../lib/gcc/arm-none-eabi/7.2.1/../../../../arm-none-eabi/lib/thumb/v7-ar\libg.a(lib_a-lock.o)
                0x80000b6c                __retarget_lock_close
 .text.__retarget_lock_close_recursive
                0x80000b70        0x4 c:/ti/ccs1020/ccs/tools/compiler/gcc-arm-none-eabi-7-2017-q4-major-win32/bin/../lib/gcc/arm-none-eabi/7.2.1/../../../../arm-none-eabi/lib/thumb/v7-ar\libg.a(lib_a-lock.o)
                0x80000b70                __retarget_lock_close_recursive
 .text.__retarget_lock_acquire
                0x80000b74        0x4 c:/ti/ccs1020/ccs/tools/compiler/gcc-arm-none-eabi-7-2017-q4-major-win32/bin/../lib/gcc/arm-none-eabi/7.2.1/../../../../arm-none-eabi/lib/thumb/v7-ar\libg.a(lib_a-lock.o)
                0x80000b74                __retarget_lock_acquire
 .text.__retarget_lock_acquire_recursive
                0x80000b78        0x4 c:/ti/ccs1020/ccs/tools/compiler/gcc-arm-none-eabi-7-2017-q4-major-win32/bin/../lib/gcc/arm-none-eabi/7.2.1/../../../../arm-none-eabi/lib/thumb/v7-ar\libg.a(lib_a-lock.o)
                0x80000b78                __retarget_lock_acquire_recursive
 .text.__retarget_lock_try_acquire
                0x80000b7c        0x4 c:/ti/ccs1020/ccs/tools/compiler/gcc-arm-none-eabi-7-2017-q4-major-win32/bin/../lib/gcc/arm-none-eabi/7.2.1/../../../../arm-none-eabi/lib/thumb/v7-ar\libg.a(lib_a-lock.o)
                0x80000b7c                __retarget_lock_try_acquire
 .text.__retarget_lock_try_acquire_recursive
                0x80000b80        0x4 c:/ti/ccs1020/ccs/tools/compiler/gcc-arm-none-eabi-7-2017-q4-major-win32/bin/../lib/gcc/arm-none-eabi/7.2.1/../../../../arm-none-eabi/lib/thumb/v7-ar\libg.a(lib_a-lock.o)
                0x80000b80                __retarget_lock_try_acquire_recursive
 .text.__retarget_lock_release
                0x80000b84        0x4 c:/ti/ccs1020/ccs/tools/compiler/gcc-arm-none-eabi-7-2017-q4-major-win32/bin/../lib/gcc/arm-none-eabi/7.2.1/../../../../arm-none-eabi/lib/thumb/v7-ar\libg.a(lib_a-lock.o)
                0x80000b84                __retarget_lock_release
 .text.__retarget_lock_release_recursive
                0x80000b88        0x4 c:/ti/ccs1020/ccs/tools/compiler/gcc-arm-none-eabi-7-2017-q4-major-win32/bin/../lib/gcc/arm-none-eabi/7.2.1/../../../../arm-none-eabi/lib/thumb/v7-ar\libg.a(lib_a-lock.o)
                0x80000b88                __retarget_lock_release_recursive
 .text          0x80000b8c        0x0 c:/ti/ccs1020/ccs/tools/compiler/gcc-arm-none-eabi-7-2017-q4-major-win32/bin/../lib/gcc/arm-none-eabi/7.2.1/../../../../arm-none-eabi/lib/thumb/v7-ar\libg.a(lib_a-mallocr.o)
 .text._malloc_r
                0x80000b8c      0x580 c:/ti/ccs1020/ccs/tools/compiler/gcc-arm-none-eabi-7-2017-q4-major-win32/bin/../lib/gcc/arm-none-eabi/7.2.1/../../../../arm-none-eabi/lib/thumb/v7-ar\libg.a(lib_a-mallocr.o)
                0x80000b8c                _malloc_r
 .text          0x8000110c        0x0 c:/ti/ccs1020/ccs/tools/compiler/gcc-arm-none-eabi-7-2017-q4-major-win32/bin/../lib/gcc/arm-none-eabi/7.2.1/../../../../arm-none-eabi/lib/thumb/v7-ar\libg.a(lib_a-memchr-stub.o)
 .text.memchr   0x8000110c       0x8c c:/ti/ccs1020/ccs/tools/compiler/gcc-arm-none-eabi-7-2017-q4-major-win32/bin/../lib/gcc/arm-none-eabi/7.2.1/../../../../arm-none-eabi/lib/thumb/v7-ar\libg.a(lib_a-memchr-stub.o)
                0x8000110c                memchr
 .text          0x80001198       0xec c:/ti/ccs1020/ccs/tools/compiler/gcc-arm-none-eabi-7-2017-q4-major-win32/bin/../lib/gcc/arm-none-eabi/7.2.1/../../../../arm-none-eabi/lib/thumb/v7-ar\libg.a(lib_a-memcpy.o)
                0x80001198                memcpy
 .text          0x80001284        0x0 c:/ti/ccs1020/ccs/tools/compiler/gcc-arm-none-eabi-7-2017-q4-major-win32/bin/../lib/gcc/arm-none-eabi/7.2.1/../../../../arm-none-eabi/lib/thumb/v7-ar\libg.a(lib_a-memmove.o)
 .text.memmove  0x80001284       0xc8 c:/ti/ccs1020/ccs/tools/compiler/gcc-arm-none-eabi-7-2017-q4-major-win32/bin/../lib/gcc/arm-none-eabi/7.2.1/../../../../arm-none-eabi/lib/thumb/v7-ar\libg.a(lib_a-memmove.o)
                0x80001284                memmove
 .text          0x8000134c        0x0 c:/ti/ccs1020/ccs/tools/compiler/gcc-arm-none-eabi-7-2017-q4-major-win32/bin/../lib/gcc/arm-none-eabi/7.2.1/../../../../arm-none-eabi/lib/thumb/v7-ar\libg.a(lib_a-mlock.o)
 .text.__malloc_lock
                0x8000134c        0xc c:/ti/ccs1020/ccs/tools/compiler/gcc-arm-none-eabi-7-2017-q4-major-win32/bin/../lib/gcc/arm-none-eabi/7.2.1/../../../../arm-none-eabi/lib/thumb/v7-ar\libg.a(lib_a-mlock.o)
                0x8000134c                __malloc_lock
 .text.__malloc_unlock
                0x80001358        0xc c:/ti/ccs1020/ccs/tools/compiler/gcc-arm-none-eabi-7-2017-q4-major-win32/bin/../lib/gcc/arm-none-eabi/7.2.1/../../../../arm-none-eabi/lib/thumb/v7-ar\libg.a(lib_a-mlock.o)
                0x80001358                __malloc_unlock
 .text          0x80001364        0x0 c:/ti/ccs1020/ccs/tools/compiler/gcc-arm-none-eabi-7-2017-q4-major-win32/bin/../lib/gcc/arm-none-eabi/7.2.1/../../../../arm-none-eabi/lib/thumb/v7-ar\libg.a(lib_a-reallocr.o)
 .text._realloc_r
                0x80001364      0x35c c:/ti/ccs1020/ccs/tools/compiler/gcc-arm-none-eabi-7-2017-q4-major-win32/bin/../lib/gcc/arm-none-eabi/7.2.1/../../../../arm-none-eabi/lib/thumb/v7-ar\libg.a(lib_a-reallocr.o)
                0x80001364                _realloc_r
 .text          0x800016c0        0x0 c:/ti/ccs1020/ccs/tools/compiler/gcc-arm-none-eabi-7-2017-q4-major-win32/bin/../lib/gcc/arm-none-eabi/7.2.1/../../../../arm-none-eabi/lib/thumb/v7-ar\libg.a(lib_a-sbrkr.o)
 .text._sbrk_r  0x800016c0       0x28 c:/ti/ccs1020/ccs/tools/compiler/gcc-arm-none-eabi-7-2017-q4-major-win32/bin/../lib/gcc/arm-none-eabi/7.2.1/../../../../arm-none-eabi/lib/thumb/v7-ar\libg.a(lib_a-sbrkr.o)
                0x800016c0                _sbrk_r
 .text          0x800016e8        0x0 c:/ti/ccs1020/ccs/tools/compiler/gcc-arm-none-eabi-7-2017-q4-major-win32/bin/../lib/gcc/arm-none-eabi/7.2.1/../../../../arm-none-eabi/lib/thumb/v7-ar\libg.a(lib_a-stdio.o)
 .text.__sread  0x800016e8       0x24 c:/ti/ccs1020/ccs/tools/compiler/gcc-arm-none-eabi-7-2017-q4-major-win32/bin/../lib/gcc/arm-none-eabi/7.2.1/../../../../arm-none-eabi/lib/thumb/v7-ar\libg.a(lib_a-stdio.o)
                0x800016e8                __sread
 .text.__seofread
                0x8000170c        0x4 c:/ti/ccs1020/ccs/tools/compiler/gcc-arm-none-eabi-7-2017-q4-major-win32/bin/../lib/gcc/arm-none-eabi/7.2.1/../../../../arm-none-eabi/lib/thumb/v7-ar\libg.a(lib_a-stdio.o)
                0x8000170c                __seofread
 .text.__swrite
                0x80001710       0x3c c:/ti/ccs1020/ccs/tools/compiler/gcc-arm-none-eabi-7-2017-q4-major-win32/bin/../lib/gcc/arm-none-eabi/7.2.1/../../../../arm-none-eabi/lib/thumb/v7-ar\libg.a(lib_a-stdio.o)
                0x80001710                __swrite
 .text.__sseek  0x8000174c       0x20 c:/ti/ccs1020/ccs/tools/compiler/gcc-arm-none-eabi-7-2017-q4-major-win32/bin/../lib/gcc/arm-none-eabi/7.2.1/../../../../arm-none-eabi/lib/thumb/v7-ar\libg.a(lib_a-stdio.o)
                0x8000174c                __sseek
 .text.__sclose
                0x8000176c        0x8 c:/ti/ccs1020/ccs/tools/compiler/gcc-arm-none-eabi-7-2017-q4-major-win32/bin/../lib/gcc/arm-none-eabi/7.2.1/../../../../arm-none-eabi/lib/thumb/v7-ar\libg.a(lib_a-stdio.o)
                0x8000176c                __sclose
 .text          0x80001774        0x0 c:/ti/ccs1020/ccs/tools/compiler/gcc-arm-none-eabi-7-2017-q4-major-win32/bin/../lib/gcc/arm-none-eabi/7.2.1/../../../../arm-none-eabi/lib/thumb/v7-ar\libg.a(lib_a-writer.o)
 .text._write_r
                0x80001774       0x2c c:/ti/ccs1020/ccs/tools/compiler/gcc-arm-none-eabi-7-2017-q4-major-win32/bin/../lib/gcc/arm-none-eabi/7.2.1/../../../../arm-none-eabi/lib/thumb/v7-ar\libg.a(lib_a-writer.o)
                0x80001774                _write_r
 .text          0x800017a0        0x0 c:/ti/ccs1020/ccs/tools/compiler/gcc-arm-none-eabi-7-2017-q4-major-win32/bin/../lib/gcc/arm-none-eabi/7.2.1/../../../../arm-none-eabi/lib/thumb/v7-ar\libg.a(lib_a-wsetup.o)
 .text.__swsetup_r
                0x800017a0       0xc8 c:/ti/ccs1020/ccs/tools/compiler/gcc-arm-none-eabi-7-2017-q4-major-win32/bin/../lib/gcc/arm-none-eabi/7.2.1/../../../../arm-none-eabi/lib/thumb/v7-ar\libg.a(lib_a-wsetup.o)
                0x800017a0                __swsetup_r
 .text          0x80001868        0x0 c:/ti/ccs1020/ccs/tools/compiler/gcc-arm-none-eabi-7-2017-q4-major-win32/bin/../lib/gcc/arm-none-eabi/7.2.1/../../../../arm-none-eabi/lib/thumb/v7-ar\libg.a(lib_a-__atexit.o)
 .text.__register_exitproc
                0x80001868       0xd0 c:/ti/ccs1020/ccs/tools/compiler/gcc-arm-none-eabi-7-2017-q4-major-win32/bin/../lib/gcc/arm-none-eabi/7.2.1/../../../../arm-none-eabi/lib/thumb/v7-ar\libg.a(lib_a-__atexit.o)
                0x80001868                __register_exitproc
 .text          0x80001938        0x0 c:/ti/ccs1020/ccs/tools/compiler/gcc-arm-none-eabi-7-2017-q4-major-win32/bin/../lib/gcc/arm-none-eabi/7.2.1/../../../../arm-none-eabi/lib/thumb/v7-ar\libg.a(lib_a-closer.o)
 .text._close_r
                0x80001938       0x28 c:/ti/ccs1020/ccs/tools/compiler/gcc-arm-none-eabi-7-2017-q4-major-win32/bin/../lib/gcc/arm-none-eabi/7.2.1/../../../../arm-none-eabi/lib/thumb/v7-ar\libg.a(lib_a-closer.o)
                0x80001938                _close_r
 .text          0x80001960        0x0 c:/ti/ccs1020/ccs/tools/compiler/gcc-arm-none-eabi-7-2017-q4-major-win32/bin/../lib/gcc/arm-none-eabi/7.2.1/../../../../arm-none-eabi/lib/thumb/v7-ar\libg.a(lib_a-fclose.o)
 .text._fclose_r
                0x80001960       0xd0 c:/ti/ccs1020/ccs/tools/compiler/gcc-arm-none-eabi-7-2017-q4-major-win32/bin/../lib/gcc/arm-none-eabi/7.2.1/../../../../arm-none-eabi/lib/thumb/v7-ar\libg.a(lib_a-fclose.o)
                0x80001960                _fclose_r
 .text.fclose   0x80001a30       0x10 c:/ti/ccs1020/ccs/tools/compiler/gcc-arm-none-eabi-7-2017-q4-major-win32/bin/../lib/gcc/arm-none-eabi/7.2.1/../../../../arm-none-eabi/lib/thumb/v7-ar\libg.a(lib_a-fclose.o)
                0x80001a30                fclose
 .text          0x80001a40        0x0 c:/ti/ccs1020/ccs/tools/compiler/gcc-arm-none-eabi-7-2017-q4-major-win32/bin/../lib/gcc/arm-none-eabi/7.2.1/../../../../arm-none-eabi/lib/thumb/v7-ar\libg.a(lib_a-fflush.o)
 .text.__sflush_r
                0x80001a40      0x158 c:/ti/ccs1020/ccs/tools/compiler/gcc-arm-none-eabi-7-2017-q4-major-win32/bin/../lib/gcc/arm-none-eabi/7.2.1/../../../../arm-none-eabi/lib/thumb/v7-ar\libg.a(lib_a-fflush.o)
                0x80001a40                __sflush_r
 .text._fflush_r
                0x80001b98       0x5c c:/ti/ccs1020/ccs/tools/compiler/gcc-arm-none-eabi-7-2017-q4-major-win32/bin/../lib/gcc/arm-none-eabi/7.2.1/../../../../arm-none-eabi/lib/thumb/v7-ar\libg.a(lib_a-fflush.o)
                0x80001b98                _fflush_r
 .text.fflush   0x80001bf4       0x28 c:/ti/ccs1020/ccs/tools/compiler/gcc-arm-none-eabi-7-2017-q4-major-win32/bin/../lib/gcc/arm-none-eabi/7.2.1/../../../../arm-none-eabi/lib/thumb/v7-ar\libg.a(lib_a-fflush.o)
                0x80001bf4                fflush
 .text          0x80001c1c        0x0 c:/ti/ccs1020/ccs/tools/compiler/gcc-arm-none-eabi-7-2017-q4-major-win32/bin/../lib/gcc/arm-none-eabi/7.2.1/../../../../arm-none-eabi/lib/thumb/v7-ar\libg.a(lib_a-freer.o)
 .text._malloc_trim_r
                0x80001c1c       0xac c:/ti/ccs1020/ccs/tools/compiler/gcc-arm-none-eabi-7-2017-q4-major-win32/bin/../lib/gcc/arm-none-eabi/7.2.1/../../../../arm-none-eabi/lib/thumb/v7-ar\libg.a(lib_a-freer.o)
                0x80001c1c                _malloc_trim_r
 .text._free_r  0x80001cc8      0x1ec c:/ti/ccs1020/ccs/tools/compiler/gcc-arm-none-eabi-7-2017-q4-major-win32/bin/../lib/gcc/arm-none-eabi/7.2.1/../../../../arm-none-eabi/lib/thumb/v7-ar\libg.a(lib_a-freer.o)
                0x80001cc8                _free_r
 .text          0x80001eb4        0x0 c:/ti/ccs1020/ccs/tools/compiler/gcc-arm-none-eabi-7-2017-q4-major-win32/bin/../lib/gcc/arm-none-eabi/7.2.1/../../../../arm-none-eabi/lib/thumb/v7-ar\libg.a(lib_a-lseekr.o)
 .text._lseek_r
                0x80001eb4       0x2c c:/ti/ccs1020/ccs/tools/compiler/gcc-arm-none-eabi-7-2017-q4-major-win32/bin/../lib/gcc/arm-none-eabi/7.2.1/../../../../arm-none-eabi/lib/thumb/v7-ar\libg.a(lib_a-lseekr.o)
                0x80001eb4                _lseek_r
 .text          0x80001ee0        0x0 c:/ti/ccs1020/ccs/tools/compiler/gcc-arm-none-eabi-7-2017-q4-major-win32/bin/../lib/gcc/arm-none-eabi/7.2.1/../../../../arm-none-eabi/lib/thumb/v7-ar\libg.a(lib_a-makebuf.o)
 .text.__swhatbuf_r
                0x80001ee0       0x5c c:/ti/ccs1020/ccs/tools/compiler/gcc-arm-none-eabi-7-2017-q4-major-win32/bin/../lib/gcc/arm-none-eabi/7.2.1/../../../../arm-none-eabi/lib/thumb/v7-ar\libg.a(lib_a-makebuf.o)
                0x80001ee0                __swhatbuf_r
 .text.__smakebuf_r
                0x80001f3c       0x9c c:/ti/ccs1020/ccs/tools/compiler/gcc-arm-none-eabi-7-2017-q4-major-win32/bin/../lib/gcc/arm-none-eabi/7.2.1/../../../../arm-none-eabi/lib/thumb/v7-ar\libg.a(lib_a-makebuf.o)
                0x80001f3c                __smakebuf_r
 .text          0x80001fd8        0x0 c:/ti/ccs1020/ccs/tools/compiler/gcc-arm-none-eabi-7-2017-q4-major-win32/bin/../lib/gcc/arm-none-eabi/7.2.1/../../../../arm-none-eabi/lib/thumb/v7-ar\libg.a(lib_a-readr.o)
 .text._read_r  0x80001fd8       0x2c c:/ti/ccs1020/ccs/tools/compiler/gcc-arm-none-eabi-7-2017-q4-major-win32/bin/../lib/gcc/arm-none-eabi/7.2.1/../../../../arm-none-eabi/lib/thumb/v7-ar\libg.a(lib_a-readr.o)
                0x80001fd8                _read_r
 .text          0x80002004        0x0 c:/ti/ccs1020/ccs/tools/compiler/gcc-arm-none-eabi-7-2017-q4-major-win32/bin/../lib/gcc/arm-none-eabi/7.2.1/../../../../arm-none-eabi/lib/thumb/v7-ar\libg.a(lib_a-reent.o)
 .text.cleanup_glue
                0x80002004       0x28 c:/ti/ccs1020/ccs/tools/compiler/gcc-arm-none-eabi-7-2017-q4-major-win32/bin/../lib/gcc/arm-none-eabi/7.2.1/../../../../arm-none-eabi/lib/thumb/v7-ar\libg.a(lib_a-reent.o)
                0x80002004                cleanup_glue
 .text._reclaim_reent
                0x8000202c       0x88 c:/ti/ccs1020/ccs/tools/compiler/gcc-arm-none-eabi-7-2017-q4-major-win32/bin/../lib/gcc/arm-none-eabi/7.2.1/../../../../arm-none-eabi/lib/thumb/v7-ar\libg.a(lib_a-reent.o)
                0x8000202c                _reclaim_reent
 .text          0x800020b4        0x0 c:/ti/ccs1020/ccs/tools/compiler/gcc-arm-none-eabi-7-2017-q4-major-win32/bin/../lib/gcc/arm-none-eabi/7.2.1/../../../../arm-none-eabi/lib/thumb/v7-ar\libg.a(lib_a-fstatr.o)
 .text._fstat_r
                0x800020b4       0x2c c:/ti/ccs1020/ccs/tools/compiler/gcc-arm-none-eabi-7-2017-q4-major-win32/bin/../lib/gcc/arm-none-eabi/7.2.1/../../../../arm-none-eabi/lib/thumb/v7-ar\libg.a(lib_a-fstatr.o)
                0x800020b4                _fstat_r
 .text          0x800020e0        0x0 c:/ti/ccs1020/ccs/tools/compiler/gcc-arm-none-eabi-7-2017-q4-major-win32/bin/../lib/gcc/arm-none-eabi/7.2.1/../../../../arm-none-eabi/lib/thumb/v7-ar\libg.a(lib_a-isattyr.o)
 .text._isatty_r
                0x800020e0       0x28 c:/ti/ccs1020/ccs/tools/compiler/gcc-arm-none-eabi-7-2017-q4-major-win32/bin/../lib/gcc/arm-none-eabi/7.2.1/../../../../arm-none-eabi/lib/thumb/v7-ar\libg.a(lib_a-isattyr.o)
                0x800020e0                _isatty_r
 .text          0x80002108      0x2b0 c:/ti/ccs1020/ccs/tools/compiler/gcc-arm-none-eabi-7-2017-q4-major-win32/bin/../lib/gcc/arm-none-eabi/7.2.1/thumb/v7-ar\libgcc.a(_divsi3.o)
                0x80002108                __divsi3
                0x80002108                __aeabi_idiv
                0x8000239c                __aeabi_idivmod
 .text          0x800023b8        0x4 c:/ti/ccs1020/ccs/tools/compiler/gcc-arm-none-eabi-7-2017-q4-major-win32/bin/../lib/gcc/arm-none-eabi/7.2.1/thumb/v7-ar\libgcc.a(_dvmd_tls.o)
                0x800023b8                __aeabi_idiv0
                0x800023b8                __aeabi_ldiv0
 .text          0x800023bc        0x0 c:/ti/ccs1020/ccs/tools/compiler/gcc-arm-none-eabi-7-2017-q4-major-win32/bin/../lib/gcc/arm-none-eabi/7.2.1/../../../../arm-none-eabi/lib/thumb/v7-ar\librdimon.a(rdimon-syscalls.o)
 .text.findslot
                0x800023bc       0x38 c:/ti/ccs1020/ccs/tools/compiler/gcc-arm-none-eabi-7-2017-q4-major-win32/bin/../lib/gcc/arm-none-eabi/7.2.1/../../../../arm-none-eabi/lib/thumb/v7-ar\librdimon.a(rdimon-syscalls.o)
 .text.checkerror.part.0
                0x800023f4       0x1c c:/ti/ccs1020/ccs/tools/compiler/gcc-arm-none-eabi-7-2017-q4-major-win32/bin/../lib/gcc/arm-none-eabi/7.2.1/../../../../arm-none-eabi/lib/thumb/v7-ar\librdimon.a(rdimon-syscalls.o)
 .text._swiread
                0x80002410       0x2c c:/ti/ccs1020/ccs/tools/compiler/gcc-arm-none-eabi-7-2017-q4-major-win32/bin/../lib/gcc/arm-none-eabi/7.2.1/../../../../arm-none-eabi/lib/thumb/v7-ar\librdimon.a(rdimon-syscalls.o)
                0x80002410                _swiread
 .text._read    0x8000243c       0x54 c:/ti/ccs1020/ccs/tools/compiler/gcc-arm-none-eabi-7-2017-q4-major-win32/bin/../lib/gcc/arm-none-eabi/7.2.1/../../../../arm-none-eabi/lib/thumb/v7-ar\librdimon.a(rdimon-syscalls.o)
                0x8000243c                _read
 .text._swilseek
                0x80002490       0xa8 c:/ti/ccs1020/ccs/tools/compiler/gcc-arm-none-eabi-7-2017-q4-major-win32/bin/../lib/gcc/arm-none-eabi/7.2.1/../../../../arm-none-eabi/lib/thumb/v7-ar\librdimon.a(rdimon-syscalls.o)
                0x80002490                _swilseek
 .text._lseek   0x80002538        0x4 c:/ti/ccs1020/ccs/tools/compiler/gcc-arm-none-eabi-7-2017-q4-major-win32/bin/../lib/gcc/arm-none-eabi/7.2.1/../../../../arm-none-eabi/lib/thumb/v7-ar\librdimon.a(rdimon-syscalls.o)
                0x80002538                _lseek
 .text._swiwrite
                0x8000253c       0x2c c:/ti/ccs1020/ccs/tools/compiler/gcc-arm-none-eabi-7-2017-q4-major-win32/bin/../lib/gcc/arm-none-eabi/7.2.1/../../../../arm-none-eabi/lib/thumb/v7-ar\librdimon.a(rdimon-syscalls.o)
                0x8000253c                _swiwrite
 .text._write   0x80002568       0x78 c:/ti/ccs1020/ccs/tools/compiler/gcc-arm-none-eabi-7-2017-q4-major-win32/bin/../lib/gcc/arm-none-eabi/7.2.1/../../../../arm-none-eabi/lib/thumb/v7-ar\librdimon.a(rdimon-syscalls.o)
                0x80002568                _write
 .text._swiclose
                0x800025e0       0x28 c:/ti/ccs1020/ccs/tools/compiler/gcc-arm-none-eabi-7-2017-q4-major-win32/bin/../lib/gcc/arm-none-eabi/7.2.1/../../../../arm-none-eabi/lib/thumb/v7-ar\librdimon.a(rdimon-syscalls.o)
                0x800025e0                _swiclose
 .text._close   0x80002608       0x70 c:/ti/ccs1020/ccs/tools/compiler/gcc-arm-none-eabi-7-2017-q4-major-win32/bin/../lib/gcc/arm-none-eabi/7.2.1/../../../../arm-none-eabi/lib/thumb/v7-ar\librdimon.a(rdimon-syscalls.o)
                0x80002608                _close
 .text._getpid  0x80002678        0x4 c:/ti/ccs1020/ccs/tools/compiler/gcc-arm-none-eabi-7-2017-q4-major-win32/bin/../lib/gcc/arm-none-eabi/7.2.1/../../../../arm-none-eabi/lib/thumb/v7-ar\librdimon.a(rdimon-syscalls.o)
                0x80002678                _getpid
 .text._sbrk    0x8000267c       0x54 c:/ti/ccs1020/ccs/tools/compiler/gcc-arm-none-eabi-7-2017-q4-major-win32/bin/../lib/gcc/arm-none-eabi/7.2.1/../../../../arm-none-eabi/lib/thumb/v7-ar\librdimon.a(rdimon-syscalls.o)
                0x8000267c                _sbrk
 .text._swistat
                0x800026d0       0x4c c:/ti/ccs1020/ccs/tools/compiler/gcc-arm-none-eabi-7-2017-q4-major-win32/bin/../lib/gcc/arm-none-eabi/7.2.1/../../../../arm-none-eabi/lib/thumb/v7-ar\librdimon.a(rdimon-syscalls.o)
                0x800026d0                _swistat
 .text._fstat   0x8000271c       0x1c c:/ti/ccs1020/ccs/tools/compiler/gcc-arm-none-eabi-7-2017-q4-major-win32/bin/../lib/gcc/arm-none-eabi/7.2.1/../../../../arm-none-eabi/lib/thumb/v7-ar\librdimon.a(rdimon-syscalls.o)
                0x8000271c                _fstat
 .text._stat    0x80002738       0x3c c:/ti/ccs1020/ccs/tools/compiler/gcc-arm-none-eabi-7-2017-q4-major-win32/bin/../lib/gcc/arm-none-eabi/7.2.1/../../../../arm-none-eabi/lib/thumb/v7-ar\librdimon.a(rdimon-syscalls.o)
                0x80002738                _stat
 .text._swiopen
                0x80002774       0xd8 c:/ti/ccs1020/ccs/tools/compiler/gcc-arm-none-eabi-7-2017-q4-major-win32/bin/../lib/gcc/arm-none-eabi/7.2.1/../../../../arm-none-eabi/lib/thumb/v7-ar\librdimon.a(rdimon-syscalls.o)
                0x80002774                _swiopen
 .text._open    0x8000284c       0x14 c:/ti/ccs1020/ccs/tools/compiler/gcc-arm-none-eabi-7-2017-q4-major-win32/bin/../lib/gcc/arm-none-eabi/7.2.1/../../../../arm-none-eabi/lib/thumb/v7-ar\librdimon.a(rdimon-syscalls.o)
                0x8000284c                _open
 .text._get_semihosting_exts
                0x80002860       0xd4 c:/ti/ccs1020/ccs/tools/compiler/gcc-arm-none-eabi-7-2017-q4-major-win32/bin/../lib/gcc/arm-none-eabi/7.2.1/../../../../arm-none-eabi/lib/thumb/v7-ar\librdimon.a(rdimon-syscalls.o)
                0x80002860                _get_semihosting_exts
 .text.initialise_semihosting_exts
                0x80002934       0x40 c:/ti/ccs1020/ccs/tools/compiler/gcc-arm-none-eabi-7-2017-q4-major-win32/bin/../lib/gcc/arm-none-eabi/7.2.1/../../../../arm-none-eabi/lib/thumb/v7-ar\librdimon.a(rdimon-syscalls.o)
 .text._has_ext_exit_extended
                0x80002974       0x1c c:/ti/ccs1020/ccs/tools/compiler/gcc-arm-none-eabi-7-2017-q4-major-win32/bin/../lib/gcc/arm-none-eabi/7.2.1/../../../../arm-none-eabi/lib/thumb/v7-ar\librdimon.a(rdimon-syscalls.o)
                0x80002974                _has_ext_exit_extended
 .text._has_ext_stdout_stderr
                0x80002990       0x1c c:/ti/ccs1020/ccs/tools/compiler/gcc-arm-none-eabi-7-2017-q4-major-win32/bin/../lib/gcc/arm-none-eabi/7.2.1/../../../../arm-none-eabi/lib/thumb/v7-ar\librdimon.a(rdimon-syscalls.o)
                0x80002990                _has_ext_stdout_stderr
 .text.initialise_monitor_handles
                0x800029ac      0x118 c:/ti/ccs1020/ccs/tools/compiler/gcc-arm-none-eabi-7-2017-q4-major-win32/bin/../lib/gcc/arm-none-eabi/7.2.1/../../../../arm-none-eabi/lib/thumb/v7-ar\librdimon.a(rdimon-syscalls.o)
                0x800029ac                initialise_monitor_handles
 .text._link    0x80002ac4       0x10 c:/ti/ccs1020/ccs/tools/compiler/gcc-arm-none-eabi-7-2017-q4-major-win32/bin/../lib/gcc/arm-none-eabi/7.2.1/../../../../arm-none-eabi/lib/thumb/v7-ar\librdimon.a(rdimon-syscalls.o)
                0x80002ac4                _link
 .text._unlink  0x80002ad4       0x3c c:/ti/ccs1020/ccs/tools/compiler/gcc-arm-none-eabi-7-2017-q4-major-win32/bin/../lib/gcc/arm-none-eabi/7.2.1/../../../../arm-none-eabi/lib/thumb/v7-ar\librdimon.a(rdimon-syscalls.o)
                0x80002ad4                _unlink
 .text._gettimeofday
                0x80002b10       0x2c c:/ti/ccs1020/ccs/tools/compiler/gcc-arm-none-eabi-7-2017-q4-major-win32/bin/../lib/gcc/arm-none-eabi/7.2.1/../../../../arm-none-eabi/lib/thumb/v7-ar\librdimon.a(rdimon-syscalls.o)
                0x80002b10                _gettimeofday
 .text._clock   0x80002b3c       0x14 c:/ti/ccs1020/ccs/tools/compiler/gcc-arm-none-eabi-7-2017-q4-major-win32/bin/../lib/gcc/arm-none-eabi/7.2.1/../../../../arm-none-eabi/lib/thumb/v7-ar\librdimon.a(rdimon-syscalls.o)
                0x80002b3c                _clock
 .text._times   0x80002b50       0x20 c:/ti/ccs1020/ccs/tools/compiler/gcc-arm-none-eabi-7-2017-q4-major-win32/bin/../lib/gcc/arm-none-eabi/7.2.1/../../../../arm-none-eabi/lib/thumb/v7-ar\librdimon.a(rdimon-syscalls.o)
                0x80002b50                _times
 .text._isatty  0x80002b70       0x3c c:/ti/ccs1020/ccs/tools/compiler/gcc-arm-none-eabi-7-2017-q4-major-win32/bin/../lib/gcc/arm-none-eabi/7.2.1/../../../../arm-none-eabi/lib/thumb/v7-ar\librdimon.a(rdimon-syscalls.o)
                0x80002b70                _isatty
 .text._system  0x80002bac       0x44 c:/ti/ccs1020/ccs/tools/compiler/gcc-arm-none-eabi-7-2017-q4-major-win32/bin/../lib/gcc/arm-none-eabi/7.2.1/../../../../arm-none-eabi/lib/thumb/v7-ar\librdimon.a(rdimon-syscalls.o)
                0x80002bac                _system
 .text._rename  0x80002bf0       0x3c c:/ti/ccs1020/ccs/tools/compiler/gcc-arm-none-eabi-7-2017-q4-major-win32/bin/../lib/gcc/arm-none-eabi/7.2.1/../../../../arm-none-eabi/lib/thumb/v7-ar\librdimon.a(rdimon-syscalls.o)
                0x80002bf0                _rename
 .text          0x80002c2c        0x0 c:/ti/ccs1020/ccs/tools/compiler/gcc-arm-none-eabi-7-2017-q4-major-win32/bin/../lib/gcc/arm-none-eabi/7.2.1/../../../../arm-none-eabi/lib/thumb/v7-ar\librdimon.a(rdimon-_exit.o)
 .text._exit    0x80002c2c        0x8 c:/ti/ccs1020/ccs/tools/compiler/gcc-arm-none-eabi-7-2017-q4-major-win32/bin/../lib/gcc/arm-none-eabi/7.2.1/../../../../arm-none-eabi/lib/thumb/v7-ar\librdimon.a(rdimon-_exit.o)
                0x80002c2c                _exit
 .text          0x80002c34        0x0 c:/ti/ccs1020/ccs/tools/compiler/gcc-arm-none-eabi-7-2017-q4-major-win32/bin/../lib/gcc/arm-none-eabi/7.2.1/../../../../arm-none-eabi/lib/thumb/v7-ar\librdimon.a(rdimon-_kill.o)
 .text._kill    0x80002c34       0x34 c:/ti/ccs1020/ccs/tools/compiler/gcc-arm-none-eabi-7-2017-q4-major-win32/bin/../lib/gcc/arm-none-eabi/7.2.1/../../../../arm-none-eabi/lib/thumb/v7-ar\librdimon.a(rdimon-_kill.o)
                0x80002c34                _kill
 .text          0x80002c68        0x0 c:/ti/ccs1020/ccs/tools/compiler/gcc-arm-none-eabi-7-2017-q4-major-win32/bin/../lib/gcc/arm-none-eabi/7.2.1/../../../../arm-none-eabi/lib/thumb/v7-ar\libc.a(lib_a-errno.o)
 .text.__errno  0x80002c68        0xc c:/ti/ccs1020/ccs/tools/compiler/gcc-arm-none-eabi-7-2017-q4-major-win32/bin/../lib/gcc/arm-none-eabi/7.2.1/../../../../arm-none-eabi/lib/thumb/v7-ar\libc.a(lib_a-errno.o)
                0x80002c68                __errno
 .text          0x80002c74        0x0 c:/ti/ccs1020/ccs/tools/compiler/gcc-arm-none-eabi-7-2017-q4-major-win32/bin/../lib/gcc/arm-none-eabi/7.2.1/thumb/v7-ar/crtend.o
 .text          0x80002c74        0x0 c:/ti/ccs1020/ccs/tools/compiler/gcc-arm-none-eabi-7-2017-q4-major-win32/bin/../lib/gcc/arm-none-eabi/7.2.1/thumb/v7-ar/crtn.o
 *(.init)
 .init          0x80002c74        0x4 c:/ti/ccs1020/ccs/tools/compiler/gcc-arm-none-eabi-7-2017-q4-major-win32/bin/../lib/gcc/arm-none-eabi/7.2.1/thumb/v7-ar/crti.o
                0x80002c74                _init
 .init          0x80002c78        0x8 c:/ti/ccs1020/ccs/tools/compiler/gcc-arm-none-eabi-7-2017-q4-major-win32/bin/../lib/gcc/arm-none-eabi/7.2.1/thumb/v7-ar/crtn.o
 *(.fini)
 .fini          0x80002c80        0x4 c:/ti/ccs1020/ccs/tools/compiler/gcc-arm-none-eabi-7-2017-q4-major-win32/bin/../lib/gcc/arm-none-eabi/7.2.1/thumb/v7-ar/crti.o
                0x80002c80                _fini
 .fini          0x80002c84        0x8 c:/ti/ccs1020/ccs/tools/compiler/gcc-arm-none-eabi-7-2017-q4-major-win32/bin/../lib/gcc/arm-none-eabi/7.2.1/thumb/v7-ar/crtn.o
 *crtbegin.o(.ctors)
 *crtbegin?.o(.ctors)
 *(EXCLUDE_FILE(*crtend.o *crtend?.o) .ctors)
 *(SORT_BY_NAME(.ctors.*))
 *(.ctors)
 *crtbegin.o(.dtors)
 *crtbegin?.o(.dtors)
 *(EXCLUDE_FILE(*crtend.o *crtend?.o) .dtors)
 *(SORT_BY_NAME(.dtors.*))
 *(.dtors)
 *(.rodata*)
 .rodata.str1.4
                0x80002c8c        0xd ./hello.o
 *fill*         0x80002c99        0x3 
 .rodata._global_impure_ptr
                0x80002c9c        0x4 c:/ti/ccs1020/ccs/tools/compiler/gcc-arm-none-eabi-7-2017-q4-major-win32/bin/../lib/gcc/arm-none-eabi/7.2.1/../../../../arm-none-eabi/lib/thumb/v7-ar\libg.a(lib_a-impure.o)
                0x80002c9c                _global_impure_ptr
 .rodata._puts_r.str1.4
                0x80002ca0        0x2 c:/ti/ccs1020/ccs/tools/compiler/gcc-arm-none-eabi-7-2017-q4-major-win32/bin/../lib/gcc/arm-none-eabi/7.2.1/../../../../arm-none-eabi/lib/thumb/v7-ar\libg.a(lib_a-puts.o)
 *fill*         0x80002ca2        0x2 
 .rodata._get_semihosting_exts.str1.4
                0x80002ca4       0x16 c:/ti/ccs1020/ccs/tools/compiler/gcc-arm-none-eabi-7-2017-q4-major-win32/bin/../lib/gcc/arm-none-eabi/7.2.1/../../../../arm-none-eabi/lib/thumb/v7-ar\librdimon.a(rdimon-syscalls.o)
 *fill*         0x80002cba        0x2 
 .rodata.initialise_monitor_handles.str1.4
                0x80002cbc        0x4 c:/ti/ccs1020/ccs/tools/compiler/gcc-arm-none-eabi-7-2017-q4-major-win32/bin/../lib/gcc/arm-none-eabi/7.2.1/../../../../arm-none-eabi/lib/thumb/v7-ar\librdimon.a(rdimon-syscalls.o)
 *(.eh_frame*)
 .eh_frame      0x80002cc0        0x0 c:/ti/ccs1020/ccs/tools/compiler/gcc-arm-none-eabi-7-2017-q4-major-win32/bin/../lib/gcc/arm-none-eabi/7.2.1/thumb/v7-ar/crtbegin.o
 .eh_frame      0x80002cc0        0x4 c:/ti/ccs1020/ccs/tools/compiler/gcc-arm-none-eabi-7-2017-q4-major-win32/bin/../lib/gcc/arm-none-eabi/7.2.1/thumb/v7-ar/crtend.o

.glue_7         0x80002cc4        0x0
 .glue_7        0x80002cc4        0x0 linker stubs

.glue_7t        0x80002cc4        0x0
 .glue_7t       0x80002cc4        0x0 linker stubs

.vfp11_veneer   0x80002cc4        0x0
 .vfp11_veneer  0x80002cc4        0x0 linker stubs

.v4_bx          0x80002cc4        0x0
 .v4_bx         0x80002cc4        0x0 linker stubs

.iplt           0x80002cc4        0x0
 .iplt          0x80002cc4        0x0 c:/ti/ccs1020/ccs/tools/compiler/gcc-arm-none-eabi-7-2017-q4-major-win32/bin/../lib/gcc/arm-none-eabi/7.2.1/thumb/v7-ar/crtbegin.o

.ARM.extab      0x80002cc4        0x0
 *(.ARM.extab* .gnu.linkonce.armextab.*)
 .ARM.extab     0x80002cc4        0x0 c:/ti/ccs1020/ccs/tools/compiler/gcc-arm-none-eabi-7-2017-q4-major-win32/bin/../lib/gcc/arm-none-eabi/7.2.1/../../../../arm-none-eabi/lib/thumb/v7-ar/rdimon-crt0.o
                0x80002cc4                __exidx_start = .

.ARM.exidx      0x80002cc4        0x8
 *(.ARM.exidx* .gnu.linkonce.armexidx.*)
 .ARM.exidx     0x80002cc4        0x8 c:/ti/ccs1020/ccs/tools/compiler/gcc-arm-none-eabi-7-2017-q4-major-win32/bin/../lib/gcc/arm-none-eabi/7.2.1/../../../../arm-none-eabi/lib/thumb/v7-ar/rdimon-crt0.o
                0x80002ccc                __exidx_end = .

.rel.dyn        0x80002ccc        0x0
 .rel.iplt      0x80002ccc        0x0 c:/ti/ccs1020/ccs/tools/compiler/gcc-arm-none-eabi-7-2017-q4-major-win32/bin/../lib/gcc/arm-none-eabi/7.2.1/thumb/v7-ar/crtbegin.o

.data           0x80002cd0      0x974
                0x80002cd0                . = ALIGN (0x4)
                0x80002cd0                __data_start__ = .
 *(vtable)
 *(.data*)
 .data          0x80002cd0        0x0 c:/ti/ccs1020/ccs/tools/compiler/gcc-arm-none-eabi-7-2017-q4-major-win32/bin/../lib/gcc/arm-none-eabi/7.2.1/thumb/v7-ar/crti.o
 .data          0x80002cd0        0x4 c:/ti/ccs1020/ccs/tools/compiler/gcc-arm-none-eabi-7-2017-q4-major-win32/bin/../lib/gcc/arm-none-eabi/7.2.1/thumb/v7-ar/crtbegin.o
                0x80002cd0                __dso_handle
 .data          0x80002cd4      0x118 c:/ti/ccs1020/ccs/tools/compiler/gcc-arm-none-eabi-7-2017-q4-major-win32/bin/../lib/gcc/arm-none-eabi/7.2.1/../../../../arm-none-eabi/lib/thumb/v7-ar/rdimon-crt0.o
                0x80002cdc                __stack_base__
 .data          0x80002dec        0x0 ./hello.o
 .data          0x80002dec        0x0 ./startup_ARMCA15.o
 .data          0x80002dec        0x0 c:/ti/ccs1020/ccs/tools/compiler/gcc-arm-none-eabi-7-2017-q4-major-win32/bin/../lib/gcc/arm-none-eabi/7.2.1/../../../../arm-none-eabi/lib/thumb/v7-ar\libg.a(lib_a-exit.o)
 .data          0x80002dec        0x0 c:/ti/ccs1020/ccs/tools/compiler/gcc-arm-none-eabi-7-2017-q4-major-win32/bin/../lib/gcc/arm-none-eabi/7.2.1/../../../../arm-none-eabi/lib/thumb/v7-ar\libg.a(lib_a-impure.o)
 .data._impure_ptr
                0x80002dec        0x4 c:/ti/ccs1020/ccs/tools/compiler/gcc-arm-none-eabi-7-2017-q4-major-win32/bin/../lib/gcc/arm-none-eabi/7.2.1/../../../../arm-none-eabi/lib/thumb/v7-ar\libg.a(lib_a-impure.o)
                0x80002dec                _impure_ptr
 .data.impure_data
                0x80002df0      0x428 c:/ti/ccs1020/ccs/tools/compiler/gcc-arm-none-eabi-7-2017-q4-major-win32/bin/../lib/gcc/arm-none-eabi/7.2.1/../../../../arm-none-eabi/lib/thumb/v7-ar\libg.a(lib_a-impure.o)
 .data          0x80003218        0x0 c:/ti/ccs1020/ccs/tools/compiler/gcc-arm-none-eabi-7-2017-q4-major-win32/bin/../lib/gcc/arm-none-eabi/7.2.1/../../../../arm-none-eabi/lib/thumb/v7-ar\libg.a(lib_a-init.o)
 .data          0x80003218        0x0 c:/ti/ccs1020/ccs/tools/compiler/gcc-arm-none-eabi-7-2017-q4-major-win32/bin/../lib/gcc/arm-none-eabi/7.2.1/../../../../arm-none-eabi/lib/thumb/v7-ar\libg.a(lib_a-memset.o)
 .data          0x80003218        0x0 c:/ti/ccs1020/ccs/tools/compiler/gcc-arm-none-eabi-7-2017-q4-major-win32/bin/../lib/gcc/arm-none-eabi/7.2.1/../../../../arm-none-eabi/lib/thumb/v7-ar\libg.a(lib_a-puts.o)
 .data          0x80003218        0x0 c:/ti/ccs1020/ccs/tools/compiler/gcc-arm-none-eabi-7-2017-q4-major-win32/bin/../lib/gcc/arm-none-eabi/7.2.1/../../../../arm-none-eabi/lib/thumb/v7-ar\libg.a(lib_a-strlen-stub.o)
 .data          0x80003218        0x0 c:/ti/ccs1020/ccs/tools/compiler/gcc-arm-none-eabi-7-2017-q4-major-win32/bin/../lib/gcc/arm-none-eabi/7.2.1/../../../../arm-none-eabi/lib/thumb/v7-ar\libg.a(lib_a-__call_atexit.o)
 .data.__atexit_recursive_mutex
                0x80003218        0x4 c:/ti/ccs1020/ccs/tools/compiler/gcc-arm-none-eabi-7-2017-q4-major-win32/bin/../lib/gcc/arm-none-eabi/7.2.1/../../../../arm-none-eabi/lib/thumb/v7-ar\libg.a(lib_a-__call_atexit.o)
                0x80003218                __atexit_recursive_mutex
 .data          0x8000321c        0x0 c:/ti/ccs1020/ccs/tools/compiler/gcc-arm-none-eabi-7-2017-q4-major-win32/bin/../lib/gcc/arm-none-eabi/7.2.1/../../../../arm-none-eabi/lib/thumb/v7-ar\libg.a(lib_a-atexit.o)
 .data          0x8000321c        0x0 c:/ti/ccs1020/ccs/tools/compiler/gcc-arm-none-eabi-7-2017-q4-major-win32/bin/../lib/gcc/arm-none-eabi/7.2.1/../../../../arm-none-eabi/lib/thumb/v7-ar\libg.a(lib_a-findfp.o)
 .data          0x8000321c        0x0 c:/ti/ccs1020/ccs/tools/compiler/gcc-arm-none-eabi-7-2017-q4-major-win32/bin/../lib/gcc/arm-none-eabi/7.2.1/../../../../arm-none-eabi/lib/thumb/v7-ar\libg.a(lib_a-fini.o)
 .data          0x8000321c        0x0 c:/ti/ccs1020/ccs/tools/compiler/gcc-arm-none-eabi-7-2017-q4-major-win32/bin/../lib/gcc/arm-none-eabi/7.2.1/../../../../arm-none-eabi/lib/thumb/v7-ar\libg.a(lib_a-fvwrite.o)
 .data          0x8000321c        0x0 c:/ti/ccs1020/ccs/tools/compiler/gcc-arm-none-eabi-7-2017-q4-major-win32/bin/../lib/gcc/arm-none-eabi/7.2.1/../../../../arm-none-eabi/lib/thumb/v7-ar\libg.a(lib_a-fwalk.o)
 .data          0x8000321c        0x0 c:/ti/ccs1020/ccs/tools/compiler/gcc-arm-none-eabi-7-2017-q4-major-win32/bin/../lib/gcc/arm-none-eabi/7.2.1/../../../../arm-none-eabi/lib/thumb/v7-ar\libg.a(lib_a-lock.o)
 .data          0x8000321c        0x0 c:/ti/ccs1020/ccs/tools/compiler/gcc-arm-none-eabi-7-2017-q4-major-win32/bin/../lib/gcc/arm-none-eabi/7.2.1/../../../../arm-none-eabi/lib/thumb/v7-ar\libg.a(lib_a-mallocr.o)
 .data.__malloc_av_
                0x8000321c      0x408 c:/ti/ccs1020/ccs/tools/compiler/gcc-arm-none-eabi-7-2017-q4-major-win32/bin/../lib/gcc/arm-none-eabi/7.2.1/../../../../arm-none-eabi/lib/thumb/v7-ar\libg.a(lib_a-mallocr.o)
                0x8000321c                __malloc_av_
 .data.__malloc_sbrk_base
                0x80003624        0x4 c:/ti/ccs1020/ccs/tools/compiler/gcc-arm-none-eabi-7-2017-q4-major-win32/bin/../lib/gcc/arm-none-eabi/7.2.1/../../../../arm-none-eabi/lib/thumb/v7-ar\libg.a(lib_a-mallocr.o)
                0x80003624                __malloc_sbrk_base
 .data.__malloc_trim_threshold
                0x80003628        0x4 c:/ti/ccs1020/ccs/tools/compiler/gcc-arm-none-eabi-7-2017-q4-major-win32/bin/../lib/gcc/arm-none-eabi/7.2.1/../../../../arm-none-eabi/lib/thumb/v7-ar\libg.a(lib_a-mallocr.o)
                0x80003628                __malloc_trim_threshold
 .data          0x8000362c        0x0 c:/ti/ccs1020/ccs/tools/compiler/gcc-arm-none-eabi-7-2017-q4-major-win32/bin/../lib/gcc/arm-none-eabi/7.2.1/../../../../arm-none-eabi/lib/thumb/v7-ar\libg.a(lib_a-memchr-stub.o)
 .data          0x8000362c        0x0 c:/ti/ccs1020/ccs/tools/compiler/gcc-arm-none-eabi-7-2017-q4-major-win32/bin/../lib/gcc/arm-none-eabi/7.2.1/../../../../arm-none-eabi/lib/thumb/v7-ar\libg.a(lib_a-memcpy.o)
 .data          0x8000362c        0x0 c:/ti/ccs1020/ccs/tools/compiler/gcc-arm-none-eabi-7-2017-q4-major-win32/bin/../lib/gcc/arm-none-eabi/7.2.1/../../../../arm-none-eabi/lib/thumb/v7-ar\libg.a(lib_a-memmove.o)
 .data          0x8000362c        0x0 c:/ti/ccs1020/ccs/tools/compiler/gcc-arm-none-eabi-7-2017-q4-major-win32/bin/../lib/gcc/arm-none-eabi/7.2.1/../../../../arm-none-eabi/lib/thumb/v7-ar\libg.a(lib_a-mlock.o)
 .data          0x8000362c        0x0 c:/ti/ccs1020/ccs/tools/compiler/gcc-arm-none-eabi-7-2017-q4-major-win32/bin/../lib/gcc/arm-none-eabi/7.2.1/../../../../arm-none-eabi/lib/thumb/v7-ar\libg.a(lib_a-reallocr.o)
 .data          0x8000362c        0x0 c:/ti/ccs1020/ccs/tools/compiler/gcc-arm-none-eabi-7-2017-q4-major-win32/bin/../lib/gcc/arm-none-eabi/7.2.1/../../../../arm-none-eabi/lib/thumb/v7-ar\libg.a(lib_a-sbrkr.o)
 .data          0x8000362c        0x0 c:/ti/ccs1020/ccs/tools/compiler/gcc-arm-none-eabi-7-2017-q4-major-win32/bin/../lib/gcc/arm-none-eabi/7.2.1/../../../../arm-none-eabi/lib/thumb/v7-ar\libg.a(lib_a-stdio.o)
 .data          0x8000362c        0x0 c:/ti/ccs1020/ccs/tools/compiler/gcc-arm-none-eabi-7-2017-q4-major-win32/bin/../lib/gcc/arm-none-eabi/7.2.1/../../../../arm-none-eabi/lib/thumb/v7-ar\libg.a(lib_a-writer.o)
 .data          0x8000362c        0x0 c:/ti/ccs1020/ccs/tools/compiler/gcc-arm-none-eabi-7-2017-q4-major-win32/bin/../lib/gcc/arm-none-eabi/7.2.1/../../../../arm-none-eabi/lib/thumb/v7-ar\libg.a(lib_a-wsetup.o)
 .data          0x8000362c        0x0 c:/ti/ccs1020/ccs/tools/compiler/gcc-arm-none-eabi-7-2017-q4-major-win32/bin/../lib/gcc/arm-none-eabi/7.2.1/../../../../arm-none-eabi/lib/thumb/v7-ar\libg.a(lib_a-__atexit.o)
 .data          0x8000362c        0x0 c:/ti/ccs1020/ccs/tools/compiler/gcc-arm-none-eabi-7-2017-q4-major-win32/bin/../lib/gcc/arm-none-eabi/7.2.1/../../../../arm-none-eabi/lib/thumb/v7-ar\libg.a(lib_a-closer.o)
 .data          0x8000362c        0x0 c:/ti/ccs1020/ccs/tools/compiler/gcc-arm-none-eabi-7-2017-q4-major-win32/bin/../lib/gcc/arm-none-eabi/7.2.1/../../../../arm-none-eabi/lib/thumb/v7-ar\libg.a(lib_a-fclose.o)
 .data          0x8000362c        0x0 c:/ti/ccs1020/ccs/tools/compiler/gcc-arm-none-eabi-7-2017-q4-major-win32/bin/../lib/gcc/arm-none-eabi/7.2.1/../../../../arm-none-eabi/lib/thumb/v7-ar\libg.a(lib_a-fflush.o)
 .data          0x8000362c        0x0 c:/ti/ccs1020/ccs/tools/compiler/gcc-arm-none-eabi-7-2017-q4-major-win32/bin/../lib/gcc/arm-none-eabi/7.2.1/../../../../arm-none-eabi/lib/thumb/v7-ar\libg.a(lib_a-freer.o)
 .data          0x8000362c        0x0 c:/ti/ccs1020/ccs/tools/compiler/gcc-arm-none-eabi-7-2017-q4-major-win32/bin/../lib/gcc/arm-none-eabi/7.2.1/../../../../arm-none-eabi/lib/thumb/v7-ar\libg.a(lib_a-lseekr.o)
 .data          0x8000362c        0x0 c:/ti/ccs1020/ccs/tools/compiler/gcc-arm-none-eabi-7-2017-q4-major-win32/bin/../lib/gcc/arm-none-eabi/7.2.1/../../../../arm-none-eabi/lib/thumb/v7-ar\libg.a(lib_a-makebuf.o)
 .data          0x8000362c        0x0 c:/ti/ccs1020/ccs/tools/compiler/gcc-arm-none-eabi-7-2017-q4-major-win32/bin/../lib/gcc/arm-none-eabi/7.2.1/../../../../arm-none-eabi/lib/thumb/v7-ar\libg.a(lib_a-readr.o)
 .data          0x8000362c        0x0 c:/ti/ccs1020/ccs/tools/compiler/gcc-arm-none-eabi-7-2017-q4-major-win32/bin/../lib/gcc/arm-none-eabi/7.2.1/../../../../arm-none-eabi/lib/thumb/v7-ar\libg.a(lib_a-reent.o)
 .data          0x8000362c        0x0 c:/ti/ccs1020/ccs/tools/compiler/gcc-arm-none-eabi-7-2017-q4-major-win32/bin/../lib/gcc/arm-none-eabi/7.2.1/../../../../arm-none-eabi/lib/thumb/v7-ar\libg.a(lib_a-fstatr.o)
 .data          0x8000362c        0x0 c:/ti/ccs1020/ccs/tools/compiler/gcc-arm-none-eabi-7-2017-q4-major-win32/bin/../lib/gcc/arm-none-eabi/7.2.1/../../../../arm-none-eabi/lib/thumb/v7-ar\libg.a(lib_a-isattyr.o)
 .data          0x8000362c        0x0 c:/ti/ccs1020/ccs/tools/compiler/gcc-arm-none-eabi-7-2017-q4-major-win32/bin/../lib/gcc/arm-none-eabi/7.2.1/thumb/v7-ar\libgcc.a(_divsi3.o)
 .data          0x8000362c        0x0 c:/ti/ccs1020/ccs/tools/compiler/gcc-arm-none-eabi-7-2017-q4-major-win32/bin/../lib/gcc/arm-none-eabi/7.2.1/thumb/v7-ar\libgcc.a(_dvmd_tls.o)
 .data          0x8000362c        0x0 c:/ti/ccs1020/ccs/tools/compiler/gcc-arm-none-eabi-7-2017-q4-major-win32/bin/../lib/gcc/arm-none-eabi/7.2.1/../../../../arm-none-eabi/lib/thumb/v7-ar\librdimon.a(rdimon-syscalls.o)
 .data.__heap_limit
                0x8000362c        0x4 c:/ti/ccs1020/ccs/tools/compiler/gcc-arm-none-eabi-7-2017-q4-major-win32/bin/../lib/gcc/arm-none-eabi/7.2.1/../../../../arm-none-eabi/lib/thumb/v7-ar\librdimon.a(rdimon-syscalls.o)
                0x8000362c                __heap_limit
 .data.supports_ext_exit_extended
                0x80003630        0x4 c:/ti/ccs1020/ccs/tools/compiler/gcc-arm-none-eabi-7-2017-q4-major-win32/bin/../lib/gcc/arm-none-eabi/7.2.1/../../../../arm-none-eabi/lib/thumb/v7-ar\librdimon.a(rdimon-syscalls.o)
 .data.supports_ext_stdout_stderr
                0x80003634        0x4 c:/ti/ccs1020/ccs/tools/compiler/gcc-arm-none-eabi-7-2017-q4-major-win32/bin/../lib/gcc/arm-none-eabi/7.2.1/../../../../arm-none-eabi/lib/thumb/v7-ar\librdimon.a(rdimon-syscalls.o)
 .data          0x80003638        0x0 c:/ti/ccs1020/ccs/tools/compiler/gcc-arm-none-eabi-7-2017-q4-major-win32/bin/../lib/gcc/arm-none-eabi/7.2.1/../../../../arm-none-eabi/lib/thumb/v7-ar\librdimon.a(rdimon-_exit.o)
 .data          0x80003638        0x0 c:/ti/ccs1020/ccs/tools/compiler/gcc-arm-none-eabi-7-2017-q4-major-win32/bin/../lib/gcc/arm-none-eabi/7.2.1/../../../../arm-none-eabi/lib/thumb/v7-ar\librdimon.a(rdimon-_kill.o)
 .data          0x80003638        0x0 c:/ti/ccs1020/ccs/tools/compiler/gcc-arm-none-eabi-7-2017-q4-major-win32/bin/../lib/gcc/arm-none-eabi/7.2.1/../../../../arm-none-eabi/lib/thumb/v7-ar\libc.a(lib_a-errno.o)
 .data          0x80003638        0x0 c:/ti/ccs1020/ccs/tools/compiler/gcc-arm-none-eabi-7-2017-q4-major-win32/bin/../lib/gcc/arm-none-eabi/7.2.1/thumb/v7-ar/crtend.o
 .data          0x80003638        0x0 c:/ti/ccs1020/ccs/tools/compiler/gcc-arm-none-eabi-7-2017-q4-major-win32/bin/../lib/gcc/arm-none-eabi/7.2.1/thumb/v7-ar/crtn.o
                0x80003638                . = ALIGN (0x4)
                0x80003638                PROVIDE (__preinit_array_start, .)
 *(.preinit_array)
                0x80003638                PROVIDE (__preinit_array_end, .)
                0x80003638                . = ALIGN (0x4)
                0x80003638                PROVIDE (__init_array_start, .)
 *(SORT_BY_NAME(.init_array.*))
 .init_array.00000
                0x80003638        0x4 c:/ti/ccs1020/ccs/tools/compiler/gcc-arm-none-eabi-7-2017-q4-major-win32/bin/../lib/gcc/arm-none-eabi/7.2.1/../../../../arm-none-eabi/lib/thumb/v7-ar\libg.a(lib_a-__call_atexit.o)
 *(.init_array)
 .init_array    0x8000363c        0x4 c:/ti/ccs1020/ccs/tools/compiler/gcc-arm-none-eabi-7-2017-q4-major-win32/bin/../lib/gcc/arm-none-eabi/7.2.1/thumb/v7-ar/crtbegin.o
                0x80003640                PROVIDE (__init_array_end, .)
                0x80003640                . = ALIGN (0x4)
                0x80003640                PROVIDE (__fini_array_start, .)
 *(SORT_BY_NAME(.fini_array.*))
 *(.fini_array)
 .fini_array    0x80003640        0x4 c:/ti/ccs1020/ccs/tools/compiler/gcc-arm-none-eabi-7-2017-q4-major-win32/bin/../lib/gcc/arm-none-eabi/7.2.1/thumb/v7-ar/crtbegin.o
                0x80003644                PROVIDE (__fini_array_end, .)
                0x80003644                . = ALIGN (0x4)
                0x80003644                __data_end__ = .

.igot.plt       0x80003644        0x0
 .igot.plt      0x80003644        0x0 c:/ti/ccs1020/ccs/tools/compiler/gcc-arm-none-eabi-7-2017-q4-major-win32/bin/../lib/gcc/arm-none-eabi/7.2.1/thumb/v7-ar/crtbegin.o

.bss            0x80003644      0x128
                0x80003644                . = ALIGN (0x4)
                0x80003644                __bss_start__ = .
 *(.bss*)
 .bss           0x80003644        0x0 c:/ti/ccs1020/ccs/tools/compiler/gcc-arm-none-eabi-7-2017-q4-major-win32/bin/../lib/gcc/arm-none-eabi/7.2.1/thumb/v7-ar/crti.o
 .bss           0x80003644       0x1c c:/ti/ccs1020/ccs/tools/compiler/gcc-arm-none-eabi-7-2017-q4-major-win32/bin/../lib/gcc/arm-none-eabi/7.2.1/thumb/v7-ar/crtbegin.o
 .bss           0x80003660        0x0 c:/ti/ccs1020/ccs/tools/compiler/gcc-arm-none-eabi-7-2017-q4-major-win32/bin/../lib/gcc/arm-none-eabi/7.2.1/../../../../arm-none-eabi/lib/thumb/v7-ar/rdimon-crt0.o
 .bss           0x80003660        0x0 ./hello.o
 .bss           0x80003660        0x0 ./startup_ARMCA15.o
 .bss           0x80003660        0x0 c:/ti/ccs1020/ccs/tools/compiler/gcc-arm-none-eabi-7-2017-q4-major-win32/bin/../lib/gcc/arm-none-eabi/7.2.1/../../../../arm-none-eabi/lib/thumb/v7-ar\libg.a(lib_a-exit.o)
 .bss           0x80003660        0x0 c:/ti/ccs1020/ccs/tools/compiler/gcc-arm-none-eabi-7-2017-q4-major-win32/bin/../lib/gcc/arm-none-eabi/7.2.1/../../../../arm-none-eabi/lib/thumb/v7-ar\libg.a(lib_a-impure.o)
 .bss           0x80003660        0x0 c:/ti/ccs1020/ccs/tools/compiler/gcc-arm-none-eabi-7-2017-q4-major-win32/bin/../lib/gcc/arm-none-eabi/7.2.1/../../../../arm-none-eabi/lib/thumb/v7-ar\libg.a(lib_a-init.o)
 .bss           0x80003660        0x0 c:/ti/ccs1020/ccs/tools/compiler/gcc-arm-none-eabi-7-2017-q4-major-win32/bin/../lib/gcc/arm-none-eabi/7.2.1/../../../../arm-none-eabi/lib/thumb/v7-ar\libg.a(lib_a-memset.o)
 .bss           0x80003660        0x0 c:/ti/ccs1020/ccs/tools/compiler/gcc-arm-none-eabi-7-2017-q4-major-win32/bin/../lib/gcc/arm-none-eabi/7.2.1/../../../../arm-none-eabi/lib/thumb/v7-ar\libg.a(lib_a-puts.o)
 .bss           0x80003660        0x0 c:/ti/ccs1020/ccs/tools/compiler/gcc-arm-none-eabi-7-2017-q4-major-win32/bin/../lib/gcc/arm-none-eabi/7.2.1/../../../../arm-none-eabi/lib/thumb/v7-ar\libg.a(lib_a-strlen-stub.o)
 .bss           0x80003660        0x0 c:/ti/ccs1020/ccs/tools/compiler/gcc-arm-none-eabi-7-2017-q4-major-win32/bin/../lib/gcc/arm-none-eabi/7.2.1/../../../../arm-none-eabi/lib/thumb/v7-ar\libg.a(lib_a-__call_atexit.o)
 .bss           0x80003660        0x0 c:/ti/ccs1020/ccs/tools/compiler/gcc-arm-none-eabi-7-2017-q4-major-win32/bin/../lib/gcc/arm-none-eabi/7.2.1/../../../../arm-none-eabi/lib/thumb/v7-ar\libg.a(lib_a-atexit.o)
 .bss           0x80003660        0x0 c:/ti/ccs1020/ccs/tools/compiler/gcc-arm-none-eabi-7-2017-q4-major-win32/bin/../lib/gcc/arm-none-eabi/7.2.1/../../../../arm-none-eabi/lib/thumb/v7-ar\libg.a(lib_a-findfp.o)
 .bss           0x80003660        0x0 c:/ti/ccs1020/ccs/tools/compiler/gcc-arm-none-eabi-7-2017-q4-major-win32/bin/../lib/gcc/arm-none-eabi/7.2.1/../../../../arm-none-eabi/lib/thumb/v7-ar\libg.a(lib_a-fini.o)
 .bss           0x80003660        0x0 c:/ti/ccs1020/ccs/tools/compiler/gcc-arm-none-eabi-7-2017-q4-major-win32/bin/../lib/gcc/arm-none-eabi/7.2.1/../../../../arm-none-eabi/lib/thumb/v7-ar\libg.a(lib_a-fvwrite.o)
 .bss           0x80003660        0x0 c:/ti/ccs1020/ccs/tools/compiler/gcc-arm-none-eabi-7-2017-q4-major-win32/bin/../lib/gcc/arm-none-eabi/7.2.1/../../../../arm-none-eabi/lib/thumb/v7-ar\libg.a(lib_a-fwalk.o)
 .bss           0x80003660        0x0 c:/ti/ccs1020/ccs/tools/compiler/gcc-arm-none-eabi-7-2017-q4-major-win32/bin/../lib/gcc/arm-none-eabi/7.2.1/../../../../arm-none-eabi/lib/thumb/v7-ar\libg.a(lib_a-lock.o)
 .bss           0x80003660        0x0 c:/ti/ccs1020/ccs/tools/compiler/gcc-arm-none-eabi-7-2017-q4-major-win32/bin/../lib/gcc/arm-none-eabi/7.2.1/../../../../arm-none-eabi/lib/thumb/v7-ar\libg.a(lib_a-mallocr.o)
 .bss.__malloc_current_mallinfo
                0x80003660       0x28 c:/ti/ccs1020/ccs/tools/compiler/gcc-arm-none-eabi-7-2017-q4-major-win32/bin/../lib/gcc/arm-none-eabi/7.2.1/../../../../arm-none-eabi/lib/thumb/v7-ar\libg.a(lib_a-mallocr.o)
                0x80003660                __malloc_current_mallinfo
 .bss.__malloc_max_sbrked_mem
                0x80003688        0x4 c:/ti/ccs1020/ccs/tools/compiler/gcc-arm-none-eabi-7-2017-q4-major-win32/bin/../lib/gcc/arm-none-eabi/7.2.1/../../../../arm-none-eabi/lib/thumb/v7-ar\libg.a(lib_a-mallocr.o)
                0x80003688                __malloc_max_sbrked_mem
 .bss.__malloc_max_total_mem
                0x8000368c        0x4 c:/ti/ccs1020/ccs/tools/compiler/gcc-arm-none-eabi-7-2017-q4-major-win32/bin/../lib/gcc/arm-none-eabi/7.2.1/../../../../arm-none-eabi/lib/thumb/v7-ar\libg.a(lib_a-mallocr.o)
                0x8000368c                __malloc_max_total_mem
 .bss.__malloc_top_pad
                0x80003690        0x4 c:/ti/ccs1020/ccs/tools/compiler/gcc-arm-none-eabi-7-2017-q4-major-win32/bin/../lib/gcc/arm-none-eabi/7.2.1/../../../../arm-none-eabi/lib/thumb/v7-ar\libg.a(lib_a-mallocr.o)
                0x80003690                __malloc_top_pad
 .bss           0x80003694        0x0 c:/ti/ccs1020/ccs/tools/compiler/gcc-arm-none-eabi-7-2017-q4-major-win32/bin/../lib/gcc/arm-none-eabi/7.2.1/../../../../arm-none-eabi/lib/thumb/v7-ar\libg.a(lib_a-memchr-stub.o)
 .bss           0x80003694        0x0 c:/ti/ccs1020/ccs/tools/compiler/gcc-arm-none-eabi-7-2017-q4-major-win32/bin/../lib/gcc/arm-none-eabi/7.2.1/../../../../arm-none-eabi/lib/thumb/v7-ar\libg.a(lib_a-memcpy.o)
 .bss           0x80003694        0x0 c:/ti/ccs1020/ccs/tools/compiler/gcc-arm-none-eabi-7-2017-q4-major-win32/bin/../lib/gcc/arm-none-eabi/7.2.1/../../../../arm-none-eabi/lib/thumb/v7-ar\libg.a(lib_a-memmove.o)
 .bss           0x80003694        0x0 c:/ti/ccs1020/ccs/tools/compiler/gcc-arm-none-eabi-7-2017-q4-major-win32/bin/../lib/gcc/arm-none-eabi/7.2.1/../../../../arm-none-eabi/lib/thumb/v7-ar\libg.a(lib_a-mlock.o)
 .bss           0x80003694        0x0 c:/ti/ccs1020/ccs/tools/compiler/gcc-arm-none-eabi-7-2017-q4-major-win32/bin/../lib/gcc/arm-none-eabi/7.2.1/../../../../arm-none-eabi/lib/thumb/v7-ar\libg.a(lib_a-reallocr.o)
 .bss           0x80003694        0x0 c:/ti/ccs1020/ccs/tools/compiler/gcc-arm-none-eabi-7-2017-q4-major-win32/bin/../lib/gcc/arm-none-eabi/7.2.1/../../../../arm-none-eabi/lib/thumb/v7-ar\libg.a(lib_a-sbrkr.o)
 .bss           0x80003694        0x0 c:/ti/ccs1020/ccs/tools/compiler/gcc-arm-none-eabi-7-2017-q4-major-win32/bin/../lib/gcc/arm-none-eabi/7.2.1/../../../../arm-none-eabi/lib/thumb/v7-ar\libg.a(lib_a-stdio.o)
 .bss           0x80003694        0x0 c:/ti/ccs1020/ccs/tools/compiler/gcc-arm-none-eabi-7-2017-q4-major-win32/bin/../lib/gcc/arm-none-eabi/7.2.1/../../../../arm-none-eabi/lib/thumb/v7-ar\libg.a(lib_a-writer.o)
 .bss           0x80003694        0x0 c:/ti/ccs1020/ccs/tools/compiler/gcc-arm-none-eabi-7-2017-q4-major-win32/bin/../lib/gcc/arm-none-eabi/7.2.1/../../../../arm-none-eabi/lib/thumb/v7-ar\libg.a(lib_a-wsetup.o)
 .bss           0x80003694        0x0 c:/ti/ccs1020/ccs/tools/compiler/gcc-arm-none-eabi-7-2017-q4-major-win32/bin/../lib/gcc/arm-none-eabi/7.2.1/../../../../arm-none-eabi/lib/thumb/v7-ar\libg.a(lib_a-__atexit.o)
 .bss           0x80003694        0x0 c:/ti/ccs1020/ccs/tools/compiler/gcc-arm-none-eabi-7-2017-q4-major-win32/bin/../lib/gcc/arm-none-eabi/7.2.1/../../../../arm-none-eabi/lib/thumb/v7-ar\libg.a(lib_a-closer.o)
 .bss           0x80003694        0x0 c:/ti/ccs1020/ccs/tools/compiler/gcc-arm-none-eabi-7-2017-q4-major-win32/bin/../lib/gcc/arm-none-eabi/7.2.1/../../../../arm-none-eabi/lib/thumb/v7-ar\libg.a(lib_a-fclose.o)
 .bss           0x80003694        0x0 c:/ti/ccs1020/ccs/tools/compiler/gcc-arm-none-eabi-7-2017-q4-major-win32/bin/../lib/gcc/arm-none-eabi/7.2.1/../../../../arm-none-eabi/lib/thumb/v7-ar\libg.a(lib_a-fflush.o)
 .bss           0x80003694        0x0 c:/ti/ccs1020/ccs/tools/compiler/gcc-arm-none-eabi-7-2017-q4-major-win32/bin/../lib/gcc/arm-none-eabi/7.2.1/../../../../arm-none-eabi/lib/thumb/v7-ar\libg.a(lib_a-freer.o)
 .bss           0x80003694        0x0 c:/ti/ccs1020/ccs/tools/compiler/gcc-arm-none-eabi-7-2017-q4-major-win32/bin/../lib/gcc/arm-none-eabi/7.2.1/../../../../arm-none-eabi/lib/thumb/v7-ar\libg.a(lib_a-lseekr.o)
 .bss           0x80003694        0x0 c:/ti/ccs1020/ccs/tools/compiler/gcc-arm-none-eabi-7-2017-q4-major-win32/bin/../lib/gcc/arm-none-eabi/7.2.1/../../../../arm-none-eabi/lib/thumb/v7-ar\libg.a(lib_a-makebuf.o)
 .bss           0x80003694        0x0 c:/ti/ccs1020/ccs/tools/compiler/gcc-arm-none-eabi-7-2017-q4-major-win32/bin/../lib/gcc/arm-none-eabi/7.2.1/../../../../arm-none-eabi/lib/thumb/v7-ar\libg.a(lib_a-readr.o)
 .bss           0x80003694        0x0 c:/ti/ccs1020/ccs/tools/compiler/gcc-arm-none-eabi-7-2017-q4-major-win32/bin/../lib/gcc/arm-none-eabi/7.2.1/../../../../arm-none-eabi/lib/thumb/v7-ar\libg.a(lib_a-reent.o)
 .bss           0x80003694        0x0 c:/ti/ccs1020/ccs/tools/compiler/gcc-arm-none-eabi-7-2017-q4-major-win32/bin/../lib/gcc/arm-none-eabi/7.2.1/../../../../arm-none-eabi/lib/thumb/v7-ar\libg.a(lib_a-fstatr.o)
 .bss           0x80003694        0x0 c:/ti/ccs1020/ccs/tools/compiler/gcc-arm-none-eabi-7-2017-q4-major-win32/bin/../lib/gcc/arm-none-eabi/7.2.1/../../../../arm-none-eabi/lib/thumb/v7-ar\libg.a(lib_a-isattyr.o)
 .bss           0x80003694        0x0 c:/ti/ccs1020/ccs/tools/compiler/gcc-arm-none-eabi-7-2017-q4-major-win32/bin/../lib/gcc/arm-none-eabi/7.2.1/thumb/v7-ar\libgcc.a(_divsi3.o)
 .bss           0x80003694        0x0 c:/ti/ccs1020/ccs/tools/compiler/gcc-arm-none-eabi-7-2017-q4-major-win32/bin/../lib/gcc/arm-none-eabi/7.2.1/thumb/v7-ar\libgcc.a(_dvmd_tls.o)
 .bss           0x80003694        0x0 c:/ti/ccs1020/ccs/tools/compiler/gcc-arm-none-eabi-7-2017-q4-major-win32/bin/../lib/gcc/arm-none-eabi/7.2.1/../../../../arm-none-eabi/lib/thumb/v7-ar\librdimon.a(rdimon-syscalls.o)
 .bss.heap_end.6259
                0x80003694        0x4 c:/ti/ccs1020/ccs/tools/compiler/gcc-arm-none-eabi-7-2017-q4-major-win32/bin/../lib/gcc/arm-none-eabi/7.2.1/../../../../arm-none-eabi/lib/thumb/v7-ar\librdimon.a(rdimon-syscalls.o)
 .bss.monitor_stderr
                0x80003698        0x4 c:/ti/ccs1020/ccs/tools/compiler/gcc-arm-none-eabi-7-2017-q4-major-win32/bin/../lib/gcc/arm-none-eabi/7.2.1/../../../../arm-none-eabi/lib/thumb/v7-ar\librdimon.a(rdimon-syscalls.o)
 .bss.monitor_stdin
                0x8000369c        0x4 c:/ti/ccs1020/ccs/tools/compiler/gcc-arm-none-eabi-7-2017-q4-major-win32/bin/../lib/gcc/arm-none-eabi/7.2.1/../../../../arm-none-eabi/lib/thumb/v7-ar\librdimon.a(rdimon-syscalls.o)
 .bss.monitor_stdout
                0x800036a0        0x4 c:/ti/ccs1020/ccs/tools/compiler/gcc-arm-none-eabi-7-2017-q4-major-win32/bin/../lib/gcc/arm-none-eabi/7.2.1/../../../../arm-none-eabi/lib/thumb/v7-ar\librdimon.a(rdimon-syscalls.o)
 .bss.openfiles
                0x800036a4       0xa0 c:/ti/ccs1020/ccs/tools/compiler/gcc-arm-none-eabi-7-2017-q4-major-win32/bin/../lib/gcc/arm-none-eabi/7.2.1/../../../../arm-none-eabi/lib/thumb/v7-ar\librdimon.a(rdimon-syscalls.o)
 .bss           0x80003744        0x0 c:/ti/ccs1020/ccs/tools/compiler/gcc-arm-none-eabi-7-2017-q4-major-win32/bin/../lib/gcc/arm-none-eabi/7.2.1/../../../../arm-none-eabi/lib/thumb/v7-ar\librdimon.a(rdimon-_exit.o)
 .bss           0x80003744        0x0 c:/ti/ccs1020/ccs/tools/compiler/gcc-arm-none-eabi-7-2017-q4-major-win32/bin/../lib/gcc/arm-none-eabi/7.2.1/../../../../arm-none-eabi/lib/thumb/v7-ar\librdimon.a(rdimon-_kill.o)
 .bss           0x80003744        0x0 c:/ti/ccs1020/ccs/tools/compiler/gcc-arm-none-eabi-7-2017-q4-major-win32/bin/../lib/gcc/arm-none-eabi/7.2.1/../../../../arm-none-eabi/lib/thumb/v7-ar\libc.a(lib_a-errno.o)
 .bss           0x80003744        0x0 c:/ti/ccs1020/ccs/tools/compiler/gcc-arm-none-eabi-7-2017-q4-major-win32/bin/../lib/gcc/arm-none-eabi/7.2.1/thumb/v7-ar/crtend.o
 .bss           0x80003744        0x0 c:/ti/ccs1020/ccs/tools/compiler/gcc-arm-none-eabi-7-2017-q4-major-win32/bin/../lib/gcc/arm-none-eabi/7.2.1/thumb/v7-ar/crtn.o
 *(COMMON)
 COMMON         0x80003744       0x21 c:/ti/ccs1020/ccs/tools/compiler/gcc-arm-none-eabi-7-2017-q4-major-win32/bin/../lib/gcc/arm-none-eabi/7.2.1/../../../../arm-none-eabi/lib/thumb/v7-ar\libg.a(lib_a-lock.o)
                0x80003744                __lock___atexit_recursive_mutex
                0x80003748                __lock___arc4random_mutex
                0x8000374c                __lock___env_recursive_mutex
                0x80003750                __lock___sinit_recursive_mutex
                0x80003754                __lock___malloc_recursive_mutex
                0x80003758                __lock___at_quick_exit_mutex
                0x8000375c                __lock___dd_hash_mutex
                0x80003760                __lock___tz_mutex
                0x80003764                __lock___sfp_recursive_mutex
 *fill*         0x80003765        0x3 
 COMMON         0x80003768        0x4 c:/ti/ccs1020/ccs/tools/compiler/gcc-arm-none-eabi-7-2017-q4-major-win32/bin/../lib/gcc/arm-none-eabi/7.2.1/../../../../arm-none-eabi/lib/thumb/v7-ar\libg.a(lib_a-reent.o)
                0x80003768                errno
                0x8000376c                __bss_end__ = .

.heap           0x80003770      0x400
 FILL mask 0xdeadbeef
                0x80003770                . = ALIGN (0x4)
                0x80003770                __end__ = .
                0x80003770                end = __end__
                0x80003770                __HeapBase = __end__
 *(.heap*)
 .heap          0x80003770        0x0 ./startup_ARMCA15.o
                0x80003b70                . = (. + HEAPSIZE)
 *fill*         0x80003770      0x400 deadbeef
                0x80003b70                __HeapLimit = .

.stack          0x80003b70    0x10000
 FILL mask 0xbad0bad0
                0x80003b70                . = ALIGN (0x4)
                0x80003b70                __StackLimit = .
 *(.stack*)
 .stack         0x80003b70        0x0 ./startup_ARMCA15.o
                0x80013b70                . = (. + STACKSIZE)
 *fill*         0x80003b70    0x10000 bad0bad0
                0x80013b70                __StackTop = .
                0x80013b70                __StackBase = .
                0x80013b70                PROVIDE (__stack, __StackTop)
START GROUP
LOAD c:/ti/ccs1020/ccs/tools/compiler/gcc-arm-none-eabi-7-2017-q4-major-win32/bin/../lib/gcc/arm-none-eabi/7.2.1/thumb/v7-ar\libgcc.a
LOAD c:/ti/ccs1020/ccs/tools/compiler/gcc-arm-none-eabi-7-2017-q4-major-win32/bin/../lib/gcc/arm-none-eabi/7.2.1/../../../../arm-none-eabi/lib/thumb/v7-ar\libg.a
LOAD c:/ti/ccs1020/ccs/tools/compiler/gcc-arm-none-eabi-7-2017-q4-major-win32/bin/../lib/gcc/arm-none-eabi/7.2.1/../../../../arm-none-eabi/lib/thumb/v7-ar\libc.a
END GROUP
START GROUP
LOAD c:/ti/ccs1020/ccs/tools/compiler/gcc-arm-none-eabi-7-2017-q4-major-win32/bin/../lib/gcc/arm-none-eabi/7.2.1/thumb/v7-ar\libgcc.a
LOAD c:/ti/ccs1020/ccs/tools/compiler/gcc-arm-none-eabi-7-2017-q4-major-win32/bin/../lib/gcc/arm-none-eabi/7.2.1/../../../../arm-none-eabi/lib/thumb/v7-ar\libc.a
LOAD c:/ti/ccs1020/ccs/tools/compiler/gcc-arm-none-eabi-7-2017-q4-major-win32/bin/../lib/gcc/arm-none-eabi/7.2.1/../../../../arm-none-eabi/lib/thumb/v7-ar\librdimon.a
END GROUP
LOAD c:/ti/ccs1020/ccs/tools/compiler/gcc-arm-none-eabi-7-2017-q4-major-win32/bin/../lib/gcc/arm-none-eabi/7.2.1/thumb/v7-ar/crtend.o
LOAD c:/ti/ccs1020/ccs/tools/compiler/gcc-arm-none-eabi-7-2017-q4-major-win32/bin/../lib/gcc/arm-none-eabi/7.2.1/thumb/v7-ar/crtn.o
OUTPUT(AM5728_A15_test2.out elf32-littlearm)

.ARM.attributes
                0x00000000       0x2f
 .ARM.attributes
                0x00000000       0x19 c:/ti/ccs1020/ccs/tools/compiler/gcc-arm-none-eabi-7-2017-q4-major-win32/bin/../lib/gcc/arm-none-eabi/7.2.1/thumb/v7-ar/crti.o
 .ARM.attributes
                0x00000019       0x29 c:/ti/ccs1020/ccs/tools/compiler/gcc-arm-none-eabi-7-2017-q4-major-win32/bin/../lib/gcc/arm-none-eabi/7.2.1/thumb/v7-ar/crtbegin.o
 .ARM.attributes
                0x00000042       0x17 c:/ti/ccs1020/ccs/tools/compiler/gcc-arm-none-eabi-7-2017-q4-major-win32/bin/../lib/gcc/arm-none-eabi/7.2.1/../../../../arm-none-eabi/lib/thumb/v7-ar/rdimon-crt0.o
 .ARM.attributes
                0x00000059       0x3c ./hello.o
 .ARM.attributes
                0x00000095       0x2a ./startup_ARMCA15.o
 .ARM.attributes
                0x000000bf       0x29 c:/ti/ccs1020/ccs/tools/compiler/gcc-arm-none-eabi-7-2017-q4-major-win32/bin/../lib/gcc/arm-none-eabi/7.2.1/../../../../arm-none-eabi/lib/thumb/v7-ar\libg.a(lib_a-exit.o)
 .ARM.attributes
                0x000000e8       0x29 c:/ti/ccs1020/ccs/tools/compiler/gcc-arm-none-eabi-7-2017-q4-major-win32/bin/../lib/gcc/arm-none-eabi/7.2.1/../../../../arm-none-eabi/lib/thumb/v7-ar\libg.a(lib_a-impure.o)
 .ARM.attributes
                0x00000111       0x29 c:/ti/ccs1020/ccs/tools/compiler/gcc-arm-none-eabi-7-2017-q4-major-win32/bin/../lib/gcc/arm-none-eabi/7.2.1/../../../../arm-none-eabi/lib/thumb/v7-ar\libg.a(lib_a-init.o)
 .ARM.attributes
                0x0000013a       0x29 c:/ti/ccs1020/ccs/tools/compiler/gcc-arm-none-eabi-7-2017-q4-major-win32/bin/../lib/gcc/arm-none-eabi/7.2.1/../../../../arm-none-eabi/lib/thumb/v7-ar\libg.a(lib_a-memset.o)
 .ARM.attributes
                0x00000163       0x29 c:/ti/ccs1020/ccs/tools/compiler/gcc-arm-none-eabi-7-2017-q4-major-win32/bin/../lib/gcc/arm-none-eabi/7.2.1/../../../../arm-none-eabi/lib/thumb/v7-ar\libg.a(lib_a-puts.o)
 .ARM.attributes
                0x0000018c       0x29 c:/ti/ccs1020/ccs/tools/compiler/gcc-arm-none-eabi-7-2017-q4-major-win32/bin/../lib/gcc/arm-none-eabi/7.2.1/../../../../arm-none-eabi/lib/thumb/v7-ar\libg.a(lib_a-strlen-stub.o)
 .ARM.attributes
                0x000001b5       0x29 c:/ti/ccs1020/ccs/tools/compiler/gcc-arm-none-eabi-7-2017-q4-major-win32/bin/../lib/gcc/arm-none-eabi/7.2.1/../../../../arm-none-eabi/lib/thumb/v7-ar\libg.a(lib_a-__call_atexit.o)
 .ARM.attributes
                0x000001de       0x29 c:/ti/ccs1020/ccs/tools/compiler/gcc-arm-none-eabi-7-2017-q4-major-win32/bin/../lib/gcc/arm-none-eabi/7.2.1/../../../../arm-none-eabi/lib/thumb/v7-ar\libg.a(lib_a-atexit.o)
 .ARM.attributes
                0x00000207       0x29 c:/ti/ccs1020/ccs/tools/compiler/gcc-arm-none-eabi-7-2017-q4-major-win32/bin/../lib/gcc/arm-none-eabi/7.2.1/../../../../arm-none-eabi/lib/thumb/v7-ar\libg.a(lib_a-findfp.o)
 .ARM.attributes
                0x00000230       0x29 c:/ti/ccs1020/ccs/tools/compiler/gcc-arm-none-eabi-7-2017-q4-major-win32/bin/../lib/gcc/arm-none-eabi/7.2.1/../../../../arm-none-eabi/lib/thumb/v7-ar\libg.a(lib_a-fini.o)
 .ARM.attributes
                0x00000259       0x29 c:/ti/ccs1020/ccs/tools/compiler/gcc-arm-none-eabi-7-2017-q4-major-win32/bin/../lib/gcc/arm-none-eabi/7.2.1/../../../../arm-none-eabi/lib/thumb/v7-ar\libg.a(lib_a-fvwrite.o)
 .ARM.attributes
                0x00000282       0x29 c:/ti/ccs1020/ccs/tools/compiler/gcc-arm-none-eabi-7-2017-q4-major-win32/bin/../lib/gcc/arm-none-eabi/7.2.1/../../../../arm-none-eabi/lib/thumb/v7-ar\libg.a(lib_a-fwalk.o)
 .ARM.attributes
                0x000002ab       0x29 c:/ti/ccs1020/ccs/tools/compiler/gcc-arm-none-eabi-7-2017-q4-major-win32/bin/../lib/gcc/arm-none-eabi/7.2.1/../../../../arm-none-eabi/lib/thumb/v7-ar\libg.a(lib_a-lock.o)
 .ARM.attributes
                0x000002d4       0x29 c:/ti/ccs1020/ccs/tools/compiler/gcc-arm-none-eabi-7-2017-q4-major-win32/bin/../lib/gcc/arm-none-eabi/7.2.1/../../../../arm-none-eabi/lib/thumb/v7-ar\libg.a(lib_a-mallocr.o)
 .ARM.attributes
                0x000002fd       0x29 c:/ti/ccs1020/ccs/tools/compiler/gcc-arm-none-eabi-7-2017-q4-major-win32/bin/../lib/gcc/arm-none-eabi/7.2.1/../../../../arm-none-eabi/lib/thumb/v7-ar\libg.a(lib_a-memchr-stub.o)
 .ARM.attributes
                0x00000326       0x17 c:/ti/ccs1020/ccs/tools/compiler/gcc-arm-none-eabi-7-2017-q4-major-win32/bin/../lib/gcc/arm-none-eabi/7.2.1/../../../../arm-none-eabi/lib/thumb/v7-ar\libg.a(lib_a-memcpy.o)
 .ARM.attributes
                0x0000033d       0x29 c:/ti/ccs1020/ccs/tools/compiler/gcc-arm-none-eabi-7-2017-q4-major-win32/bin/../lib/gcc/arm-none-eabi/7.2.1/../../../../arm-none-eabi/lib/thumb/v7-ar\libg.a(lib_a-memmove.o)
 .ARM.attributes
                0x00000366       0x29 c:/ti/ccs1020/ccs/tools/compiler/gcc-arm-none-eabi-7-2017-q4-major-win32/bin/../lib/gcc/arm-none-eabi/7.2.1/../../../../arm-none-eabi/lib/thumb/v7-ar\libg.a(lib_a-mlock.o)
 .ARM.attributes
                0x0000038f       0x29 c:/ti/ccs1020/ccs/tools/compiler/gcc-arm-none-eabi-7-2017-q4-major-win32/bin/../lib/gcc/arm-none-eabi/7.2.1/../../../../arm-none-eabi/lib/thumb/v7-ar\libg.a(lib_a-reallocr.o)
 .ARM.attributes
                0x000003b8       0x29 c:/ti/ccs1020/ccs/tools/compiler/gcc-arm-none-eabi-7-2017-q4-major-win32/bin/../lib/gcc/arm-none-eabi/7.2.1/../../../../arm-none-eabi/lib/thumb/v7-ar\libg.a(lib_a-sbrkr.o)
 .ARM.attributes
                0x000003e1       0x29 c:/ti/ccs1020/ccs/tools/compiler/gcc-arm-none-eabi-7-2017-q4-major-win32/bin/../lib/gcc/arm-none-eabi/7.2.1/../../../../arm-none-eabi/lib/thumb/v7-ar\libg.a(lib_a-stdio.o)
 .ARM.attributes
                0x0000040a       0x29 c:/ti/ccs1020/ccs/tools/compiler/gcc-arm-none-eabi-7-2017-q4-major-win32/bin/../lib/gcc/arm-none-eabi/7.2.1/../../../../arm-none-eabi/lib/thumb/v7-ar\libg.a(lib_a-writer.o)
 .ARM.attributes
                0x00000433       0x29 c:/ti/ccs1020/ccs/tools/compiler/gcc-arm-none-eabi-7-2017-q4-major-win32/bin/../lib/gcc/arm-none-eabi/7.2.1/../../../../arm-none-eabi/lib/thumb/v7-ar\libg.a(lib_a-wsetup.o)
 .ARM.attributes
                0x0000045c       0x29 c:/ti/ccs1020/ccs/tools/compiler/gcc-arm-none-eabi-7-2017-q4-major-win32/bin/../lib/gcc/arm-none-eabi/7.2.1/../../../../arm-none-eabi/lib/thumb/v7-ar\libg.a(lib_a-__atexit.o)
 .ARM.attributes
                0x00000485       0x29 c:/ti/ccs1020/ccs/tools/compiler/gcc-arm-none-eabi-7-2017-q4-major-win32/bin/../lib/gcc/arm-none-eabi/7.2.1/../../../../arm-none-eabi/lib/thumb/v7-ar\libg.a(lib_a-closer.o)
 .ARM.attributes
                0x000004ae       0x29 c:/ti/ccs1020/ccs/tools/compiler/gcc-arm-none-eabi-7-2017-q4-major-win32/bin/../lib/gcc/arm-none-eabi/7.2.1/../../../../arm-none-eabi/lib/thumb/v7-ar\libg.a(lib_a-fclose.o)
 .ARM.attributes
                0x000004d7       0x29 c:/ti/ccs1020/ccs/tools/compiler/gcc-arm-none-eabi-7-2017-q4-major-win32/bin/../lib/gcc/arm-none-eabi/7.2.1/../../../../arm-none-eabi/lib/thumb/v7-ar\libg.a(lib_a-fflush.o)
 .ARM.attributes
                0x00000500       0x29 c:/ti/ccs1020/ccs/tools/compiler/gcc-arm-none-eabi-7-2017-q4-major-win32/bin/../lib/gcc/arm-none-eabi/7.2.1/../../../../arm-none-eabi/lib/thumb/v7-ar\libg.a(lib_a-freer.o)
 .ARM.attributes
                0x00000529       0x29 c:/ti/ccs1020/ccs/tools/compiler/gcc-arm-none-eabi-7-2017-q4-major-win32/bin/../lib/gcc/arm-none-eabi/7.2.1/../../../../arm-none-eabi/lib/thumb/v7-ar\libg.a(lib_a-lseekr.o)
 .ARM.attributes
                0x00000552       0x29 c:/ti/ccs1020/ccs/tools/compiler/gcc-arm-none-eabi-7-2017-q4-major-win32/bin/../lib/gcc/arm-none-eabi/7.2.1/../../../../arm-none-eabi/lib/thumb/v7-ar\libg.a(lib_a-makebuf.o)
 .ARM.attributes
                0x0000057b       0x29 c:/ti/ccs1020/ccs/tools/compiler/gcc-arm-none-eabi-7-2017-q4-major-win32/bin/../lib/gcc/arm-none-eabi/7.2.1/../../../../arm-none-eabi/lib/thumb/v7-ar\libg.a(lib_a-readr.o)
 .ARM.attributes
                0x000005a4       0x29 c:/ti/ccs1020/ccs/tools/compiler/gcc-arm-none-eabi-7-2017-q4-major-win32/bin/../lib/gcc/arm-none-eabi/7.2.1/../../../../arm-none-eabi/lib/thumb/v7-ar\libg.a(lib_a-reent.o)
 .ARM.attributes
                0x000005cd       0x29 c:/ti/ccs1020/ccs/tools/compiler/gcc-arm-none-eabi-7-2017-q4-major-win32/bin/../lib/gcc/arm-none-eabi/7.2.1/../../../../arm-none-eabi/lib/thumb/v7-ar\libg.a(lib_a-fstatr.o)
 .ARM.attributes
                0x000005f6       0x29 c:/ti/ccs1020/ccs/tools/compiler/gcc-arm-none-eabi-7-2017-q4-major-win32/bin/../lib/gcc/arm-none-eabi/7.2.1/../../../../arm-none-eabi/lib/thumb/v7-ar\libg.a(lib_a-isattyr.o)
 .ARM.attributes
                0x0000061f       0x19 c:/ti/ccs1020/ccs/tools/compiler/gcc-arm-none-eabi-7-2017-q4-major-win32/bin/../lib/gcc/arm-none-eabi/7.2.1/thumb/v7-ar\libgcc.a(_divsi3.o)
 .ARM.attributes
                0x00000638       0x19 c:/ti/ccs1020/ccs/tools/compiler/gcc-arm-none-eabi-7-2017-q4-major-win32/bin/../lib/gcc/arm-none-eabi/7.2.1/thumb/v7-ar\libgcc.a(_dvmd_tls.o)
 .ARM.attributes
                0x00000651       0x29 c:/ti/ccs1020/ccs/tools/compiler/gcc-arm-none-eabi-7-2017-q4-major-win32/bin/../lib/gcc/arm-none-eabi/7.2.1/../../../../arm-none-eabi/lib/thumb/v7-ar\librdimon.a(rdimon-syscalls.o)
 .ARM.attributes
                0x0000067a       0x29 c:/ti/ccs1020/ccs/tools/compiler/gcc-arm-none-eabi-7-2017-q4-major-win32/bin/../lib/gcc/arm-none-eabi/7.2.1/../../../../arm-none-eabi/lib/thumb/v7-ar\librdimon.a(rdimon-_exit.o)
 .ARM.attributes
                0x000006a3       0x29 c:/ti/ccs1020/ccs/tools/compiler/gcc-arm-none-eabi-7-2017-q4-major-win32/bin/../lib/gcc/arm-none-eabi/7.2.1/../../../../arm-none-eabi/lib/thumb/v7-ar\librdimon.a(rdimon-_kill.o)
 .ARM.attributes
                0x000006cc       0x29 c:/ti/ccs1020/ccs/tools/compiler/gcc-arm-none-eabi-7-2017-q4-major-win32/bin/../lib/gcc/arm-none-eabi/7.2.1/../../../../arm-none-eabi/lib/thumb/v7-ar\libc.a(lib_a-errno.o)
 .ARM.attributes
                0x000006f5       0x29 c:/ti/ccs1020/ccs/tools/compiler/gcc-arm-none-eabi-7-2017-q4-major-win32/bin/../lib/gcc/arm-none-eabi/7.2.1/thumb/v7-ar/crtend.o
 .ARM.attributes
                0x0000071e       0x19 c:/ti/ccs1020/ccs/tools/compiler/gcc-arm-none-eabi-7-2017-q4-major-win32/bin/../lib/gcc/arm-none-eabi/7.2.1/thumb/v7-ar/crtn.o

.comment        0x00000000       0x7e
 .comment       0x00000000       0x7e ./hello.o
                                 0x7f (size before relaxing)

.debug_info     0x00000000      0x8db
 .debug_info    0x00000000      0x8b9 ./hello.o
 .debug_info    0x000008b9       0x22 ./startup_ARMCA15.o

.debug_abbrev   0x00000000      0x1a7
 .debug_abbrev  0x00000000      0x195 ./hello.o
 .debug_abbrev  0x00000195       0x12 ./startup_ARMCA15.o

.debug_aranges  0x00000000       0x48
 .debug_aranges
                0x00000000       0x20 ./hello.o
 .debug_aranges
                0x00000020       0x28 ./startup_ARMCA15.o

.debug_line     0x00000000      0x1a9
 .debug_line    0x00000000      0x137 ./hello.o
 .debug_line    0x00000137       0x72 ./startup_ARMCA15.o

.debug_str      0x00000000      0x525
 .debug_str     0x00000000      0x501 ./hello.o
                                0x559 (size before relaxing)
 .debug_str     0x00000501       0x24 ./startup_ARMCA15.o
                                 0x6a (size before relaxing)

.debug_frame    0x00000000      0xe88
 .debug_frame   0x00000000       0x30 ./hello.o
 .debug_frame   0x00000030       0x28 c:/ti/ccs1020/ccs/tools/compiler/gcc-arm-none-eabi-7-2017-q4-major-win32/bin/../lib/gcc/arm-none-eabi/7.2.1/../../../../arm-none-eabi/lib/thumb/v7-ar\libg.a(lib_a-exit.o)
 .debug_frame   0x00000058       0x2c c:/ti/ccs1020/ccs/tools/compiler/gcc-arm-none-eabi-7-2017-q4-major-win32/bin/../lib/gcc/arm-none-eabi/7.2.1/../../../../arm-none-eabi/lib/thumb/v7-ar\libg.a(lib_a-init.o)
 .debug_frame   0x00000084       0x38 c:/ti/ccs1020/ccs/tools/compiler/gcc-arm-none-eabi-7-2017-q4-major-win32/bin/../lib/gcc/arm-none-eabi/7.2.1/../../../../arm-none-eabi/lib/thumb/v7-ar\libg.a(lib_a-memset.o)
 .debug_frame   0x000000bc       0x48 c:/ti/ccs1020/ccs/tools/compiler/gcc-arm-none-eabi-7-2017-q4-major-win32/bin/../lib/gcc/arm-none-eabi/7.2.1/../../../../arm-none-eabi/lib/thumb/v7-ar\libg.a(lib_a-puts.o)
 .debug_frame   0x00000104       0x20 c:/ti/ccs1020/ccs/tools/compiler/gcc-arm-none-eabi-7-2017-q4-major-win32/bin/../lib/gcc/arm-none-eabi/7.2.1/../../../../arm-none-eabi/lib/thumb/v7-ar\libg.a(lib_a-strlen-stub.o)
 .debug_frame   0x00000124       0x5c c:/ti/ccs1020/ccs/tools/compiler/gcc-arm-none-eabi-7-2017-q4-major-win32/bin/../lib/gcc/arm-none-eabi/7.2.1/../../../../arm-none-eabi/lib/thumb/v7-ar\libg.a(lib_a-__call_atexit.o)
 .debug_frame   0x00000180       0x20 c:/ti/ccs1020/ccs/tools/compiler/gcc-arm-none-eabi-7-2017-q4-major-win32/bin/../lib/gcc/arm-none-eabi/7.2.1/../../../../arm-none-eabi/lib/thumb/v7-ar\libg.a(lib_a-atexit.o)
 .debug_frame   0x000001a0      0x150 c:/ti/ccs1020/ccs/tools/compiler/gcc-arm-none-eabi-7-2017-q4-major-win32/bin/../lib/gcc/arm-none-eabi/7.2.1/../../../../arm-none-eabi/lib/thumb/v7-ar\libg.a(lib_a-findfp.o)
 .debug_frame   0x000002f0       0x34 c:/ti/ccs1020/ccs/tools/compiler/gcc-arm-none-eabi-7-2017-q4-major-win32/bin/../lib/gcc/arm-none-eabi/7.2.1/../../../../arm-none-eabi/lib/thumb/v7-ar\libg.a(lib_a-fini.o)
 .debug_frame   0x00000324       0x64 c:/ti/ccs1020/ccs/tools/compiler/gcc-arm-none-eabi-7-2017-q4-major-win32/bin/../lib/gcc/arm-none-eabi/7.2.1/../../../../arm-none-eabi/lib/thumb/v7-ar\libg.a(lib_a-fvwrite.o)
 .debug_frame   0x00000388       0x54 c:/ti/ccs1020/ccs/tools/compiler/gcc-arm-none-eabi-7-2017-q4-major-win32/bin/../lib/gcc/arm-none-eabi/7.2.1/../../../../arm-none-eabi/lib/thumb/v7-ar\libg.a(lib_a-fwalk.o)
 .debug_frame   0x000003dc       0xb0 c:/ti/ccs1020/ccs/tools/compiler/gcc-arm-none-eabi-7-2017-q4-major-win32/bin/../lib/gcc/arm-none-eabi/7.2.1/../../../../arm-none-eabi/lib/thumb/v7-ar\libg.a(lib_a-lock.o)
 .debug_frame   0x0000048c       0x60 c:/ti/ccs1020/ccs/tools/compiler/gcc-arm-none-eabi-7-2017-q4-major-win32/bin/../lib/gcc/arm-none-eabi/7.2.1/../../../../arm-none-eabi/lib/thumb/v7-ar\libg.a(lib_a-mallocr.o)
 .debug_frame   0x000004ec       0x34 c:/ti/ccs1020/ccs/tools/compiler/gcc-arm-none-eabi-7-2017-q4-major-win32/bin/../lib/gcc/arm-none-eabi/7.2.1/../../../../arm-none-eabi/lib/thumb/v7-ar\libg.a(lib_a-memchr-stub.o)
 .debug_frame   0x00000520       0x40 c:/ti/ccs1020/ccs/tools/compiler/gcc-arm-none-eabi-7-2017-q4-major-win32/bin/../lib/gcc/arm-none-eabi/7.2.1/../../../../arm-none-eabi/lib/thumb/v7-ar\libg.a(lib_a-memmove.o)
 .debug_frame   0x00000560       0x30 c:/ti/ccs1020/ccs/tools/compiler/gcc-arm-none-eabi-7-2017-q4-major-win32/bin/../lib/gcc/arm-none-eabi/7.2.1/../../../../arm-none-eabi/lib/thumb/v7-ar\libg.a(lib_a-mlock.o)
 .debug_frame   0x00000590       0x54 c:/ti/ccs1020/ccs/tools/compiler/gcc-arm-none-eabi-7-2017-q4-major-win32/bin/../lib/gcc/arm-none-eabi/7.2.1/../../../../arm-none-eabi/lib/thumb/v7-ar\libg.a(lib_a-reallocr.o)
 .debug_frame   0x000005e4       0x2c c:/ti/ccs1020/ccs/tools/compiler/gcc-arm-none-eabi-7-2017-q4-major-win32/bin/../lib/gcc/arm-none-eabi/7.2.1/../../../../arm-none-eabi/lib/thumb/v7-ar\libg.a(lib_a-sbrkr.o)
 .debug_frame   0x00000610       0x88 c:/ti/ccs1020/ccs/tools/compiler/gcc-arm-none-eabi-7-2017-q4-major-win32/bin/../lib/gcc/arm-none-eabi/7.2.1/../../../../arm-none-eabi/lib/thumb/v7-ar\libg.a(lib_a-stdio.o)
 .debug_frame   0x00000698       0x2c c:/ti/ccs1020/ccs/tools/compiler/gcc-arm-none-eabi-7-2017-q4-major-win32/bin/../lib/gcc/arm-none-eabi/7.2.1/../../../../arm-none-eabi/lib/thumb/v7-ar\libg.a(lib_a-writer.o)
 .debug_frame   0x000006c4       0x2c c:/ti/ccs1020/ccs/tools/compiler/gcc-arm-none-eabi-7-2017-q4-major-win32/bin/../lib/gcc/arm-none-eabi/7.2.1/../../../../arm-none-eabi/lib/thumb/v7-ar\libg.a(lib_a-wsetup.o)
 .debug_frame   0x000006f0       0x34 c:/ti/ccs1020/ccs/tools/compiler/gcc-arm-none-eabi-7-2017-q4-major-win32/bin/../lib/gcc/arm-none-eabi/7.2.1/../../../../arm-none-eabi/lib/thumb/v7-ar\libg.a(lib_a-__atexit.o)
 .debug_frame   0x00000724       0x2c c:/ti/ccs1020/ccs/tools/compiler/gcc-arm-none-eabi-7-2017-q4-major-win32/bin/../lib/gcc/arm-none-eabi/7.2.1/../../../../arm-none-eabi/lib/thumb/v7-ar\libg.a(lib_a-closer.o)
 .debug_frame   0x00000750       0x3c c:/ti/ccs1020/ccs/tools/compiler/gcc-arm-none-eabi-7-2017-q4-major-win32/bin/../lib/gcc/arm-none-eabi/7.2.1/../../../../arm-none-eabi/lib/thumb/v7-ar\libg.a(lib_a-fclose.o)
 .debug_frame   0x0000078c       0x5c c:/ti/ccs1020/ccs/tools/compiler/gcc-arm-none-eabi-7-2017-q4-major-win32/bin/../lib/gcc/arm-none-eabi/7.2.1/../../../../arm-none-eabi/lib/thumb/v7-ar\libg.a(lib_a-fflush.o)
 .debug_frame   0x000007e8       0x80 c:/ti/ccs1020/ccs/tools/compiler/gcc-arm-none-eabi-7-2017-q4-major-win32/bin/../lib/gcc/arm-none-eabi/7.2.1/../../../../arm-none-eabi/lib/thumb/v7-ar\libg.a(lib_a-freer.o)
 .debug_frame   0x00000868       0x2c c:/ti/ccs1020/ccs/tools/compiler/gcc-arm-none-eabi-7-2017-q4-major-win32/bin/../lib/gcc/arm-none-eabi/7.2.1/../../../../arm-none-eabi/lib/thumb/v7-ar\libg.a(lib_a-lseekr.o)
 .debug_frame   0x00000894       0x64 c:/ti/ccs1020/ccs/tools/compiler/gcc-arm-none-eabi-7-2017-q4-major-win32/bin/../lib/gcc/arm-none-eabi/7.2.1/../../../../arm-none-eabi/lib/thumb/v7-ar\libg.a(lib_a-makebuf.o)
 .debug_frame   0x000008f8       0x2c c:/ti/ccs1020/ccs/tools/compiler/gcc-arm-none-eabi-7-2017-q4-major-win32/bin/../lib/gcc/arm-none-eabi/7.2.1/../../../../arm-none-eabi/lib/thumb/v7-ar\libg.a(lib_a-readr.o)
 .debug_frame   0x00000924       0x68 c:/ti/ccs1020/ccs/tools/compiler/gcc-arm-none-eabi-7-2017-q4-major-win32/bin/../lib/gcc/arm-none-eabi/7.2.1/../../../../arm-none-eabi/lib/thumb/v7-ar\libg.a(lib_a-reent.o)
 .debug_frame   0x0000098c       0x2c c:/ti/ccs1020/ccs/tools/compiler/gcc-arm-none-eabi-7-2017-q4-major-win32/bin/../lib/gcc/arm-none-eabi/7.2.1/../../../../arm-none-eabi/lib/thumb/v7-ar\libg.a(lib_a-fstatr.o)
 .debug_frame   0x000009b8       0x2c c:/ti/ccs1020/ccs/tools/compiler/gcc-arm-none-eabi-7-2017-q4-major-win32/bin/../lib/gcc/arm-none-eabi/7.2.1/../../../../arm-none-eabi/lib/thumb/v7-ar\libg.a(lib_a-isattyr.o)
 .debug_frame   0x000009e4       0x20 c:/ti/ccs1020/ccs/tools/compiler/gcc-arm-none-eabi-7-2017-q4-major-win32/bin/../lib/gcc/arm-none-eabi/7.2.1/thumb/v7-ar\libgcc.a(_divsi3.o)
 .debug_frame   0x00000a04      0x414 c:/ti/ccs1020/ccs/tools/compiler/gcc-arm-none-eabi-7-2017-q4-major-win32/bin/../lib/gcc/arm-none-eabi/7.2.1/../../../../arm-none-eabi/lib/thumb/v7-ar\librdimon.a(rdimon-syscalls.o)
 .debug_frame   0x00000e18       0x20 c:/ti/ccs1020/ccs/tools/compiler/gcc-arm-none-eabi-7-2017-q4-major-win32/bin/../lib/gcc/arm-none-eabi/7.2.1/../../../../arm-none-eabi/lib/thumb/v7-ar\librdimon.a(rdimon-_exit.o)
 .debug_frame   0x00000e38       0x30 c:/ti/ccs1020/ccs/tools/compiler/gcc-arm-none-eabi-7-2017-q4-major-win32/bin/../lib/gcc/arm-none-eabi/7.2.1/../../../../arm-none-eabi/lib/thumb/v7-ar\librdimon.a(rdimon-_kill.o)
 .debug_frame   0x00000e68       0x20 c:/ti/ccs1020/ccs/tools/compiler/gcc-arm-none-eabi-7-2017-q4-major-win32/bin/../lib/gcc/arm-none-eabi/7.2.1/../../../../arm-none-eabi/lib/thumb/v7-ar\libc.a(lib_a-errno.o)

.debug_ranges   0x00000000       0x20
 .debug_ranges  0x00000000       0x20 ./startup_ARMCA15.o
