******************************************************************************
             TMS320C2000 Linker PC v18.12.6                    
******************************************************************************
>> Linked Fri Oct 23 17:02:24 2020

OUTPUT FILE NAME:   <GM_MMC31LV_CPU1_FLASH.out>
ENTRY POINT SYMBOL: "_c_int00"  address: 0000f88b


MEMORY CONFIGURATION

         name            origin    length      used     unused   attr    fill
----------------------  --------  ---------  --------  --------  ----  --------
PAGE 0:
  RAM_BEGIN             00000000   00000002  00000000  00000002  RWIX
  RAMM0                 00000122   000002de  0000003d  000002a1  RWIX
  RAMLS0                00008000   00000800  00000297  00000569  RWIX
  RAMLS1                00008800   00000800  00000000  00000800  RWIX
  RAMD0                 0000b000   00000800  00000000  00000800  RWIX
  RAMGS05               0000c000   00006000  00003a8c  00002574  RWIX
  RAMGS810              00014000   00003000  00000000  00003000  RWIX
  FLASH_BEGIN           00080000   00000002  00000002  00000000  RWIX
  FLASHA                00080002   00001ffe  00000318  00001ce6  RWIX
  FLASHBC               00082000   00004000  00000590  00003a70  RWIX
  FLASHD                00086000   00002000  00000000  00002000  RWIX
  FLASHEFGHI            00088000   00028000  00003a8c  00024574  RWIX
  FLASHJ                000b0000   00008000  00000000  00008000  RWIX
  FLASHK                000b8000   00002000  00000000  00002000  RWIX
  FLASHL                000ba000   00002000  00000000  00002000  RWIX
  FLASHM                000bc000   00002000  00000000  00002000  RWIX
  FLASHN                000be000   00002000  00000000  00002000  RWIX
  RESET                 003fffc0   00000002  00000000  00000002  RWIX

PAGE 1:
  BOOT_RSVD             00000002   00000120  00000000  00000120  RWIX
  RAMM1                 00000400   00000400  00000200  00000200  RWIX
  ADCA_RESULT           00000b00   00000020  00000018  00000008  RWIX
  ADCB_RESULT           00000b20   00000020  00000018  00000008  RWIX
  ADCC_RESULT           00000b40   00000020  00000018  00000008  RWIX
  ADCD_RESULT           00000b60   00000020  00000018  00000008  RWIX
  CPUx_TIMER0           00000c00   00000008  00000008  00000000  RWIX
  CPUx_TIMER1           00000c08   00000008  00000008  00000000  RWIX
  CPUx_TIMER2           00000c10   00000008  00000008  00000000  RWIX
  CPUx_PIE_CTRL         00000ce0   00000020  0000001a  00000006  RWIX
  CPUx_PIE_VECT         00000d00   00000200  000001c0  00000040  RWIX
  CPUx_DMA              00001000   00000200  000000e0  00000120  RWIX
  CPUx_CLA1             00001400   00000040  0000003e  00000002  RWIX
  EPWM1                 00004000   00000100  00000100  00000000  RWIX
  EPWM2                 00004100   00000100  00000100  00000000  RWIX
  EPWM3                 00004200   00000100  00000100  00000000  RWIX
  EPWM4                 00004300   00000100  00000100  00000000  RWIX
  EPWM5                 00004400   00000100  00000100  00000000  RWIX
  EPWM6                 00004500   00000100  00000100  00000000  RWIX
  EPWM7                 00004600   00000100  00000100  00000000  RWIX
  EPWM8                 00004700   00000100  00000100  00000000  RWIX
  EPWM9                 00004800   00000100  00000100  00000000  RWIX
  EPWM10                00004900   00000100  00000100  00000000  RWIX
  EPWM11                00004a00   00000100  00000100  00000000  RWIX
  EPWM12                00004b00   00000100  00000100  00000000  RWIX
  ECAP1                 00005000   00000020  00000020  00000000  RWIX
  ECAP2                 00005020   00000020  00000020  00000000  RWIX
  ECAP3                 00005040   00000020  00000020  00000000  RWIX
  ECAP4                 00005060   00000020  00000020  00000000  RWIX
  ECAP5                 00005080   00000020  00000020  00000000  RWIX
  ECAP6                 000050a0   00000020  00000020  00000000  RWIX
  EQEP1                 00005100   00000040  00000022  0000001e  RWIX
  EQEP2                 00005140   00000040  00000022  0000001e  RWIX
  EQEP3                 00005180   00000040  00000022  0000001e  RWIX
  DACA                  00005c00   00000010  00000008  00000008  RWIX
  DACB                  00005c10   00000010  00000008  00000008  RWIX
  DACC                  00005c20   00000010  00000008  00000008  RWIX
  CMPSS1                00005c80   00000020  00000020  00000000  RWIX
  CMPSS2                00005ca0   00000020  00000020  00000000  RWIX
  CMPSS3                00005cc0   00000020  00000020  00000000  RWIX
  CMPSS4                00005ce0   00000020  00000020  00000000  RWIX
  CMPSS5                00005d00   00000020  00000020  00000000  RWIX
  CMPSS6                00005d20   00000020  00000020  00000000  RWIX
  CMPSS7                00005d40   00000020  00000020  00000000  RWIX
  CMPSS8                00005d60   00000020  00000020  00000000  RWIX
  SDFM1                 00005e00   00000080  00000080  00000000  RWIX
  SDFM2                 00005e80   00000080  00000080  00000000  RWIX
  MCBSPA                00006000   00000040  00000024  0000001c  RWIX
  MCBSPB                00006040   00000040  00000024  0000001c  RWIX
  SPIA                  00006100   00000010  00000010  00000000  RWIX
  SPIB                  00006110   00000010  00000010  00000000  RWIX
  SPIC                  00006120   00000010  00000010  00000000  RWIX
  CPU1_UPP              00006200   00000100  00000048  000000b8  RWIX
  CPUx_WD               00007000   00000040  0000002b  00000015  RWIX
  CPUx_NMIINTRUPT       00007060   00000010  00000007  00000009  RWIX
  CPUx_XINT             00007070   00000010  0000000b  00000005  RWIX
  SCIA                  00007200   00000010  00000010  00000000  RWIX
  SCIB                  00007210   00000010  00000010  00000000  RWIX
  SCIC                  00007220   00000010  00000010  00000000  RWIX
  SCID                  00007230   00000010  00000010  00000000  RWIX
  I2CA                  00007300   00000040  00000022  0000001e  RWIX
  I2CB                  00007340   00000040  00000022  0000001e  RWIX
  ADCA                  00007400   00000080  00000080  00000000  RWIX
  ADCB                  00007480   00000080  00000080  00000000  RWIX
  ADCC                  00007500   00000080  00000080  00000000  RWIX
  ADCD                  00007580   00000080  00000080  00000000  RWIX
  CPU1_INPUT_XBAR       00007900   00000020  00000020  00000000  RWIX
  CPU1_XBAR             00007920   00000020  00000020  00000000  RWIX
  CPU1_SYNC_SOC         00007940   00000010  00000006  0000000a  RWIX
  CPUx_DMACLASRCSEL     00007980   00000040  0000001a  00000026  RWIX
  CPU1_EPWM_XBAR        00007a00   00000040  00000040  00000000  RWIX
  CPU1_OUTPUT_XBAR      00007a80   00000040  00000040  00000000  RWIX
  CPU1_GPIOCTRL         00007c00   00000180  00000180  00000000  RWIX
  CPUx_GPIODATA         00007f00   00000030  00000030  00000000  RWIX
  RAMLS2345             00009000   00002000  00000ebd  00001143  RWIX
  RAMD1                 0000b800   00000800  00000000  00000800  RWIX
  RAMGS6                00012000   00001000  00000002  00000ffe  RWIX
  RAMGS7                00013000   00001000  00000000  00001000  RWIX
  RAMGS11               00017000   00001000  00000000  00001000  RWIX
  RAMGS12               00018000   00001000  00000000  00001000  RWIX
  RAMGS13               00019000   00001000  00000000  00001000  RWIX
  RAMGS14               0001a000   00001000  00000000  00001000  RWIX
  RAMGS15               0001b000   00001000  00000000  00001000  RWIX
  IPC_CPU2TO1_TEMP      0003f800   00000018  00000018  00000000  RWIX
  IPC_CPU2TO1_EtherCAT  0003f818   000003e8  00000004  000003e4  RWIX
  IPC_CPU1TO2_TEMP      0003fc00   00000018  00000018  00000000  RWIX
  IPC_CPU1TO2_EtherCAT  0003fc18   000003e8  0000000b  000003dd  RWIX
  CPU1_USBA             00040000   00001000  00000000  00001000  RWIX
  EMIF1                 00047000   00000800  00000070  00000790  RWIX
  CPU1_EMIF2            00047800   00000800  00000070  00000790  RWIX
  CPUx_IPC              00050000   00000024  00000024  00000000  RWIX
  CPUx_FLASHPUMPSEMAPHO 00050024   00000002  00000002  00000000  RWIX
  CPU1_DEV_CFG          0005d000   00000180  0000012e  00000052  RWIX
  CPU1_ANALOG_SUBSYS    0005d180   00000080  00000048  00000038  RWIX
  CLK_CFG               0005d200   00000100  00000032  000000ce  RWIX
  CPUx_CPU_SYS          0005d300   00000100  00000082  0000007e  RWIX
  CPU1_ROMPREFETCH      0005e608   00000002  00000002  00000000  RWIX
  CPUx_DCSM_Z1          0005f000   00000030  00000024  0000000c  RWIX
  CPUx_DCSM_Z2          0005f040   00000030  00000024  0000000c  RWIX
  CPUx_DCSM_COMMON      0005f070   00000010  00000008  00000008  RWIX
  CPUx_MEMCFG           0005f400   00000080  00000080  00000000  RWIX
  CPUx_EMIF1CONFIG      0005f480   00000020  00000020  00000000  RWIX
  CPU1_EMIF2CONFIG      0005f4a0   00000020  00000020  00000000  RWIX
  CPUx_ACCESSPROTECTION 0005f4c0   00000040  00000040  00000000  RWIX
  CPUx_MEMORYERROR      0005f500   00000040  00000040  00000000  RWIX
  CPU1_ROMWAITSTATE     0005f540   00000002  00000002  00000000  RWIX
  CPUx_FLASH0_CTRL      0005f800   00000300  00000182  0000017e  RWIX
  CPUx_FLASH0_ECC       0005fb00   00000040  00000028  00000018  RWIX
  CPUx_DCSM_Z1_OTP      00078000   00000020  00000020  00000000  RWIX
  CPUx_DCSM_Z2_OTP      00078200   00000020  00000020  00000000  RWIX


SECTION ALLOCATION MAP

 output                                  attributes/
section   page    origin      length       input sections
--------  ----  ----------  ----------   ----------------
.pinit     0    00000122    00000000     UNINITIALIZED

codestart 
*          0    00080000    00000002     
                  00080000    00000002     DSP28xxx_FLASH_CodeStartBranch.obj (codestart)

.switch    0    00080002    00000030     RUN ADDR = 00000122
                  00080002    00000018     F2837xD_EtherCAT_Slave_Lib.lib : objdef.obj (.switch:_OBJ_Read)
                  0008001a    00000018                                    : objdef.obj (.switch:_OBJ_Write)

ramfuncs   0    00080032    0000000d     RUN ADDR = 00000152
                  00080032    00000009     F2837xD_EtherCAT_Slave_Lib.lib : F2837xD_hw.obj (ramfuncs)
                  0008003b    00000004     F2837xD_usDelay.obj (ramfuncs)

.cinit     0    0008003f    00000297     RUN ADDR = 00008000
                  0008003f    000001ad     F2837xD_EtherCAT_Slave_Lib.lib : coeappl.obj (.cinit)
                  000801ec    00000043                                    : F2837xD_Slave.obj (.cinit)
                  0008022f    00000038     CPU1_Interrupt.obj (.cinit)
                  00080267    00000018     F2837xD_EtherCAT_Slave_Lib.lib : ecatappl.obj (.cinit)
                  0008027f    00000018                                    : objdef.obj (.cinit)
                  00080297    00000010     LED.obj (.cinit)
                  000802a7    0000000e     rts2800_fpu32.lib : exit.c.obj (.cinit)
                  000802b5    00000008     F2837xD_EtherCAT_Slave_Lib.lib : ecatslv.obj (.cinit)
                  000802bd    00000005     IPC.obj (.cinit)
                  000802c2    00000005     rts2800_fpu32.lib : _lock.c.obj (.cinit:__lock)
                  000802c7    00000005                       : _lock.c.obj (.cinit:__unlock)
                  000802cc    00000004     F2837xD_EtherCAT_Slave_Lib.lib : sdoserv.obj (.cinit)
                  000802d0    00000004     rts2800_fpu32.lib : memory.c.obj (.cinit)
                  000802d4    00000002     --HOLE-- [fill = 0]

copysections 
*          0    000802d6    0000003c     
                  000802d6    0000003c     DSP28xxx_SectionCopy_nonBIOS.obj (copysections)

wddisable 
*          0    00080312    00000008     
                  00080312    00000008     DSP28xxx_FLASH_CodeStartBranch.obj (wddisable)

.econst    0    00082000    00000590     RUN ADDR = 00009000
                  00082000    00000100     F2837xD_EtherCAT_Slave_Lib.lib : coeappl.obj (.econst:.string:_aName0x1C32)
                  00082100    000000ff                                    : coeappl.obj (.econst:.string:_aName0x1C33)
                  000821ff    00000092                                    : coeappl.obj (.econst:.string:_aName0x7010)
                  00082291    0000008e                                    : coeappl.obj (.econst:.string:_aName0x1601)
                  0008231f    00000063                                    : coeappl.obj (.econst:_asEntryDesc0x1C3x)
                  00082382    0000003f                                    : coeappl.obj (.econst:.string:_aName0x10F1)
                  000823c1    00000001     --HOLE-- [fill = 0]
                  000823c2    0000003c                                    : sdoserv.obj (.econst:_cAbortCode)
                  000823fe    00000039                                    : coeappl.obj (.econst:.string:_aName0x1018)
                  00082437    00000026                                    : coeappl.obj (.econst:.string:_aName0x1A00)
                  0008245d    00000021                                    : coeappl.obj (.econst:_asEntryDesc0x1601)
                  0008247e    00000021                                    : coeappl.obj (.econst:_asEntryDesc0x7010)
                  0008249f    0000001d                                    : coeappl.obj (.econst:.string:_aName0x6000)
                  000824bc    00000012                                    : coeappl.obj (.econst:.string:_aName0x1C00)
                  000824ce    00000011                                    : coeappl.obj (.econst:.string:_aName0x1009)
                  000824df    00000011                                    : coeappl.obj (.econst:.string:_aName0x100A)
                  000824f0    00000010                                    : objdef.obj (.econst:_cBitMask)
                  00082500    0000000f                                    : coeappl.obj (.econst:.string:_aName0x1001)
                  0008250f    0000000f                                    : coeappl.obj (.econst:.string:_aName0x1C12)
                  0008251e    0000000f                                    : coeappl.obj (.econst:.string:_aName0x1C13)
                  0008252d    0000000f                                    : coeappl.obj (.econst:_asEntryDesc0x1018)
                  0008253c    0000000c                                    : coeappl.obj (.econst:.string:_aName0x1000)
                  00082548    0000000c                                    : coeappl.obj (.econst:.string:_aName0x1008)
                  00082554    00000009                                    : coeappl.obj (.econst:_asEntryDesc0x10F1)
                  0008255d    00000009                                    : coeappl.obj (.econst:_asEntryDesc0x1A00)
                  00082566    00000009                                    : coeappl.obj (.econst:_asEntryDesc0x6000)
                  0008256f    00000006                                    : coeappl.obj (.econst:_asEntryDesc0x1C00)
                  00082575    00000006                                    : coeappl.obj (.econst:_asEntryDesc0x1C12)
                  0008257b    00000006                                    : coeappl.obj (.econst:_asEntryDesc0x1C13)
                  00082581    00000003                                    : coeappl.obj (.econst:_sEntryDesc0x1000)
                  00082584    00000003                                    : coeappl.obj (.econst:_sEntryDesc0x1001)
                  00082587    00000003                                    : coeappl.obj (.econst:_sEntryDesc0x1008)
                  0008258a    00000003                                    : coeappl.obj (.econst:_sEntryDesc0x1009)
                  0008258d    00000003                                    : coeappl.obj (.econst:_sEntryDesc0x100A)

.text      0    00088000    00003a8c     RUN ADDR = 0000c000
                  00088000    00000a84     GPIO.obj (.text)
                  00088a84    00000968     F2837xD_EtherCAT_Slave_Lib.lib : ecatslv.obj (.text)
                  000893ec    00000807                                    : objdef.obj (.text)
                  00089bf3    0000061d                                    : sdoserv.obj (.text)
                  0008a210    0000030a                                    : mailbox.obj (.text)
                  0008a51a    000002ff                                    : ecatappl.obj (.text)
                  0008a819    000002e7     SysCtrl.obj (.text)
                  0008ab00    000002ae     F2837xD_EtherCAT_Slave_Lib.lib : F2837xD_hw.obj (.text)
                  0008adae    0000028e     rts2800_fpu32.lib : memory.c.obj (.text)
                  0008b03c    00000244     F2837xD_EtherCAT_Slave_Lib.lib : F2837xD_Gpio.obj (.text)
                  0008b280    0000017f                                    : coeappl.obj (.text)
                  0008b3ff    00000129                                    : F2837xD_Slave.obj (.text)
                  0008b528    000000c9     EMIF.obj (.text)
                  0008b5f1    0000009e     Dual_core.obj (.text)
                  0008b68f    00000093     ePWM.obj (.text)
                  0008b722    00000093     F2837xD_EtherCAT_Slave_Lib.lib : F2837xD_hw.obj (.text:retain)
                  0008b7b5    0000007e     IPC.obj (.text)
                  0008b833    00000058     F2837xD_EtherCAT_Slave_Lib.lib : ecatcoe.obj (.text)
                  0008b88b    00000056     rts2800_fpu32.lib : boot28.asm.obj (.text)
                  0008b8e1    00000045     main.obj (.text)
                  0008b926    00000044     CPU1_Interrupt.obj (.text:retain)
                  0008b96a    00000034     LED.obj (.text)
                  0008b99e    0000002e     F2837xD_EtherCAT_Slave_Lib.lib : F2837xD_system.obj (.text)
                  0008b9cc    00000029     rts2800_fpu32.lib : exit.c.obj (.text)
                  0008b9f5    00000024                       : cpy_tbl.c.obj (.text)
                  0008ba19    0000001d                       : memcpy.c.obj (.text)
                  0008ba36    00000019                       : args_main.c.obj (.text)
                  0008ba4f    0000000d     WatchDog.obj (.text)
                  0008ba5c    0000000b     rts2800_fpu32.lib : u_div28.asm.obj (.text)
                  0008ba67    0000000a     SysCtrl.obj (.text:retain)
                  0008ba71    00000009     rts2800_fpu32.lib : _lock.c.obj (.text)
                  0008ba7a    00000008                       : strlen.c.obj (.text)
                  0008ba82    00000007                       : memset.c.obj (.text)
                  0008ba89    00000002                       : pre_init.c.obj (.text)
                  0008ba8b    00000001                       : startup.c.obj (.text)

AdcaResultFile 
*          1    00000b00    00000018     UNINITIALIZED
                  00000b00    00000018     F2837xD_GlobalVariableDefs.obj (AdcaResultFile)

AdcbResultFile 
*          1    00000b20    00000018     UNINITIALIZED
                  00000b20    00000018     F2837xD_GlobalVariableDefs.obj (AdcbResultFile)

AdccResultFile 
*          1    00000b40    00000018     UNINITIALIZED
                  00000b40    00000018     F2837xD_GlobalVariableDefs.obj (AdccResultFile)

AdcdResultFile 
*          1    00000b60    00000018     UNINITIALIZED
                  00000b60    00000018     F2837xD_GlobalVariableDefs.obj (AdcdResultFile)

CpuTimer0RegsFile 
*          1    00000c00    00000008     UNINITIALIZED
                  00000c00    00000008     F2837xD_GlobalVariableDefs.obj (CpuTimer0RegsFile)

CpuTimer1RegsFile 
*          1    00000c08    00000008     UNINITIALIZED
                  00000c08    00000008     F2837xD_GlobalVariableDefs.obj (CpuTimer1RegsFile)

CpuTimer2RegsFile 
*          1    00000c10    00000008     UNINITIALIZED
                  00000c10    00000008     F2837xD_GlobalVariableDefs.obj (CpuTimer2RegsFile)

PieCtrlRegsFile 
*          1    00000ce0    0000001a     UNINITIALIZED
                  00000ce0    0000001a     F2837xD_GlobalVariableDefs.obj (PieCtrlRegsFile)

DspLedCaseFile 
*          1    00012001    00000001     UNINITIALIZED
                  00012001    00000001     LED.obj (DspLedCaseFile)

DspLedCntFile 
*          1    00012002    00000001     UNINITIALIZED
                  00012002    00000001     LED.obj (DspLedCntFile)

.reset     0    003fffc0    00000002     DSECT
                  003fffc0    00000002     rts2800_fpu32.lib : boot28.asm.obj (.reset)

.stack     1    00000400    00000200     UNINITIALIZED
                  00000400    00000200     --HOLE--

.ebss      1    00009590    0000052d     UNINITIALIZED
                  00009590    0000002b     F2837xD_EtherCAT_Slave_Lib.lib : ecatslv.obj (.ebss)
                  000095bb    00000001     --HOLE--
                  000095bc    00000004     rts2800_fpu32.lib : memory.c.obj (.ebss)
                  000095c0    000001dc     F2837xD_EtherCAT_Slave_Lib.lib : coeappl.obj (.ebss)
                  0000979c    0000000e     CPU1_Interrupt.obj (.ebss)
                  000097aa    0000000a     F2837xD_EtherCAT_Slave_Lib.lib : F2837xD_hw.obj (.ebss)
                  000097b4    00000006     rts2800_fpu32.lib : exit.c.obj (.ebss)
                  000097ba    00000002     F2837xD_EtherCAT_Slave_Lib.lib : ecatcoe.obj (.ebss)
                  000097bc    00000002     IPC.obj (.ebss)
                  000097be    00000002     LED.obj (.ebss)
                  000097c0    00000180     F2837xD_EtherCAT_Slave_Lib.lib : mailbox.obj (.ebss)
                  00009940    00000062                                    : ecatappl.obj (.ebss)
                  000099a2    00000002     rts2800_fpu32.lib : _lock.c.obj (.ebss:__lock)
                  000099a4    00000002                       : _lock.c.obj (.ebss:__unlock)
                  000099a6    0000001a     --HOLE--
                  000099c0    00000062     F2837xD_EtherCAT_Slave_Lib.lib : objdef.obj (.ebss)
                  00009a22    0000001e     --HOLE--
                  00009a40    00000056                                    : F2837xD_Slave.obj (.ebss)
                  00009a96    00000027                                    : sdoserv.obj (.ebss)

.esysmem   1    00009abe    00000400     UNINITIALIZED
                  00009abe    00000002     --HOLE--
                  00009ac0    00000004     rts2800_fpu32.lib : memory.c.obj (.esysmem)
                  00009ac4    000003fa     --HOLE--

Cla1SoftIntRegsFile 
*          1    00000ce0    00000004     DSECT
                  00000ce0    00000004     F2837xD_GlobalVariableDefs.obj (Cla1SoftIntRegsFile)

PieVectTableFile 
*          1    00000d00    000001c0     UNINITIALIZED
                  00000d00    000001c0     F2837xD_GlobalVariableDefs.obj (PieVectTableFile)

EmuKeyVar 
*          1    00000d00    00000001     UNINITIALIZED
                  00000d00    00000001     F2837xD_GlobalVariableDefs.obj (EmuKeyVar)

EmuBModeVar 
*          1    00000d01    00000001     UNINITIALIZED
                  00000d01    00000001     F2837xD_GlobalVariableDefs.obj (EmuBModeVar)

FlashCallbackVar 
*          1    00000d02    00000000     UNINITIALIZED

FlashScalingVar 
*          1    00000d02    00000000     UNINITIALIZED

DmaRegsFile 
*          1    00001000    000000e0     UNINITIALIZED
                  00001000    000000e0     F2837xD_GlobalVariableDefs.obj (DmaRegsFile)

Cla1RegsFile 
*          1    00001400    0000003e     UNINITIALIZED
                  00001400    0000003e     F2837xD_GlobalVariableDefs.obj (Cla1RegsFile)

EPwm1RegsFile 
*          1    00004000    00000100     UNINITIALIZED
                  00004000    00000100     F2837xD_GlobalVariableDefs.obj (EPwm1RegsFile)

EPwm2RegsFile 
*          1    00004100    00000100     UNINITIALIZED
                  00004100    00000100     F2837xD_GlobalVariableDefs.obj (EPwm2RegsFile)

EPwm3RegsFile 
*          1    00004200    00000100     UNINITIALIZED
                  00004200    00000100     F2837xD_GlobalVariableDefs.obj (EPwm3RegsFile)

EPwm4RegsFile 
*          1    00004300    00000100     UNINITIALIZED
                  00004300    00000100     F2837xD_GlobalVariableDefs.obj (EPwm4RegsFile)

EPwm5RegsFile 
*          1    00004400    00000100     UNINITIALIZED
                  00004400    00000100     F2837xD_GlobalVariableDefs.obj (EPwm5RegsFile)

EPwm6RegsFile 
*          1    00004500    00000100     UNINITIALIZED
                  00004500    00000100     F2837xD_GlobalVariableDefs.obj (EPwm6RegsFile)

EPwm7RegsFile 
*          1    00004600    00000100     UNINITIALIZED
                  00004600    00000100     F2837xD_GlobalVariableDefs.obj (EPwm7RegsFile)

EPwm8RegsFile 
*          1    00004700    00000100     UNINITIALIZED
                  00004700    00000100     F2837xD_GlobalVariableDefs.obj (EPwm8RegsFile)

EPwm9RegsFile 
*          1    00004800    00000100     UNINITIALIZED
                  00004800    00000100     F2837xD_GlobalVariableDefs.obj (EPwm9RegsFile)

EPwm10RegsFile 
*          1    00004900    00000100     UNINITIALIZED
                  00004900    00000100     F2837xD_GlobalVariableDefs.obj (EPwm10RegsFile)

EPwm11RegsFile 
*          1    00004a00    00000100     UNINITIALIZED
                  00004a00    00000100     F2837xD_GlobalVariableDefs.obj (EPwm11RegsFile)

EPwm12RegsFile 
*          1    00004b00    00000100     UNINITIALIZED
                  00004b00    00000100     F2837xD_GlobalVariableDefs.obj (EPwm12RegsFile)

ECap1RegsFile 
*          1    00005000    00000020     UNINITIALIZED
                  00005000    00000020     F2837xD_GlobalVariableDefs.obj (ECap1RegsFile)

ECap2RegsFile 
*          1    00005020    00000020     UNINITIALIZED
                  00005020    00000020     F2837xD_GlobalVariableDefs.obj (ECap2RegsFile)

ECap3RegsFile 
*          1    00005040    00000020     UNINITIALIZED
                  00005040    00000020     F2837xD_GlobalVariableDefs.obj (ECap3RegsFile)

ECap4RegsFile 
*          1    00005060    00000020     UNINITIALIZED
                  00005060    00000020     F2837xD_GlobalVariableDefs.obj (ECap4RegsFile)

ECap5RegsFile 
*          1    00005080    00000020     UNINITIALIZED
                  00005080    00000020     F2837xD_GlobalVariableDefs.obj (ECap5RegsFile)

ECap6RegsFile 
*          1    000050a0    00000020     UNINITIALIZED
                  000050a0    00000020     F2837xD_GlobalVariableDefs.obj (ECap6RegsFile)

EQep1RegsFile 
*          1    00005100    00000022     UNINITIALIZED
                  00005100    00000022     F2837xD_GlobalVariableDefs.obj (EQep1RegsFile)

EQep2RegsFile 
*          1    00005140    00000022     UNINITIALIZED
                  00005140    00000022     F2837xD_GlobalVariableDefs.obj (EQep2RegsFile)

EQep3RegsFile 
*          1    00005180    00000022     UNINITIALIZED
                  00005180    00000022     F2837xD_GlobalVariableDefs.obj (EQep3RegsFile)

DacaRegsFile 
*          1    00005c00    00000008     UNINITIALIZED
                  00005c00    00000008     F2837xD_GlobalVariableDefs.obj (DacaRegsFile)

DacbRegsFile 
*          1    00005c10    00000008     UNINITIALIZED
                  00005c10    00000008     F2837xD_GlobalVariableDefs.obj (DacbRegsFile)

DaccRegsFile 
*          1    00005c20    00000008     UNINITIALIZED
                  00005c20    00000008     F2837xD_GlobalVariableDefs.obj (DaccRegsFile)

Cmpss1RegsFile 
*          1    00005c80    00000020     UNINITIALIZED
                  00005c80    00000020     F2837xD_GlobalVariableDefs.obj (Cmpss1RegsFile)

Cmpss2RegsFile 
*          1    00005ca0    00000020     UNINITIALIZED
                  00005ca0    00000020     F2837xD_GlobalVariableDefs.obj (Cmpss2RegsFile)

Cmpss3RegsFile 
*          1    00005cc0    00000020     UNINITIALIZED
                  00005cc0    00000020     F2837xD_GlobalVariableDefs.obj (Cmpss3RegsFile)

Cmpss4RegsFile 
*          1    00005ce0    00000020     UNINITIALIZED
                  00005ce0    00000020     F2837xD_GlobalVariableDefs.obj (Cmpss4RegsFile)

Cmpss5RegsFile 
*          1    00005d00    00000020     UNINITIALIZED
                  00005d00    00000020     F2837xD_GlobalVariableDefs.obj (Cmpss5RegsFile)

Cmpss6RegsFile 
*          1    00005d20    00000020     UNINITIALIZED
                  00005d20    00000020     F2837xD_GlobalVariableDefs.obj (Cmpss6RegsFile)

Cmpss7RegsFile 
*          1    00005d40    00000020     UNINITIALIZED
                  00005d40    00000020     F2837xD_GlobalVariableDefs.obj (Cmpss7RegsFile)

Cmpss8RegsFile 
*          1    00005d60    00000020     UNINITIALIZED
                  00005d60    00000020     F2837xD_GlobalVariableDefs.obj (Cmpss8RegsFile)

Sdfm1RegsFile 
*          1    00005e00    00000080     UNINITIALIZED
                  00005e00    00000080     F2837xD_GlobalVariableDefs.obj (Sdfm1RegsFile)

Sdfm2RegsFile 
*          1    00005e80    00000080     UNINITIALIZED
                  00005e80    00000080     F2837xD_GlobalVariableDefs.obj (Sdfm2RegsFile)

McbspaRegsFile 
*          1    00006000    00000024     UNINITIALIZED
                  00006000    00000024     F2837xD_GlobalVariableDefs.obj (McbspaRegsFile)

McbspbRegsFile 
*          1    00006040    00000024     UNINITIALIZED
                  00006040    00000024     F2837xD_GlobalVariableDefs.obj (McbspbRegsFile)

SpiaRegsFile 
*          1    00006100    00000010     UNINITIALIZED
                  00006100    00000010     F2837xD_GlobalVariableDefs.obj (SpiaRegsFile)

SpibRegsFile 
*          1    00006110    00000010     UNINITIALIZED
                  00006110    00000010     F2837xD_GlobalVariableDefs.obj (SpibRegsFile)

SpicRegsFile 
*          1    00006120    00000010     UNINITIALIZED
                  00006120    00000010     F2837xD_GlobalVariableDefs.obj (SpicRegsFile)

UppRegsFile 
*          1    00006200    00000048     UNINITIALIZED
                  00006200    00000048     F2837xD_GlobalVariableDefs.obj (UppRegsFile)

WdRegsFile 
*          1    00007000    0000002b     UNINITIALIZED
                  00007000    0000002b     F2837xD_GlobalVariableDefs.obj (WdRegsFile)

NmiIntruptRegsFile 
*          1    00007060    00000007     UNINITIALIZED
                  00007060    00000007     F2837xD_GlobalVariableDefs.obj (NmiIntruptRegsFile)

XintRegsFile 
*          1    00007070    0000000b     UNINITIALIZED
                  00007070    0000000b     F2837xD_GlobalVariableDefs.obj (XintRegsFile)

SciaRegsFile 
*          1    00007200    00000010     UNINITIALIZED
                  00007200    00000010     F2837xD_GlobalVariableDefs.obj (SciaRegsFile)

ScibRegsFile 
*          1    00007210    00000010     UNINITIALIZED
                  00007210    00000010     F2837xD_GlobalVariableDefs.obj (ScibRegsFile)

ScicRegsFile 
*          1    00007220    00000010     UNINITIALIZED
                  00007220    00000010     F2837xD_GlobalVariableDefs.obj (ScicRegsFile)

ScidRegsFile 
*          1    00007230    00000010     UNINITIALIZED
                  00007230    00000010     F2837xD_GlobalVariableDefs.obj (ScidRegsFile)

I2caRegsFile 
*          1    00007300    00000022     UNINITIALIZED
                  00007300    00000022     F2837xD_GlobalVariableDefs.obj (I2caRegsFile)

I2cbRegsFile 
*          1    00007340    00000022     UNINITIALIZED
                  00007340    00000022     F2837xD_GlobalVariableDefs.obj (I2cbRegsFile)

AdcaRegsFile 
*          1    00007400    00000080     UNINITIALIZED
                  00007400    00000080     F2837xD_GlobalVariableDefs.obj (AdcaRegsFile)

AdcbRegsFile 
*          1    00007480    00000080     UNINITIALIZED
                  00007480    00000080     F2837xD_GlobalVariableDefs.obj (AdcbRegsFile)

AdccRegsFile 
*          1    00007500    00000080     UNINITIALIZED
                  00007500    00000080     F2837xD_GlobalVariableDefs.obj (AdccRegsFile)

AdcdRegsFile 
*          1    00007580    00000080     UNINITIALIZED
                  00007580    00000080     F2837xD_GlobalVariableDefs.obj (AdcdRegsFile)

InputXbarRegsFile 
*          1    00007900    00000020     UNINITIALIZED
                  00007900    00000020     F2837xD_GlobalVariableDefs.obj (InputXbarRegsFile)

XbarRegsFile 
*          1    00007920    00000020     UNINITIALIZED
                  00007920    00000020     F2837xD_GlobalVariableDefs.obj (XbarRegsFile)

SyncSocRegsFile 
*          1    00007940    00000006     UNINITIALIZED
                  00007940    00000006     F2837xD_GlobalVariableDefs.obj (SyncSocRegsFile)

DmaClaSrcSelRegsFile 
*          1    00007980    0000001a     UNINITIALIZED
                  00007980    0000001a     F2837xD_GlobalVariableDefs.obj (DmaClaSrcSelRegsFile)

EPwmXbarRegsFile 
*          1    00007a00    00000040     UNINITIALIZED
                  00007a00    00000040     F2837xD_GlobalVariableDefs.obj (EPwmXbarRegsFile)

OutputXbarRegsFile 
*          1    00007a80    00000040     UNINITIALIZED
                  00007a80    00000040     F2837xD_GlobalVariableDefs.obj (OutputXbarRegsFile)

GpioCtrlRegsFile 
*          1    00007c00    00000180     UNINITIALIZED
                  00007c00    00000180     F2837xD_GlobalVariableDefs.obj (GpioCtrlRegsFile)

GpioDataRegsFile 
*          1    00007f00    00000030     UNINITIALIZED
                  00007f00    00000030     F2837xD_GlobalVariableDefs.obj (GpioDataRegsFile)

IpcTempVolFile 
*          1    0003f800    00000018     UNINITIALIZED
                  0003f800    00000018     F2837xD_GlobalVariableDefs.obj (IpcTempVolFile)

IpcEcatSlaveFile 
*          1    0003f818    00000004     UNINITIALIZED
                  0003f818    00000004     F2837xD_GlobalVariableDefs.obj (IpcEcatSlaveFile)

IpcTempCalFile 
*          1    0003fc00    00000018     UNINITIALIZED
                  0003fc00    00000018     F2837xD_GlobalVariableDefs.obj (IpcTempCalFile)

IpcEcatMasterFile 
*          1    0003fc18    0000000b     UNINITIALIZED
                  0003fc18    0000000b     F2837xD_GlobalVariableDefs.obj (IpcEcatMasterFile)

Emif1RegsFile 
*          1    00047000    00000070     UNINITIALIZED
                  00047000    00000070     F2837xD_GlobalVariableDefs.obj (Emif1RegsFile)

Emif2RegsFile 
*          1    00047800    00000070     UNINITIALIZED
                  00047800    00000070     F2837xD_GlobalVariableDefs.obj (Emif2RegsFile)

IpcRegsFile 
*          1    00050000    00000024     UNINITIALIZED
                  00050000    00000024     F2837xD_GlobalVariableDefs.obj (IpcRegsFile)

FlashPumpSemaphoreRegsFile 
*          1    00050024    00000002     UNINITIALIZED
                  00050024    00000002     F2837xD_GlobalVariableDefs.obj (FlashPumpSemaphoreRegsFile)

DevCfgRegsFile 
*          1    0005d000    0000012e     UNINITIALIZED
                  0005d000    0000012e     F2837xD_GlobalVariableDefs.obj (DevCfgRegsFile)

AnalogSubsysRegsFile 
*          1    0005d180    00000048     UNINITIALIZED
                  0005d180    00000048     F2837xD_GlobalVariableDefs.obj (AnalogSubsysRegsFile)

ClkCfgRegsFile 
*          1    0005d200    00000032     UNINITIALIZED
                  0005d200    00000032     F2837xD_GlobalVariableDefs.obj (ClkCfgRegsFile)

CpuSysRegsFile 
*          1    0005d300    00000082     UNINITIALIZED
                  0005d300    00000082     F2837xD_GlobalVariableDefs.obj (CpuSysRegsFile)

RomPrefetchRegsFile 
*          1    0005e608    00000002     UNINITIALIZED
                  0005e608    00000002     F2837xD_GlobalVariableDefs.obj (RomPrefetchRegsFile)

DcsmZ1RegsFile 
*          1    0005f000    00000024     UNINITIALIZED
                  0005f000    00000024     F2837xD_GlobalVariableDefs.obj (DcsmZ1RegsFile)

DcsmZ2RegsFile 
*          1    0005f040    00000024     UNINITIALIZED
                  0005f040    00000024     F2837xD_GlobalVariableDefs.obj (DcsmZ2RegsFile)

DcsmCommonRegsFile 
*          1    0005f070    00000008     UNINITIALIZED
                  0005f070    00000008     F2837xD_GlobalVariableDefs.obj (DcsmCommonRegsFile)

MemCfgRegsFile 
*          1    0005f400    00000080     UNINITIALIZED
                  0005f400    00000080     F2837xD_GlobalVariableDefs.obj (MemCfgRegsFile)

Emif1ConfigRegsFile 
*          1    0005f480    00000020     UNINITIALIZED
                  0005f480    00000020     F2837xD_GlobalVariableDefs.obj (Emif1ConfigRegsFile)

Emif2ConfigRegsFile 
*          1    0005f4a0    00000020     UNINITIALIZED
                  0005f4a0    00000020     F2837xD_GlobalVariableDefs.obj (Emif2ConfigRegsFile)

AccessProtectionRegsFile 
*          1    0005f4c0    00000040     UNINITIALIZED
                  0005f4c0    00000040     F2837xD_GlobalVariableDefs.obj (AccessProtectionRegsFile)

MemoryErrorRegsFile 
*          1    0005f500    00000040     UNINITIALIZED
                  0005f500    00000040     F2837xD_GlobalVariableDefs.obj (MemoryErrorRegsFile)

RomWaitStateRegsFile 
*          1    0005f540    00000002     UNINITIALIZED
                  0005f540    00000002     F2837xD_GlobalVariableDefs.obj (RomWaitStateRegsFile)

Flash0CtrlRegsFile 
*          1    0005f800    00000182     UNINITIALIZED
                  0005f800    00000182     F2837xD_GlobalVariableDefs.obj (Flash0CtrlRegsFile)

Flash0EccRegsFile 
*          1    0005fb00    00000028     UNINITIALIZED
                  0005fb00    00000028     F2837xD_GlobalVariableDefs.obj (Flash0EccRegsFile)

DcsmZ1OtpFile 
*          1    00078000    00000020     NOLOAD SECTION
                  00078000    00000020     F2837xD_GlobalVariableDefs.obj (DcsmZ1OtpFile)

DcsmZ2OtpFile 
*          1    00078200    00000020     NOLOAD SECTION
                  00078200    00000020     F2837xD_GlobalVariableDefs.obj (DcsmZ2OtpFile)

MODULE SUMMARY

       Module                               code    initialized data   uninitialized data
       ------                               ----    ----------------   ------------------
    .\CPU1_BOOT_FLASH\
       DSP28xxx_SectionCopy_nonBIOS.obj     60      0                  0                 
       DSP28xxx_FLASH_CodeStartBranch.obj   10      0                  0                 
    +--+------------------------------------+-------+------------------+--------------------+
       Total:                               70      0                  0                 
                                                                                         
    .\include\F2837xD\
       F2837xD_GlobalVariableDefs.obj       0       0                  8110              
       F2837xD_usDelay.obj                  8       0                  0                 
    +--+------------------------------------+-------+------------------+--------------------+
       Total:                               8       0                  8110              
                                                                                         
    .\source\
       GPIO.obj                             5384    0                  0                 
       SysCtrl.obj                          1506    0                  0                 
       EMIF.obj                             402     0                  0                 
       Dual_core.obj                        316     0                  0                 
       ePWM.obj                             294     0                  0                 
       IPC.obj                              252     10                 2                 
       CPU1_Interrupt.obj                   136     112                14                
       LED.obj                              104     32                 4                 
       main.obj                             138     0                  0                 
       WatchDog.obj                         26      0                  0                 
    +--+------------------------------------+-------+------------------+--------------------+
       Total:                               8558    154                20                
                                                                                         
    ../EtherCAT_Library/F2837xD_EtherCAT_Slave_Lib.lib
       ecatslv.obj                          4816    16                 43                
       coeappl.obj                          766     3552               476               
       objdef.obj                           4110    176                98                
       sdoserv.obj                          3130    128                39                
       mailbox.obj                          1556    0                  384               
       F2837xD_hw.obj                       1684    0                  10                
       ecatappl.obj                         1534    48                 98                
       F2837xD_Gpio.obj                     1160    0                  0                 
       F2837xD_Slave.obj                    594     134                86                
       ecatcoe.obj                          176     0                  2                 
       F2837xD_system.obj                   92      0                  0                 
    +--+------------------------------------+-------+------------------+--------------------+
       Total:                               19618   4054               1236              
                                                                                         
    C:\ti\ccs901\ccs\tools\compiler\ti-cgt-c2000_18.12.6.LTS\lib\rts2800_fpu32.lib
       memory.c.obj                         1308    8                  4                 
       boot28.asm.obj                       172     0                  0                 
       exit.c.obj                           82      28                 6                 
       cpy_tbl.c.obj                        72      0                  0                 
       memcpy.c.obj                         58      0                  0                 
       args_main.c.obj                      50      0                  0                 
       _lock.c.obj                          18      20                 4                 
       u_div28.asm.obj                      22      0                  0                 
       strlen.c.obj                         16      0                  0                 
       memset.c.obj                         14      0                  0                 
       pre_init.c.obj                       4       0                  0                 
       startup.c.obj                        2       0                  0                 
    +--+------------------------------------+-------+------------------+--------------------+
       Total:                               1818    56                 14                
                                                                                         
       Heap:                                0       0                  1024              
       Stack:                               0       0                  512               
    +--+------------------------------------+-------+------------------+--------------------+
       Grand Total:                         30072   4264               10916             


GLOBAL DATA SYMBOLS: SORTED BY DATA PAGE

address     data page           name
--------    ----------------    ----
00000400      10 (00000400)     __stack

00000b00      2c (00000b00)     _AdcaResultRegs
00000b20      2c (00000b00)     _AdcbResultRegs

00000b40      2d (00000b40)     _AdccResultRegs
00000b60      2d (00000b40)     _AdcdResultRegs

00000c00      30 (00000c00)     _CpuTimer0Regs
00000c08      30 (00000c00)     _CpuTimer1Regs
00000c10      30 (00000c00)     _CpuTimer2Regs

00000ce0      33 (00000cc0)     _Cla1SoftIntRegs
00000ce0      33 (00000cc0)     _PieCtrlRegs

00000d00      34 (00000d00)     _EmuKey
00000d00      34 (00000d00)     _PieVectTable
00000d01      34 (00000d00)     _EmuBMode

00001000      40 (00001000)     _DmaRegs

00001400      50 (00001400)     _Cla1Regs

00004000     100 (00004000)     _EPwm1Regs

00004100     104 (00004100)     _EPwm2Regs

00004200     108 (00004200)     _EPwm3Regs

00004300     10c (00004300)     _EPwm4Regs

00004400     110 (00004400)     _EPwm5Regs

00004500     114 (00004500)     _EPwm6Regs

00004600     118 (00004600)     _EPwm7Regs

00004700     11c (00004700)     _EPwm8Regs

00004800     120 (00004800)     _EPwm9Regs

00004900     124 (00004900)     _EPwm10Regs

00004a00     128 (00004a00)     _EPwm11Regs

00004b00     12c (00004b00)     _EPwm12Regs

00005000     140 (00005000)     _ECap1Regs
00005020     140 (00005000)     _ECap2Regs

00005040     141 (00005040)     _ECap3Regs
00005060     141 (00005040)     _ECap4Regs

00005080     142 (00005080)     _ECap5Regs
000050a0     142 (00005080)     _ECap6Regs

00005100     144 (00005100)     _EQep1Regs

00005140     145 (00005140)     _EQep2Regs

00005180     146 (00005180)     _EQep3Regs

00005c00     170 (00005c00)     _DacaRegs
00005c10     170 (00005c00)     _DacbRegs
00005c20     170 (00005c00)     _DaccRegs

00005c80     172 (00005c80)     _Cmpss1Regs
00005ca0     172 (00005c80)     _Cmpss2Regs

00005cc0     173 (00005cc0)     _Cmpss3Regs
00005ce0     173 (00005cc0)     _Cmpss4Regs

00005d00     174 (00005d00)     _Cmpss5Regs
00005d20     174 (00005d00)     _Cmpss6Regs

00005d40     175 (00005d40)     _Cmpss7Regs
00005d60     175 (00005d40)     _Cmpss8Regs

00005e00     178 (00005e00)     _Sdfm1Regs

00005e80     17a (00005e80)     _Sdfm2Regs

00006000     180 (00006000)     _McbspaRegs

00006040     181 (00006040)     _McbspbRegs

00006100     184 (00006100)     _SpiaRegs
00006110     184 (00006100)     _SpibRegs
00006120     184 (00006100)     _SpicRegs

00006200     188 (00006200)     _UppRegs

00007000     1c0 (00007000)     _WdRegs

00007060     1c1 (00007040)     _NmiIntruptRegs
00007070     1c1 (00007040)     _XintRegs

00007200     1c8 (00007200)     _SciaRegs
00007210     1c8 (00007200)     _ScibRegs
00007220     1c8 (00007200)     _ScicRegs
00007230     1c8 (00007200)     _ScidRegs

00007300     1cc (00007300)     _I2caRegs

00007340     1cd (00007340)     _I2cbRegs

00007400     1d0 (00007400)     _AdcaRegs

00007480     1d2 (00007480)     _AdcbRegs

00007500     1d4 (00007500)     _AdccRegs

00007580     1d6 (00007580)     _AdcdRegs

00007900     1e4 (00007900)     _InputXbarRegs
00007920     1e4 (00007900)     _XbarRegs

00007940     1e5 (00007940)     _SyncSocRegs

00007980     1e6 (00007980)     _DmaClaSrcSelRegs

00007a00     1e8 (00007a00)     _EPwmXbarRegs

00007a80     1ea (00007a80)     _OutputXbarRegs

00007c00     1f0 (00007c00)     _GpioCtrlRegs

00007f00     1fc (00007f00)     _GpioDataRegs

00009000     240 (00009000)     _aName0x1C32

00009100     244 (00009100)     _aName0x1C33

000091ff     247 (000091c0)     _aName0x7010

00009291     24a (00009280)     _aName0x1601

0000931f     24c (00009300)     _asEntryDesc0x1C3x

00009382     24e (00009380)     _aName0x10F1

000093c2     24f (000093c0)     _cAbortCode
000093fe     24f (000093c0)     _aName0x1018

00009437     250 (00009400)     _aName0x1A00

0000945d     251 (00009440)     _asEntryDesc0x1601
0000947e     251 (00009440)     _asEntryDesc0x7010

0000949f     252 (00009480)     _aName0x6000
000094bc     252 (00009480)     _aName0x1C00

000094ce     253 (000094c0)     _aName0x1009
000094df     253 (000094c0)     _aName0x100A
000094f0     253 (000094c0)     _cBitMask

00009500     254 (00009500)     _aName0x1001
0000950f     254 (00009500)     _aName0x1C12
0000951e     254 (00009500)     _aName0x1C13
0000952d     254 (00009500)     _asEntryDesc0x1018
0000953c     254 (00009500)     _aName0x1000

00009548     255 (00009540)     _aName0x1008
00009554     255 (00009540)     _asEntryDesc0x10F1
0000955d     255 (00009540)     _asEntryDesc0x1A00
00009566     255 (00009540)     _asEntryDesc0x6000
0000956f     255 (00009540)     _asEntryDesc0x1C00
00009575     255 (00009540)     _asEntryDesc0x1C12
0000957b     255 (00009540)     _asEntryDesc0x1C13

00009581     256 (00009580)     _sEntryDesc0x1000
00009584     256 (00009580)     _sEntryDesc0x1001
00009587     256 (00009580)     _sEntryDesc0x1008
0000958a     256 (00009580)     _sEntryDesc0x1009
0000958d     256 (00009580)     _sEntryDesc0x100A
00009590     256 (00009580)     _nMaxEscAddress
00009591     256 (00009580)     _nAlStatus
00009592     256 (00009580)     _LatchInputSync0Counter
00009593     256 (00009580)     _LatchInputSync0Value
00009594     256 (00009580)     _bEscIntEnabled
00009595     256 (00009580)     _u8EcatErrorLed
00009596     256 (00009580)     _bLocalErrorFlag
00009597     256 (00009580)     _nEcatStateTrans
00009598     256 (00009580)     _bApplEsmPending
00009599     256 (00009580)     _bEcatWaitForAlControlRes
0000959a     256 (00009580)     _nPdOutputSize
0000959b     256 (00009580)     _nMaxSyncMan
0000959c     256 (00009580)     _nPdInputSize
0000959d     256 (00009580)     _b3BufferMode
0000959e     256 (00009580)     _u8EcatRunLed
0000959f     256 (00009580)     _SMActivate
000095a0     256 (00009580)     _EepromLoaded
000095a1     256 (00009580)     _u16ALEventMask
000095a2     256 (00009580)     _u16dummy
000095a3     256 (00009580)     _nEscAddrOutputData
000095a4     256 (00009580)     _nEscAddrInputData
000095a5     256 (00009580)     _u16LocalErrorCode
000095a6     256 (00009580)     _EcatWdValue
000095a7     256 (00009580)     _bEcatInputUpdateRunning
000095a8     256 (00009580)     _bEcatFirstOutputsReceived
000095a9     256 (00009580)     _bEcatOutputUpdateRunning
000095aa     256 (00009580)     _i16WaitForPllRunningCnt
000095ab     256 (00009580)     _Sync0WdCounter
000095ac     256 (00009580)     _bSmSyncSequenceValid
000095ad     256 (00009580)     _i16WaitForPllRunningTimeout
000095ae     256 (00009580)     _Sync1WdValue
000095af     256 (00009580)     _Sync0WdValue
000095b0     256 (00009580)     _Sync1WdCounter
000095b1     256 (00009580)     _EsmTimeoutCounter
000095b2     256 (00009580)     _bWdTrigger
000095b3     256 (00009580)     _bDcSyncActive
000095b4     256 (00009580)     _u16SmSync0Counter
000095b5     256 (00009580)     _bDcRunning
000095b6     256 (00009580)     _u16SmSync0Value
000095b7     256 (00009580)     _SyncManInfo

000095c0     257 (000095c0)     _u16ErrorRegister
000095c2     257 (000095c0)     _ObjDicList
000095c4     257 (000095c0)     _u32Devicetype
000095c6     257 (000095c0)     _acHardwareversion
000095cb     257 (000095c0)     _sSyncmanagertype
000095d0     257 (000095c0)     _acSoftwareversion
000095d6     257 (000095c0)     _sIdentity
000095e0     257 (000095c0)     _acDevicename

00009600     258 (00009600)     _ApplicationObjDic

000096c0     25b (000096c0)     _GenObjDic

0000979c     25e (00009780)     _l
0000979d     25e (00009780)     _m
0000979e     25e (00009780)     _k
0000979f     25e (00009780)     _i
000097a0     25e (00009780)     _j
000097a1     25e (00009780)     _t
000097a2     25e (00009780)     _Number_SM
000097a3     25e (00009780)     _D_Number_SM
000097a4     25e (00009780)     _H_Number_SM
000097a5     25e (00009780)     _Group_number
000097a6     25e (00009780)     _REF_MIN
000097a7     25e (00009780)     _REF_MAX
000097a8     25e (00009780)     _HALF_CNT
000097a9     25e (00009780)     _Flag_PWM_INIT
000097aa     25e (00009780)     _pEsc
000097ac     25e (00009780)     _CpuTimer0
000097b4     25e (00009780)     ___TI_enable_exit_profile_output
000097b6     25e (00009780)     ___TI_cleanup_ptr
000097b8     25e (00009780)     ___TI_dtors_ptr
000097ba     25e (00009780)     _pCoeSendStored
000097bc     25e (00009780)     _Sum_v_sm_old
000097be     25e (00009780)     _DSP_LED_case
000097bf     25e (00009780)     _DSP_LED_cnt

000097c0     25f (000097c0)     _u16ReceiveMbxSize
000097c1     25f (000097c0)     _u16SendMbxSize
000097c2     25f (000097c0)     _bMbxRepeatToggle
000097c3     25f (000097c0)     _bReceiveMbxIsLocked
000097c4     25f (000097c0)     _bMbxRunning
000097c5     25f (000097c0)     _u8MbxReadCounter
000097c6     25f (000097c0)     _u8MbxWriteCounter
000097c7     25f (000097c0)     _u8MailboxSendReqStored
000097c8     25f (000097c0)     _u16EscAddrReceiveMbx
000097c9     25f (000097c0)     _bSendMbxIsFull
000097ca     25f (000097c0)     _bNoMbxMemoryAvailable
000097cb     25f (000097c0)     _u16EscAddrSendMbx
000097cc     25f (000097c0)     _psReadMbx
000097ce     25f (000097c0)     _psWriteMbx
000097d0     25f (000097c0)     _psRepeatMbx
000097d2     25f (000097c0)     _psStoreMbx
000097d4     25f (000097c0)     _sMbxSendQueue

00009800     260 (00009800)     _sMbxReceiveQueue

00009840     261 (00009840)     _asMbx

00009940     265 (00009940)     _bEtherCATRunLed
00009941     265 (00009940)     _bEtherCATErrorLed
00009942     265 (00009940)     _bEcatWaitForInputUpdate
00009948     265 (00009940)     _u16BusCycleCntMs
00009949     265 (00009940)     _bRunApplication
0000994a     265 (00009940)     _bCycleTimeMeasurementStarted
0000994b     265 (00009940)     _bInitFinished
0000994c     265 (00009940)     _pAPPL_EEPROM_Write
0000994e     265 (00009940)     _pAPPL_EEPROM_Read
00009950     265 (00009940)     _pAPPL_EEPROM_Reload
00009952     265 (00009940)     _StartTimerCnt
00009954     265 (00009940)     _aPdOutputData

00009980     266 (00009980)     _aPdInputData
000099a2     266 (00009980)     __lock
000099a4     266 (00009980)     __unlock

000099c0     267 (000099c0)     _bSyncSetByUser
000099c1     267 (000099c0)     _sCycleDiag
000099c2     267 (000099c0)     _sErrorSettings
000099c8     267 (000099c0)     _aSubindexDesc
000099d6     267 (000099c0)     _sSyncManOutPar

00009a00     268 (00009a00)     _sSyncManInPar

00009a40     269 (00009a40)     _Flash_ROM_lsb
00009a41     269 (00009a40)     _Flash_ROM_msb
00009a42     269 (00009a40)     _Ref
00009a43     269 (00009a40)     _Limit_v_sm_over
00009a44     269 (00009a40)     _Limit_v_sm_under
00009a45     269 (00009a40)     _Slave_OP_mode
00009a46     269 (00009a40)     _Limit_temperature
00009a47     269 (00009a40)     _Status_data
00009a48     269 (00009a40)     _SlaveStatus
00009a49     269 (00009a40)     _Bypass_data
00009a4a     269 (00009a40)     _Operation_data
00009a4b     269 (00009a40)     _sTxPDOassign
00009a4d     269 (00009a40)     _sRxPDOassign
00009a50     269 (00009a40)     _Fault_data
00009a52     269 (00009a40)     _Sum_v_sm
00009a54     269 (00009a40)     _DIInputs0x6000
00009a5a     269 (00009a40)     _TxPDOMap0x1A00
00009a60     269 (00009a40)     _DOOutputs0x7010

00009a80     26a (00009a80)     _RxPDOMap0x1601
00009a96     26a (00009a80)     _u8StoreSubindex
00009a97     26a (00009a80)     _bStoreCompleteAccess
00009a98     26a (00009a80)     _nSdoInfoFragmentsLeft
00009a99     26a (00009a80)     _u16StoreIndex
00009a9a     26a (00009a80)     _bSdoSegAccess
00009a9b     26a (00009a80)     _bSdoSegFollows
00009a9c     26a (00009a80)     _nSdoSegSubindex
00009a9d     26a (00009a80)     _nSdoSegIndex
00009a9e     26a (00009a80)     _nSdoInfoIndex
00009a9f     26a (00009a80)     _u8PendingSdo
00009aa0     26a (00009a80)     _nSdoSegService
00009aa1     26a (00009a80)     _bSdoInWork
00009aa2     26a (00009a80)     _bSdoSegLastToggle
00009aa4     26a (00009a80)     _pSdoInfoObjEntry
00009aa6     26a (00009a80)     _nSdoSegBytesToHandle
00009aa8     26a (00009a80)     _pSdoPendFunc
00009aaa     26a (00009a80)     _u32StoreDataSize
00009aac     26a (00009a80)     _pStoreData
00009aae     26a (00009a80)     _pSdoSegObjEntry
00009ab0     26a (00009a80)     _pSdoResStored
00009ab2     26a (00009a80)     _nSdoSegCompleteSize
00009ab4     26a (00009a80)     _pSdoSegData
00009ab6     26a (00009a80)     _aSdoInfoHeader

00009ac0     26b (00009ac0)     __sys_memory

00012001     480 (00012000)     _DSP_LED_case1
00012002     480 (00012000)     _DSP_LED_cnt1

0003f800     fe0 (0003f800)     _IPC_Temp_Vol
0003f818     fe0 (0003f800)     _IpcDspEcatSlave

0003fc00     ff0 (0003fc00)     _IPC_Temp_Cal
0003fc18     ff0 (0003fc00)     _IpcDspEcatMaster

00047000    11c0 (00047000)     _Emif1Regs

00047800    11e0 (00047800)     _Emif2Regs

00050000    1400 (00050000)     _IpcRegs
00050024    1400 (00050000)     _FlashPumpSemaphoreRegs

0005d000    1740 (0005d000)     _DevCfgRegs

0005d180    1746 (0005d180)     _AnalogSubsysRegs

0005d200    1748 (0005d200)     _ClkCfgRegs

0005d300    174c (0005d300)     _CpuSysRegs

0005e608    1798 (0005e600)     _RomPrefetchRegs

0005f000    17c0 (0005f000)     _DcsmZ1Regs

0005f040    17c1 (0005f040)     _DcsmZ2Regs
0005f070    17c1 (0005f040)     _DcsmCommonRegs

0005f400    17d0 (0005f400)     _MemCfgRegs

0005f480    17d2 (0005f480)     _Emif1ConfigRegs
0005f4a0    17d2 (0005f480)     _Emif2ConfigRegs

0005f4c0    17d3 (0005f4c0)     _AccessProtectionRegs

0005f500    17d4 (0005f500)     _MemoryErrorRegs

0005f540    17d5 (0005f540)     _RomWaitStateRegs

0005f800    17e0 (0005f800)     _Flash0CtrlRegs

0005fb00    17ec (0005fb00)     _Flash0EccRegs

00078000    1e00 (00078000)     _DcsmZ1Otp

00078200    1e08 (00078200)     _DcsmZ2Otp


GLOBAL SYMBOLS: SORTED ALPHABETICALLY BY Name 

page  address   name                                  
----  -------   ----                                  
0     0000c000  .text                                 
0     0000f9cc  C$$EXIT                               
0     0000fa5c  U$$DIV                                
0     0000fa61  U$$MOD                                
0     0000cf57  _AL_ControlInd                        
0     0000d15a  _AL_ControlRes                        
0     0000f3ff  _APPL_AckErrorInd                     
0     0000f503  _APPL_Application                     
0     0000f504  _APPL_Application_DC                  
0     0000f412  _APPL_GenerateMapping                 
0     0000f498  _APPL_InputMapping                    
0     0000f4ca  _APPL_OutputMapping                   
0     0000f407  _APPL_StartInputHandler               
0     0000f403  _APPL_StartMailboxHandler             
0     0000f40e  _APPL_StartOutputHandler              
0     0000f40c  _APPL_StopInputHandler                
0     0000f405  _APPL_StopMailboxHandler              
0     0000f410  _APPL_StopOutputHandler               
1     0005f4c0  _AccessProtectionRegs                 
1     00007400  _AdcaRegs                             
1     00000b00  _AdcaResultRegs                       
1     00007480  _AdcbRegs                             
1     00000b20  _AdcbResultRegs                       
1     00007500  _AdccRegs                             
1     00000b40  _AdccResultRegs                       
1     00007580  _AdcdRegs                             
1     00000b60  _AdcdResultRegs                       
0     0000f372  _AddObjectsToObjDictionary            
1     0005d180  _AnalogSubsysRegs                     
1     00009600  _ApplicationObjDic                    
0     0000cf13  _BackToInitTransition                 
1     00009a49  _Bypass_data                          
0     0000f2d4  _COE_AddObjectToDic                   
0     0000f35a  _COE_ClearObjDictionary               
0     0000f867  _COE_ContinueInd                      
0     0000f280  _COE_GetObjectDictionary              
0     0000f833  _COE_Init                             
0     0000f3a2  _COE_Main                             
0     0000f38b  _COE_ObjDictionaryInit                
0     0000f284  _COE_ObjInit                          
0     0000f329  _COE_RemoveDicEntry                   
0     0000f83b  _COE_ServiceInd                       
0     0000d277  _CheckIfEcatError                     
0     0000caf9  _CheckSmSettings                      
0     0000d653  _CheckSyncTypeValue                   
1     00001400  _Cla1Regs                             
0     00000ce0  _Cla1SoftIntRegs                      
1     0005d200  _ClkCfgRegs                           
1     00005c80  _Cmpss1Regs                           
1     00005ca0  _Cmpss2Regs                           
1     00005cc0  _Cmpss3Regs                           
1     00005ce0  _Cmpss4Regs                           
1     00005d00  _Cmpss5Regs                           
1     00005d20  _Cmpss6Regs                           
1     00005d40  _Cmpss7Regs                           
1     00005d60  _Cmpss8Regs                           
1     0005d300  _CpuSysRegs                           
1     000097ac  _CpuTimer0                            
1     00000c00  _CpuTimer0Regs                        
1     00000c08  _CpuTimer1Regs                        
1     00000c10  _CpuTimer2Regs                        
0     0000d23b  _DC_CheckWatchdog                     
1     00009a54  _DIInputs0x6000                       
1     00009a60  _DOOutputs0x7010                      
1     000097be  _DSP_LED_case                         
1     00012001  _DSP_LED_case1                        
1     000097bf  _DSP_LED_cnt                          
1     00012002  _DSP_LED_cnt1                         
1     000097a3  _D_Number_SM                          
1     00005c00  _DacaRegs                             
1     00005c10  _DacbRegs                             
1     00005c20  _DaccRegs                             
1     0005f070  _DcsmCommonRegs                       
1     00078000  _DcsmZ1Otp                            
1     0005f000  _DcsmZ1Regs                           
1     00078200  _DcsmZ2Otp                            
1     0005f040  _DcsmZ2Regs                           
1     0005d000  _DevCfgRegs                           
0     0000fa4f  _DisableDog                           
0     0000cad0  _DisableSyncManChannel                
1     00007980  _DmaClaSrcSelRegs                     
1     00001000  _DmaRegs                              
0     0000e813  _ECAT_Application                     
0     0000e816  _ECAT_Application_DC                  
0     0000e538  _ECAT_CheckTimer                      
0     0000d324  _ECAT_Init                            
0     0000d36a  _ECAT_Main                            
0     0000e6ae  _ECAT_SetLedIndication                
0     0000d2a6  _ECAT_StateChange                     
1     00005000  _ECap1Regs                            
1     00005020  _ECap2Regs                            
1     00005040  _ECap3Regs                            
1     00005060  _ECap4Regs                            
1     00005080  _ECap5Regs                            
1     000050a0  _ECap6Regs                            
1     00004900  _EPwm10Regs                           
1     00004a00  _EPwm11Regs                           
1     00004b00  _EPwm12Regs                           
1     00004000  _EPwm1Regs                            
1     00004100  _EPwm2Regs                            
1     00004200  _EPwm3Regs                            
1     00004300  _EPwm4Regs                            
1     00004400  _EPwm5Regs                            
1     00004500  _EPwm6Regs                            
1     00004600  _EPwm7Regs                            
1     00004700  _EPwm8Regs                            
1     00004800  _EPwm9Regs                            
1     00007a00  _EPwmXbarRegs                         
1     00005100  _EQep1Regs                            
1     00005140  _EQep2Regs                            
1     00005180  _EQep3Regs                            
0     0000f722  _ESC_ApplicationLayerISR              
0     0000f753  _ESC_ApplicationSync0ISR              
0     0000ec28  _ESC_ConfigurePDIGPIO                 
0     0000ec4b  _ESC_ConfigureSync0GPIO               
0     0000eb05  _ESC_EMIF2WriteBlock                  
0     0000ecaf  _ESC_ET1100EEPROMLoadedCheck          
0     0000ec08  _ESC_HoldET1100InReset                
0     0000ebfe  _ESC_ReleaseET1100Reset               
0     0000f784  _ESC_applicationSync1ISR              
0     0000eb00  _ESC_clearTimer                       
0     0000ec12  _ESC_configureLatch0GPIO              
0     0000ec1d  _ESC_configureLatch1GPIO              
0     0000ec70  _ESC_configureSync1GPIO               
0     00000152  _ESC_getTimer                         
0     0000ed36  _ESC_initHW                           
0     0000ecce  _ESC_passFailSignalSetup              
0     0000eb7a  _ESC_readBlockISR                     
0     0000eb64  _ESC_readBlockNonISR                  
0     0000eb9d  _ESC_readDWordISR                     
0     0000eb8c  _ESC_readDWordNonISR                  
0     0000eb5a  _ESC_readWordISR                      
0     0000eb4c  _ESC_readWordNonISR                   
0     0000ec95  _ESC_resetET1100                      
0     0000eceb  _ESC_signalFail                       
0     00000157  _ESC_timerIncPerMilliSec              
0     0000ebb6  _ESC_writeBlockISR                    
0     0000ebaa  _ESC_writeBlockNonISR                 
0     0000ebd1  _ESC_writeDWordISR                    
0     0000ebbe  _ESC_writeDWordNonISR                 
0     0000ebf1  _ESC_writeWordISR                     
0     0000ebe1  _ESC_writeWordNonISR                  
1     000095a6  _EcatWdValue                          
1     000095a0  _EepromLoaded                         
1     0005f480  _Emif1ConfigRegs                      
0     0000f5e6  _Emif1Initialize                      
1     00047000  _Emif1Regs                            
1     0005f4a0  _Emif2ConfigRegs                      
1     00047800  _Emif2Regs                            
1     00000d01  _EmuBMode                             
1     00000d00  _EmuKey                               
0     0000cae5  _EnableSyncManChannel                 
1     000095b1  _EsmTimeoutCounter                    
0     0000f9c1  _F2837xD_memcpy                       
0     0000f99e  _F2837xD_strcpy                       
0     0000015b  _F28x_usDelay                         
1     00009a50  _Fault_data                           
1     000097a9  _Flag_PWM_INIT                        
1     0005f800  _Flash0CtrlRegs                       
1     0005fb00  _Flash0EccRegs                        
1     00050024  _FlashPumpSemaphoreRegs               
1     00009a40  _Flash_ROM_lsb                        
1     00009a41  _Flash_ROM_msb                        
0     0000f235  _GPIO_EnableUnbondedIOPullups         
0     0000f210  _GPIO_EnableUnbondedIOPullupsFor100Pin
0     0000f1f7  _GPIO_EnableUnbondedIOPullupsFor176Pin
0     0000f24b  _GPIO_ReadPin                         
0     0000f19c  _GPIO_SetupLock                       
0     0000f07c  _GPIO_SetupPinMux                     
0     0000f108  _GPIO_SetupPinOptions                 
0     0000f1c5  _GPIO_SetupXINT1Gpio                  
0     0000f1cf  _GPIO_SetupXINT2Gpio                  
0     0000f1d9  _GPIO_SetupXINT3Gpio                  
0     0000f1e3  _GPIO_SetupXINT4Gpio                  
0     0000f1ed  _GPIO_SetupXINT5Gpio                  
0     0000f262  _GPIO_WritePin                        
1     000096c0  _GenObjDic                            
0     0000e22f  _GetOutOfMbxQueue                     
0     0000cac1  _GetSyncMan                           
1     00007c00  _GpioCtrlRegs                         
1     00007f00  _GpioDataRegs                         
1     000097a5  _Group_number                         
1     000097a8  _HALF_CNT                             
0     0000edab  _HW_EcatIsr                           
0     0000ed81  _HW_Init                              
0     0000ed9d  _HW_Release                           
0     0000ed9e  _HW_SetLed                            
1     000097a4  _H_Number_SM                          
0     0000e54d  _HandleBusCycleCalculation            
1     00007300  _I2caRegs                             
1     00007340  _I2cbRegs                             
0     0000f812  _IPCBootCPU2                          
0     0000f805  _IPCWrite32bitProtect                 
0     0000f7f2  _IPC_DSP1_EtherCAT_RX                 
0     0000f7b5  _IPC_DSP1_EtherCAT_TX                 
1     0003fc00  _IPC_Temp_Cal                         
1     0003f800  _IPC_Temp_Vol                         
0     0000fa67  _ISR_Default                          
0     0000f926  _ISR_ePWM1_CPU1_MMC_OP                
0     0000ed21  _InitCpuTimer0                        
0     0000f03c  _InitGpio                             
0     0000f5f1  _Init_CpuSelect                       
0     0000f528  _Init_Emif                            
0     0000f697  _Init_Epwm                            
0     0000eadd  _Init_Flash                           
0     0000c000  _Init_GPIO                            
0     0000eab7  _Init_GSMem_Sel                       
0     0000ea35  _Init_Mem                             
0     0000e9ef  _Init_PLL                             
0     0000e942  _Init_PeripheralClocks                
0     0000e91d  _Init_PieCtrl                         
0     0000e823  _Init_PieVectTable                    
1     00007900  _InputXbarRegs                        
1     0003fc18  _IpcDspEcatMaster                     
1     0003f818  _IpcDspEcatSlave                      
1     00050000  _IpcRegs                              
0     0000f96a  _LED_DSP                              
1     00009592  _LatchInputSync0Counter               
1     00009593  _LatchInputSync0Value                 
1     00009a46  _Limit_temperature                    
1     00009a43  _Limit_v_sm_over                      
1     00009a44  _Limit_v_sm_under                     
0     0000e42b  _MBX_CheckAndCopyMailbox              
0     0000e491  _MBX_CopyToSendMailbox                
0     0000e250  _MBX_Init                             
0     0000e387  _MBX_MailboxReadInd                   
0     0000e3c1  _MBX_MailboxRepeatReq                 
0     0000e3ec  _MBX_MailboxSendReq                   
0     0000e33d  _MBX_MailboxWriteInd                  
0     0000e4ee  _MBX_Main                             
0     0000e284  _MBX_StartMailboxHandler              
0     0000e2cb  _MBX_StopMailboxHandler               
0     0000e32a  _MailboxServiceInd                    
0     0000e7b2  _MainInit                             
0     0000e7c3  _MainLoop                             
1     00006000  _McbspaRegs                           
1     00006040  _McbspbRegs                           
1     0005f400  _MemCfgRegs                           
1     0005f500  _MemoryErrorRegs                      
1     00007060  _NmiIntruptRegs                       
1     000097a2  _Number_SM                            
0     0000d47a  _OBJ_CopyNumberToString               
0     0000d526  _OBJ_GetDesc                          
0     0000d595  _OBJ_GetEntryDesc                     
0     0000d5bf  _OBJ_GetEntryOffset                   
0     0000d498  _OBJ_GetNoOfObjects                   
0     0000d5b8  _OBJ_GetObjDesc                       
0     0000d3ec  _OBJ_GetObjectHandle                  
0     0000d3ff  _OBJ_GetObjectLength                  
0     0000d4c9  _OBJ_GetObjectList                    
0     0000d6c0  _OBJ_Read                             
0     0000d951  _OBJ_Write                            
1     000095c2  _ObjDicList                           
1     00009a4a  _Operation_data                       
1     00007a80  _OutputXbarRegs                       
0     0000e5a1  _PDI_Isr                              
0     0000e51a  _PDO_InputMapping                     
0     0000e529  _PDO_OutputMapping                    
1     00000ce0  _PieCtrlRegs                          
1     00000d00  _PieVectTable                         
0     0000e210  _PutInMbxQueue                        
1     000097a7  _REF_MAX                              
1     000097a6  _REF_MIN                              
1     00009a42  _Ref                                  
0     0000ca84  _ResetALEventMask                     
1     0005e608  _RomPrefetchRegs                      
1     0005f540  _RomWaitStateRegs                     
1     00009a80  _RxPDOMap0x1601                       
0     0000de3e  _SDOS_SdoInd                          
0     0000e08a  _SDOS_SdoInfoInd                      
0     0000e024  _SDOS_SdoRes                          
1     0000959f  _SMActivate                           
1     00007200  _SciaRegs                             
1     00007210  _ScibRegs                             
1     00007220  _ScicRegs                             
1     00007230  _ScidRegs                             
1     00005e00  _Sdfm1Regs                            
1     00005e80  _Sdfm2Regs                            
0     0000ddbf  _SdoRes                               
0     0000ca98  _SetALEventMask                       
0     0000cf17  _SetALStatus                          
1     00009a48  _SlaveStatus                          
1     00009a45  _Slave_OP_mode                        
1     00006100  _SpiaRegs                             
1     00006110  _SpibRegs                             
1     00006120  _SpicRegs                             
0     0000cc61  _StartInputHandler                    
0     0000cec8  _StartOutputHandler                   
1     00009952  _StartTimerCnt                        
0     0000f68f  _Start_PWM                            
0     0000e819  _Start_PieCtrl                        
1     00009a47  _Status_data                          
0     0000cede  _StopInputHandler                     
0     0000ced9  _StopOutputHandler                    
1     00009a52  _Sum_v_sm                             
1     000097bc  _Sum_v_sm_old                         
1     000095ab  _Sync0WdCounter                       
1     000095af  _Sync0WdValue                         
0     0000e61e  _Sync0_Isr                            
1     000095b0  _Sync1WdCounter                       
1     000095ae  _Sync1WdValue                         
0     0000e698  _Sync1_Isr                            
1     000095b7  _SyncManInfo                          
1     00007940  _SyncSocRegs                          
1     00009a5a  _TxPDOMap0x1A00                       
0     0000f910  _USER_application                     
0     0000caac  _UpdateEEPROMLoadedState              
1     00006200  _UppRegs                              
1     00007000  _WdRegs                               
1     00007920  _XbarRegs                             
1     00007070  _XintRegs                             
1     00000600  __STACK_END                           
abs   00000200  __STACK_SIZE                          
abs   00000400  __SYSMEM_SIZE                         
1     000097b6  ___TI_cleanup_ptr                     
1     000097b8  ___TI_dtors_ptr                       
1     000097b4  ___TI_enable_exit_profile_output      
0     0000f03a  ___TI_heap_check                      
0     0000f01d  ___TI_heap_largest_available          
0     0000f000  ___TI_heap_total_available            
abs   ffffffff  ___TI_pprof_out_hndl                  
abs   ffffffff  ___TI_prof_data_size                  
abs   ffffffff  ___TI_prof_data_start                 
abs   ffffffff  ___binit__                            
abs   ffffffff  ___c_args__                           
0     00008000  ___cinit__                            
0     0000fa8c  ___etext__                            
abs   ffffffff  ___pinit__                            
0     0000c000  ___text__                             
0     0000fa36  __args_main                           
1     000099a2  __lock                                
0     0000fa79  __nop                                 
0     0000fa75  __register_lock                       
0     0000fa71  __register_unlock                     
1     00000400  __stack                               
1     00009ac0  __sys_memory                          
0     0000fa8b  __system_post_cinit                   
0     0000fa89  __system_pre_init                     
1     000099a4  __unlock                              
0     0000953c  _aName0x1000                          
0     00009500  _aName0x1001                          
0     00009548  _aName0x1008                          
0     000094ce  _aName0x1009                          
0     000094df  _aName0x100A                          
0     000093fe  _aName0x1018                          
0     00009382  _aName0x10F1                          
0     00009291  _aName0x1601                          
0     00009437  _aName0x1A00                          
0     000094bc  _aName0x1C00                          
0     0000950f  _aName0x1C12                          
0     0000951e  _aName0x1C13                          
0     00009000  _aName0x1C32                          
0     00009100  _aName0x1C33                          
0     0000949f  _aName0x6000                          
0     000091ff  _aName0x7010                          
1     00009980  _aPdInputData                         
1     00009954  _aPdOutputData                        
1     00009ab6  _aSdoInfoHeader                       
1     000099c8  _aSubindexDesc                        
0     0000f9cc  _abort                                
1     000095e0  _acDevicename                         
1     000095c6  _acHardwareversion                    
1     000095d0  _acSoftwareversion                    
0     0000ef55  _aligned_alloc                        
0     0000952d  _asEntryDesc0x1018                    
0     00009554  _asEntryDesc0x10F1                    
0     0000945d  _asEntryDesc0x1601                    
0     0000955d  _asEntryDesc0x1A00                    
0     0000956f  _asEntryDesc0x1C00                    
0     00009575  _asEntryDesc0x1C12                    
0     0000957b  _asEntryDesc0x1C13                    
0     0000931f  _asEntryDesc0x1C3x                    
0     00009566  _asEntryDesc0x6000                    
0     0000947e  _asEntryDesc0x7010                    
1     00009840  _asMbx                                
1     0000959d  _b3BufferMode                         
1     00009598  _bApplEsmPending                      
1     0000994a  _bCycleTimeMeasurementStarted         
1     000095b5  _bDcRunning                           
1     000095b3  _bDcSyncActive                        
1     000095a8  _bEcatFirstOutputsReceived            
1     000095a7  _bEcatInputUpdateRunning              
1     000095a9  _bEcatOutputUpdateRunning             
1     00009599  _bEcatWaitForAlControlRes             
1     00009942  _bEcatWaitForInputUpdate              
1     00009594  _bEscIntEnabled                       
1     00009941  _bEtherCATErrorLed                    
1     00009940  _bEtherCATRunLed                      
1     0000994b  _bInitFinished                        
1     00009596  _bLocalErrorFlag                      
1     000097c2  _bMbxRepeatToggle                     
1     000097c4  _bMbxRunning                          
1     000097ca  _bNoMbxMemoryAvailable                
1     000097c3  _bReceiveMbxIsLocked                  
1     00009949  _bRunApplication                      
1     00009aa1  _bSdoInWork                           
1     00009a9a  _bSdoSegAccess                        
1     00009a9b  _bSdoSegFollows                       
1     00009aa2  _bSdoSegLastToggle                    
1     000097c9  _bSendMbxIsFull                       
1     000095ac  _bSmSyncSequenceValid                 
1     00009a97  _bStoreCompleteAccess                 
1     000099c0  _bSyncSetByUser                       
1     000095b2  _bWdTrigger                           
0     000093c2  _cAbortCode                           
0     000094f0  _cBitMask                             
0     0000f88b  _c_int00                              
0     0000ef29  _calloc                               
0     0008003f  _cinit_loadstart                      
0     00008000  _cinit_runstart                       
[...]
0     0000ef55  _aligned_alloc                        
0     0000ef55  _memalign                             
0     0000f000  ___TI_heap_total_available            
0     0000f01d  ___TI_heap_largest_available          
0     0000f03a  ___TI_heap_check                      
0     0000f03c  _InitGpio                             
0     0000f07c  _GPIO_SetupPinMux                     
0     0000f108  _GPIO_SetupPinOptions                 
0     0000f19c  _GPIO_SetupLock                       
0     0000f1c5  _GPIO_SetupXINT1Gpio                  
0     0000f1cf  _GPIO_SetupXINT2Gpio                  
0     0000f1d9  _GPIO_SetupXINT3Gpio                  
0     0000f1e3  _GPIO_SetupXINT4Gpio                  
0     0000f1ed  _GPIO_SetupXINT5Gpio                  
0     0000f1f7  _GPIO_EnableUnbondedIOPullupsFor176Pin
0     0000f210  _GPIO_EnableUnbondedIOPullupsFor100Pin
0     0000f235  _GPIO_EnableUnbondedIOPullups         
0     0000f24b  _GPIO_ReadPin                         
0     0000f262  _GPIO_WritePin                        
0     0000f280  _COE_GetObjectDictionary              
0     0000f284  _COE_ObjInit                          
0     0000f2d4  _COE_AddObjectToDic                   
0     0000f329  _COE_RemoveDicEntry                   
0     0000f35a  _COE_ClearObjDictionary               
0     0000f372  _AddObjectsToObjDictionary            
0     0000f38b  _COE_ObjDictionaryInit                
0     0000f3a2  _COE_Main                             
0     0000f3ff  _APPL_AckErrorInd                     
0     0000f403  _APPL_StartMailboxHandler             
0     0000f405  _APPL_StopMailboxHandler              
0     0000f407  _APPL_StartInputHandler               
0     0000f40c  _APPL_StopInputHandler                
0     0000f40e  _APPL_StartOutputHandler              
0     0000f410  _APPL_StopOutputHandler               
0     0000f412  _APPL_GenerateMapping                 
0     0000f498  _APPL_InputMapping                    
0     0000f4ca  _APPL_OutputMapping                   
0     0000f503  _APPL_Application                     
0     0000f504  _APPL_Application_DC                  
0     0000f528  _Init_Emif                            
0     0000f5e6  _Emif1Initialize                      
0     0000f5f1  _Init_CpuSelect                       
0     0000f68f  _Start_PWM                            
0     0000f697  _Init_Epwm                            
0     0000f722  _ESC_ApplicationLayerISR              
0     0000f753  _ESC_ApplicationSync0ISR              
0     0000f784  _ESC_applicationSync1ISR              
0     0000f7b5  _IPC_DSP1_EtherCAT_TX                 
0     0000f7f2  _IPC_DSP1_EtherCAT_RX                 
0     0000f805  _IPCWrite32bitProtect                 
0     0000f812  _IPCBootCPU2                          
0     0000f833  _COE_Init                             
0     0000f83b  _COE_ServiceInd                       
0     0000f867  _COE_ContinueInd                      
0     0000f88b  _c_int00                              
0     0000f8e1  _main                                 
0     0000f910  _USER_application                     
0     0000f926  _ISR_ePWM1_CPU1_MMC_OP                
0     0000f96a  _LED_DSP                              
0     0000f99e  _F2837xD_strcpy                       
0     0000f9c1  _F2837xD_memcpy                       
0     0000f9cc  C$$EXIT                               
0     0000f9cc  _abort                                
0     0000f9ce  _exit                                 
0     0000f9f5  _copy_in                              
0     0000fa19  _memcpy                               
0     0000fa36  __args_main                           
0     0000fa4f  _DisableDog                           
0     0000fa5c  U$$DIV                                
0     0000fa61  U$$MOD                                
0     0000fa67  _ISR_Default                          
0     0000fa71  __register_unlock                     
0     0000fa75  __register_lock                       
0     0000fa79  __nop                                 
0     0000fa7a  _strlen                               
0     0000fa82  _memset                               
0     0000fa89  __system_pre_init                     
0     0000fa8b  __system_post_cinit                   
0     0000fa8c  ___etext__                            
0     0000fa8c  etext                                 
0     00080000  code_start                            
0     00080002  _switch_loadstart                     
0     00080032  _ramfunc_loadstart                    
0     0008003f  _cinit_loadstart                      
0     000802d6  copy_sections                         
0     00082000  _econst_loadstart                     
0     00088000  _text_loadstart                       
1     00000400  __stack                               
1     00000600  __STACK_END                           
1     00000b00  _AdcaResultRegs                       
1     00000b20  _AdcbResultRegs                       
1     00000b40  _AdccResultRegs                       
1     00000b60  _AdcdResultRegs                       
1     00000c00  _CpuTimer0Regs                        
1     00000c08  _CpuTimer1Regs                        
1     00000c10  _CpuTimer2Regs                        
1     00000ce0  _PieCtrlRegs                          
1     00000d00  _EmuKey                               
1     00000d00  _PieVectTable                         
1     00000d01  _EmuBMode                             
1     00001000  _DmaRegs                              
1     00001400  _Cla1Regs                             
1     00004000  _EPwm1Regs                            
1     00004100  _EPwm2Regs                            
1     00004200  _EPwm3Regs                            
1     00004300  _EPwm4Regs                            
1     00004400  _EPwm5Regs                            
1     00004500  _EPwm6Regs                            
1     00004600  _EPwm7Regs                            
1     00004700  _EPwm8Regs                            
1     00004800  _EPwm9Regs                            
1     00004900  _EPwm10Regs                           
1     00004a00  _EPwm11Regs                           
1     00004b00  _EPwm12Regs                           
1     00005000  _ECap1Regs                            
1     00005020  _ECap2Regs                            
1     00005040  _ECap3Regs                            
1     00005060  _ECap4Regs                            
1     00005080  _ECap5Regs                            
1     000050a0  _ECap6Regs                            
1     00005100  _EQep1Regs                            
1     00005140  _EQep2Regs                            
1     00005180  _EQep3Regs                            
1     00005c00  _DacaRegs                             
1     00005c10  _DacbRegs                             
1     00005c20  _DaccRegs                             
1     00005c80  _Cmpss1Regs                           
1     00005ca0  _Cmpss2Regs                           
1     00005cc0  _Cmpss3Regs                           
1     00005ce0  _Cmpss4Regs                           
1     00005d00  _Cmpss5Regs                           
1     00005d20  _Cmpss6Regs                           
1     00005d40  _Cmpss7Regs                           
1     00005d60  _Cmpss8Regs                           
1     00005e00  _Sdfm1Regs                            
1     00005e80  _Sdfm2Regs                            
1     00006000  _McbspaRegs                           
1     00006040  _McbspbRegs                           
1     00006100  _SpiaRegs                             
1     00006110  _SpibRegs                             
1     00006120  _SpicRegs                             
1     00006200  _UppRegs                              
1     00007000  _WdRegs                               
1     00007060  _NmiIntruptRegs                       
1     00007070  _XintRegs                             
1     00007200  _SciaRegs                             
1     00007210  _ScibRegs                             
1     00007220  _ScicRegs                             
1     00007230  _ScidRegs                             
1     00007300  _I2caRegs                             
1     00007340  _I2cbRegs                             
1     00007400  _AdcaRegs                             
1     00007480  _AdcbRegs                             
1     00007500  _AdccRegs                             
1     00007580  _AdcdRegs                             
1     00007900  _InputXbarRegs                        
1     00007920  _XbarRegs                             
1     00007940  _SyncSocRegs                          
1     00007980  _DmaClaSrcSelRegs                     
1     00007a00  _EPwmXbarRegs                         
1     00007a80  _OutputXbarRegs                       
1     00007c00  _GpioCtrlRegs                         
1     00007f00  _GpioDataRegs                         
1     00009590  _nMaxEscAddress                       
1     00009591  _nAlStatus                            
1     00009592  _LatchInputSync0Counter               
1     00009593  _LatchInputSync0Value                 
1     00009594  _bEscIntEnabled                       
1     00009595  _u8EcatErrorLed                       
1     00009596  _bLocalErrorFlag                      
1     00009597  _nEcatStateTrans                      
1     00009598  _bApplEsmPending                      
1     00009599  _bEcatWaitForAlControlRes             
1     0000959a  _nPdOutputSize                        
1     0000959b  _nMaxSyncMan                          
1     0000959c  _nPdInputSize                         
1     0000959d  _b3BufferMode                         
1     0000959e  _u8EcatRunLed                         
1     0000959f  _SMActivate                           
1     000095a0  _EepromLoaded                         
1     000095a1  _u16ALEventMask                       
1     000095a2  _u16dummy                             
1     000095a3  _nEscAddrOutputData                   
1     000095a4  _nEscAddrInputData                    
1     000095a5  _u16LocalErrorCode                    
1     000095a6  _EcatWdValue                          
1     000095a7  _bEcatInputUpdateRunning              
1     000095a8  _bEcatFirstOutputsReceived            
1     000095a9  _bEcatOutputUpdateRunning             
1     000095aa  _i16WaitForPllRunningCnt              
1     000095ab  _Sync0WdCounter                       
1     000095ac  _bSmSyncSequenceValid                 
1     000095ad  _i16WaitForPllRunningTimeout          
1     000095ae  _Sync1WdValue                         
1     000095af  _Sync0WdValue                         
1     000095b0  _Sync1WdCounter                       
1     000095b1  _EsmTimeoutCounter                    
1     000095b2  _bWdTrigger                           
1     000095b3  _bDcSyncActive                        
1     000095b4  _u16SmSync0Counter                    
1     000095b5  _bDcRunning                           
1     000095b6  _u16SmSync0Value                      
1     000095b7  _SyncManInfo                          
1     000095c0  _u16ErrorRegister                     
1     000095c2  _ObjDicList                           
1     000095c4  _u32Devicetype                        
1     000095c6  _acHardwareversion                    
1     000095cb  _sSyncmanagertype                     
1     000095d0  _acSoftwareversion                    
1     000095d6  _sIdentity                            
1     000095e0  _acDevicename                         
1     00009600  _ApplicationObjDic                    
1     000096c0  _GenObjDic                            
1     0000979c  _l                                    
1     0000979d  _m                                    
1     0000979e  _k                                    
1     0000979f  _i                                    
1     000097a0  _j                                    
1     000097a1  _t                                    
1     000097a2  _Number_SM                            
1     000097a3  _D_Number_SM                          
1     000097a4  _H_Number_SM                          
1     000097a5  _Group_number                         
1     000097a6  _REF_MIN                              
1     000097a7  _REF_MAX                              
1     000097a8  _HALF_CNT                             
1     000097a9  _Flag_PWM_INIT                        
1     000097aa  _pEsc                                 
1     000097ac  _CpuTimer0                            
1     000097b4  ___TI_enable_exit_profile_output      
1     000097b6  ___TI_cleanup_ptr                     
1     000097b8  ___TI_dtors_ptr                       
1     000097ba  _pCoeSendStored                       
1     000097bc  _Sum_v_sm_old                         
1     000097be  _DSP_LED_case                         
1     000097bf  _DSP_LED_cnt                          
1     000097c0  _u16ReceiveMbxSize                    
1     000097c1  _u16SendMbxSize                       
1     000097c2  _bMbxRepeatToggle                     
1     000097c3  _bReceiveMbxIsLocked                  
1     000097c4  _bMbxRunning                          
1     000097c5  _u8MbxReadCounter                     
1     000097c6  _u8MbxWriteCounter                    
1     000097c7  _u8MailboxSendReqStored               
1     000097c8  _u16EscAddrReceiveMbx                 
1     000097c9  _bSendMbxIsFull                       
1     000097ca  _bNoMbxMemoryAvailable                
1     000097cb  _u16EscAddrSendMbx                    
1     000097cc  _psReadMbx                            
1     000097ce  _psWriteMbx                           
1     000097d0  _psRepeatMbx                          
1     000097d2  _psStoreMbx                           
1     000097d4  _sMbxSendQueue                        
1     00009800  _sMbxReceiveQueue                     
1     00009840  _asMbx                                
1     00009940  _bEtherCATRunLed                      
1     00009941  _bEtherCATErrorLed                    
1     00009942  _bEcatWaitForInputUpdate              
1     00009948  _u16BusCycleCntMs                     
1     00009949  _bRunApplication                      
1     0000994a  _bCycleTimeMeasurementStarted         
1     0000994b  _bInitFinished                        
1     0000994c  _pAPPL_EEPROM_Write                   
1     0000994e  _pAPPL_EEPROM_Read                    
1     00009950  _pAPPL_EEPROM_Reload                  
1     00009952  _StartTimerCnt                        
1     00009954  _aPdOutputData                        
1     00009980  _aPdInputData                         
1     000099a2  __lock                                
1     000099a4  __unlock                              
1     000099c0  _bSyncSetByUser                       
1     000099c1  _sCycleDiag                           
1     000099c2  _sErrorSettings                       
1     000099c8  _aSubindexDesc                        
1     000099d6  _sSyncManOutPar                       
1     00009a00  _sSyncManInPar                        
1     00009a40  _Flash_ROM_lsb                        
1     00009a41  _Flash_ROM_msb                        
1     00009a42  _Ref                                  
1     00009a43  _Limit_v_sm_over                      
1     00009a44  _Limit_v_sm_under                     
1     00009a45  _Slave_OP_mode                        
1     00009a46  _Limit_temperature                    
1     00009a47  _Status_data                          
1     00009a48  _SlaveStatus                          
1     00009a49  _Bypass_data                          
1     00009a4a  _Operation_data                       
1     00009a4b  _sTxPDOassign                         
1     00009a4d  _sRxPDOassign                         
1     00009a50  _Fault_data                           
1     00009a52  _Sum_v_sm                             
1     00009a54  _DIInputs0x6000                       
1     00009a5a  _TxPDOMap0x1A00                       
1     00009a60  _DOOutputs0x7010                      
1     00009a80  _RxPDOMap0x1601                       
1     00009a96  _u8StoreSubindex                      
1     00009a97  _bStoreCompleteAccess                 
1     00009a98  _nSdoInfoFragmentsLeft                
1     00009a99  _u16StoreIndex                        
1     00009a9a  _bSdoSegAccess                        
1     00009a9b  _bSdoSegFollows                       
1     00009a9c  _nSdoSegSubindex                      
1     00009a9d  _nSdoSegIndex                         
1     00009a9e  _nSdoInfoIndex                        
1     00009a9f  _u8PendingSdo                         
1     00009aa0  _nSdoSegService                       
1     00009aa1  _bSdoInWork                           
1     00009aa2  _bSdoSegLastToggle                    
1     00009aa4  _pSdoInfoObjEntry                     
1     00009aa6  _nSdoSegBytesToHandle                 
1     00009aa8  _pSdoPendFunc                         
1     00009aaa  _u32StoreDataSize                     
1     00009aac  _pStoreData                           
1     00009aae  _pSdoSegObjEntry                      
1     00009ab0  _pSdoResStored                        
1     00009ab2  _nSdoSegCompleteSize                  
1     00009ab4  _pSdoSegData                          
1     00009ab6  _aSdoInfoHeader                       
1     00009ac0  __sys_memory                          
1     00012001  _DSP_LED_case1                        
1     00012002  _DSP_LED_cnt1                         
1     0003f800  _IPC_Temp_Vol                         
1     0003f818  _IpcDspEcatSlave                      
1     0003fc00  _IPC_Temp_Cal                         
1     0003fc18  _IpcDspEcatMaster                     
1     00047000  _Emif1Regs                            
1     00047800  _Emif2Regs                            
1     00050000  _IpcRegs                              
1     00050024  _FlashPumpSemaphoreRegs               
1     0005d000  _DevCfgRegs                           
1     0005d180  _AnalogSubsysRegs                     
1     0005d200  _ClkCfgRegs                           
1     0005d300  _CpuSysRegs                           
1     0005e608  _RomPrefetchRegs                      
1     0005f000  _DcsmZ1Regs                           
1     0005f040  _DcsmZ2Regs                           
1     0005f070  _DcsmCommonRegs                       
1     0005f400  _MemCfgRegs                           
1     0005f480  _Emif1ConfigRegs                      
1     0005f4a0  _Emif2ConfigRegs                      
1     0005f4c0  _AccessProtectionRegs                 
1     0005f500  _MemoryErrorRegs                      
1     0005f540  _RomWaitStateRegs                     
1     0005f800  _Flash0CtrlRegs                       
1     0005fb00  _Flash0EccRegs                        
1     00078000  _DcsmZ1Otp                            
1     00078200  _DcsmZ2Otp                            
abs   00000000  _pinit_size                           
abs   0000000d  _ramfunc_size                         
abs   00000030  _switch_size                          
abs   00000200  __STACK_SIZE                          
abs   00000297  _cinit_size                           
abs   00000400  __SYSMEM_SIZE                         
abs   00000590  _econst_size                          
abs   00003a8c  _text_size                            
abs   ffffffff  ___TI_pprof_out_hndl                  
abs   ffffffff  ___TI_prof_data_size                  
abs   ffffffff  ___TI_prof_data_start                 
abs   ffffffff  ___binit__                            
abs   ffffffff  ___c_args__                           
abs   ffffffff  ___pinit__                            
abs   ffffffff  binit                                 
abs   ffffffff  pinit                                 

[518 symbols]
