<?xml version="1.0" encoding="ISO-8859-1" ?>
<link_info>
   <banner>TMS320C6x Linker PC v8.3.2</banner>
   <copyright>Copyright (c) 1996-2018 Texas Instruments Incorporated</copyright>
   <link_time>0x60826579</link_time>
   <link_errors>0x0</link_errors>
   <output_file>Master_Central_31Lv_DSP.out</output_file>
   <entry_point>
      <name>_c_int00</name>
      <address>0x80af60</address>
   </entry_point>
   <input_file_list>
      <input_file id="fl-2">
         <path>.\Includes\AM572x_C66\</path>
         <kind>object</kind>
         <file>AM572x_C66_GlobarVariableDefs.obj</file>
         <name>AM572x_C66_GlobarVariableDefs.obj</name>
      </input_file>
      <input_file id="fl-3">
         <path>.\Sources\</path>
         <kind>object</kind>
         <file>ADC.obj</file>
         <name>ADC.obj</name>
      </input_file>
      <input_file id="fl-4">
         <path>.\Sources\</path>
         <kind>object</kind>
         <file>CtrlModule.obj</file>
         <name>CtrlModule.obj</name>
      </input_file>
      <input_file id="fl-5">
         <path>.\Sources\</path>
         <kind>object</kind>
         <file>DAC.obj</file>
         <name>DAC.obj</name>
      </input_file>
      <input_file id="fl-6">
         <path>.\Sources\</path>
         <kind>object</kind>
         <file>D_IO.obj</file>
         <name>D_IO.obj</name>
      </input_file>
      <input_file id="fl-7">
         <path>.\Sources\</path>
         <kind>object</kind>
         <file>Fault.obj</file>
         <name>Fault.obj</name>
      </input_file>
      <input_file id="fl-8">
         <path>.\Sources\</path>
         <kind>object</kind>
         <file>GPIO.obj</file>
         <name>GPIO.obj</name>
      </input_file>
      <input_file id="fl-9">
         <path>.\Sources\</path>
         <kind>object</kind>
         <file>GPMC.obj</file>
         <name>GPMC.obj</name>
      </input_file>
      <input_file id="fl-a">
         <path>.\Sources\</path>
         <kind>object</kind>
         <file>Group_sorting.obj</file>
         <name>Group_sorting.obj</name>
      </input_file>
      <input_file id="fl-b">
         <path>.\Sources\</path>
         <kind>object</kind>
         <file>IPC.obj</file>
         <name>IPC.obj</name>
      </input_file>
      <input_file id="fl-c">
         <path>.\Sources\</path>
         <kind>object</kind>
         <file>IntCtrl.obj</file>
         <name>IntCtrl.obj</name>
      </input_file>
      <input_file id="fl-d">
         <path>.\Sources\</path>
         <kind>object</kind>
         <file>Interrupt.obj</file>
         <name>Interrupt.obj</name>
      </input_file>
      <input_file id="fl-e">
         <path>.\Sources\</path>
         <kind>object</kind>
         <file>L3_MAIN_interconnect.obj</file>
         <name>L3_MAIN_interconnect.obj</name>
      </input_file>
      <input_file id="fl-f">
         <path>.\Sources\</path>
         <kind>object</kind>
         <file>LED.obj</file>
         <name>LED.obj</name>
      </input_file>
      <input_file id="fl-10">
         <path>.\Sources\</path>
         <kind>object</kind>
         <file>MMC_controller.obj</file>
         <name>MMC_controller.obj</name>
      </input_file>
      <input_file id="fl-11">
         <path>.\Sources\</path>
         <kind>object</kind>
         <file>Mailbox.obj</file>
         <name>Mailbox.obj</name>
      </input_file>
      <input_file id="fl-12">
         <path>.\Sources\</path>
         <kind>object</kind>
         <file>McSPI.obj</file>
         <name>McSPI.obj</name>
      </input_file>
      <input_file id="fl-13">
         <path>.\Sources\</path>
         <kind>object</kind>
         <file>PRCM.obj</file>
         <name>PRCM.obj</name>
      </input_file>
      <input_file id="fl-14">
         <path>.\Sources\</path>
         <kind>object</kind>
         <file>Sensor.obj</file>
         <name>Sensor.obj</name>
      </input_file>
      <input_file id="fl-15">
         <path>.\Sources\</path>
         <kind>object</kind>
         <file>Timer.obj</file>
         <name>Timer.obj</name>
      </input_file>
      <input_file id="fl-16">
         <path>.\Sources\</path>
         <kind>object</kind>
         <file>device.obj</file>
         <name>device.obj</name>
      </input_file>
      <input_file id="fl-17">
         <path>.\Sources\</path>
         <kind>object</kind>
         <file>main.obj</file>
         <name>main.obj</name>
      </input_file>
      <input_file id="fl-1c">
         <kind>object</kind>
         <file>&lt;internal&gt;</file>
         <name>&lt;internal&gt;</name>
      </input_file>
      <input_file id="fl-36">
         <path>C:\ti\ti-cgt-c6000_8.3.2\lib\</path>
         <kind>archive</kind>
         <file>rts6600_elf.lib</file>
         <name>boot.c.obj</name>
      </input_file>
      <input_file id="fl-37">
         <path>C:\ti\ti-cgt-c6000_8.3.2\lib\</path>
         <kind>archive</kind>
         <file>rts6600_elf.lib</file>
         <name>autoinit.c.obj</name>
      </input_file>
      <input_file id="fl-38">
         <path>C:\ti\ti-cgt-c6000_8.3.2\lib\</path>
         <kind>archive</kind>
         <file>rts6600_elf.lib</file>
         <name>pre_init.c.obj</name>
      </input_file>
      <input_file id="fl-39">
         <path>C:\ti\ti-cgt-c6000_8.3.2\lib\</path>
         <kind>archive</kind>
         <file>rts6600_elf.lib</file>
         <name>startup.c.obj</name>
      </input_file>
      <input_file id="fl-3a">
         <path>C:\ti\ti-cgt-c6000_8.3.2\lib\</path>
         <kind>archive</kind>
         <file>rts6600_elf.lib</file>
         <name>cpy_tbl.c.obj</name>
      </input_file>
      <input_file id="fl-3b">
         <path>C:\ti\ti-cgt-c6000_8.3.2\lib\</path>
         <kind>archive</kind>
         <file>rts6600_elf.lib</file>
         <name>copy_zero_init.c.obj</name>
      </input_file>
      <input_file id="fl-3c">
         <path>C:\ti\ti-cgt-c6000_8.3.2\lib\</path>
         <kind>archive</kind>
         <file>rts6600_elf.lib</file>
         <name>copy_decompress_none.c.obj</name>
      </input_file>
      <input_file id="fl-3d">
         <path>C:\ti\ti-cgt-c6000_8.3.2\lib\</path>
         <kind>archive</kind>
         <file>rts6600_elf.lib</file>
         <name>copy_decompress_rle.c.obj</name>
      </input_file>
      <input_file id="fl-3e">
         <path>C:\ti\ti-cgt-c6000_8.3.2\lib\</path>
         <kind>archive</kind>
         <file>rts6600_elf.lib</file>
         <name>ceil.c.obj</name>
      </input_file>
      <input_file id="fl-3f">
         <path>C:\ti\ti-cgt-c6000_8.3.2\lib\</path>
         <kind>archive</kind>
         <file>rts6600_elf.lib</file>
         <name>cos.c.obj</name>
      </input_file>
      <input_file id="fl-40">
         <path>C:\ti\ti-cgt-c6000_8.3.2\lib\</path>
         <kind>archive</kind>
         <file>rts6600_elf.lib</file>
         <name>floor.c.obj</name>
      </input_file>
      <input_file id="fl-41">
         <path>C:\ti\ti-cgt-c6000_8.3.2\lib\</path>
         <kind>archive</kind>
         <file>rts6600_elf.lib</file>
         <name>modf.c.obj</name>
      </input_file>
      <input_file id="fl-42">
         <path>C:\ti\ti-cgt-c6000_8.3.2\lib\</path>
         <kind>archive</kind>
         <file>rts6600_elf.lib</file>
         <name>round.c.obj</name>
      </input_file>
      <input_file id="fl-43">
         <path>C:\ti\ti-cgt-c6000_8.3.2\lib\</path>
         <kind>archive</kind>
         <file>rts6600_elf.lib</file>
         <name>sin.c.obj</name>
      </input_file>
      <input_file id="fl-44">
         <path>C:\ti\ti-cgt-c6000_8.3.2\lib\</path>
         <kind>archive</kind>
         <file>rts6600_elf.lib</file>
         <name>sqrt.c.obj</name>
      </input_file>
      <input_file id="fl-45">
         <path>C:\ti\ti-cgt-c6000_8.3.2\lib\</path>
         <kind>archive</kind>
         <file>rts6600_elf.lib</file>
         <name>trunc.c.obj</name>
      </input_file>
      <input_file id="fl-46">
         <path>C:\ti\ti-cgt-c6000_8.3.2\lib\</path>
         <kind>archive</kind>
         <file>rts6600_elf.lib</file>
         <name>divf.c.obj</name>
      </input_file>
      <input_file id="fl-47">
         <path>C:\ti\ti-cgt-c6000_8.3.2\lib\</path>
         <kind>archive</kind>
         <file>rts6600_elf.lib</file>
         <name>fixfu.c.obj</name>
      </input_file>
      <input_file id="fl-48">
         <path>C:\ti\ti-cgt-c6000_8.3.2\lib\</path>
         <kind>archive</kind>
         <file>rts6600_elf.lib</file>
         <name>divd.c.obj</name>
      </input_file>
      <input_file id="fl-49">
         <path>C:\ti\ti-cgt-c6000_8.3.2\lib\</path>
         <kind>archive</kind>
         <file>rts6600_elf.lib</file>
         <name>frcmpyd_div.c.obj</name>
      </input_file>
      <input_file id="fl-4a">
         <path>C:\ti\ti-cgt-c6000_8.3.2\lib\</path>
         <kind>archive</kind>
         <file>rts6600_elf.lib</file>
         <name>tls.c.obj</name>
      </input_file>
      <input_file id="fl-4b">
         <path>C:\ti\ti-cgt-c6000_8.3.2\lib\</path>
         <kind>archive</kind>
         <file>rts6600_elf.lib</file>
         <name>exit.c.obj</name>
      </input_file>
      <input_file id="fl-4c">
         <path>C:\ti\ti-cgt-c6000_8.3.2\lib\</path>
         <kind>archive</kind>
         <file>rts6600_elf.lib</file>
         <name>args_main.c.obj</name>
      </input_file>
      <input_file id="fl-4d">
         <path>C:\ti\ti-cgt-c6000_8.3.2\lib\</path>
         <kind>archive</kind>
         <file>rts6600_elf.lib</file>
         <name>errno.c.obj</name>
      </input_file>
      <input_file id="fl-4e">
         <path>C:\ti\ti-cgt-c6000_8.3.2\lib\</path>
         <kind>archive</kind>
         <file>rts6600_elf.lib</file>
         <name>tls_get_tp.asm.obj</name>
      </input_file>
      <input_file id="fl-4f">
         <path>C:\ti\ti-cgt-c6000_8.3.2\lib\</path>
         <kind>archive</kind>
         <file>rts6600_elf.lib</file>
         <name>memcpy64.asm.obj</name>
      </input_file>
      <input_file id="fl-50">
         <path>C:\ti\ti-cgt-c6000_8.3.2\lib\</path>
         <kind>archive</kind>
         <file>rts6600_elf.lib</file>
         <name>llshift.c.obj</name>
      </input_file>
      <input_file id="fl-51">
         <path>C:\ti\ti-cgt-c6000_8.3.2\lib\</path>
         <kind>archive</kind>
         <file>rts6600_elf.lib</file>
         <name>memset.c.obj</name>
      </input_file>
   </input_file_list>
   <object_component_list>
      <object_component id="oc-9f">
         <name>DSP_ICFGRegsFile</name>
         <uninitialized>true</uninitialized>
         <run_address>0x1800000</run_address>
         <size>0x18c</size>
         <input_file_ref idref="fl-2"/>
      </object_component>
      <object_component id="oc-9c">
         <name>Timer5RegsFile</name>
         <uninitialized>true</uninitialized>
         <run_address>0x48820000</run_address>
         <size>0x5c</size>
         <input_file_ref idref="fl-2"/>
      </object_component>
      <object_component id="oc-b7">
         <name>GPIO2RegsFile</name>
         <uninitialized>true</uninitialized>
         <run_address>0x48055000</run_address>
         <size>0x198</size>
         <input_file_ref idref="fl-2"/>
      </object_component>
      <object_component id="oc-1bd">
         <name>GPIO3RegsFile</name>
         <uninitialized>true</uninitialized>
         <run_address>0x48057000</run_address>
         <size>0x198</size>
         <input_file_ref idref="fl-2"/>
      </object_component>
      <object_component id="oc-259">
         <name>GPIO4RegsFile</name>
         <uninitialized>true</uninitialized>
         <run_address>0x48059000</run_address>
         <size>0x198</size>
         <input_file_ref idref="fl-2"/>
      </object_component>
      <object_component id="oc-b4">
         <name>GPIO6RegsFile</name>
         <uninitialized>true</uninitialized>
         <run_address>0x4805d000</run_address>
         <size>0x198</size>
         <input_file_ref idref="fl-2"/>
      </object_component>
      <object_component id="oc-1b9">
         <name>GPIO7RegsFile</name>
         <uninitialized>true</uninitialized>
         <run_address>0x48051000</run_address>
         <size>0x198</size>
         <input_file_ref idref="fl-2"/>
      </object_component>
      <object_component id="oc-1b5">
         <name>McSPI2RegsFile</name>
         <uninitialized>true</uninitialized>
         <run_address>0x4809a000</run_address>
         <size>0x1a4</size>
         <input_file_ref idref="fl-2"/>
      </object_component>
      <object_component id="oc-386">
         <name>CM_CORE_AON__IPURegsFile</name>
         <uninitialized>true</uninitialized>
         <run_address>0x4a005500</run_address>
         <size>0x84</size>
         <input_file_ref idref="fl-2"/>
      </object_component>
      <object_component id="oc-37d">
         <name>CM_CORE_AON__DSP1RegsFile</name>
         <uninitialized>true</uninitialized>
         <run_address>0x4a005400</run_address>
         <size>0x24</size>
         <input_file_ref idref="fl-2"/>
      </object_component>
      <object_component id="oc-380">
         <name>CM_CORE__CORERegsFile</name>
         <uninitialized>true</uninitialized>
         <run_address>0x4a008700</run_address>
         <size>0x94</size>
         <input_file_ref idref="fl-2"/>
      </object_component>
      <object_component id="oc-383">
         <name>CM_CORE__L4PERRegsFile</name>
         <uninitialized>true</uninitialized>
         <run_address>0x4a009700</run_address>
         <size>0x218</size>
         <input_file_ref idref="fl-2"/>
      </object_component>
      <object_component id="oc-1e9">
         <name>GPMCRegsFile</name>
         <uninitialized>true</uninitialized>
         <run_address>0x50000000</run_address>
         <size>0x378</size>
         <input_file_ref idref="fl-2"/>
      </object_component>
      <object_component id="oc-1cb">
         <name>MAILBOX2RegsFile</name>
         <uninitialized>true</uninitialized>
         <run_address>0x4883a000</run_address>
         <size>0x144</size>
         <input_file_ref idref="fl-2"/>
      </object_component>
      <object_component id="oc-1d1">
         <name>MAILBOX3RegsFile</name>
         <uninitialized>true</uninitialized>
         <run_address>0x4883c000</run_address>
         <size>0x144</size>
         <input_file_ref idref="fl-2"/>
      </object_component>
      <object_component id="oc-1d4">
         <name>MAILBOX4RegsFile</name>
         <uninitialized>true</uninitialized>
         <run_address>0x4883e000</run_address>
         <size>0x144</size>
         <input_file_ref idref="fl-2"/>
      </object_component>
      <object_component id="oc-1c8">
         <name>MAILBOX5RegsFile</name>
         <uninitialized>true</uninitialized>
         <run_address>0x48840000</run_address>
         <size>0x144</size>
         <input_file_ref idref="fl-2"/>
      </object_component>
      <object_component id="oc-1d8">
         <name>MAILBOX6RegsFile</name>
         <uninitialized>true</uninitialized>
         <run_address>0x48842000</run_address>
         <size>0x144</size>
         <input_file_ref idref="fl-2"/>
      </object_component>
      <object_component id="oc-1dc">
         <name>MAILBOX7RegsFile</name>
         <uninitialized>true</uninitialized>
         <run_address>0x48844000</run_address>
         <size>0x144</size>
         <input_file_ref idref="fl-2"/>
      </object_component>
      <object_component id="oc-df">
         <name>.text</name>
         <load_address>0x800000</load_address>
         <run_address>0x800000</run_address>
         <size>0x4120</size>
         <input_file_ref idref="fl-10"/>
      </object_component>
      <object_component id="oc-d9">
         <name>.text</name>
         <load_address>0x804120</load_address>
         <run_address>0x804120</run_address>
         <size>0x1200</size>
         <input_file_ref idref="fl-9"/>
      </object_component>
      <object_component id="oc-233">
         <name>.text</name>
         <load_address>0x805320</load_address>
         <run_address>0x805320</run_address>
         <size>0xe00</size>
         <input_file_ref idref="fl-a"/>
      </object_component>
      <object_component id="oc-d3">
         <name>.text</name>
         <load_address>0x806120</load_address>
         <run_address>0x806120</run_address>
         <size>0xa40</size>
         <input_file_ref idref="fl-11"/>
      </object_component>
      <object_component id="oc-90">
         <name>.text</name>
         <load_address>0x806b60</load_address>
         <run_address>0x806b60</run_address>
         <size>0x860</size>
         <input_file_ref idref="fl-14"/>
      </object_component>
      <object_component id="oc-245">
         <name>.text:__c6xabi_divd</name>
         <load_address>0x8073c0</load_address>
         <run_address>0x8073c0</run_address>
         <size>0x600</size>
         <input_file_ref idref="fl-48"/>
      </object_component>
      <object_component id="oc-37">
         <name>.text:retain</name>
         <load_address>0x8079c0</load_address>
         <run_address>0x8079c0</run_address>
         <size>0x4a0</size>
         <input_file_ref idref="fl-3"/>
      </object_component>
      <object_component id="oc-3d">
         <name>.text</name>
         <load_address>0x807e60</load_address>
         <run_address>0x807e60</run_address>
         <size>0x440</size>
         <input_file_ref idref="fl-c"/>
      </object_component>
      <object_component id="oc-c1">
         <name>.text</name>
         <load_address>0x8082a0</load_address>
         <run_address>0x8082a0</run_address>
         <size>0x420</size>
         <input_file_ref idref="fl-5"/>
      </object_component>
      <object_component id="oc-275">
         <name>.text</name>
         <load_address>0x8086c0</load_address>
         <run_address>0x8086c0</run_address>
         <size>0x3e0</size>
         <input_file_ref idref="fl-4"/>
      </object_component>
      <object_component id="oc-26f">
         <name>.text</name>
         <load_address>0x808aa0</load_address>
         <run_address>0x808aa0</run_address>
         <size>0x340</size>
         <input_file_ref idref="fl-13"/>
      </object_component>
      <object_component id="oc-27b">
         <name>.text</name>
         <load_address>0x808de0</load_address>
         <run_address>0x808de0</run_address>
         <size>0x2e0</size>
         <input_file_ref idref="fl-8"/>
      </object_component>
      <object_component id="oc-23f">
         <name>.text:cos</name>
         <load_address>0x8090c0</load_address>
         <run_address>0x8090c0</run_address>
         <size>0x2e0</size>
         <input_file_ref idref="fl-3f"/>
      </object_component>
      <object_component id="oc-cd">
         <name>.text</name>
         <load_address>0x8093a0</load_address>
         <run_address>0x8093a0</run_address>
         <size>0x2c0</size>
         <input_file_ref idref="fl-7"/>
      </object_component>
      <object_component id="oc-239">
         <name>.text:sin</name>
         <load_address>0x809660</load_address>
         <run_address>0x809660</run_address>
         <size>0x2a0</size>
         <input_file_ref idref="fl-43"/>
      </object_component>
      <object_component id="oc-8a">
         <name>.text</name>
         <load_address>0x809900</load_address>
         <run_address>0x809900</run_address>
         <size>0x280</size>
         <input_file_ref idref="fl-3"/>
      </object_component>
      <object_component id="oc-eb">
         <name>.text</name>
         <load_address>0x809b80</load_address>
         <run_address>0x809b80</run_address>
         <size>0x280</size>
         <input_file_ref idref="fl-f"/>
      </object_component>
      <object_component id="oc-173">
         <name>.text:__c6xabi_divf</name>
         <load_address>0x809e00</load_address>
         <run_address>0x809e00</run_address>
         <size>0x280</size>
         <input_file_ref idref="fl-46"/>
      </object_component>
      <object_component id="oc-49">
         <name>.text:retain</name>
         <load_address>0x80a080</load_address>
         <run_address>0x80a080</run_address>
         <size>0x260</size>
         <input_file_ref idref="fl-d"/>
      </object_component>
      <object_component id="oc-c7">
         <name>.text</name>
         <load_address>0x80a2e0</load_address>
         <run_address>0x80a2e0</run_address>
         <size>0x1c0</size>
         <input_file_ref idref="fl-6"/>
      </object_component>
      <object_component id="oc-e5">
         <name>.text</name>
         <load_address>0x80a4a0</load_address>
         <run_address>0x80a4a0</run_address>
         <size>0x1a0</size>
         <input_file_ref idref="fl-15"/>
      </object_component>
      <object_component id="oc-24b">
         <name>.text:sqrt</name>
         <load_address>0x80a640</load_address>
         <run_address>0x80a640</run_address>
         <size>0x160</size>
         <input_file_ref idref="fl-44"/>
      </object_component>
      <object_component id="oc-281">
         <name>.text</name>
         <load_address>0x80a7a0</load_address>
         <run_address>0x80a7a0</run_address>
         <size>0x100</size>
         <input_file_ref idref="fl-12"/>
      </object_component>
      <object_component id="oc-5e">
         <name>.text:__TI_decompress_rle_core</name>
         <load_address>0x80a8a0</load_address>
         <run_address>0x80a8a0</run_address>
         <size>0x100</size>
         <input_file_ref idref="fl-3d"/>
      </object_component>
      <object_component id="oc-7c">
         <name>.text:exit</name>
         <load_address>0x80a9a0</load_address>
         <run_address>0x80a9a0</run_address>
         <size>0xe0</size>
         <input_file_ref idref="fl-4b"/>
      </object_component>
      <object_component id="oc-fd">
         <name>.text:memset</name>
         <load_address>0x80aa80</load_address>
         <run_address>0x80aa80</run_address>
         <size>0xe0</size>
         <input_file_ref idref="fl-51"/>
      </object_component>
      <object_component id="oc-125">
         <name>.text:__TI_auto_init_nobinit_nopinit:__TI_auto_init_nobinit_nopinit</name>
         <load_address>0x80ab60</load_address>
         <run_address>0x80ab60</run_address>
         <size>0xc0</size>
         <input_file_ref idref="fl-37"/>
      </object_component>
      <object_component id="oc-29a">
         <name>.text:tls:init:__TI_tls_init</name>
         <load_address>0x80ac20</load_address>
         <run_address>0x80ac20</run_address>
         <size>0xc0</size>
         <input_file_ref idref="fl-4a"/>
      </object_component>
      <object_component id="oc-335">
         <name>.text:__c6xabi_fixfu</name>
         <load_address>0x80ace0</load_address>
         <run_address>0x80ace0</run_address>
         <size>0xa0</size>
         <input_file_ref idref="fl-47"/>
      </object_component>
      <object_component id="oc-343">
         <name>.text:__c6xabi_nround</name>
         <load_address>0x80ad80</load_address>
         <run_address>0x80ad80</run_address>
         <size>0xa0</size>
         <input_file_ref idref="fl-42"/>
      </object_component>
      <object_component id="oc-52">
         <name>.text:memcpy</name>
         <load_address>0x80ae20</load_address>
         <run_address>0x80ae20</run_address>
         <size>0xa0</size>
         <input_file_ref idref="fl-4f"/>
      </object_component>
      <object_component id="oc-349">
         <name>.text:modf</name>
         <load_address>0x80aec0</load_address>
         <run_address>0x80aec0</run_address>
         <size>0xa0</size>
         <input_file_ref idref="fl-41"/>
      </object_component>
      <object_component id="oc-31">
         <name>.text:_c_int00</name>
         <load_address>0x80af60</load_address>
         <run_address>0x80af60</run_address>
         <size>0x80</size>
         <input_file_ref idref="fl-36"/>
      </object_component>
      <object_component id="oc-155">
         <name>.text</name>
         <load_address>0x80afe0</load_address>
         <run_address>0x80afe0</run_address>
         <size>0x80</size>
         <input_file_ref idref="fl-16"/>
      </object_component>
      <object_component id="oc-43">
         <name>.text:retain</name>
         <load_address>0x80b060</load_address>
         <run_address>0x80b060</run_address>
         <size>0x80</size>
         <input_file_ref idref="fl-c"/>
      </object_component>
      <object_component id="oc-35a">
         <name>.text:__TI_frcmpyd_div</name>
         <load_address>0x80b0e0</load_address>
         <run_address>0x80b0e0</run_address>
         <size>0x60</size>
         <input_file_ref idref="fl-49"/>
      </object_component>
      <object_component id="oc-354">
         <name>.text:__c6xabi_llshru</name>
         <load_address>0x80b140</load_address>
         <run_address>0x80b140</run_address>
         <size>0x60</size>
         <input_file_ref idref="fl-50"/>
      </object_component>
      <object_component id="oc-111">
         <name>.text</name>
         <load_address>0x80b1a0</load_address>
         <run_address>0x80b1a0</run_address>
         <size>0x60</size>
         <input_file_ref idref="fl-17"/>
      </object_component>
      <object_component id="oc-76">
         <name>.text:_args_main</name>
         <load_address>0x80b200</load_address>
         <run_address>0x80b200</run_address>
         <size>0x40</size>
         <input_file_ref idref="fl-4c"/>
      </object_component>
      <object_component id="oc-32f">
         <name>.text:ceil</name>
         <load_address>0x80b240</load_address>
         <run_address>0x80b240</run_address>
         <size>0x40</size>
         <input_file_ref idref="fl-3e"/>
      </object_component>
      <object_component id="oc-329">
         <name>.text:floor</name>
         <load_address>0x80b280</load_address>
         <run_address>0x80b280</run_address>
         <size>0x40</size>
         <input_file_ref idref="fl-40"/>
      </object_component>
      <object_component id="oc-36b">
         <name>.text:__c6xabi_errno_addr</name>
         <load_address>0x80b2c0</load_address>
         <run_address>0x80b2c0</run_address>
         <size>0x20</size>
         <input_file_ref idref="fl-4d"/>
      </object_component>
      <object_component id="oc-33d">
         <name>.text:__c6xabi_trunc</name>
         <load_address>0x80b2e0</load_address>
         <run_address>0x80b2e0</run_address>
         <size>0x20</size>
         <input_file_ref idref="fl-45"/>
      </object_component>
      <object_component id="oc-294">
         <name>.text:_system_post_cinit</name>
         <load_address>0x80b300</load_address>
         <run_address>0x80b300</run_address>
         <size>0x20</size>
         <input_file_ref idref="fl-39"/>
      </object_component>
      <object_component id="oc-82">
         <name>.text:_system_pre_init</name>
         <load_address>0x80b320</load_address>
         <run_address>0x80b320</run_address>
         <size>0x20</size>
         <input_file_ref idref="fl-38"/>
      </object_component>
      <object_component id="oc-11c">
         <name>.text:abort</name>
         <load_address>0x80b340</load_address>
         <run_address>0x80b340</run_address>
         <size>0x20</size>
         <input_file_ref idref="fl-4b"/>
      </object_component>
      <object_component id="oc-24">
         <name>.text:decompress:none:__TI_decompress_none</name>
         <load_address>0x80b360</load_address>
         <run_address>0x80b360</run_address>
         <size>0x20</size>
         <input_file_ref idref="fl-3c"/>
      </object_component>
      <object_component id="oc-2a">
         <name>.text:decompress:rle24:__TI_decompress_rle24</name>
         <load_address>0x80b380</load_address>
         <run_address>0x80b380</run_address>
         <size>0x20</size>
         <input_file_ref idref="fl-3d"/>
      </object_component>
      <object_component id="oc-458">
         <name>.cinit..neardata.load</name>
         <load_address>0x80ca00</load_address>
         <run_address>0x80ca00</run_address>
         <size>0x149</size>
      </object_component>
      <object_component id="oc-457">
         <name>.cinit..fardata.load</name>
         <load_address>0x80cb49</load_address>
         <run_address>0x80cb49</run_address>
         <size>0x85</size>
      </object_component>
      <object_component id="oc-454">
         <name>.cinit..far.load</name>
         <load_address>0x80cbce</load_address>
         <run_address>0x80cbce</run_address>
         <size>0xb</size>
      </object_component>
      <object_component id="oc-456">
         <name>.cinit..vects.load</name>
         <load_address>0x80cbd9</load_address>
         <run_address>0x80cbd9</run_address>
         <size>0xb</size>
      </object_component>
      <object_component id="oc-44c">
         <name>.cinit.CM_CORE__L4PERRegsFile.load</name>
         <load_address>0x80cbe4</load_address>
         <run_address>0x80cbe4</run_address>
         <size>0xb</size>
      </object_component>
      <object_component id="oc-441">
         <name>.cinit.DSP_ICFGRegsFile.load</name>
         <load_address>0x80cbef</load_address>
         <run_address>0x80cbef</run_address>
         <size>0xb</size>
      </object_component>
      <object_component id="oc-443">
         <name>.cinit.GPIO2RegsFile.load</name>
         <load_address>0x80cbfa</load_address>
         <run_address>0x80cbfa</run_address>
         <size>0xb</size>
      </object_component>
      <object_component id="oc-444">
         <name>.cinit.GPIO3RegsFile.load</name>
         <load_address>0x80cc05</load_address>
         <run_address>0x80cc05</run_address>
         <size>0xb</size>
      </object_component>
      <object_component id="oc-445">
         <name>.cinit.GPIO4RegsFile.load</name>
         <load_address>0x80cc10</load_address>
         <run_address>0x80cc10</run_address>
         <size>0xb</size>
      </object_component>
      <object_component id="oc-446">
         <name>.cinit.GPIO6RegsFile.load</name>
         <load_address>0x80cc1b</load_address>
         <run_address>0x80cc1b</run_address>
         <size>0xb</size>
      </object_component>
      <object_component id="oc-447">
         <name>.cinit.GPIO7RegsFile.load</name>
         <load_address>0x80cc26</load_address>
         <run_address>0x80cc26</run_address>
         <size>0xb</size>
      </object_component>
      <object_component id="oc-44d">
         <name>.cinit.GPMCRegsFile.load</name>
         <load_address>0x80cc31</load_address>
         <run_address>0x80cc31</run_address>
         <size>0xb</size>
      </object_component>
      <object_component id="oc-44e">
         <name>.cinit.MAILBOX2RegsFile.load</name>
         <load_address>0x80cc3c</load_address>
         <run_address>0x80cc3c</run_address>
         <size>0xb</size>
      </object_component>
      <object_component id="oc-44f">
         <name>.cinit.MAILBOX3RegsFile.load</name>
         <load_address>0x80cc47</load_address>
         <run_address>0x80cc47</run_address>
         <size>0xb</size>
      </object_component>
      <object_component id="oc-450">
         <name>.cinit.MAILBOX4RegsFile.load</name>
         <load_address>0x80cc52</load_address>
         <run_address>0x80cc52</run_address>
         <size>0xb</size>
      </object_component>
      <object_component id="oc-451">
         <name>.cinit.MAILBOX5RegsFile.load</name>
         <load_address>0x80cc5d</load_address>
         <run_address>0x80cc5d</run_address>
         <size>0xb</size>
      </object_component>
      <object_component id="oc-452">
         <name>.cinit.MAILBOX6RegsFile.load</name>
         <load_address>0x80cc68</load_address>
         <run_address>0x80cc68</run_address>
         <size>0xb</size>
      </object_component>
      <object_component id="oc-453">
         <name>.cinit.MAILBOX7RegsFile.load</name>
         <load_address>0x80cc73</load_address>
         <run_address>0x80cc73</run_address>
         <size>0xb</size>
      </object_component>
      <object_component id="oc-448">
         <name>.cinit.McSPI2RegsFile.load</name>
         <load_address>0x80cc7e</load_address>
         <run_address>0x80cc7e</run_address>
         <size>0xb</size>
      </object_component>
      <object_component id="oc-455">
         <name>.cinit..bss.load</name>
         <load_address>0x80cc89</load_address>
         <run_address>0x80cc89</run_address>
         <size>0x9</size>
      </object_component>
      <object_component id="oc-44a">
         <name>.cinit.CM_CORE_AON__DSP1RegsFile.load</name>
         <load_address>0x80cc92</load_address>
         <run_address>0x80cc92</run_address>
         <size>0x9</size>
      </object_component>
      <object_component id="oc-449">
         <name>.cinit.CM_CORE_AON__IPURegsFile.load</name>
         <load_address>0x80cc9b</load_address>
         <run_address>0x80cc9b</run_address>
         <size>0x9</size>
      </object_component>
      <object_component id="oc-44b">
         <name>.cinit.CM_CORE__CORERegsFile.load</name>
         <load_address>0x80cca4</load_address>
         <run_address>0x80cca4</run_address>
         <size>0x9</size>
      </object_component>
      <object_component id="oc-442">
         <name>.cinit.Timer5RegsFile.load</name>
         <load_address>0x80ccad</load_address>
         <run_address>0x80ccad</run_address>
         <size>0x9</size>
      </object_component>
      <object_component id="oc-43f">
         <name>__TI_handler_table</name>
         <load_address>0x80ccb8</load_address>
         <run_address>0x80ccb8</run_address>
         <size>0x8</size>
      </object_component>
      <object_component id="oc-440">
         <name>__TI_cinit_table</name>
         <load_address>0x80ccc0</load_address>
         <run_address>0x80ccc0</run_address>
         <size>0xc0</size>
      </object_component>
      <object_component id="oc-4f">
         <name>.stack</name>
         <uninitialized>true</uninitialized>
         <run_address>0x80b3a0</run_address>
         <size>0x8</size>
         <input_file_ref idref="fl-36"/>
      </object_component>
      <object_component id="oc-459">
         <name>.stack</name>
         <uninitialized>true</uninitialized>
         <run_address>0x80b3a0</run_address>
         <size>0x0</size>
      </object_component>
      <object_component id="oc-1a9">
         <name>.common:da1</name>
         <uninitialized>true</uninitialized>
         <run_address>0x80c4b4</run_address>
         <size>0x10</size>
      </object_component>
      <object_component id="oc-1ac">
         <name>.common:da2</name>
         <uninitialized>true</uninitialized>
         <run_address>0x80c4c4</run_address>
         <size>0x10</size>
      </object_component>
      <object_component id="oc-1ad">
         <name>.common:da3</name>
         <uninitialized>true</uninitialized>
         <run_address>0x80c4d4</run_address>
         <size>0x10</size>
      </object_component>
      <object_component id="oc-1ae">
         <name>.common:da4</name>
         <uninitialized>true</uninitialized>
         <run_address>0x80c4e4</run_address>
         <size>0x10</size>
      </object_component>
      <object_component id="oc-1ec">
         <name>.common:CenLegComm</name>
         <uninitialized>true</uninitialized>
         <run_address>0x80c4f4</run_address>
         <size>0xe</size>
      </object_component>
      <object_component id="oc-165">
         <name>.common:CenLegOpData_Aupper</name>
         <uninitialized>true</uninitialized>
         <run_address>0x80c598</run_address>
         <size>0x2</size>
      </object_component>
      <object_component id="oc-168">
         <name>.common:CenLegOpData_Alower</name>
         <uninitialized>true</uninitialized>
         <run_address>0x80c502</run_address>
         <size>0x2</size>
      </object_component>
      <object_component id="oc-169">
         <name>.common:CenLegOpData_Bupper</name>
         <uninitialized>true</uninitialized>
         <run_address>0x80c59c</run_address>
         <size>0x2</size>
      </object_component>
      <object_component id="oc-16a">
         <name>.common:CenLegOpData_Blower</name>
         <uninitialized>true</uninitialized>
         <run_address>0x80c59a</run_address>
         <size>0x2</size>
      </object_component>
      <object_component id="oc-16b">
         <name>.common:CenLegOpData_Cupper</name>
         <uninitialized>true</uninitialized>
         <run_address>0x80c5a0</run_address>
         <size>0x2</size>
      </object_component>
      <object_component id="oc-16c">
         <name>.common:CenLegOpData_Clower</name>
         <uninitialized>true</uninitialized>
         <run_address>0x80c59e</run_address>
         <size>0x2</size>
      </object_component>
      <object_component id="oc-1f8">
         <name>.common:CenLegBypass_A</name>
         <uninitialized>true</uninitialized>
         <run_address>0x80c478</run_address>
         <size>0x14</size>
      </object_component>
      <object_component id="oc-1f9">
         <name>.common:CenLegBypass_B</name>
         <uninitialized>true</uninitialized>
         <run_address>0x80c48c</run_address>
         <size>0x14</size>
      </object_component>
      <object_component id="oc-1fa">
         <name>.common:CenLegBypass_C</name>
         <uninitialized>true</uninitialized>
         <run_address>0x80c4a0</run_address>
         <size>0x14</size>
      </object_component>
      <object_component id="oc-1fe">
         <name>.common:SmSumAU</name>
         <uninitialized>true</uninitialized>
         <run_address>0x80c570</run_address>
         <size>0x4</size>
      </object_component>
      <object_component id="oc-1ff">
         <name>.common:SmSumAL</name>
         <uninitialized>true</uninitialized>
         <run_address>0x80c56c</run_address>
         <size>0x4</size>
      </object_component>
      <object_component id="oc-200">
         <name>.common:SmSumBU</name>
         <uninitialized>true</uninitialized>
         <run_address>0x80c578</run_address>
         <size>0x4</size>
      </object_component>
      <object_component id="oc-201">
         <name>.common:SmSumBL</name>
         <uninitialized>true</uninitialized>
         <run_address>0x80c574</run_address>
         <size>0x4</size>
      </object_component>
      <object_component id="oc-202">
         <name>.common:SmSumCU</name>
         <uninitialized>true</uninitialized>
         <run_address>0x80c580</run_address>
         <size>0x4</size>
      </object_component>
      <object_component id="oc-203">
         <name>.common:SmSumCL</name>
         <uninitialized>true</uninitialized>
         <run_address>0x80c57c</run_address>
         <size>0x4</size>
      </object_component>
      <object_component id="oc-204">
         <name>.common:SmFaultA</name>
         <uninitialized>true</uninitialized>
         <run_address>0x80c560</run_address>
         <size>0x4</size>
      </object_component>
      <object_component id="oc-205">
         <name>.common:SmFaultB</name>
         <uninitialized>true</uninitialized>
         <run_address>0x80c564</run_address>
         <size>0x4</size>
      </object_component>
      <object_component id="oc-206">
         <name>.common:SmFaultC</name>
         <uninitialized>true</uninitialized>
         <run_address>0x80c568</run_address>
         <size>0x4</size>
      </object_component>
      <object_component id="oc-1f0">
         <name>.common:NLC_REF_AU</name>
         <uninitialized>true</uninitialized>
         <run_address>0x80c544</run_address>
         <size>0x4</size>
      </object_component>
      <object_component id="oc-1f3">
         <name>.common:NLC_REF_AL</name>
         <uninitialized>true</uninitialized>
         <run_address>0x80c540</run_address>
         <size>0x4</size>
      </object_component>
      <object_component id="oc-1f4">
         <name>.common:NLC_REF_BU</name>
         <uninitialized>true</uninitialized>
         <run_address>0x80c54c</run_address>
         <size>0x4</size>
      </object_component>
      <object_component id="oc-1f5">
         <name>.common:NLC_REF_BL</name>
         <uninitialized>true</uninitialized>
         <run_address>0x80c548</run_address>
         <size>0x4</size>
      </object_component>
      <object_component id="oc-1f6">
         <name>.common:NLC_REF_CU</name>
         <uninitialized>true</uninitialized>
         <run_address>0x80c554</run_address>
         <size>0x4</size>
      </object_component>
      <object_component id="oc-1f7">
         <name>.common:NLC_REF_CL</name>
         <uninitialized>true</uninitialized>
         <run_address>0x80c550</run_address>
         <size>0x4</size>
      </object_component>
      <object_component id="oc-bd">
         <name>.common:Mode_Info</name>
         <uninitialized>true</uninitialized>
         <run_address>0x80c538</run_address>
         <size>0x4</size>
      </object_component>
      <object_component id="oc-c0">
         <name>.common:Mode_Info_old</name>
         <uninitialized>true</uninitialized>
         <run_address>0x80c53c</run_address>
         <size>0x4</size>
      </object_component>
      <object_component id="oc-1e1">
         <name>.common:pf</name>
         <uninitialized>true</uninitialized>
         <run_address>0x80c594</run_address>
         <size>0x4</size>
      </object_component>
      <object_component id="oc-1db">
         <name>.common:P</name>
         <uninitialized>true</uninitialized>
         <run_address>0x80c558</run_address>
         <size>0x4</size>
      </object_component>
      <object_component id="oc-1df">
         <name>.common:Q</name>
         <uninitialized>true</uninitialized>
         <run_address>0x80c55c</run_address>
         <size>0x4</size>
      </object_component>
      <object_component id="oc-1ce">
         <name>.common:HmiCen</name>
         <uninitialized>true</uninitialized>
         <run_address>0x80c378</run_address>
         <size>0xa0</size>
      </object_component>
      <object_component id="oc-1d7">
         <name>.common:MAILBOX_EX_RD</name>
         <uninitialized>true</uninitialized>
         <run_address>0x80c418</run_address>
         <size>0x30</size>
      </object_component>
      <object_component id="oc-1e4">
         <name>.common:MAILBOX_EX_WR</name>
         <uninitialized>true</uninitialized>
         <run_address>0x80c448</run_address>
         <size>0x30</size>
      </object_component>
      <object_component id="oc-1e2">
         <name>.common:CenHmi_Fault_Req</name>
         <uninitialized>true</uninitialized>
         <run_address>0x80c504</run_address>
         <size>0x4</size>
      </object_component>
      <object_component id="oc-1e3">
         <name>.common:CenHmi_Status</name>
         <uninitialized>true</uninitialized>
         <run_address>0x80c508</run_address>
         <size>0x4</size>
      </object_component>
      <object_component id="oc-15c">
         <name>.common:V_AS_sec_T</name>
         <uninitialized>true</uninitialized>
         <run_address>0x80c584</run_address>
         <size>0x4</size>
      </object_component>
      <object_component id="oc-15f">
         <name>.common:V_BS_sec_T</name>
         <uninitialized>true</uninitialized>
         <run_address>0x80c588</run_address>
         <size>0x4</size>
      </object_component>
      <object_component id="oc-160">
         <name>.common:V_CS_sec_T</name>
         <uninitialized>true</uninitialized>
         <run_address>0x80c58c</run_address>
         <size>0x4</size>
      </object_component>
      <object_component id="oc-162">
         <name>.common:I_AS_T</name>
         <uninitialized>true</uninitialized>
         <run_address>0x80c514</run_address>
         <size>0x4</size>
      </object_component>
      <object_component id="oc-163">
         <name>.common:I_BS_T</name>
         <uninitialized>true</uninitialized>
         <run_address>0x80c520</run_address>
         <size>0x4</size>
      </object_component>
      <object_component id="oc-164">
         <name>.common:I_CS_T</name>
         <uninitialized>true</uninitialized>
         <run_address>0x80c52c</run_address>
         <size>0x4</size>
      </object_component>
      <object_component id="oc-16d">
         <name>.common:I_AU_T</name>
         <uninitialized>true</uninitialized>
         <run_address>0x80c518</run_address>
         <size>0x4</size>
      </object_component>
      <object_component id="oc-16e">
         <name>.common:I_AL_T</name>
         <uninitialized>true</uninitialized>
         <run_address>0x80c510</run_address>
         <size>0x4</size>
      </object_component>
      <object_component id="oc-16f">
         <name>.common:I_BU_T</name>
         <uninitialized>true</uninitialized>
         <run_address>0x80c524</run_address>
         <size>0x4</size>
      </object_component>
      <object_component id="oc-170">
         <name>.common:I_BL_T</name>
         <uninitialized>true</uninitialized>
         <run_address>0x80c51c</run_address>
         <size>0x4</size>
      </object_component>
      <object_component id="oc-171">
         <name>.common:I_CU_T</name>
         <uninitialized>true</uninitialized>
         <run_address>0x80c530</run_address>
         <size>0x4</size>
      </object_component>
      <object_component id="oc-172">
         <name>.common:I_CL_T</name>
         <uninitialized>true</uninitialized>
         <run_address>0x80c528</run_address>
         <size>0x4</size>
      </object_component>
      <object_component id="oc-161">
         <name>.common:V_DC_T</name>
         <uninitialized>true</uninitialized>
         <run_address>0x80c590</run_address>
         <size>0x4</size>
      </object_component>
      <object_component id="oc-1e0">
         <name>.common:I_DC_T</name>
         <uninitialized>true</uninitialized>
         <run_address>0x80c534</run_address>
         <size>0x4</size>
      </object_component>
      <object_component id="oc-1ed">
         <name>.common:DiffTime</name>
         <uninitialized>true</uninitialized>
         <run_address>0x80c50c</run_address>
         <size>0x4</size>
      </object_component>
      <object_component id="oc-322">
         <name>.common:Inv_V_AU</name>
         <uninitialized>true</uninitialized>
         <run_address>0x80c734</run_address>
         <size>0x4</size>
      </object_component>
      <object_component id="oc-323">
         <name>.common:Inv_V_AL</name>
         <uninitialized>true</uninitialized>
         <run_address>0x80c730</run_address>
         <size>0x4</size>
      </object_component>
      <object_component id="oc-324">
         <name>.common:Inv_V_BU</name>
         <uninitialized>true</uninitialized>
         <run_address>0x80c73c</run_address>
         <size>0x4</size>
      </object_component>
      <object_component id="oc-325">
         <name>.common:Inv_V_BL</name>
         <uninitialized>true</uninitialized>
         <run_address>0x80c738</run_address>
         <size>0x4</size>
      </object_component>
      <object_component id="oc-326">
         <name>.common:Inv_V_CU</name>
         <uninitialized>true</uninitialized>
         <run_address>0x80c744</run_address>
         <size>0x4</size>
      </object_component>
      <object_component id="oc-327">
         <name>.common:Inv_V_CL</name>
         <uninitialized>true</uninitialized>
         <run_address>0x80c740</run_address>
         <size>0x4</size>
      </object_component>
      <object_component id="oc-328">
         <name>.common:Inv_Vdc</name>
         <uninitialized>true</uninitialized>
         <run_address>0x80c748</run_address>
         <size>0x4</size>
      </object_component>
      <object_component id="oc-21a">
         <name>.common:P_A_leg_ff</name>
         <uninitialized>true</uninitialized>
         <run_address>0x80c758</run_address>
         <size>0x4</size>
      </object_component>
      <object_component id="oc-21b">
         <name>.common:P_B_leg_ff</name>
         <uninitialized>true</uninitialized>
         <run_address>0x80c770</run_address>
         <size>0x4</size>
      </object_component>
      <object_component id="oc-220">
         <name>.common:P_A_Leg_ff_low</name>
         <uninitialized>true</uninitialized>
         <run_address>0x80c74c</run_address>
         <size>0x4</size>
      </object_component>
      <object_component id="oc-225">
         <name>.common:P_B_Leg_ff_low</name>
         <uninitialized>true</uninitialized>
         <run_address>0x80c764</run_address>
         <size>0x4</size>
      </object_component>
      <object_component id="oc-21c">
         <name>.common:P_A_Leg_ff_low_old</name>
         <uninitialized>true</uninitialized>
         <run_address>0x80c750</run_address>
         <size>0x4</size>
      </object_component>
      <object_component id="oc-221">
         <name>.common:P_B_Leg_ff_low_old</name>
         <uninitialized>true</uninitialized>
         <run_address>0x80c768</run_address>
         <size>0x4</size>
      </object_component>
      <object_component id="oc-21d">
         <name>.common:P_A_Leg_ff_low_old_old</name>
         <uninitialized>true</uninitialized>
         <run_address>0x80c754</run_address>
         <size>0x4</size>
      </object_component>
      <object_component id="oc-222">
         <name>.common:P_B_Leg_ff_low_old_old</name>
         <uninitialized>true</uninitialized>
         <run_address>0x80c76c</run_address>
         <size>0x4</size>
      </object_component>
      <object_component id="oc-21e">
         <name>.common:P_A_leg_ff_old</name>
         <uninitialized>true</uninitialized>
         <run_address>0x80c75c</run_address>
         <size>0x4</size>
      </object_component>
      <object_component id="oc-223">
         <name>.common:P_B_leg_ff_old</name>
         <uninitialized>true</uninitialized>
         <run_address>0x80c774</run_address>
         <size>0x4</size>
      </object_component>
      <object_component id="oc-21f">
         <name>.common:P_A_leg_ff_old_old</name>
         <uninitialized>true</uninitialized>
         <run_address>0x80c760</run_address>
         <size>0x4</size>
      </object_component>
      <object_component id="oc-224">
         <name>.common:P_B_leg_ff_old_old</name>
         <uninitialized>true</uninitialized>
         <run_address>0x80c778</run_address>
         <size>0x4</size>
      </object_component>
      <object_component id="oc-226">
         <name>.common:P_Leg_ave</name>
         <uninitialized>true</uninitialized>
         <run_address>0x80c77c</run_address>
         <size>0x4</size>
      </object_component>
      <object_component id="oc-22d">
         <name>.common:pdiff_multi_a</name>
         <uninitialized>true</uninitialized>
         <run_address>0x80c78c</run_address>
         <size>0x4</size>
      </object_component>
      <object_component id="oc-22e">
         <name>.common:pdiff_multi_b</name>
         <uninitialized>true</uninitialized>
         <run_address>0x80c790</run_address>
         <size>0x4</size>
      </object_component>
      <object_component id="oc-22f">
         <name>.common:pdiff_multi_c</name>
         <uninitialized>true</uninitialized>
         <run_address>0x80c794</run_address>
         <size>0x4</size>
      </object_component>
      <object_component id="oc-230">
         <name>.common:P_diff_ds_old</name>
         <uninitialized>true</uninitialized>
         <run_address>0x80c784</run_address>
         <size>0x4</size>
      </object_component>
      <object_component id="oc-231">
         <name>.common:Vms_mag</name>
         <uninitialized>true</uninitialized>
         <run_address>0x80c788</run_address>
         <size>0x4</size>
      </object_component>
      <object_component id="oc-232">
         <name>.common:P_diff_ds</name>
         <uninitialized>true</uninitialized>
         <run_address>0x80c780</run_address>
         <size>0x4</size>
      </object_component>
      <object_component id="oc-a8">
         <name>.vects</name>
         <uninitialized>true</uninitialized>
         <run_address>0x80c800</run_address>
         <size>0x200</size>
         <input_file_ref idref="fl-c"/>
      </object_component>
      <object_component id="oc-22b">
         <name>.switch:Inverter_Direct</name>
         <load_address>0x80c6c0</load_address>
         <run_address>0x80c6c0</run_address>
         <size>0x1c</size>
         <input_file_ref idref="fl-10"/>
      </object_component>
      <object_component id="oc-25c">
         <name>.switch:LED</name>
         <load_address>0x80c6dc</load_address>
         <run_address>0x80c6dc</run_address>
         <size>0x1c</size>
         <input_file_ref idref="fl-f"/>
      </object_component>
      <object_component id="oc-22c">
         <name>.switch:Converter_Direct</name>
         <load_address>0x80c6f8</load_address>
         <run_address>0x80c6f8</run_address>
         <size>0x18</size>
         <input_file_ref idref="fl-10"/>
      </object_component>
      <object_component id="oc-1b8">
         <name>.switch:DAC_out</name>
         <load_address>0x80c710</load_address>
         <run_address>0x80c710</run_address>
         <size>0x10</size>
         <input_file_ref idref="fl-5"/>
      </object_component>
      <object_component id="oc-227">
         <name>.switch:Reference</name>
         <load_address>0x80c720</load_address>
         <run_address>0x80c720</run_address>
         <size>0x10</size>
         <input_file_ref idref="fl-10"/>
      </object_component>
      <object_component id="oc-208">
         <name>.fardata:V_AU</name>
         <load_address>0x80c640</load_address>
         <run_address>0x80c640</run_address>
         <size>0x14</size>
         <input_file_ref idref="fl-a"/>
      </object_component>
      <object_component id="oc-211">
         <name>.fardata:V_AL</name>
         <load_address>0x80c628</load_address>
         <run_address>0x80c628</run_address>
         <size>0x14</size>
         <input_file_ref idref="fl-a"/>
      </object_component>
      <object_component id="oc-20b">
         <name>.fardata:V_BU</name>
         <load_address>0x80c670</load_address>
         <run_address>0x80c670</run_address>
         <size>0x14</size>
         <input_file_ref idref="fl-a"/>
      </object_component>
      <object_component id="oc-214">
         <name>.fardata:V_BL</name>
         <load_address>0x80c658</load_address>
         <run_address>0x80c658</run_address>
         <size>0x14</size>
         <input_file_ref idref="fl-a"/>
      </object_component>
      <object_component id="oc-20e">
         <name>.fardata:V_CU</name>
         <load_address>0x80c6a0</load_address>
         <run_address>0x80c6a0</run_address>
         <size>0x14</size>
         <input_file_ref idref="fl-a"/>
      </object_component>
      <object_component id="oc-217">
         <name>.fardata:V_CL</name>
         <load_address>0x80c688</load_address>
         <run_address>0x80c688</run_address>
         <size>0x14</size>
         <input_file_ref idref="fl-a"/>
      </object_component>
      <object_component id="oc-351">
         <name>.fardata:R$1</name>
         <load_address>0x80c5a8</load_address>
         <run_address>0x80c5a8</run_address>
         <size>0x40</size>
         <input_file_ref idref="fl-3f"/>
      </object_component>
      <object_component id="oc-33c">
         <name>.fardata:R$1</name>
         <load_address>0x80c5e8</load_address>
         <run_address>0x80c5e8</run_address>
         <size>0x40</size>
         <input_file_ref idref="fl-43"/>
      </object_component>
      <object_component id="oc-119">
         <name>.fardata</name>
         <load_address>0x80c6b4</load_address>
         <run_address>0x80c6b4</run_address>
         <size>0xc</size>
         <input_file_ref idref="fl-4b"/>
      </object_component>
      <object_component id="oc-3cf">
         <name>.fardata</name>
         <load_address>0x80c63c</load_address>
         <run_address>0x80c63c</run_address>
         <size>0x4</size>
         <input_file_ref idref="fl-4d"/>
      </object_component>
      <object_component id="oc-96">
         <name>.neardata</name>
         <load_address>0x80c128</load_address>
         <run_address>0x80c128</run_address>
         <size>0xb4</size>
         <input_file_ref idref="fl-3"/>
      </object_component>
      <object_component id="oc-1b2">
         <name>.neardata</name>
         <load_address>0x80c360</load_address>
         <run_address>0x80c360</run_address>
         <size>0xa</size>
         <input_file_ref idref="fl-5"/>
      </object_component>
      <object_component id="oc-1c0">
         <name>.neardata</name>
         <load_address>0x80c344</load_address>
         <run_address>0x80c344</run_address>
         <size>0x10</size>
         <input_file_ref idref="fl-6"/>
      </object_component>
      <object_component id="oc-1c3">
         <name>.neardata</name>
         <load_address>0x80c2f0</load_address>
         <run_address>0x80c2f0</run_address>
         <size>0x20</size>
         <input_file_ref idref="fl-7"/>
      </object_component>
      <object_component id="oc-1fb">
         <name>.neardata</name>
         <load_address>0x80c354</load_address>
         <run_address>0x80c354</run_address>
         <size>0xc</size>
         <input_file_ref idref="fl-9"/>
      </object_component>
      <object_component id="oc-228">
         <name>.neardata</name>
         <load_address>0x80c280</load_address>
         <run_address>0x80c280</run_address>
         <size>0x70</size>
         <input_file_ref idref="fl-a"/>
      </object_component>
      <object_component id="oc-ba">
         <name>.neardata</name>
         <load_address>0x80c310</load_address>
         <run_address>0x80c310</run_address>
         <size>0x20</size>
         <input_file_ref idref="fl-d"/>
      </object_component>
      <object_component id="oc-256">
         <name>.neardata</name>
         <load_address>0x80c36a</load_address>
         <run_address>0x80c36a</run_address>
         <size>0x4</size>
         <input_file_ref idref="fl-f"/>
      </object_component>
      <object_component id="oc-1af">
         <name>.neardata</name>
         <load_address>0x80bba0</load_address>
         <run_address>0x80bba0</run_address>
         <size>0x588</size>
         <input_file_ref idref="fl-10"/>
      </object_component>
      <object_component id="oc-1e5">
         <name>.neardata</name>
         <load_address>0x80c36e</load_address>
         <run_address>0x80c36e</run_address>
         <size>0x4</size>
         <input_file_ref idref="fl-11"/>
      </object_component>
      <object_component id="oc-99">
         <name>.neardata</name>
         <load_address>0x80c1dc</load_address>
         <run_address>0x80c1dc</run_address>
         <size>0xa4</size>
         <input_file_ref idref="fl-14"/>
      </object_component>
      <object_component id="oc-252">
         <name>.neardata</name>
         <load_address>0x80c330</load_address>
         <run_address>0x80c330</run_address>
         <size>0x12</size>
         <input_file_ref idref="fl-15"/>
      </object_component>
      <object_component id="oc-180">
         <name>.debug_info</name>
         <load_address>0x0</load_address>
         <run_address>0x0</run_address>
         <size>0x19f</size>
         <input_file_ref idref="fl-2"/>
      </object_component>
      <object_component id="oc-a0">
         <name>.debug_info</name>
         <load_address>0x19f</load_address>
         <run_address>0x19f</run_address>
         <size>0x116</size>
         <input_file_ref idref="fl-2"/>
      </object_component>
      <object_component id="oc-9d">
         <name>.debug_info</name>
         <load_address>0x2b5</load_address>
         <run_address>0x2b5</run_address>
         <size>0x112</size>
         <input_file_ref idref="fl-2"/>
      </object_component>
      <object_component id="oc-b8">
         <name>.debug_info</name>
         <load_address>0x3c7</load_address>
         <run_address>0x3c7</run_address>
         <size>0x110</size>
         <input_file_ref idref="fl-2"/>
      </object_component>
      <object_component id="oc-1be">
         <name>.debug_info</name>
         <load_address>0x4d7</load_address>
         <run_address>0x4d7</run_address>
         <size>0x110</size>
         <input_file_ref idref="fl-2"/>
      </object_component>
      <object_component id="oc-25a">
         <name>.debug_info</name>
         <load_address>0x5e7</load_address>
         <run_address>0x5e7</run_address>
         <size>0x110</size>
         <input_file_ref idref="fl-2"/>
      </object_component>
      <object_component id="oc-b5">
         <name>.debug_info</name>
         <load_address>0x6f7</load_address>
         <run_address>0x6f7</run_address>
         <size>0x110</size>
         <input_file_ref idref="fl-2"/>
      </object_component>
      <object_component id="oc-1ba">
         <name>.debug_info</name>
         <load_address>0x807</load_address>
         <run_address>0x807</run_address>
         <size>0x110</size>
         <input_file_ref idref="fl-2"/>
      </object_component>
      <object_component id="oc-37e">
         <name>.debug_info</name>
         <load_address>0x917</load_address>
         <run_address>0x917</run_address>
         <size>0x128</size>
         <input_file_ref idref="fl-2"/>
      </object_component>
      <object_component id="oc-381">
         <name>.debug_info</name>
         <load_address>0xa3f</load_address>
         <run_address>0xa3f</run_address>
         <size>0x120</size>
         <input_file_ref idref="fl-2"/>
      </object_component>
      <object_component id="oc-384">
         <name>.debug_info</name>
         <load_address>0xb5f</load_address>
         <run_address>0xb5f</run_address>
         <size>0x122</size>
         <input_file_ref idref="fl-2"/>
      </object_component>
      <object_component id="oc-387">
         <name>.debug_info</name>
         <load_address>0xc81</load_address>
         <run_address>0xc81</run_address>
         <size>0x126</size>
         <input_file_ref idref="fl-2"/>
      </object_component>
      <object_component id="oc-1ea">
         <name>.debug_info</name>
         <load_address>0xda7</load_address>
         <run_address>0xda7</run_address>
         <size>0x10e</size>
         <input_file_ref idref="fl-2"/>
      </object_component>
      <object_component id="oc-1b6">
         <name>.debug_info</name>
         <load_address>0xeb5</load_address>
         <run_address>0xeb5</run_address>
         <size>0x112</size>
         <input_file_ref idref="fl-2"/>
      </object_component>
      <object_component id="oc-1cc">
         <name>.debug_info</name>
         <load_address>0xfc7</load_address>
         <run_address>0xfc7</run_address>
         <size>0x116</size>
         <input_file_ref idref="fl-2"/>
      </object_component>
      <object_component id="oc-1d2">
         <name>.debug_info</name>
         <load_address>0x10dd</load_address>
         <run_address>0x10dd</run_address>
         <size>0x116</size>
         <input_file_ref idref="fl-2"/>
      </object_component>
      <object_component id="oc-1d5">
         <name>.debug_info</name>
         <load_address>0x11f3</load_address>
         <run_address>0x11f3</run_address>
         <size>0x116</size>
         <input_file_ref idref="fl-2"/>
      </object_component>
      <object_component id="oc-1c9">
         <name>.debug_info</name>
         <load_address>0x1309</load_address>
         <run_address>0x1309</run_address>
         <size>0x116</size>
         <input_file_ref idref="fl-2"/>
      </object_component>
      <object_component id="oc-1d9">
         <name>.debug_info</name>
         <load_address>0x141f</load_address>
         <run_address>0x141f</run_address>
         <size>0x116</size>
         <input_file_ref idref="fl-2"/>
      </object_component>
      <object_component id="oc-1dd">
         <name>.debug_info</name>
         <load_address>0x1535</load_address>
         <run_address>0x1535</run_address>
         <size>0x116</size>
         <input_file_ref idref="fl-2"/>
      </object_component>
      <object_component id="oc-188">
         <name>.debug_info</name>
         <load_address>0x164b</load_address>
         <run_address>0x164b</run_address>
         <size>0x179a</size>
         <input_file_ref idref="fl-2"/>
      </object_component>
      <object_component id="oc-1a4">
         <name>.debug_info</name>
         <load_address>0x2de5</load_address>
         <run_address>0x2de5</run_address>
         <size>0x2aa1</size>
         <input_file_ref idref="fl-2"/>
      </object_component>
      <object_component id="oc-192">
         <name>.debug_info</name>
         <load_address>0x5886</load_address>
         <run_address>0x5886</run_address>
         <size>0x1c34</size>
         <input_file_ref idref="fl-2"/>
      </object_component>
      <object_component id="oc-2c2">
         <name>.debug_info</name>
         <load_address>0x74ba</load_address>
         <run_address>0x74ba</run_address>
         <size>0x2a5</size>
         <input_file_ref idref="fl-2"/>
      </object_component>
      <object_component id="oc-2c7">
         <name>.debug_info</name>
         <load_address>0x775f</load_address>
         <run_address>0x775f</run_address>
         <size>0x29a</size>
         <input_file_ref idref="fl-2"/>
      </object_component>
      <object_component id="oc-2cc">
         <name>.debug_info</name>
         <load_address>0x79f9</load_address>
         <run_address>0x79f9</run_address>
         <size>0x460</size>
         <input_file_ref idref="fl-2"/>
      </object_component>
      <object_component id="oc-2d1">
         <name>.debug_info</name>
         <load_address>0x7e59</load_address>
         <run_address>0x7e59</run_address>
         <size>0xc41</size>
         <input_file_ref idref="fl-2"/>
      </object_component>
      <object_component id="oc-2b9">
         <name>.debug_info</name>
         <load_address>0x8a9a</load_address>
         <run_address>0x8a9a</run_address>
         <size>0xbd0</size>
         <input_file_ref idref="fl-2"/>
      </object_component>
      <object_component id="oc-2db">
         <name>.debug_info</name>
         <load_address>0x966a</load_address>
         <run_address>0x966a</run_address>
         <size>0xe41</size>
         <input_file_ref idref="fl-2"/>
      </object_component>
      <object_component id="oc-2d6">
         <name>.debug_info</name>
         <load_address>0xa4ab</load_address>
         <run_address>0xa4ab</run_address>
         <size>0x12e8</size>
         <input_file_ref idref="fl-2"/>
      </object_component>
      <object_component id="oc-19f">
         <name>.debug_info</name>
         <load_address>0xb793</load_address>
         <run_address>0xb793</run_address>
         <size>0x181</size>
         <input_file_ref idref="fl-2"/>
      </object_component>
      <object_component id="oc-a3">
         <name>.debug_info</name>
         <load_address>0xb914</load_address>
         <run_address>0xb914</run_address>
         <size>0xc0</size>
         <input_file_ref idref="fl-2"/>
      </object_component>
      <object_component id="oc-ae">
         <name>.debug_info</name>
         <load_address>0xb9d4</load_address>
         <run_address>0xb9d4</run_address>
         <size>0x87</size>
         <input_file_ref idref="fl-2"/>
      </object_component>
      <object_component id="oc-2e5">
         <name>.debug_info</name>
         <load_address>0xba5b</load_address>
         <run_address>0xba5b</run_address>
         <size>0x7a1</size>
         <input_file_ref idref="fl-3"/>
      </object_component>
      <object_component id="oc-97">
         <name>.debug_info</name>
         <load_address>0xc1fc</load_address>
         <run_address>0xc1fc</run_address>
         <size>0x78b</size>
         <input_file_ref idref="fl-3"/>
      </object_component>
      <object_component id="oc-8b">
         <name>.debug_info</name>
         <load_address>0xc987</load_address>
         <run_address>0xc987</run_address>
         <size>0x240</size>
         <input_file_ref idref="fl-3"/>
      </object_component>
      <object_component id="oc-38">
         <name>.debug_info</name>
         <load_address>0xcbc7</load_address>
         <run_address>0xcbc7</run_address>
         <size>0x17e</size>
         <input_file_ref idref="fl-3"/>
      </object_component>
      <object_component id="oc-18d">
         <name>.debug_info</name>
         <load_address>0xcd45</load_address>
         <run_address>0xcd45</run_address>
         <size>0x26b</size>
         <input_file_ref idref="fl-3"/>
      </object_component>
      <object_component id="oc-2e9">
         <name>.debug_info</name>
         <load_address>0xcfb0</load_address>
         <run_address>0xcfb0</run_address>
         <size>0x86</size>
         <input_file_ref idref="fl-3"/>
      </object_component>
      <object_component id="oc-2e0">
         <name>.debug_info</name>
         <load_address>0xd036</load_address>
         <run_address>0xd036</run_address>
         <size>0x275</size>
         <input_file_ref idref="fl-3"/>
      </object_component>
      <object_component id="oc-276">
         <name>.debug_info</name>
         <load_address>0xd2ab</load_address>
         <run_address>0xd2ab</run_address>
         <size>0x1c5</size>
         <input_file_ref idref="fl-4"/>
      </object_component>
      <object_component id="oc-1aa">
         <name>.debug_info</name>
         <load_address>0xd470</load_address>
         <run_address>0xd470</run_address>
         <size>0x6c4</size>
         <input_file_ref idref="fl-5"/>
      </object_component>
      <object_component id="oc-1b3">
         <name>.debug_info</name>
         <load_address>0xdb34</load_address>
         <run_address>0xdb34</run_address>
         <size>0x160</size>
         <input_file_ref idref="fl-5"/>
      </object_component>
      <object_component id="oc-c4">
         <name>.debug_info</name>
         <load_address>0xdc94</load_address>
         <run_address>0xdc94</run_address>
         <size>0x22b</size>
         <input_file_ref idref="fl-5"/>
      </object_component>
      <object_component id="oc-1c1">
         <name>.debug_info</name>
         <load_address>0xdebf</load_address>
         <run_address>0xdebf</run_address>
         <size>0x170</size>
         <input_file_ref idref="fl-6"/>
      </object_component>
      <object_component id="oc-c8">
         <name>.debug_info</name>
         <load_address>0xe02f</load_address>
         <run_address>0xe02f</run_address>
         <size>0x172</size>
         <input_file_ref idref="fl-6"/>
      </object_component>
      <object_component id="oc-1c4">
         <name>.debug_info</name>
         <load_address>0xe1a1</load_address>
         <run_address>0xe1a1</run_address>
         <size>0x2f8</size>
         <input_file_ref idref="fl-7"/>
      </object_component>
      <object_component id="oc-cf">
         <name>.debug_info</name>
         <load_address>0xe499</load_address>
         <run_address>0xe499</run_address>
         <size>0x120</size>
         <input_file_ref idref="fl-7"/>
      </object_component>
      <object_component id="oc-27c">
         <name>.debug_info</name>
         <load_address>0xe5b9</load_address>
         <run_address>0xe5b9</run_address>
         <size>0x125</size>
         <input_file_ref idref="fl-8"/>
      </object_component>
      <object_component id="oc-166">
         <name>.debug_info</name>
         <load_address>0xe6de</load_address>
         <run_address>0xe6de</run_address>
         <size>0xb8d</size>
         <input_file_ref idref="fl-9"/>
      </object_component>
      <object_component id="oc-1fc">
         <name>.debug_info</name>
         <load_address>0xf26b</load_address>
         <run_address>0xf26b</run_address>
         <size>0x145</size>
         <input_file_ref idref="fl-9"/>
      </object_component>
      <object_component id="oc-da">
         <name>.debug_info</name>
         <load_address>0xf3b0</load_address>
         <run_address>0xf3b0</run_address>
         <size>0x2cf</size>
         <input_file_ref idref="fl-9"/>
      </object_component>
      <object_component id="oc-1f1">
         <name>.debug_info</name>
         <load_address>0xf67f</load_address>
         <run_address>0xf67f</run_address>
         <size>0x9c1</size>
         <input_file_ref idref="fl-a"/>
      </object_component>
      <object_component id="oc-229">
         <name>.debug_info</name>
         <load_address>0x10040</load_address>
         <run_address>0x10040</run_address>
         <size>0x50a</size>
         <input_file_ref idref="fl-a"/>
      </object_component>
      <object_component id="oc-209">
         <name>.debug_info</name>
         <load_address>0x1054a</load_address>
         <run_address>0x1054a</run_address>
         <size>0xea</size>
         <input_file_ref idref="fl-a"/>
      </object_component>
      <object_component id="oc-212">
         <name>.debug_info</name>
         <load_address>0x10634</load_address>
         <run_address>0x10634</run_address>
         <size>0xea</size>
         <input_file_ref idref="fl-a"/>
      </object_component>
      <object_component id="oc-20c">
         <name>.debug_info</name>
         <load_address>0x1071e</load_address>
         <run_address>0x1071e</run_address>
         <size>0xea</size>
         <input_file_ref idref="fl-a"/>
      </object_component>
      <object_component id="oc-215">
         <name>.debug_info</name>
         <load_address>0x10808</load_address>
         <run_address>0x10808</run_address>
         <size>0xea</size>
         <input_file_ref idref="fl-a"/>
      </object_component>
      <object_component id="oc-20f">
         <name>.debug_info</name>
         <load_address>0x108f2</load_address>
         <run_address>0x108f2</run_address>
         <size>0xea</size>
         <input_file_ref idref="fl-a"/>
      </object_component>
      <object_component id="oc-218">
         <name>.debug_info</name>
         <load_address>0x109dc</load_address>
         <run_address>0x109dc</run_address>
         <size>0xea</size>
         <input_file_ref idref="fl-a"/>
      </object_component>
      <object_component id="oc-235">
         <name>.debug_info</name>
         <load_address>0x10ac6</load_address>
         <run_address>0x10ac6</run_address>
         <size>0x383</size>
         <input_file_ref idref="fl-a"/>
      </object_component>
      <object_component id="oc-ac">
         <name>.debug_info</name>
         <load_address>0x10e49</load_address>
         <run_address>0x10e49</run_address>
         <size>0x65c</size>
         <input_file_ref idref="fl-c"/>
      </object_component>
      <object_component id="oc-a9">
         <name>.debug_info</name>
         <load_address>0x114a5</load_address>
         <run_address>0x114a5</run_address>
         <size>0xee</size>
         <input_file_ref idref="fl-c"/>
      </object_component>
      <object_component id="oc-3e">
         <name>.debug_info</name>
         <load_address>0x11593</load_address>
         <run_address>0x11593</run_address>
         <size>0x3ab</size>
         <input_file_ref idref="fl-c"/>
      </object_component>
      <object_component id="oc-44">
         <name>.debug_info</name>
         <load_address>0x1193e</load_address>
         <run_address>0x1193e</run_address>
         <size>0x5cc</size>
         <input_file_ref idref="fl-c"/>
      </object_component>
      <object_component id="oc-bb">
         <name>.debug_info</name>
         <load_address>0x11f0a</load_address>
         <run_address>0x11f0a</run_address>
         <size>0x343</size>
         <input_file_ref idref="fl-d"/>
      </object_component>
      <object_component id="oc-4a">
         <name>.debug_info</name>
         <load_address>0x1224d</load_address>
         <run_address>0x1224d</run_address>
         <size>0x241</size>
         <input_file_ref idref="fl-d"/>
      </object_component>
      <object_component id="oc-257">
         <name>.debug_info</name>
         <load_address>0x1248e</load_address>
         <run_address>0x1248e</run_address>
         <size>0x107</size>
         <input_file_ref idref="fl-f"/>
      </object_component>
      <object_component id="oc-ec">
         <name>.debug_info</name>
         <load_address>0x12595</load_address>
         <run_address>0x12595</run_address>
         <size>0x116</size>
         <input_file_ref idref="fl-f"/>
      </object_component>
      <object_component id="oc-be">
         <name>.debug_info</name>
         <load_address>0x126ab</load_address>
         <run_address>0x126ab</run_address>
         <size>0xe57</size>
         <input_file_ref idref="fl-10"/>
      </object_component>
      <object_component id="oc-1b0">
         <name>.debug_info</name>
         <load_address>0x13502</load_address>
         <run_address>0x13502</run_address>
         <size>0x37ed</size>
         <input_file_ref idref="fl-10"/>
      </object_component>
      <object_component id="oc-e1">
         <name>.debug_info</name>
         <load_address>0x16cef</load_address>
         <run_address>0x16cef</run_address>
         <size>0x14f5</size>
         <input_file_ref idref="fl-10"/>
      </object_component>
      <object_component id="oc-1cf">
         <name>.debug_info</name>
         <load_address>0x181e4</load_address>
         <run_address>0x181e4</run_address>
         <size>0xa33</size>
         <input_file_ref idref="fl-11"/>
      </object_component>
      <object_component id="oc-1e6">
         <name>.debug_info</name>
         <load_address>0x18c17</load_address>
         <run_address>0x18c17</run_address>
         <size>0x10d</size>
         <input_file_ref idref="fl-11"/>
      </object_component>
      <object_component id="oc-d4">
         <name>.debug_info</name>
         <load_address>0x18d24</load_address>
         <run_address>0x18d24</run_address>
         <size>0x1fa</size>
         <input_file_ref idref="fl-11"/>
      </object_component>
      <object_component id="oc-282">
         <name>.debug_info</name>
         <load_address>0x18f1e</load_address>
         <run_address>0x18f1e</run_address>
         <size>0x12a</size>
         <input_file_ref idref="fl-12"/>
      </object_component>
      <object_component id="oc-270">
         <name>.debug_info</name>
         <load_address>0x19048</load_address>
         <run_address>0x19048</run_address>
         <size>0x125</size>
         <input_file_ref idref="fl-13"/>
      </object_component>
      <object_component id="oc-15d">
         <name>.debug_info</name>
         <load_address>0x1916d</load_address>
         <run_address>0x1916d</run_address>
         <size>0xb4e</size>
         <input_file_ref idref="fl-14"/>
      </object_component>
      <object_component id="oc-9a">
         <name>.debug_info</name>
         <load_address>0x19cbb</load_address>
         <run_address>0x19cbb</run_address>
         <size>0x571</size>
         <input_file_ref idref="fl-14"/>
      </object_component>
      <object_component id="oc-91">
         <name>.debug_info</name>
         <load_address>0x1a22c</load_address>
         <run_address>0x1a22c</run_address>
         <size>0x1aa</size>
         <input_file_ref idref="fl-14"/>
      </object_component>
      <object_component id="oc-1ee">
         <name>.debug_info</name>
         <load_address>0x1a3d6</load_address>
         <run_address>0x1a3d6</run_address>
         <size>0x699</size>
         <input_file_ref idref="fl-15"/>
      </object_component>
      <object_component id="oc-253">
         <name>.debug_info</name>
         <load_address>0x1aa6f</load_address>
         <run_address>0x1aa6f</run_address>
         <size>0x17e</size>
         <input_file_ref idref="fl-15"/>
      </object_component>
      <object_component id="oc-e6">
         <name>.debug_info</name>
         <load_address>0x1abed</load_address>
[...]
      </symbol>
      <symbol id="sm-5c9">
         <name>Ki_total</name>
         <value>0x80becc</value>
         <object_component_ref idref="oc-1af"/>
      </symbol>
      <symbol id="sm-5ca">
         <name>Ki_idc</name>
         <value>0x80bf00</value>
         <object_component_ref idref="oc-1af"/>
      </symbol>
      <symbol id="sm-5cb">
         <name>W_diffb_old</name>
         <value>0x80bd04</value>
         <object_component_ref idref="oc-1af"/>
      </symbol>
      <symbol id="sm-5cc">
         <name>Erst_de</name>
         <value>0x80bbf8</value>
         <object_component_ref idref="oc-1af"/>
      </symbol>
      <symbol id="sm-5cd">
         <name>Erst_ds</name>
         <value>0x80bbf0</value>
         <object_component_ref idref="oc-1af"/>
      </symbol>
      <symbol id="sm-5ce">
         <name>W_diffa_low</name>
         <value>0x80bcb8</value>
         <object_component_ref idref="oc-1af"/>
      </symbol>
      <symbol id="sm-5cf">
         <name>R_arm</name>
         <value>0x80bbd8</value>
         <object_component_ref idref="oc-1af"/>
      </symbol>
      <symbol id="sm-5d0">
         <name>Plega_ref_integ</name>
         <value>0x80bf6c</value>
         <object_component_ref idref="oc-1af"/>
      </symbol>
      <symbol id="sm-5d1">
         <name>Flag_CCSC</name>
         <value>0x80be80</value>
         <object_component_ref idref="oc-1af"/>
      </symbol>
      <symbol id="sm-5d2">
         <name>theta_t</name>
         <value>0x80bc6c</value>
         <object_component_ref idref="oc-1af"/>
      </symbol>
      <symbol id="sm-5d3">
         <name>VM1qe_ref_prop</name>
         <value>0x80bda4</value>
         <object_component_ref idref="oc-1af"/>
      </symbol>
      <symbol id="sm-5f6">
         <name>HmiCen</name>
         <value>0x80c378</value>
      </symbol>
      <symbol id="sm-5f7">
         <name>MAILBOX_EX_RD</name>
         <value>0x80c418</value>
      </symbol>
      <symbol id="sm-5f8">
         <name>MAILBOX_EX_WR</name>
         <value>0x80c448</value>
      </symbol>
      <symbol id="sm-5f9">
         <name>CenHmi_Fault_Req</name>
         <value>0x80c504</value>
      </symbol>
      <symbol id="sm-5fa">
         <name>CenHmi_Status</name>
         <value>0x80c508</value>
      </symbol>
      <symbol id="sm-5fb">
         <name>Mailbox_RD</name>
         <value>0x806120</value>
         <object_component_ref idref="oc-d3"/>
      </symbol>
      <symbol id="sm-5fc">
         <name>Stop_cnt</name>
         <value>0x80c36e</value>
         <object_component_ref idref="oc-1e5"/>
      </symbol>
      <symbol id="sm-5fd">
         <name>Mailbox_WR</name>
         <value>0x8066c0</value>
         <object_component_ref idref="oc-d3"/>
      </symbol>
      <symbol id="sm-5fe">
         <name>Vdc_test</name>
         <value>0x80c370</value>
         <object_component_ref idref="oc-1e5"/>
      </symbol>
      <symbol id="sm-5ff">
         <name>HMI_CenMa_Matching</name>
         <value>0x806930</value>
         <object_component_ref idref="oc-d3"/>
      </symbol>
      <symbol id="sm-60a">
         <name>Init_McSPI</name>
         <value>0x80a7a0</value>
         <object_component_ref idref="oc-281"/>
      </symbol>
      <symbol id="sm-627">
         <name>Init_PRCM</name>
         <value>0x808aa0</value>
         <object_component_ref idref="oc-26f"/>
      </symbol>
      <symbol id="sm-646">
         <name>V_AS_sec_T</name>
         <value>0x80c584</value>
      </symbol>
      <symbol id="sm-647">
         <name>V_BS_sec_T</name>
         <value>0x80c588</value>
      </symbol>
      <symbol id="sm-648">
         <name>V_CS_sec_T</name>
         <value>0x80c58c</value>
      </symbol>
      <symbol id="sm-649">
         <name>I_AS_T</name>
         <value>0x80c514</value>
      </symbol>
      <symbol id="sm-64a">
         <name>I_BS_T</name>
         <value>0x80c520</value>
      </symbol>
      <symbol id="sm-64b">
         <name>I_CS_T</name>
         <value>0x80c52c</value>
      </symbol>
      <symbol id="sm-64c">
         <name>I_AU_T</name>
         <value>0x80c518</value>
      </symbol>
      <symbol id="sm-64d">
         <name>I_AL_T</name>
         <value>0x80c510</value>
      </symbol>
      <symbol id="sm-64e">
         <name>I_BU_T</name>
         <value>0x80c524</value>
      </symbol>
      <symbol id="sm-64f">
         <name>I_BL_T</name>
         <value>0x80c51c</value>
      </symbol>
      <symbol id="sm-650">
         <name>I_CU_T</name>
         <value>0x80c530</value>
      </symbol>
      <symbol id="sm-651">
         <name>I_CL_T</name>
         <value>0x80c528</value>
      </symbol>
      <symbol id="sm-652">
         <name>V_DC_T</name>
         <value>0x80c590</value>
      </symbol>
      <symbol id="sm-653">
         <name>I_DC_T</name>
         <value>0x80c534</value>
      </symbol>
      <symbol id="sm-654">
         <name>I_TS</name>
         <value>0x80c224</value>
         <object_component_ref idref="oc-99"/>
      </symbol>
      <symbol id="sm-655">
         <name>I_T2</name>
         <value>0x80c254</value>
         <object_component_ref idref="oc-99"/>
      </symbol>
      <symbol id="sm-656">
         <name>I_T1</name>
         <value>0x80c250</value>
         <object_component_ref idref="oc-99"/>
      </symbol>
      <symbol id="sm-657">
         <name>Sensor_Inside</name>
         <value>0x806f88</value>
         <object_component_ref idref="oc-90"/>
      </symbol>
      <symbol id="sm-658">
         <name>I_SS</name>
         <value>0x80c220</value>
         <object_component_ref idref="oc-99"/>
      </symbol>
      <symbol id="sm-659">
         <name>I_RS</name>
         <value>0x80c21c</value>
         <object_component_ref idref="oc-99"/>
      </symbol>
      <symbol id="sm-65a">
         <name>V_DC</name>
         <value>0x80c20c</value>
         <object_component_ref idref="oc-99"/>
      </symbol>
      <symbol id="sm-65b">
         <name>Twc_Vdc</name>
         <value>0x80c274</value>
         <object_component_ref idref="oc-99"/>
      </symbol>
      <symbol id="sm-65c">
         <name>V_CA</name>
         <value>0x80c1e4</value>
         <object_component_ref idref="oc-99"/>
      </symbol>
      <symbol id="sm-65d">
         <name>V_BC</name>
         <value>0x80c1e0</value>
         <object_component_ref idref="oc-99"/>
      </symbol>
      <symbol id="sm-65e">
         <name>Sensor_Outside</name>
         <value>0x806b60</value>
         <object_component_ref idref="oc-90"/>
      </symbol>
      <symbol id="sm-65f">
         <name>V_AB</name>
         <value>0x80c1dc</value>
         <object_component_ref idref="oc-99"/>
      </symbol>
      <symbol id="sm-660">
         <name>V_BS_pri</name>
         <value>0x80c1ec</value>
         <object_component_ref idref="oc-99"/>
      </symbol>
      <symbol id="sm-661">
         <name>V_CS_pri</name>
         <value>0x80c1f0</value>
         <object_component_ref idref="oc-99"/>
      </symbol>
      <symbol id="sm-662">
         <name>Vdc_old</name>
         <value>0x80c270</value>
         <object_component_ref idref="oc-99"/>
      </symbol>
      <symbol id="sm-663">
         <name>V_AS_pri</name>
         <value>0x80c1e8</value>
         <object_component_ref idref="oc-99"/>
      </symbol>
      <symbol id="sm-664">
         <name>Idc_sensor_low</name>
         <value>0x80c26c</value>
         <object_component_ref idref="oc-99"/>
      </symbol>
      <symbol id="sm-665">
         <name>I_DC</name>
         <value>0x80c228</value>
         <object_component_ref idref="oc-99"/>
      </symbol>
      <symbol id="sm-666">
         <name>V_CA_sec</name>
         <value>0x80c208</value>
         <object_component_ref idref="oc-99"/>
      </symbol>
      <symbol id="sm-667">
         <name>I_CU</name>
         <value>0x80c234</value>
         <object_component_ref idref="oc-99"/>
      </symbol>
      <symbol id="sm-668">
         <name>I_CS</name>
         <value>0x80c218</value>
         <object_component_ref idref="oc-99"/>
      </symbol>
      <symbol id="sm-669">
         <name>I_CO</name>
         <value>0x80c24c</value>
         <object_component_ref idref="oc-99"/>
      </symbol>
      <symbol id="sm-66a">
         <name>I_CL</name>
         <value>0x80c240</value>
         <object_component_ref idref="oc-99"/>
      </symbol>
      <symbol id="sm-66b">
         <name>I_BU</name>
         <value>0x80c230</value>
         <object_component_ref idref="oc-99"/>
      </symbol>
      <symbol id="sm-66c">
         <name>I_BS</name>
         <value>0x80c214</value>
         <object_component_ref idref="oc-99"/>
      </symbol>
      <symbol id="sm-66d">
         <name>I_BO</name>
         <value>0x80c248</value>
         <object_component_ref idref="oc-99"/>
      </symbol>
      <symbol id="sm-66e">
         <name>I_BL</name>
         <value>0x80c23c</value>
         <object_component_ref idref="oc-99"/>
      </symbol>
      <symbol id="sm-66f">
         <name>I_AU</name>
         <value>0x80c22c</value>
         <object_component_ref idref="oc-99"/>
      </symbol>
      <symbol id="sm-670">
         <name>I_AS</name>
         <value>0x80c210</value>
         <object_component_ref idref="oc-99"/>
      </symbol>
      <symbol id="sm-671">
         <name>I_AO</name>
         <value>0x80c244</value>
         <object_component_ref idref="oc-99"/>
      </symbol>
      <symbol id="sm-672">
         <name>I_AL</name>
         <value>0x80c238</value>
         <object_component_ref idref="oc-99"/>
      </symbol>
      <symbol id="sm-673">
         <name>Vdc_low</name>
         <value>0x80c268</value>
         <object_component_ref idref="oc-99"/>
      </symbol>
      <symbol id="sm-674">
         <name>V_AB_sec</name>
         <value>0x80c200</value>
         <object_component_ref idref="oc-99"/>
      </symbol>
      <symbol id="sm-675">
         <name>V_dc_max</name>
         <value>0x80c25c</value>
         <object_component_ref idref="oc-99"/>
      </symbol>
      <symbol id="sm-676">
         <name>I_DC_old</name>
         <value>0x80c27c</value>
         <object_component_ref idref="oc-99"/>
      </symbol>
      <symbol id="sm-677">
         <name>V_CS_sec</name>
         <value>0x80c1fc</value>
         <object_component_ref idref="oc-99"/>
      </symbol>
      <symbol id="sm-678">
         <name>V_BC_sec</name>
         <value>0x80c204</value>
         <object_component_ref idref="oc-99"/>
      </symbol>
      <symbol id="sm-679">
         <name>V_BS_sec</name>
         <value>0x80c1f8</value>
         <object_component_ref idref="oc-99"/>
      </symbol>
      <symbol id="sm-67a">
         <name>V_AS_sec</name>
         <value>0x80c1f4</value>
         <object_component_ref idref="oc-99"/>
      </symbol>
      <symbol id="sm-67b">
         <name>Trans_ratio</name>
         <value>0x80c264</value>
         <object_component_ref idref="oc-99"/>
      </symbol>
      <symbol id="sm-67c">
         <name>Tcl</name>
         <value>0x80c278</value>
         <object_component_ref idref="oc-99"/>
      </symbol>
      <symbol id="sm-67d">
         <name>I_sensor_max</name>
         <value>0x80c260</value>
         <object_component_ref idref="oc-99"/>
      </symbol>
      <symbol id="sm-67e">
         <name>V_grid_max</name>
         <value>0x80c258</value>
         <object_component_ref idref="oc-99"/>
      </symbol>
      <symbol id="sm-69a">
         <name>DiffTime</name>
         <value>0x80c50c</value>
      </symbol>
      <symbol id="sm-69b">
         <name>Start_Timer</name>
         <value>0x80a598</value>
         <object_component_ref idref="oc-e5"/>
      </symbol>
      <symbol id="sm-69c">
         <name>Flag_Mode_Info</name>
         <value>0x80c340</value>
         <object_component_ref idref="oc-252"/>
      </symbol>
      <symbol id="sm-69d">
         <name>Ecat_Time_Compen</name>
         <value>0x80a5b8</value>
         <object_component_ref idref="oc-e5"/>
      </symbol>
      <symbol id="sm-69e">
         <name>Compen_CNT</name>
         <value>0x80c33c</value>
         <object_component_ref idref="oc-252"/>
      </symbol>
      <symbol id="sm-69f">
         <name>Start_CNT</name>
         <value>0x80c330</value>
         <object_component_ref idref="oc-252"/>
      </symbol>
      <symbol id="sm-6a0">
         <name>End_CNT</name>
         <value>0x80c334</value>
         <object_component_ref idref="oc-252"/>
      </symbol>
      <symbol id="sm-6a1">
         <name>Init_Timer</name>
         <value>0x80a4a0</value>
         <object_component_ref idref="oc-e5"/>
      </symbol>
      <symbol id="sm-6a2">
         <name>Diff_CNT</name>
         <value>0x80c338</value>
         <object_component_ref idref="oc-252"/>
      </symbol>
      <symbol id="sm-6b1">
         <name>cycleDelay</name>
         <value>0x80b000</value>
         <object_component_ref idref="oc-155"/>
      </symbol>
      <symbol id="sm-6c5">
         <name>main</name>
         <value>0x80b1a0</value>
         <object_component_ref idref="oc-111"/>
      </symbol>
      <symbol id="sm-6db">
         <name>_c_int00</name>
         <value>0x80af60</value>
         <object_component_ref idref="oc-31"/>
      </symbol>
      <symbol id="sm-6dc">
         <name>_stack</name>
         <value>0x80b3a0</value>
         <object_component_ref idref="oc-4f"/>
      </symbol>
      <symbol id="sm-701">
         <name>__TI_auto_init_nobinit_nopinit</name>
         <value>0x80ab60</value>
         <object_component_ref idref="oc-125"/>
      </symbol>
      <symbol id="sm-70a">
         <name>_system_pre_init</name>
         <value>0x80b320</value>
         <object_component_ref idref="oc-82"/>
      </symbol>
      <symbol id="sm-713">
         <name>_system_post_cinit</name>
         <value>0x80b300</value>
         <object_component_ref idref="oc-294"/>
      </symbol>
      <symbol id="sm-731">
         <name>__TI_decompress_none</name>
         <value>0x80b360</value>
         <object_component_ref idref="oc-24"/>
      </symbol>
      <symbol id="sm-75c">
         <name>__TI_decompress_rle24</name>
         <value>0x80b380</value>
         <object_component_ref idref="oc-2a"/>
      </symbol>
      <symbol id="sm-766">
         <name>ceil</name>
         <value>0x80b240</value>
         <object_component_ref idref="oc-32f"/>
      </symbol>
      <symbol id="sm-767">
         <name>ceill</name>
         <value>0x80b240</value>
         <object_component_ref idref="oc-32f"/>
      </symbol>
      <symbol id="sm-780">
         <name>cosl</name>
         <value>0x8090c0</value>
         <object_component_ref idref="oc-23f"/>
      </symbol>
      <symbol id="sm-781">
         <name>cos</name>
         <value>0x8090c0</value>
         <object_component_ref idref="oc-23f"/>
      </symbol>
      <symbol id="sm-78b">
         <name>floorl</name>
         <value>0x80b280</value>
         <object_component_ref idref="oc-329"/>
      </symbol>
      <symbol id="sm-78c">
         <name>floor</name>
         <value>0x80b280</value>
         <object_component_ref idref="oc-329"/>
      </symbol>
      <symbol id="sm-79a">
         <name>modfl</name>
         <value>0x80aec0</value>
         <object_component_ref idref="oc-349"/>
      </symbol>
      <symbol id="sm-79b">
         <name>modf</name>
         <value>0x80aec0</value>
         <object_component_ref idref="oc-349"/>
      </symbol>
      <symbol id="sm-7a5">
         <name>__c6xabi_roundl</name>
         <value>0x80ad80</value>
         <object_component_ref idref="oc-343"/>
      </symbol>
      <symbol id="sm-7a6">
         <name>__c6xabi_nround</name>
         <value>0x80ad80</value>
         <object_component_ref idref="oc-343"/>
      </symbol>
      <symbol id="sm-7be">
         <name>sin</name>
         <value>0x809660</value>
         <object_component_ref idref="oc-239"/>
      </symbol>
      <symbol id="sm-7bf">
         <name>sinl</name>
         <value>0x809660</value>
         <object_component_ref idref="oc-239"/>
      </symbol>
      <symbol id="sm-7e4">
         <name>sqrtl</name>
         <value>0x80a640</value>
         <object_component_ref idref="oc-24b"/>
      </symbol>
      <symbol id="sm-7e5">
         <name>sqrt</name>
         <value>0x80a640</value>
         <object_component_ref idref="oc-24b"/>
      </symbol>
      <symbol id="sm-7ef">
         <name>__c6xabi_trunc</name>
         <value>0x80b2e0</value>
         <object_component_ref idref="oc-33d"/>
      </symbol>
      <symbol id="sm-7f0">
         <name>__c6xabi_truncl</name>
         <value>0x80b2e0</value>
         <object_component_ref idref="oc-33d"/>
      </symbol>
      <symbol id="sm-802">
         <name>__c6xabi_divf</name>
         <value>0x809e00</value>
         <object_component_ref idref="oc-173"/>
      </symbol>
      <symbol id="sm-811">
         <name>__c6xabi_fixfu</name>
         <value>0x80ace0</value>
         <object_component_ref idref="oc-335"/>
      </symbol>
      <symbol id="sm-830">
         <name>__c6xabi_divd</name>
         <value>0x8073c0</value>
         <object_component_ref idref="oc-245"/>
      </symbol>
      <symbol id="sm-848">
         <name>__TI_frcmpyd_div</name>
         <value>0x80b0e0</value>
         <object_component_ref idref="oc-35a"/>
      </symbol>
      <symbol id="sm-861">
         <name>__TI_tls_init</name>
         <value>0x80ac20</value>
         <object_component_ref idref="oc-29a"/>
      </symbol>
      <symbol id="sm-882">
         <name>C$$EXIT</name>
         <value>0x80b340</value>
         <object_component_ref idref="oc-11c"/>
      </symbol>
      <symbol id="sm-883">
         <name>abort</name>
         <value>0x80b340</value>
         <object_component_ref idref="oc-11c"/>
      </symbol>
      <symbol id="sm-884">
         <name>exit</name>
         <value>0x80a9a0</value>
         <object_component_ref idref="oc-7c"/>
      </symbol>
      <symbol id="sm-885">
         <name>__TI_dtors_ptr</name>
         <value>0x80c6b8</value>
         <object_component_ref idref="oc-119"/>
      </symbol>
      <symbol id="sm-886">
         <name>__TI_cleanup_ptr</name>
         <value>0x80c6b4</value>
         <object_component_ref idref="oc-119"/>
      </symbol>
      <symbol id="sm-887">
         <name>__TI_enable_exit_profile_output</name>
         <value>0x80c6bc</value>
         <object_component_ref idref="oc-119"/>
      </symbol>
      <symbol id="sm-899">
         <name>_args_main</name>
         <value>0x80b200</value>
         <object_component_ref idref="oc-76"/>
      </symbol>
      <symbol id="sm-8aa">
         <name>__errno</name>
         <value>0x80c63c</value>
         <object_component_ref idref="oc-3cf"/>
      </symbol>
      <symbol id="sm-8ab">
         <name>errno</name>
         <value>0x80c63c</value>
         <object_component_ref idref="oc-3cf"/>
      </symbol>
      <symbol id="sm-8ac">
         <name>__c6xabi_errno_addr</name>
         <value>0x80b2c0</value>
         <object_component_ref idref="oc-36b"/>
      </symbol>
      <symbol id="sm-8b6">
         <name>memcpy</name>
         <value>0x80ae20</value>
         <object_component_ref idref="oc-52"/>
      </symbol>
      <symbol id="sm-8c7">
         <name>__c6xabi_llshru</name>
         <value>0x80b140</value>
         <object_component_ref idref="oc-354"/>
      </symbol>
      <symbol id="sm-8d7">
         <name>memset</name>
         <value>0x80aa80</value>
         <object_component_ref idref="oc-fd"/>
      </symbol>
      <symbol id="sm-8d8">
         <name>__TI_STATIC_BASE</name>
         <value>0x80bba0</value>
      </symbol>
      <symbol id="sm-8da">
         <name>__TI_TLS_INIT_Base</name>
         <value>0x0</value>
      </symbol>
      <symbol id="sm-8db">
         <name>__TI_TLS_INIT_Limit</name>
         <value>0x0</value>
      </symbol>
   </symbol_table>
   <title>Link successful</title>
</link_info>
