******************************************************************************
               TMS320C6x Linker PC v8.3.2                      
******************************************************************************
>> Linked Fri Apr 23 15:13:13 2021

OUTPUT FILE NAME:   <Master_Central_31Lv_DSP.out>
ENTRY POINT SYMBOL: "_c_int00"  address: 0080af60


MEMORY CONFIGURATION

         name            origin    length      used     unused   attr    fill
----------------------  --------  ---------  --------  --------  ----  --------
  DSP_L2                00800000   00048000  0000cd0c  0003b2f4  RWIX
  DSP_L1P               00e00000   00008000  00000000  00008000  RWIX
  DSP_L1D               00f00000   00008000  00000000  00008000  RWIX
  DSP_ICFG              01800000   0000018c  0000018c  00000000  RWIX
  GPIO7                 48051000   00000198  00000198  00000000  RWIX
  GPIO8                 48053000   00000198  00000000  00000198  RWIX
  GPIO2                 48055000   00000198  00000198  00000000  RWIX
  GPIO3                 48057000   00000198  00000198  00000000  RWIX
  GPIO4                 48059000   00000198  00000198  00000000  RWIX
  GPIO5                 4805b000   00000198  00000000  00000198  RWIX
  GPIO6                 4805d000   00000198  00000198  00000000  RWIX
  McSPI2                4809a000   000001a4  000001a4  00000000  RWIX
  TIMER5                48820000   0000005c  0000005c  00000000  RWIX
  MAILBOX2              4883a000   00000144  00000144  00000000  RWIX
  MAILBOX3              4883c000   00000144  00000144  00000000  RWIX
  MAILBOX4              4883e000   00000144  00000144  00000000  RWIX
  MAILBOX5              48840000   00000144  00000144  00000000  RWIX
  MAILBOX6              48842000   00000144  00000144  00000000  RWIX
  MAILBOX7              48844000   00000144  00000144  00000000  RWIX
  CM_CORE_AON__DSP1     4a005400   00000024  00000024  00000000  RWIX
  CM_CORE_AON__IPU      4a005500   00000084  00000084  00000000  RWIX
  CM_CORE__CORE         4a008700   00000754  00000094  000006c0  RWIX
  CM_CORE__L4PER        4a009700   00000218  00000218  00000000  RWIX
  GPIO1                 4ae10000   00000198  00000000  00000198  RWIX
  GPMC                  50000000   0000037c  00000378  00000004  RWIX


SEGMENT ALLOCATION MAP

run origin  load origin   length   init length attrs members
----------  ----------- ---------- ----------- ----- -------
00800000    00800000    0000b3a0   0000b3a0    r-x
  00800000    00800000    0000b3a0   0000b3a0    r-x .text
0080b3a0    0080b3a0    00001320   00000000    rw-
  0080b3a0    0080b3a0    00000800   00000000    rw- .stack
  0080bba0    0080bba0    000007d2   00000000    rw- .neardata
  0080c378    0080c378    0000022a   00000000    rw- .far
  0080c5a8    0080c5a8    00000118   00000000    rw- .fardata
0080c6c0    0080c6c0    00000070   00000070    r--
  0080c6c0    0080c6c0    00000070   00000070    r-- .switch
0080c730    0080c730    00000068   00000000    rw-
  0080c730    0080c730    00000068   00000000    rw- .bss
0080c800    0080c800    00000200   00000000    rw-
  0080c800    0080c800    00000200   00000000    rw- .vects
0080ca00    0080ca00    00000380   00000380    r--
  0080ca00    0080ca00    00000380   00000380    r-- .cinit
01800000    01800000    0000018c   00000000    rw-
  01800000    01800000    0000018c   00000000    rw- DSP_ICFGRegsFile
48051000    48051000    00000198   00000000    rw-
  48051000    48051000    00000198   00000000    rw- GPIO7RegsFile
48055000    48055000    00000198   00000000    rw-
  48055000    48055000    00000198   00000000    rw- GPIO2RegsFile
48057000    48057000    00000198   00000000    rw-
  48057000    48057000    00000198   00000000    rw- GPIO3RegsFile
48059000    48059000    00000198   00000000    rw-
  48059000    48059000    00000198   00000000    rw- GPIO4RegsFile
4805d000    4805d000    00000198   00000000    rw-
  4805d000    4805d000    00000198   00000000    rw- GPIO6RegsFile
4809a000    4809a000    000001a4   00000000    rw-
  4809a000    4809a000    000001a4   00000000    rw- McSPI2RegsFile
48820000    48820000    0000005c   00000000    rw-
  48820000    48820000    0000005c   00000000    rw- Timer5RegsFile
4883a000    4883a000    00000144   00000000    rw-
  4883a000    4883a000    00000144   00000000    rw- MAILBOX2RegsFile
4883c000    4883c000    00000144   00000000    rw-
  4883c000    4883c000    00000144   00000000    rw- MAILBOX3RegsFile
4883e000    4883e000    00000144   00000000    rw-
  4883e000    4883e000    00000144   00000000    rw- MAILBOX4RegsFile
48840000    48840000    00000144   00000000    rw-
  48840000    48840000    00000144   00000000    rw- MAILBOX5RegsFile
48842000    48842000    00000144   00000000    rw-
  48842000    48842000    00000144   00000000    rw- MAILBOX6RegsFile
48844000    48844000    00000144   00000000    rw-
  48844000    48844000    00000144   00000000    rw- MAILBOX7RegsFile
4a005400    4a005400    00000024   00000000    rw-
  4a005400    4a005400    00000024   00000000    rw- CM_CORE_AON__DSP1RegsFile
4a005500    4a005500    00000084   00000000    rw-
  4a005500    4a005500    00000084   00000000    rw- CM_CORE_AON__IPURegsFile
4a008700    4a008700    00000094   00000000    rw-
  4a008700    4a008700    00000094   00000000    rw- CM_CORE__CORERegsFile
4a009700    4a009700    00000218   00000000    rw-
  4a009700    4a009700    00000218   00000000    rw- CM_CORE__L4PERRegsFile
50000000    50000000    00000378   00000000    rw-
  50000000    50000000    00000378   00000000    rw- GPMCRegsFile


SECTION ALLOCATION MAP

 output                                  attributes/
section   page    origin      length       input sections
--------  ----  ----------  ----------   ----------------
.text      0    00800000    0000b3a0     
                  00800000    00004120     MMC_controller.obj (.text)
                  00804120    00001200     GPMC.obj (.text)
                  00805320    00000e00     Group_sorting.obj (.text)
                  00806120    00000a40     Mailbox.obj (.text)
                  00806b60    00000860     Sensor.obj (.text)
                  008073c0    00000600     rts6600_elf.lib : divd.c.obj (.text:__c6xabi_divd)
                  008079c0    000004a0     ADC.obj (.text:retain)
                  00807e60    00000440     IntCtrl.obj (.text)
                  008082a0    00000420     DAC.obj (.text)
                  008086c0    000003e0     CtrlModule.obj (.text)
                  00808aa0    00000340     PRCM.obj (.text)
                  00808de0    000002e0     GPIO.obj (.text)
                  008090c0    000002e0     rts6600_elf.lib : cos.c.obj (.text:cos)
                  008093a0    000002c0     Fault.obj (.text)
                  00809660    000002a0     rts6600_elf.lib : sin.c.obj (.text:sin)
                  00809900    00000280     ADC.obj (.text)
                  00809b80    00000280     LED.obj (.text)
                  00809e00    00000280     rts6600_elf.lib : divf.c.obj (.text:__c6xabi_divf)
                  0080a080    00000260     Interrupt.obj (.text:retain)
                  0080a2e0    000001c0     D_IO.obj (.text)
                  0080a4a0    000001a0     Timer.obj (.text)
                  0080a640    00000160     rts6600_elf.lib : sqrt.c.obj (.text:sqrt)
                  0080a7a0    00000100     McSPI.obj (.text)
                  0080a8a0    00000100     rts6600_elf.lib : copy_decompress_rle.c.obj (.text:__TI_decompress_rle_core)
                  0080a9a0    000000e0                     : exit.c.obj (.text:exit)
                  0080aa80    000000e0                     : memset.c.obj (.text:memset)
                  0080ab60    000000c0                     : autoinit.c.obj (.text:__TI_auto_init_nobinit_nopinit:__TI_auto_init_nobinit_nopinit)
                  0080ac20    000000c0                     : tls.c.obj (.text:tls:init:__TI_tls_init)
                  0080ace0    000000a0                     : fixfu.c.obj (.text:__c6xabi_fixfu)
                  0080ad80    000000a0                     : round.c.obj (.text:__c6xabi_nround)
                  0080ae20    000000a0                     : memcpy64.asm.obj (.text:memcpy)
                  0080aec0    000000a0                     : modf.c.obj (.text:modf)
                  0080af60    00000080                     : boot.c.obj (.text:_c_int00)
                  0080afe0    00000080     device.obj (.text)
                  0080b060    00000080     IntCtrl.obj (.text:retain)
                  0080b0e0    00000060     rts6600_elf.lib : frcmpyd_div.c.obj (.text:__TI_frcmpyd_div)
                  0080b140    00000060                     : llshift.c.obj (.text:__c6xabi_llshru)
                  0080b1a0    00000060     main.obj (.text)
                  0080b200    00000040     rts6600_elf.lib : args_main.c.obj (.text:_args_main)
                  0080b240    00000040                     : ceil.c.obj (.text:ceil)
                  0080b280    00000040                     : floor.c.obj (.text:floor)
                  0080b2c0    00000020                     : errno.c.obj (.text:__c6xabi_errno_addr)
                  0080b2e0    00000020                     : trunc.c.obj (.text:__c6xabi_trunc)
                  0080b300    00000020                     : startup.c.obj (.text:_system_post_cinit)
                  0080b320    00000020                     : pre_init.c.obj (.text:_system_pre_init)
                  0080b340    00000020                     : exit.c.obj (.text:abort)
                  0080b360    00000020                     : copy_decompress_none.c.obj (.text:decompress:none:__TI_decompress_none)
                  0080b380    00000020                     : copy_decompress_rle.c.obj (.text:decompress:rle24:__TI_decompress_rle24)

.stack     0    0080b3a0    00000800     UNINITIALIZED
                  0080b3a0    00000008     rts6600_elf.lib : boot.c.obj (.stack)
                  0080b3a8    000007f8     --HOLE--

.neardata 
*          0    0080bba0    000007d2     UNINITIALIZED
                  0080bba0    00000588     MMC_controller.obj (.neardata)
                  0080c128    000000b4     ADC.obj (.neardata)
                  0080c1dc    000000a4     Sensor.obj (.neardata)
                  0080c280    00000070     Group_sorting.obj (.neardata)
                  0080c2f0    00000020     Fault.obj (.neardata)
                  0080c310    00000020     Interrupt.obj (.neardata)
                  0080c330    00000012     Timer.obj (.neardata)
                  0080c342    00000002     --HOLE--
                  0080c344    00000010     D_IO.obj (.neardata)
                  0080c354    0000000c     GPMC.obj (.neardata)
                  0080c360    0000000a     DAC.obj (.neardata)
                  0080c36a    00000004     LED.obj (.neardata)
                  0080c36e    00000004     Mailbox.obj (.neardata)

.far       0    0080c378    0000022a     UNINITIALIZED
                  0080c378    000000a0     (.common:HmiCen)
                  0080c418    00000030     (.common:MAILBOX_EX_RD)
                  0080c448    00000030     (.common:MAILBOX_EX_WR)
                  0080c478    00000014     (.common:CenLegBypass_A)
                  0080c48c    00000014     (.common:CenLegBypass_B)
                  0080c4a0    00000014     (.common:CenLegBypass_C)
                  0080c4b4    00000010     (.common:da1)
                  0080c4c4    00000010     (.common:da2)
                  0080c4d4    00000010     (.common:da3)
                  0080c4e4    00000010     (.common:da4)
                  0080c4f4    0000000e     (.common:CenLegComm)
                  0080c502    00000002     (.common:CenLegOpData_Alower)
                  0080c504    00000004     (.common:CenHmi_Fault_Req)
                  0080c508    00000004     (.common:CenHmi_Status)
                  0080c50c    00000004     (.common:DiffTime)
                  0080c510    00000004     (.common:I_AL_T)
                  0080c514    00000004     (.common:I_AS_T)
                  0080c518    00000004     (.common:I_AU_T)
                  0080c51c    00000004     (.common:I_BL_T)
                  0080c520    00000004     (.common:I_BS_T)
                  0080c524    00000004     (.common:I_BU_T)
                  0080c528    00000004     (.common:I_CL_T)
                  0080c52c    00000004     (.common:I_CS_T)
                  0080c530    00000004     (.common:I_CU_T)
                  0080c534    00000004     (.common:I_DC_T)
                  0080c538    00000004     (.common:Mode_Info)
                  0080c53c    00000004     (.common:Mode_Info_old)
                  0080c540    00000004     (.common:NLC_REF_AL)
                  0080c544    00000004     (.common:NLC_REF_AU)
                  0080c548    00000004     (.common:NLC_REF_BL)
                  0080c54c    00000004     (.common:NLC_REF_BU)
                  0080c550    00000004     (.common:NLC_REF_CL)
                  0080c554    00000004     (.common:NLC_REF_CU)
                  0080c558    00000004     (.common:P)
                  0080c55c    00000004     (.common:Q)
                  0080c560    00000004     (.common:SmFaultA)
                  0080c564    00000004     (.common:SmFaultB)
                  0080c568    00000004     (.common:SmFaultC)
                  0080c56c    00000004     (.common:SmSumAL)
                  0080c570    00000004     (.common:SmSumAU)
                  0080c574    00000004     (.common:SmSumBL)
                  0080c578    00000004     (.common:SmSumBU)
                  0080c57c    00000004     (.common:SmSumCL)
                  0080c580    00000004     (.common:SmSumCU)
                  0080c584    00000004     (.common:V_AS_sec_T)
                  0080c588    00000004     (.common:V_BS_sec_T)
                  0080c58c    00000004     (.common:V_CS_sec_T)
                  0080c590    00000004     (.common:V_DC_T)
                  0080c594    00000004     (.common:pf)
                  0080c598    00000002     (.common:CenLegOpData_Aupper)
                  0080c59a    00000002     (.common:CenLegOpData_Blower)
                  0080c59c    00000002     (.common:CenLegOpData_Bupper)
                  0080c59e    00000002     (.common:CenLegOpData_Clower)
                  0080c5a0    00000002     (.common:CenLegOpData_Cupper)

.fardata   0    0080c5a8    00000118     UNINITIALIZED
                  0080c5a8    00000040     rts6600_elf.lib : cos.c.obj (.fardata:R$1)
                  0080c5e8    00000040                     : sin.c.obj (.fardata:R$1)
                  0080c628    00000014     Group_sorting.obj (.fardata:V_AL)
                  0080c63c    00000004     rts6600_elf.lib : errno.c.obj (.fardata)
                  0080c640    00000014     Group_sorting.obj (.fardata:V_AU)
                  0080c654    00000004     --HOLE--
                  0080c658    00000014     Group_sorting.obj (.fardata:V_BL)
                  0080c66c    00000004     --HOLE--
                  0080c670    00000014     Group_sorting.obj (.fardata:V_BU)
                  0080c684    00000004     --HOLE--
                  0080c688    00000014     Group_sorting.obj (.fardata:V_CL)
                  0080c69c    00000004     --HOLE--
                  0080c6a0    00000014     Group_sorting.obj (.fardata:V_CU)
                  0080c6b4    0000000c     rts6600_elf.lib : exit.c.obj (.fardata)

.bss       0    0080c730    00000068     UNINITIALIZED
                  0080c730    00000004     (.common:Inv_V_AL)
                  0080c734    00000004     (.common:Inv_V_AU)
                  0080c738    00000004     (.common:Inv_V_BL)
                  0080c73c    00000004     (.common:Inv_V_BU)
                  0080c740    00000004     (.common:Inv_V_CL)
                  0080c744    00000004     (.common:Inv_V_CU)
                  0080c748    00000004     (.common:Inv_Vdc)
                  0080c74c    00000004     (.common:P_A_Leg_ff_low)
                  0080c750    00000004     (.common:P_A_Leg_ff_low_old)
                  0080c754    00000004     (.common:P_A_Leg_ff_low_old_old)
                  0080c758    00000004     (.common:P_A_leg_ff)
                  0080c75c    00000004     (.common:P_A_leg_ff_old)
                  0080c760    00000004     (.common:P_A_leg_ff_old_old)
                  0080c764    00000004     (.common:P_B_Leg_ff_low)
                  0080c768    00000004     (.common:P_B_Leg_ff_low_old)
                  0080c76c    00000004     (.common:P_B_Leg_ff_low_old_old)
                  0080c770    00000004     (.common:P_B_leg_ff)
                  0080c774    00000004     (.common:P_B_leg_ff_old)
                  0080c778    00000004     (.common:P_B_leg_ff_old_old)
                  0080c77c    00000004     (.common:P_Leg_ave)
                  0080c780    00000004     (.common:P_diff_ds)
                  0080c784    00000004     (.common:P_diff_ds_old)
                  0080c788    00000004     (.common:Vms_mag)
                  0080c78c    00000004     (.common:pdiff_multi_a)
                  0080c790    00000004     (.common:pdiff_multi_b)
                  0080c794    00000004     (.common:pdiff_multi_c)

.cinit     0    0080ca00    00000380     
                  0080ca00    00000149     (.cinit..neardata.load) [load image, compression = rle]
                  0080cb49    00000085     (.cinit..fardata.load) [load image, compression = rle]
                  0080cbce    0000000b     (.cinit..far.load) [load image, compression = rle]
                  0080cbd9    0000000b     (.cinit..vects.load) [load image, compression = rle]
                  0080cbe4    0000000b     (.cinit.CM_CORE__L4PERRegsFile.load) [load image, compression = rle]
                  0080cbef    0000000b     (.cinit.DSP_ICFGRegsFile.load) [load image, compression = rle]
                  0080cbfa    0000000b     (.cinit.GPIO2RegsFile.load) [load image, compression = rle]
                  0080cc05    0000000b     (.cinit.GPIO3RegsFile.load) [load image, compression = rle]
                  0080cc10    0000000b     (.cinit.GPIO4RegsFile.load) [load image, compression = rle]
                  0080cc1b    0000000b     (.cinit.GPIO6RegsFile.load) [load image, compression = rle]
                  0080cc26    0000000b     (.cinit.GPIO7RegsFile.load) [load image, compression = rle]
                  0080cc31    0000000b     (.cinit.GPMCRegsFile.load) [load image, compression = rle]
                  0080cc3c    0000000b     (.cinit.MAILBOX2RegsFile.load) [load image, compression = rle]
                  0080cc47    0000000b     (.cinit.MAILBOX3RegsFile.load) [load image, compression = rle]
                  0080cc52    0000000b     (.cinit.MAILBOX4RegsFile.load) [load image, compression = rle]
                  0080cc5d    0000000b     (.cinit.MAILBOX5RegsFile.load) [load image, compression = rle]
                  0080cc68    0000000b     (.cinit.MAILBOX6RegsFile.load) [load image, compression = rle]
                  0080cc73    0000000b     (.cinit.MAILBOX7RegsFile.load) [load image, compression = rle]
                  0080cc7e    0000000b     (.cinit.McSPI2RegsFile.load) [load image, compression = rle]
                  0080cc89    00000009     (.cinit..bss.load) [load image, compression = rle]
                  0080cc92    00000009     (.cinit.CM_CORE_AON__DSP1RegsFile.load) [load image, compression = rle]
                  0080cc9b    00000009     (.cinit.CM_CORE_AON__IPURegsFile.load) [load image, compression = rle]
                  0080cca4    00000009     (.cinit.CM_CORE__CORERegsFile.load) [load image, compression = rle]
                  0080ccad    00000009     (.cinit.Timer5RegsFile.load) [load image, compression = rle]
                  0080ccb6    00000002     --HOLE-- [fill = 0]
                  0080ccb8    00000008     (__TI_handler_table)
                  0080ccc0    000000c0     (__TI_cinit_table)

DSP_ICFGRegsFile 
*          0    01800000    0000018c     UNINITIALIZED
                  01800000    0000018c     AM572x_C66_GlobarVariableDefs.obj (DSP_ICFGRegsFile)

GPIO7RegsFile 
*          0    48051000    00000198     UNINITIALIZED
                  48051000    00000198     AM572x_C66_GlobarVariableDefs.obj (GPIO7RegsFile)

Timer5RegsFile 
*          0    48820000    0000005c     UNINITIALIZED
                  48820000    0000005c     AM572x_C66_GlobarVariableDefs.obj (Timer5RegsFile)

GPIO2RegsFile 
*          0    48055000    00000198     UNINITIALIZED
                  48055000    00000198     AM572x_C66_GlobarVariableDefs.obj (GPIO2RegsFile)

GPIO3RegsFile 
*          0    48057000    00000198     UNINITIALIZED
                  48057000    00000198     AM572x_C66_GlobarVariableDefs.obj (GPIO3RegsFile)

GPIO4RegsFile 
*          0    48059000    00000198     UNINITIALIZED
                  48059000    00000198     AM572x_C66_GlobarVariableDefs.obj (GPIO4RegsFile)

GPIO6RegsFile 
*          0    4805d000    00000198     UNINITIALIZED
                  4805d000    00000198     AM572x_C66_GlobarVariableDefs.obj (GPIO6RegsFile)

McSPI2RegsFile 
*          0    4809a000    000001a4     UNINITIALIZED
                  4809a000    000001a4     AM572x_C66_GlobarVariableDefs.obj (McSPI2RegsFile)

MAILBOX2RegsFile 
*          0    4883a000    00000144     UNINITIALIZED
                  4883a000    00000144     AM572x_C66_GlobarVariableDefs.obj (MAILBOX2RegsFile)

MAILBOX3RegsFile 
*          0    4883c000    00000144     UNINITIALIZED
                  4883c000    00000144     AM572x_C66_GlobarVariableDefs.obj (MAILBOX3RegsFile)

MAILBOX4RegsFile 
*          0    4883e000    00000144     UNINITIALIZED
                  4883e000    00000144     AM572x_C66_GlobarVariableDefs.obj (MAILBOX4RegsFile)

MAILBOX5RegsFile 
*          0    48840000    00000144     UNINITIALIZED
                  48840000    00000144     AM572x_C66_GlobarVariableDefs.obj (MAILBOX5RegsFile)

MAILBOX6RegsFile 
*          0    48842000    00000144     UNINITIALIZED
                  48842000    00000144     AM572x_C66_GlobarVariableDefs.obj (MAILBOX6RegsFile)

MAILBOX7RegsFile 
*          0    48844000    00000144     UNINITIALIZED
                  48844000    00000144     AM572x_C66_GlobarVariableDefs.obj (MAILBOX7RegsFile)

CM_CORE_AON__DSP1RegsFile 
*          0    4a005400    00000024     UNINITIALIZED
                  4a005400    00000024     AM572x_C66_GlobarVariableDefs.obj (CM_CORE_AON__DSP1RegsFile)

CM_CORE_AON__IPURegsFile 
*          0    4a005500    00000084     UNINITIALIZED
                  4a005500    00000084     AM572x_C66_GlobarVariableDefs.obj (CM_CORE_AON__IPURegsFile)

CM_CORE__CORERegsFile 
*          0    4a008700    00000094     UNINITIALIZED
                  4a008700    00000094     AM572x_C66_GlobarVariableDefs.obj (CM_CORE__CORERegsFile)

CM_CORE__L4PERRegsFile 
*          0    4a009700    00000218     UNINITIALIZED
                  4a009700    00000218     AM572x_C66_GlobarVariableDefs.obj (CM_CORE__L4PERRegsFile)

GPMCRegsFile 
*          0    50000000    00000378     UNINITIALIZED
                  50000000    00000378     AM572x_C66_GlobarVariableDefs.obj (GPMCRegsFile)

.vects     0    0080c800    00000200     UNINITIALIZED
                  0080c800    00000200     IntCtrl.obj (.vects)

.switch    0    0080c6c0    00000070     
                  0080c6c0    0000001c     MMC_controller.obj (.switch:Inverter_Direct)
                  0080c6dc    0000001c     LED.obj (.switch:LED)
                  0080c6f8    00000018     MMC_controller.obj (.switch:Converter_Direct)
                  0080c710    00000010     DAC.obj (.switch:DAC_out)
                  0080c720    00000010     MMC_controller.obj (.switch:Reference)

MODULE SUMMARY

       Module                              code    ro data   rw data
       ------                              ----    -------   -------
    .\Includes\AM572x_C66\
       AM572x_C66_GlobarVariableDefs.obj   0       0         6632   
    +--+-----------------------------------+-------+---------+---------+
       Total:                              0       0         6632   
                                                                    
    .\Sources\
       MMC_controller.obj                  16672   68        1512   
       GPMC.obj                            4608    0         134    
       Group_sorting.obj                   3584    0         284    
       Mailbox.obj                         2624    0         268    
       Sensor.obj                          2144    0         220    
       ADC.obj                             1824    0         180    
       IntCtrl.obj                         1216    0         512    
       DAC.obj                             1056    16        74     
       CtrlModule.obj                      992     0         0      
       PRCM.obj                            832     0         0      
       Fault.obj                           704     0         32     
       GPIO.obj                            736     0         0      
       LED.obj                             640     28        4      
       Interrupt.obj                       608     0         32     
       D_IO.obj                            448     0         16     
       Timer.obj                           416     0         22     
       McSPI.obj                           256     0         0      
       device.obj                          128     0         0      
       main.obj                            96      0         0      
    +--+-----------------------------------+-------+---------+---------+
       Total:                              39584   112       3290   
                                                                    
    C:\ti\ti-cgt-c6000_8.3.2\lib\rts6600_elf.lib
       divd.c.obj                          1536    0         0      
       cos.c.obj                           736     0         64     
       sin.c.obj                           672     0         64     
       divf.c.obj                          640     0         0      
       sqrt.c.obj                          352     0         0      
       copy_decompress_rle.c.obj           288     0         0      
       exit.c.obj                          256     0         12     
       memset.c.obj                        224     0         0      
       autoinit.c.obj                      192     0         0      
       tls.c.obj                           192     0         0      
       fixfu.c.obj                         160     0         0      
       memcpy64.asm.obj                    160     0         0      
       modf.c.obj                          160     0         0      
       round.c.obj                         160     0         0      
       boot.c.obj                          128     0         0      
       frcmpyd_div.c.obj                   96      0         0      
       llshift.c.obj                       96      0         0      
       args_main.c.obj                     64      0         0      
       ceil.c.obj                          64      0         0      
       floor.c.obj                         64      0         0      
       errno.c.obj                         32      0         4      
       copy_decompress_none.c.obj          32      0         0      
       pre_init.c.obj                      32      0         0      
       startup.c.obj                       32      0         0      
       trunc.c.obj                         32      0         0      
    +--+-----------------------------------+-------+---------+---------+
       Total:                              6400    0         144    
                                                                    
       Stack:                              0       0         2048   
       Linker Generated:                   0       894       0      
    +--+-----------------------------------+-------+---------+---------+
       Grand Total:                        45984   1006      12114  


LINKER GENERATED COPY TABLES

__TI_cinit_table @ 0080ccc0 records: 24, size/record: 8, table size: 192
	.neardata: load addr=0080ca00, load size=00000149 bytes, run addr=0080bba0, run size=000007d2 bytes, compression=rle
	.fardata: load addr=0080cb49, load size=00000085 bytes, run addr=0080c5a8, run size=00000118 bytes, compression=rle
	.far: load addr=0080cbce, load size=0000000b bytes, run addr=0080c378, run size=0000022a bytes, compression=rle
	.vects: load addr=0080cbd9, load size=0000000b bytes, run addr=0080c800, run size=00000200 bytes, compression=rle
	CM_CORE__L4PERRegsFile: load addr=0080cbe4, load size=0000000b bytes, run addr=4a009700, run size=00000218 bytes, compression=rle
	DSP_ICFGRegsFile: load addr=0080cbef, load size=0000000b bytes, run addr=01800000, run size=0000018c bytes, compression=rle
	GPIO2RegsFile: load addr=0080cbfa, load size=0000000b bytes, run addr=48055000, run size=00000198 bytes, compression=rle
	GPIO3RegsFile: load addr=0080cc05, load size=0000000b bytes, run addr=48057000, run size=00000198 bytes, compression=rle
	GPIO4RegsFile: load addr=0080cc10, load size=0000000b bytes, run addr=48059000, run size=00000198 bytes, compression=rle
	GPIO6RegsFile: load addr=0080cc1b, load size=0000000b bytes, run addr=4805d000, run size=00000198 bytes, compression=rle
	GPIO7RegsFile: load addr=0080cc26, load size=0000000b bytes, run addr=48051000, run size=00000198 bytes, compression=rle
	GPMCRegsFile: load addr=0080cc31, load size=0000000b bytes, run addr=50000000, run size=00000378 bytes, compression=rle
	MAILBOX2RegsFile: load addr=0080cc3c, load size=0000000b bytes, run addr=4883a000, run size=00000144 bytes, compression=rle
	MAILBOX3RegsFile: load addr=0080cc47, load size=0000000b bytes, run addr=4883c000, run size=00000144 bytes, compression=rle
	MAILBOX4RegsFile: load addr=0080cc52, load size=0000000b bytes, run addr=4883e000, run size=00000144 bytes, compression=rle
	MAILBOX5RegsFile: load addr=0080cc5d, load size=0000000b bytes, run addr=48840000, run size=00000144 bytes, compression=rle
	MAILBOX6RegsFile: load addr=0080cc68, load size=0000000b bytes, run addr=48842000, run size=00000144 bytes, compression=rle
	MAILBOX7RegsFile: load addr=0080cc73, load size=0000000b bytes, run addr=48844000, run size=00000144 bytes, compression=rle
	McSPI2RegsFile: load addr=0080cc7e, load size=0000000b bytes, run addr=4809a000, run size=000001a4 bytes, compression=rle
	.bss: load addr=0080cc89, load size=00000009 bytes, run addr=0080c730, run size=00000068 bytes, compression=rle
	CM_CORE_AON__DSP1RegsFile: load addr=0080cc92, load size=00000009 bytes, run addr=4a005400, run size=00000024 bytes, compression=rle
	CM_CORE_AON__IPURegsFile: load addr=0080cc9b, load size=00000009 bytes, run addr=4a005500, run size=00000084 bytes, compression=rle
	CM_CORE__CORERegsFile: load addr=0080cca4, load size=00000009 bytes, run addr=4a008700, run size=00000094 bytes, compression=rle
	Timer5RegsFile: load addr=0080ccad, load size=00000009 bytes, run addr=48820000, run size=0000005c bytes, compression=rle


LINKER GENERATED HANDLER TABLE

__TI_handler_table @ 0080ccb8 records: 2, size/record: 4, table size: 8
	index: 0, handler: __TI_decompress_rle24
	index: 1, handler: __TI_decompress_none


GLOBAL SYMBOLS: SORTED ALPHABETICALLY BY Name 

address   name                           
-------   ----                           
00809938  ADC                            
00809900  ADC_OP                         
008079c0  ADC_Offset                     
00809964  ADC_Read                       
0080c128  AIN0_CH1                       
0080c12c  AIN0_CH2                       
0080c130  AIN0_CH3                       
0080c134  AIN0_CH4                       
0080c138  AIN1_CH1                       
0080c13c  AIN1_CH2                       
0080c140  AIN1_CH3                       
0080c144  AIN1_CH4                       
0080c148  AIN2_CH1                       
0080c14c  AIN2_CH2                       
0080c150  AIN2_CH3                       
0080c154  AIN2_CH4                       
0080c158  AIN3_CH1                       
0080c15c  AIN3_CH2                       
0080c160  AIN3_CH3                       
0080c164  AIN3_CH4                       
0080b340  C$$EXIT                        
0080c120  CCSC_cnt                       
4a005400  CM_CORE_AON__DSP1Regs          
4a005500  CM_CORE_AON__IPURegs           
4a008700  CM_CORE__CORERegs              
4a009700  CM_CORE__L4PERRegs             
0080c32c  CNT_BEn0                       
0080c504  CenHmi_Fault_Req               
0080c508  CenHmi_Status                  
0080c478  CenLegBypass_A                 
0080c48c  CenLegBypass_B                 
0080c4a0  CenLegBypass_C                 
0080c4f4  CenLegComm                     
0080c502  CenLegOpData_Alower            
0080c598  CenLegOpData_Aupper            
0080c59a  CenLegOpData_Blower            
0080c59c  CenLegOpData_Bupper            
0080c59e  CenLegOpData_Clower            
0080c5a0  CenLegOpData_Cupper            
00803460  Commom_Energy_Balance          
0080c33c  Compen_CNT                     
0080bbbe  Conv_start                     
00802bf4  Converter_Direct               
00802dc0  Converter_Indirect             
00801fb0  Converter_voltage              
0080bea4  Count_Idc_Transient            
00801688  Current_Control                
008082a0  DAC                            
008085a8  DAC_out                        
0080c2e8  DC_CHARGE_RAMP                 
0080c2e4  DC_CHARGE_cnt                  
008060a0  DC_CHRAGING_SEQ                
00803cd0  DSOGI                          
01800000  DSP_ICFGRegs                   
0080c50c  DiffTime                       
0080c338  Diff_CNT                       
00803584  Diff_Energy_Balance            
0080a5b8  Ecat_Time_Compen               
0080c334  End_CNT                        
008008e8  Energy_Cal                     
008038e0  Energy_diff_PIR                
0080bbf8  Erst_de                        
0080bc20  Erst_de_err                    
0080bc24  Erst_de_err_low                
0080bc2c  Erst_de_err_low_old            
0080bc28  Erst_de_err_old                
0080bc00  Erst_de_low                    
0080bc08  Erst_de_old                    
0080c0c8  Erst_de_test                   
0080bbf0  Erst_ds                        
0080c0f4  Erst_ds_err                    
0080c0fc  Erst_ds_integ_err              
0080c104  Erst_ds_p                      
0080c0d4  Erst_ds_prime                  
0080c0e4  Erst_ds_q                      
0080bbfc  Erst_qe                        
0080bc04  Erst_qe_low                    
0080bc0c  Erst_qe_old                    
0080c0c4  Erst_qe_test                   
0080bbf4  Erst_qs                        
0080c0f8  Erst_qs_err                    
0080c100  Erst_qs_integ_err              
0080c108  Erst_qs_p                      
0080c0d8  Erst_qs_prime                  
0080c0e8  Erst_qs_q                      
0080c2fc  Fault_register1                
0080c2fe  Fault_register2                
0080c300  Fault_register3                
0080c302  Fault_register4                
0080c304  Fault_register5                
0080c306  Fault_register6                
0080c308  Fault_register7                
0080c30a  Fault_register8                
0080c30c  Fault_register9                
0080c326  Flag_BE0n_test                 
0080be80  Flag_CCSC                      
0080bbb4  Flag_Con                       
0080bba2  Flag_Converter                 
0080bba6  Flag_Current                   
0080c358  Flag_DAQ_EN                    
0080c310  Flag_DO1                       
0080c312  Flag_DO2                       
0080c314  Flag_DO3                       
0080c316  Flag_DO4                       
0080c31a  Flag_EcatReady                 
0080c31c  Flag_Ecat_DAQ_EN_CNT           
0080c354  Flag_Ecat_EN                   
0080c35c  Flag_Ecat_TEST                 
0080bbb0  Flag_Energy_balance            
0080c318  Flag_GPMC_BE1n                 
0080bbb8  Flag_Inv                       
0080c340  Flag_Mode_Info                 
0080c32a  Flag_Out_Loop                  
0080bbaa  Flag_SupCirCur                 
0080bba4  Flag_VF                        
0080bba8  Flag_Voltage                   
0080bbac  Flag_comm_Energy               
0080bbae  Flag_diff_Energy               
0080c30e  Flag_fault                     
0080bbbc  Flag_gating                    
0080bbba  Flag_test                      
0080bbb2  Flag_total_Energy              
48055000  GPIO2Regs                      
48057000  GPIO3Regs                      
48059000  GPIO4Regs                      
4805d000  GPIO6Regs                      
48051000  GPIO7Regs                      
50000000  GPMCRegs                       
00804b08  GPMC_Central_Leg               
008048e4  GPMC_EtherCAT                  
00805030  GPMC_Leg_Central               
00800510  Grid_DQ                        
00806930  HMI_CenMa_Matching             
0080c378  HmiCen                         
0080bd8c  IM1_max                        
0080bd58  IM1de                          
0080bd74  IM1de_err                      
0080bd60  IM1de_low                      
0080bd68  IM1de_old                      
0080bf44  IM1de_ref                      
0080be04  IM1de_ref_cc                   
0080bc64  IM1ds                          
0080bd5c  IM1qe                          
0080bd78  IM1qe_err                      
0080bd64  IM1qe_low                      
0080bd6c  IM1qe_old                      
0080bf48  IM1qe_ref                      
0080bf4c  IM1qe_ref1                     
0080bf2c  IM1qe_ref_anti                 
0080be00  IM1qe_ref_cc                   
0080bf38  IM1qe_ref_fb                   
0080bf3c  IM1qe_ref_ff                   
0080bf34  IM1qe_ref_integ                
0080bf30  IM1qe_ref_prop                 
0080bf40  IM1qe_ref_tmp                  
0080bc68  IM1qs                          
0080c328  INT_carrier_loop_cnt1          
0080a080  ISR_DSPTimer                   
0080b094  ISR_Default10                  
0080b09c  ISR_Default11                  
0080b0a4  ISR_Default12                  
0080b0ac  ISR_Default13                  
0080b0b4  ISR_Default14                  
0080b0bc  ISR_Default15                  
0080b06c  ISR_Default5                   
0080b074  ISR_Default6                   
0080b07c  ISR_Default7                   
0080b084  ISR_Default8                   
0080b08c  ISR_Default9                   
0080b068  ISR_DefaultNMI                 
0080b060  ISR_Reset                      
0080c800  ISR_TABLE                      
0080c238  I_AL                           
0080c510  I_AL_T                         
0080c194  I_AL_offset                    
0080c244  I_AO                           
0080c2f0  I_ARM_oC                       
0080c210  I_AS                           
0080c514  I_AS_T                         
0080c17c  I_AS_offset                    
0080c22c  I_AU                           
0080c518  I_AU_T                         
0080c188  I_AU_offset                    
0080c23c  I_BL                           
0080c51c  I_BL_T                         
0080c198  I_BL_offset                    
0080c248  I_BO                           
0080c214  I_BS                           
0080c520  I_BS_T                         
0080c180  I_BS_offset                    
0080c230  I_BU                           
0080c524  I_BU_T                         
0080c18c  I_BU_offset                    
0080c240  I_CL                           
0080c528  I_CL_T                         
0080c19c  I_CL_offset                    
0080c24c  I_CO                           
0080c218  I_CS                           
0080c52c  I_CS_T                         
0080c184  I_CS_offset                    
0080c234  I_CU                           
0080c530  I_CU_T                         
0080c190  I_CU_offset                    
0080c228  I_DC                           
0080c534  I_DC_T                         
0080c178  I_DC_offset                    
0080c27c  I_DC_old                       
0080c2f4  I_LINE_OC                      
0080c21c  I_RS                           
0080c220  I_SS                           
0080c250  I_T1                           
0080c254  I_T2                           
0080c224  I_TS                           
0080c0b8  I_com                          
0080bdfc  I_ref_MAX                      
0080c260  I_sensor_max                   
0080be2c  Icirde                         
0080be24  Icirde_err                     
0080be28  Icirde_ref                     
0080be1c  Icirds                         
0080be48  Icirqe                         
0080be40  Icirqe_err                     
0080be44  Icirqe_ref                     
0080be20  Icirqs                         
00801cc0  Idc_Control                    
0080bea8  Idc_Transient_Time             
0080c26c  Idc_sensor_low                 
00809914  Init_ADC                       
008086c0  Init_DSP_IRQCROSSBAR           
00808de0  Init_GPIO                      
00804120  Init_GPMC                      
00807e60  Init_Interrupt                 
0080a7a0  Init_McSPI                     
008086c8  Init_PAD                       
00808aa0  Init_PRCM                      
0080a4a0  Init_Timer                     
0080c730  Inv_V_AL                       
0080c734  Inv_V_AU                       
0080c738  Inv_V_BL                       
0080c73c  Inv_V_BU                       
0080c740  Inv_V_CL                       
0080c744  Inv_V_CU                       
0080c748  Inv_Vdc                        
0080c124  Inv_off_cnt                    
0080bbc0  Inv_start                      
0080bbc2  Inv_start_Req                  
008028a8  Inverter_Direct                
00803014  Inverter_Indirect              
0080bdc0  KM1_ac                         
0080bdc4  KM1_ic                         
0080bdc8  KM1_pc                         
0080c0ec  K_dsogi                        
0080be78  Kcir_ic                        
0080be7c  Kcir_pc                        
0080c044  Ki_Pi                          
0080c08c  Ki_Pir                         
0080bf98  Ki_com                         
0080be9c  Ki_dc                          
0080bed4  Ki_dc_total                    
0080bfbc  Ki_diff                        
0080bf00  Ki_idc                         
0080bf64  Ki_leg                         
0080becc  Ki_total                       
0080c054  Kp_Pir                         
0080bf9c  Kp_com                         
0080bea0  Kp_dc                          
0080bed8  Kp_dc_total                    
0080bfc0  Kp_diff                        
0080bf04  Kp_idc                         
0080bf60  Kp_leg                         
0080bed0  Kp_total                       
0080bc10  Kpll_d                         
0080bc1c  Kpll_i                         
0080bc14  Kpll_p                         
0080c080  Kres_Pir                       
0080bf54  Krst_av                        
0080bf5c  Krst_iv                        
0080bf58  Krst_pv                        
00809b80  LED                            
0080c36c  LEDCase                        
0080c36a  LEDCount                       
0080bbd4  L_arm                          
00803240  Leg_Energy_Balance             
4883a000  MAILBOX2Regs                   
4883c000  MAILBOX3Regs                   
4883e000  MAILBOX4Regs                   
48840000  MAILBOX5Regs                   
48842000  MAILBOX6Regs                   
48844000  MAILBOX7Regs                   
0080c418  MAILBOX_EX_RD                  
0080c448  MAILBOX_EX_WR                  
0080c11c  MAIN_MC_OP_Rec_TIMER_CNT       
0080c118  MAIN_MC_OP_Rec_count           
0080a2e0  MC_OP                          
0080a400  MC_OP_Inv                      
00806120  Mailbox_RD                     
008066c0  Mailbox_WR                     
4809a000  McSPI2Regs                     
0080bba0  Mode                           
0080c538  Mode_Info                      
0080c53c  Mode_Info_old                  
00805320  NLC                            
0080c540  NLC_REF_AL                     
0080c544  NLC_REF_AU                     
0080c548  NLC_REF_BL                     
0080c54c  NLC_REF_BU                     
0080c550  NLC_REF_CL                     
0080c554  NLC_REF_CU                     
0080c2b0  NUM_SM                         
0080c2b2  NUM_group                      
00800000  Operation                      
0080c558  P                              
0080bebc  PDC_ref                        
008001cc  PLL                            
0080c34c  PRE_MC_CNT_MAX                 
0080c344  PRE_MC_TIME                    
0080c0c0  PRE_MC_TIMER_CNT               
0080c74c  P_A_Leg_ff_low                 
0080c750  P_A_Leg_ff_low_old             
0080c754  P_A_Leg_ff_low_old_old         
0080c758  P_A_leg_ff                     
0080c75c  P_A_leg_ff_old                 
0080c760  P_A_leg_ff_old_old             
0080c764  P_B_Leg_ff_low                 
0080c768  P_B_Leg_ff_low_old             
0080c76c  P_B_Leg_ff_low_old_old         
0080c770  P_B_leg_ff                     
0080c774  P_B_leg_ff_old                 
0080c778  P_B_leg_ff_old_old             
0080bd40  P_C_Leg_ff_low                 
0080bd44  P_C_Leg_ff_low_old             
0080bd48  P_C_Leg_ff_low_old_old         
0080bd34  P_C_leg_ff                     
0080bd4c  P_C_leg_ff_old                 
0080bd50  P_C_leg_ff_old_old             
0080c77c  P_Leg_ave                      
0080bd54  P_Leg_com                      
0080c780  P_diff_ds                      
0080c784  P_diff_ds_old                  
0080c010  P_diff_qs                      
0080c008  P_diff_qs_old                  
0080bdec  P_ref                          
0080bdf0  P_ref_max                      
008052ac  Para_Init                      
0080bfb8  Pdiff_com_ref_integ            
0080bfa4  Pdiff_com_ref_prop             
0080c014  Pdiff_diff_ds_ref              
0080c000  Pdiff_diff_qs_ref              
0080bfe0  Pdiff_diffa_ref                
0080bfd8  Pdiff_diffa_ref_integ          
0080bfdc  Pdiff_diffa_ref_prop           
0080bfec  Pdiff_diffb_ref                
0080bfe4  Pdiff_diffb_ref_integ          
0080bfe8  Pdiff_diffb_ref_prop           
0080bffc  Pdiff_diffc_ref                
0080bff4  Pdiff_diffc_ref_integ          
0080bff8  Pdiff_diffc_ref_prop           
0080bf6c  Plega_ref_integ                
0080bf70  Plega_ref_prop                 
0080bf7c  Plegb_ref_integ                
0080bf80  Plegb_ref_prop                 
0080bf8c  Plegc_ref_integ                
0080bf90  Plegc_ref_prop                 
0080c350  Pre_MC_cnt                     
0080c114  Pre_MC_count                   
0080c55c  Q                              
0080bd18  Q_120                          
0080bd14  Q_60                           
0080bdf4  Q_ref                          
0080bbd8  R_arm                          
0080bbd0  Ramp_case                      
0080bbcc  Ramp_stall_cnt                 
0080bbc4  Ref_method                     
0080bdf8  Ref_time                       
0080bbc8  Ref_time_cnt                   
0080240c  Reference                      
00802680  Reset                          
0080bbdc  SM_cap                         
0080bbe0  SM_mmc_eq                      
0080c2d0  SMla_on                        
0080c2d8  SMlb_on                        
0080c2e0  SMlc_on                        
0080c2cc  SMua_on                        
0080c2d4  SMub_on                        
0080c2dc  SMuc_on                        
0080c320  STATUS_ECAT_READY_L1           
0080c322  STATUS_ECAT_READY_L2           
0080c324  STATUS_ECAT_READY_L3           
00806f88  Sensor_Inside                  
00806b60  Sensor_Outside                 
0080c560  SmFaultA                       
0080c564  SmFaultB                       
0080c568  SmFaultC                       
0080c56c  SmSumAL                        
0080c570  SmSumAU                        
0080c574  SmSumBL                        
0080c578  SmSumBU                        
0080c57c  SmSumCL                        
0080c580  SmSumCU                        
0080c330  Start_CNT                      
0080a598  Start_Timer                    
00803e48  Starting_sequence              
0080c36e  Stop_cnt                       
00801a58  SuppCirCurrent                 
0080bd10  TWc_Ediff                      
0080bc34  TWc_Erst_de_err                
0080bc38  TWc_Erst_dqe                   
0080bd0c  TWc_Etotal                     
0080bd70  TWc_IM1_dqe                    
0080c278  Tcl                            
48820000  Timer5Regs                     
0080c348  Timer_Set_Value                
0080c264  Trans_ratio                    
0080c274  Twc_Vdc                        
008081a4  USERISR_RSTSET                 
00808200  USERISR_SET                    
0080c284  VM1an_refl                     
0080c2b8  VM1an_refl_norm                
0080c280  VM1an_refu                     
0080c2b4  VM1an_refu_norm                
0080bdd4  VM1as_ref                      
0080bde0  VM1as_sat                      
0080c28c  VM1bn_refl                     
0080c2c0  VM1bn_refl_norm                
0080c288  VM1bn_refu                     
0080c2bc  VM1bn_refu_norm                
0080bdd8  VM1bs_ref                      
0080bde4  VM1bs_sat                      
0080c294  VM1cn_refl                     
0080c2c8  VM1cn_refl_norm                
0080c290  VM1cn_refu                     
0080c2c4  VM1cn_refu_norm                
0080bddc  VM1cs_ref                      
0080bde8  VM1cs_sat                      
0080be10  VM1de                          
0080bd90  VM1de_ref                      
0080bd98  VM1de_ref_anti                 
0080bdb0  VM1de_ref_fb                   
0080bdb8  VM1de_ref_ff                   
0080bda8  VM1de_ref_integ                
0080bda0  VM1de_ref_prop                 
0080c0ac  VM1de_ref_vf                   
0080bd84  VM1de_sat                      
0080be08  VM1ds                          
0080bdcc  VM1ds_ref                      
0080bd7c  VM1ds_sat                      
0080be14  VM1qe                          
0080bd94  VM1qe_ref                      
0080bd9c  VM1qe_ref_anti                 
0080bdb4  VM1qe_ref_fb                   
0080bdbc  VM1qe_ref_ff                   
0080bdac  VM1qe_ref_integ                
0080bda4  VM1qe_ref_prop                 
0080c0b0  VM1qe_ref_vf                   
0080bd88  VM1qe_sat                      
0080be0c  VM1qs                          
0080bdd0  VM1qs_ref                      
0080bd80  VM1qs_sat                      
0080c1dc  V_AB                           
0080c168  V_AB_offset                    
0080c200  V_AB_sec                       
0080c628  V_AL                           
0080c29c  V_AL_arm                       
0080c1e8  V_AS_pri                       
0080c1f4  V_AS_sec                       
0080c584  V_AS_sec_T                     
0080c640  V_AU                           
0080c298  V_AU_arm                       
0080c1e0  V_BC                           
0080c16c  V_BC_offset                    
0080c204  V_BC_sec                       
0080c658  V_BL                           
0080c2a4  V_BL_arm                       
0080c1ec  V_BS_pri                       
0080c1f8  V_BS_sec                       
0080c588  V_BS_sec_T                     
0080c670  V_BU                           
0080c2a0  V_BU_arm                       
0080c1e4  V_CA                           
0080c170  V_CA_offset                    
0080c208  V_CA_sec                       
0080c688  V_CL                           
0080c2ac  V_CL_arm                       
0080c1f0  V_CS_pri                       
0080c1fc  V_CS_sec                       
0080c58c  V_CS_sec_T                     
0080c6a0  V_CU                           
0080c2a8  V_CU_arm                       
0080c20c  V_DC                           
0080c590  V_DC_T                         
0080c2f8  V_DC_oV                        
0080c174  V_DC_offset                    
0080c25c  V_dc_max                       
0080c0bc  V_grid                         
0080c258  V_grid_max                     
0080c05c  Va0_ref                        
0080c04c  Va0_ref_delay                  
0080c040  Va0_ref_integ                  
0080c048  Va0_ref_prop                   
0080c058  Va0_ref_res                    
0080c090  Va0_ref_res_n1                 
0080c09c  Va0_ref_res_n2                 
0080c070  Vb0_ref                        
0080c068  Vb0_ref_delay                  
0080c060  Vb0_ref_integ                  
0080c064  Vb0_ref_prop                   
0080c06c  Vb0_ref_res                    
0080c094  Vb0_ref_res_n1                 
0080c0a0  Vb0_ref_res_n2                 
0080c088  Vc0_ref                        
0080c07c  Vc0_ref_delay                  
0080c074  Vc0_ref_integ                  
0080c078  Vc0_ref_prop                   
0080c084  Vc0_ref_res                    
0080c098  Vc0_ref_res_n1                 
0080c0a4  Vc0_ref_res_n2                 
0080be6c  Vciras_ref                     
0080be70  Vcirbs_ref                     
0080be74  Vcircs_ref                     
0080be4c  Vcirde_ref                     
0080be38  Vcirde_ref_fb                  
0080be3c  Vcirde_ref_ff                  
0080be30  Vcirde_ref_integ               
0080be34  Vcirde_ref_prop                
0080be50  Vcirds_ref                     
0080be64  Vcirqe_ref                     
0080be5c  Vcirqe_ref_fb                  
0080be60  Vcirqe_ref_ff                  
0080be54  Vcirqe_ref_integ               
0080be58  Vcirqe_ref_prop                
0080be68  Vcirqs_ref                     
0080c2ec  Vdc_char_ref                   
0080bf28  Vdc_err                        
0080c10c  Vdc_initial_status             
0080c110  Vdc_initial_threshold          
0080c268  Vdc_low                        
0080c270  Vdc_old                        
0080bf10  Vdc_rated                      
0080bf50  Vdc_rated_ref                  
0080bf0c  Vdc_ref                        
0080bf20  Vdc_ref_1                      
0080bf08  Vdc_ref_idc                    
0080bf1c  Vdc_ref_init                   
0080be94  Vdc_ref_integ                  
0080be98  Vdc_ref_prop                   
0080bf14  Vdc_ref_vc                     
0080c370  Vdc_test                       
0080bf24  Vdc_tran                       
00802338  Vf_Control                     
00802228  Vf_Control_Inv                 
0080c00c  Vms                            
0080c788  Vms_mag                        
0080beec  Vtotala_ref                    
0080bee4  Vtotala_ref_integ              
0080bee8  Vtotala_ref_prop               
0080be88  Vxo_com                        
0080be84  Vxo_ref                        
0080c0f0  W0                             
0080bc80  W_al                           
0080bc7c  W_au                           
0080bc88  W_bl                           
0080bc84  W_bu                           
0080bc90  W_cl                           
0080bc8c  W_cu                           
0080bd3c  W_diff_com                     
0080bfa0  W_diff_com_err                 
0080bfd4  W_diff_diffa_err               
0080bfd0  W_diff_diffb_err               
0080bff0  W_diff_diffc_err               
0080bca0  W_diffa                        
0080bcb8  W_diffa_low                    
0080bcd0  W_diffa_low_old                
0080bce8  W_diffa_low_old_old            
0080bd00  W_diffa_old                    
0080bd28  W_diffa_old_old                
0080bca4  W_diffb                        
0080bcbc  W_diffb_low                    
0080bcd4  W_diffb_low_old                
0080bcec  W_diffb_low_old_old            
0080bd04  W_diffb_old                    
0080bd2c  W_diffb_old_old                
0080bca8  W_diffc                        
0080bcc0  W_diffc_low                    
0080bcd8  W_diffc_low_old                
0080bcf0  W_diffc_low_old_old            
0080bd08  W_diffc_old                    
0080bd30  W_diffc_old_old                
0080bd38  W_leg                          
0080bf68  W_lega_err                     
0080bf78  W_legb_err                     
0080bf88  W_legc_err                     
0080bc94  W_suma                         
0080bcac  W_suma_low                     
0080bcc4  W_suma_low_old                 
0080bcdc  W_suma_low_old_old             
0080bcf4  W_suma_old                     
0080bd1c  W_suma_old_old                 
0080bc98  W_sumb                         
0080bcb0  W_sumb_low                     
0080bcc8  W_sumb_low_old                 
0080bce0  W_sumb_low_old_old             
0080bcf8  W_sumb_old                     
0080bd20  W_sumb_old_old                 
0080bc9c  W_sumc                         
0080bcb4  W_sumc_low                     
0080bccc  W_sumc_low_old                 
0080bce4  W_sumc_low_old_old             
0080bcfc  W_sumc_old                     
0080bd24  W_sumc_old_old                 
0080beb0  W_total                        
0080beac  W_total_err                    
0080befc  W_total_rated                  
0080bec8  W_total_rated_1                
0080bef4  W_total_ref                    
0080bef8  W_total_ref_cc                 
0080be8c  W_total_ref_init               
0080bef0  W_tran                         
0080c0a8  Wc                             
0080bbec  Wcc                            
0080c0b4  We_M1                          
0080bbe4  Wn                             
0080bedc  Wtotal_ref_fb                  
0080bee0  Wtotal_ref_ff                  
0080beb4  Wtotal_ref_integ               
0080beb8  Wtotal_ref_prop                
0080ccc0  __TI_CINIT_Base                
0080cd80  __TI_CINIT_Limit               
0080ccb8  __TI_Handler_Table_Base        
0080ccc0  __TI_Handler_Table_Limit       
0080bba0  __TI_STACK_END                 
00000800  __TI_STACK_SIZE                
0080bba0  __TI_STATIC_BASE               
UNDEFED   __TI_TLS_INIT_Base             
UNDEFED   __TI_TLS_INIT_Limit            
0080ab60  __TI_auto_init_nobinit_nopinit 
0080c6b4  __TI_cleanup_ptr               
0080b360  __TI_decompress_none           
0080b380  __TI_decompress_rle24          
0080c6b8  __TI_dtors_ptr                 
0080c6bc  __TI_enable_exit_profile_output
0080b0e0  __TI_frcmpyd_div               
ffffffff  __TI_pprof_out_hndl            
ffffffff  __TI_prof_data_size            
ffffffff  __TI_prof_data_start           
0080ac20  __TI_tls_init                  
ffffffff  __binit__                      
008073c0  __c6xabi_divd                  
00809e00  __c6xabi_divf                  
0080b2c0  __c6xabi_errno_addr            
0080ace0  __c6xabi_fixfu                 
0080b140  __c6xabi_llshru                
0080ad80  __c6xabi_nround                
0080ad80  __c6xabi_roundl                
0080b2e0  __c6xabi_trunc                 
0080b2e0  __c6xabi_truncl                
ffffffff  __c_args__                     
0080c63c  __errno                        
0080b200  _args_main                     
0080af60  _c_int00                       
0080b3a0  _stack                         
0080b300  _system_post_cinit             
0080b320  _system_pre_init               
0080b340  abort                          
ffffffff  binit                          
0080b240  ceil                           
0080b240  ceill                          
008090c0  cos                            
0080bc58  cos_theta2                     
0080bc54  cos_theta_grid                 
0080bc78  cos_theta_t                    
008090c0  cosl                           
0080be18  count                          
0080b000  cycleDelay                     
0080c4b4  da1                            
0080c362  da1_tmp                        
0080c4c4  da2                            
0080c364  da2_tmp                        
0080c4d4  da3                            
0080c366  da3_tmp                        
0080c4e4  da4                            
0080c368  da4_tmp                        
0080c360  da_sel                         
0080c63c  errno                          
0080a9a0  exit                           
008093a0  fault                          
0080bbb6  flag_inv_boost                 
0080b280  floor                          
0080b280  floorl                         
0080bc40  freq_grid                      
0080bc70  freq_t                         
0080be90  iDC_err                        
0080bec0  iDC_ref                        
0080bf74  i_ao_cirDC_ref                 
0080bf84  i_bo_cirDC_ref                 
0080bfa8  i_cirAC_ref_pos                
0080bf94  i_co_cirDC_ref                 
0080bfc4  ia_cirAC_ref_neg               
0080bfac  ia_cirAC_ref_pos               
0080c034  ia_cir_err                     
0080c028  ia_cir_err_n1                  
0080c018  ia_cir_ref                     
0080bfc8  ib_cirAC_ref_neg               
0080bfb0  ib_cirAC_ref_pos               
0080c038  ib_cir_err                     
0080c02c  ib_cir_err_n1                  
0080c024  ib_cir_errr                    
0080c01c  ib_cir_ref                     
0080bfcc  ic_cirAC_ref_neg               
0080bfb4  ic_cirAC_ref_pos               
0080c03c  ic_cir_err                     
0080c030  ic_cir_err_n1                  
0080c020  ic_cir_ref                     
0080c050  inter                          
0080b1a0  main                           
0080ae20  memcpy                         
0080aa80  memset                         
0080aec0  modf                           
0080aec0  modfl                          
0080c1cc  offset_sum_I_AL                
0080c1b4  offset_sum_I_AS                
0080c1c0  offset_sum_I_AU                
0080c1d0  offset_sum_I_BL                
0080c1b8  offset_sum_I_BS                
0080c1c4  offset_sum_I_BU                
0080c1d4  offset_sum_I_CL                
0080c1bc  offset_sum_I_CS                
0080c1c8  offset_sum_I_CU                
0080c1b0  offset_sum_I_DC                
0080c1a0  offset_sum_V_AB                
0080c1a4  offset_sum_V_BC                
0080c1a8  offset_sum_V_CA                
0080c1ac  offset_sum_V_DC                
0080bec4  p_total                        
0080c78c  pdiff_multi_a                  
0080c790  pdiff_multi_b                  
0080c794  pdiff_multi_c                  
0080c004  pdiff_multi_d                  
0080c594  pf                             
0080bf18  pf_ref                         
0080c0cc  qErst_ds                       
0080c0dc  qErst_ds_prime                 
0080c0d0  qErst_qs                       
0080c0e0  qErst_qs_prime                 
00809660  sin                            
0080bc5c  sin_theta2                     
0080bc50  sin_theta_grid                 
0080bc74  sin_theta_t                    
00809660  sinl                           
0080a640  sqrt                           
0080a640  sqrtl                          
0080bc60  theta2                         
0080bc3c  theta_grid                     
0080bc30  theta_grid_ff                  
0080bc18  theta_grid_integ               
0080bc6c  theta_t                        
0080bc4c  w_grid                         
0080bc44  w_grid_integ                   
0080bc48  w_grid_prop                    
0080bbe8  zeta                           


GLOBAL SYMBOLS: SORTED BY Symbol Address 

address   name                           
-------   ----                           
00000800  __TI_STACK_SIZE                
00800000  Operation                      
008001cc  PLL                            
00800510  Grid_DQ                        
008008e8  Energy_Cal                     
00801688  Current_Control                
00801a58  SuppCirCurrent                 
00801cc0  Idc_Control                    
00801fb0  Converter_voltage              
00802228  Vf_Control_Inv                 
00802338  Vf_Control                     
0080240c  Reference                      
00802680  Reset                          
008028a8  Inverter_Direct                
00802bf4  Converter_Direct               
00802dc0  Converter_Indirect             
00803014  Inverter_Indirect              
00803240  Leg_Energy_Balance             
00803460  Commom_Energy_Balance          
00803584  Diff_Energy_Balance            
008038e0  Energy_diff_PIR                
00803cd0  DSOGI                          
00803e48  Starting_sequence              
00804120  Init_GPMC                      
008048e4  GPMC_EtherCAT                  
00804b08  GPMC_Central_Leg               
00805030  GPMC_Leg_Central               
008052ac  Para_Init                      
00805320  NLC                            
008060a0  DC_CHRAGING_SEQ                
00806120  Mailbox_RD                     
008066c0  Mailbox_WR                     
00806930  HMI_CenMa_Matching             
00806b60  Sensor_Outside                 
00806f88  Sensor_Inside                  
008073c0  __c6xabi_divd                  
008079c0  ADC_Offset                     
00807e60  Init_Interrupt                 
008081a4  USERISR_RSTSET                 
00808200  USERISR_SET                    
008082a0  DAC                            
008085a8  DAC_out                        
008086c0  Init_DSP_IRQCROSSBAR           
008086c8  Init_PAD                       
00808aa0  Init_PRCM                      
00808de0  Init_GPIO                      
008090c0  cos                            
008090c0  cosl                           
008093a0  fault                          
00809660  sin                            
00809660  sinl                           
00809900  ADC_OP                         
00809914  Init_ADC                       
00809938  ADC                            
00809964  ADC_Read                       
00809b80  LED                            
00809e00  __c6xabi_divf                  
0080a080  ISR_DSPTimer                   
0080a2e0  MC_OP                          
0080a400  MC_OP_Inv                      
0080a4a0  Init_Timer                     
0080a598  Start_Timer                    
0080a5b8  Ecat_Time_Compen               
0080a640  sqrt                           
0080a640  sqrtl                          
0080a7a0  Init_McSPI                     
0080a9a0  exit                           
0080aa80  memset                         
0080ab60  __TI_auto_init_nobinit_nopinit 
0080ac20  __TI_tls_init                  
0080ace0  __c6xabi_fixfu                 
0080ad80  __c6xabi_nround                
0080ad80  __c6xabi_roundl                
0080ae20  memcpy                         
0080aec0  modf                           
0080aec0  modfl                          
0080af60  _c_int00                       
0080b000  cycleDelay                     
0080b060  ISR_Reset                      
0080b068  ISR_DefaultNMI                 
0080b06c  ISR_Default5                   
0080b074  ISR_Default6                   
0080b07c  ISR_Default7                   
0080b084  ISR_Default8                   
0080b08c  ISR_Default9                   
0080b094  ISR_Default10                  
0080b09c  ISR_Default11                  
0080b0a4  ISR_Default12                  
0080b0ac  ISR_Default13                  
0080b0b4  ISR_Default14                  
0080b0bc  ISR_Default15                  
0080b0e0  __TI_frcmpyd_div               
0080b140  __c6xabi_llshru                
0080b1a0  main                           
0080b200  _args_main                     
0080b240  ceil                           
0080b240  ceill                          
0080b280  floor                          
0080b280  floorl                         
0080b2c0  __c6xabi_errno_addr            
0080b2e0  __c6xabi_trunc                 
0080b2e0  __c6xabi_truncl                
0080b300  _system_post_cinit             
0080b320  _system_pre_init               
0080b340  C$$EXIT                        
0080b340  abort                          
0080b360  __TI_decompress_none           
0080b380  __TI_decompress_rle24          
0080b3a0  _stack                         
0080bba0  Mode                           
0080bba0  __TI_STACK_END                 
0080bba0  __TI_STATIC_BASE               
0080bba2  Flag_Converter                 
0080bba4  Flag_VF                        
0080bba6  Flag_Current                   
0080bba8  Flag_Voltage                   
0080bbaa  Flag_SupCirCur                 
0080bbac  Flag_comm_Energy               
0080bbae  Flag_diff_Energy               
0080bbb0  Flag_Energy_balance            
0080bbb2  Flag_total_Energy              
0080bbb4  Flag_Con                       
0080bbb6  flag_inv_boost                 
0080bbb8  Flag_Inv                       
0080bbba  Flag_test                      
0080bbbc  Flag_gating                    
0080bbbe  Conv_start                     
0080bbc0  Inv_start                      
0080bbc2  Inv_start_Req                  
0080bbc4  Ref_method                     
0080bbc8  Ref_time_cnt                   
0080bbcc  Ramp_stall_cnt                 
0080bbd0  Ramp_case                      
0080bbd4  L_arm                          
0080bbd8  R_arm                          
0080bbdc  SM_cap                         
0080bbe0  SM_mmc_eq                      
0080bbe4  Wn                             
0080bbe8  zeta                           
0080bbec  Wcc                            
0080bbf0  Erst_ds                        
0080bbf4  Erst_qs                        
0080bbf8  Erst_de                        
0080bbfc  Erst_qe                        
0080bc00  Erst_de_low                    
0080bc04  Erst_qe_low                    
0080bc08  Erst_de_old                    
0080bc0c  Erst_qe_old                    
0080bc10  Kpll_d                         
0080bc14  Kpll_p                         
0080bc18  theta_grid_integ               
0080bc1c  Kpll_i                         
0080bc20  Erst_de_err                    
0080bc24  Erst_de_err_low                
0080bc28  Erst_de_err_old                
0080bc2c  Erst_de_err_low_old            
0080bc30  theta_grid_ff                  
0080bc34  TWc_Erst_de_err                
0080bc38  TWc_Erst_dqe                   
0080bc3c  theta_grid                     
0080bc40  freq_grid                      
0080bc44  w_grid_integ                   
0080bc48  w_grid_prop                    
0080bc4c  w_grid                         
0080bc50  sin_theta_grid                 
0080bc54  cos_theta_grid                 
0080bc58  cos_theta2                     
0080bc5c  sin_theta2                     
0080bc60  theta2                         
0080bc64  IM1ds                          
0080bc68  IM1qs                          
0080bc6c  theta_t                        
0080bc70  freq_t                         
0080bc74  sin_theta_t                    
0080bc78  cos_theta_t                    
0080bc7c  W_au                           
0080bc80  W_al                           
0080bc84  W_bu                           
0080bc88  W_bl                           
0080bc8c  W_cu                           
0080bc90  W_cl                           
0080bc94  W_suma                         
0080bc98  W_sumb                         
0080bc9c  W_sumc                         
0080bca0  W_diffa                        
0080bca4  W_diffb                        
0080bca8  W_diffc                        
0080bcac  W_suma_low                     
0080bcb0  W_sumb_low                     
0080bcb4  W_sumc_low                     
0080bcb8  W_diffa_low                    
0080bcbc  W_diffb_low                    
0080bcc0  W_diffc_low                    
0080bcc4  W_suma_low_old                 
0080bcc8  W_sumb_low_old                 
0080bccc  W_sumc_low_old                 
0080bcd0  W_diffa_low_old                
0080bcd4  W_diffb_low_old                
0080bcd8  W_diffc_low_old                
0080bcdc  W_suma_low_old_old             
0080bce0  W_sumb_low_old_old             
0080bce4  W_sumc_low_old_old             
0080bce8  W_diffa_low_old_old            
0080bcec  W_diffb_low_old_old            
0080bcf0  W_diffc_low_old_old            
0080bcf4  W_suma_old                     
0080bcf8  W_sumb_old                     
0080bcfc  W_sumc_old                     
0080bd00  W_diffa_old                    
0080bd04  W_diffb_old                    
0080bd08  W_diffc_old                    
0080bd0c  TWc_Etotal                     
0080bd10  TWc_Ediff                      
0080bd14  Q_60                           
0080bd18  Q_120                          
0080bd1c  W_suma_old_old                 
0080bd20  W_sumb_old_old                 
0080bd24  W_sumc_old_old                 
0080bd28  W_diffa_old_old                
0080bd2c  W_diffb_old_old                
0080bd30  W_diffc_old_old                
0080bd34  P_C_leg_ff                     
0080bd38  W_leg                          
0080bd3c  W_diff_com                     
0080bd40  P_C_Leg_ff_low                 
0080bd44  P_C_Leg_ff_low_old             
0080bd48  P_C_Leg_ff_low_old_old         
0080bd4c  P_C_leg_ff_old                 
0080bd50  P_C_leg_ff_old_old             
0080bd54  P_Leg_com                      
0080bd58  IM1de                          
0080bd5c  IM1qe                          
0080bd60  IM1de_low                      
0080bd64  IM1qe_low                      
0080bd68  IM1de_old                      
0080bd6c  IM1qe_old                      
0080bd70  TWc_IM1_dqe                    
0080bd74  IM1de_err                      
0080bd78  IM1qe_err                      
0080bd7c  VM1ds_sat                      
0080bd80  VM1qs_sat                      
0080bd84  VM1de_sat                      
0080bd88  VM1qe_sat                      
0080bd8c  IM1_max                        
0080bd90  VM1de_ref                      
0080bd94  VM1qe_ref                      
0080bd98  VM1de_ref_anti                 
0080bd9c  VM1qe_ref_anti                 
0080bda0  VM1de_ref_prop                 
0080bda4  VM1qe_ref_prop                 
0080bda8  VM1de_ref_integ                
0080bdac  VM1qe_ref_integ                
0080bdb0  VM1de_ref_fb                   
0080bdb4  VM1qe_ref_fb                   
0080bdb8  VM1de_ref_ff                   
0080bdbc  VM1qe_ref_ff                   
0080bdc0  KM1_ac                         
0080bdc4  KM1_ic                         
0080bdc8  KM1_pc                         
0080bdcc  VM1ds_ref                      
0080bdd0  VM1qs_ref                      
0080bdd4  VM1as_ref                      
0080bdd8  VM1bs_ref                      
0080bddc  VM1cs_ref                      
0080bde0  VM1as_sat                      
0080bde4  VM1bs_sat                      
0080bde8  VM1cs_sat                      
0080bdec  P_ref                          
0080bdf0  P_ref_max                      
0080bdf4  Q_ref                          
0080bdf8  Ref_time                       
0080bdfc  I_ref_MAX                      
0080be00  IM1qe_ref_cc                   
0080be04  IM1de_ref_cc                   
0080be08  VM1ds                          
0080be0c  VM1qs                          
0080be10  VM1de                          
0080be14  VM1qe                          
0080be18  count                          
0080be1c  Icirds                         
0080be20  Icirqs                         
0080be24  Icirde_err                     
0080be28  Icirde_ref                     
0080be2c  Icirde                         
0080be30  Vcirde_ref_integ               
0080be34  Vcirde_ref_prop                
0080be38  Vcirde_ref_fb                  
0080be3c  Vcirde_ref_ff                  
0080be40  Icirqe_err                     
0080be44  Icirqe_ref                     
0080be48  Icirqe                         
0080be4c  Vcirde_ref                     
0080be50  Vcirds_ref                     
0080be54  Vcirqe_ref_integ               
0080be58  Vcirqe_ref_prop                
0080be5c  Vcirqe_ref_fb                  
0080be60  Vcirqe_ref_ff                  
0080be64  Vcirqe_ref                     
0080be68  Vcirqs_ref                     
0080be6c  Vciras_ref                     
0080be70  Vcirbs_ref                     
0080be74  Vcircs_ref                     
0080be78  Kcir_ic                        
0080be7c  Kcir_pc                        
0080be80  Flag_CCSC                      
0080be84  Vxo_ref                        
0080be88  Vxo_com                        
0080be8c  W_total_ref_init               
0080be90  iDC_err                        
0080be94  Vdc_ref_integ                  
0080be98  Vdc_ref_prop                   
0080be9c  Ki_dc                          
0080bea0  Kp_dc                          
0080bea4  Count_Idc_Transient            
0080bea8  Idc_Transient_Time             
0080beac  W_total_err                    
0080beb0  W_total                        
0080beb4  Wtotal_ref_integ               
0080beb8  Wtotal_ref_prop                
0080bebc  PDC_ref                        
0080bec0  iDC_ref                        
0080bec4  p_total                        
0080bec8  W_total_rated_1                
0080becc  Ki_total                       
0080bed0  Kp_total                       
0080bed4  Ki_dc_total                    
0080bed8  Kp_dc_total                    
0080bedc  Wtotal_ref_fb                  
0080bee0  Wtotal_ref_ff                  
0080bee4  Vtotala_ref_integ              
0080bee8  Vtotala_ref_prop               
0080beec  Vtotala_ref                    
0080bef0  W_tran                         
0080bef4  W_total_ref                    
0080bef8  W_total_ref_cc                 
0080befc  W_total_rated                  
0080bf00  Ki_idc                         
0080bf04  Kp_idc                         
0080bf08  Vdc_ref_idc                    
0080bf0c  Vdc_ref                        
0080bf10  Vdc_rated                      
0080bf14  Vdc_ref_vc                     
0080bf18  pf_ref                         
0080bf1c  Vdc_ref_init                   
0080bf20  Vdc_ref_1                      
0080bf24  Vdc_tran                       
0080bf28  Vdc_err                        
0080bf2c  IM1qe_ref_anti                 
0080bf30  IM1qe_ref_prop                 
0080bf34  IM1qe_ref_integ                
0080bf38  IM1qe_ref_fb                   
0080bf3c  IM1qe_ref_ff                   
0080bf40  IM1qe_ref_tmp                  
0080bf44  IM1de_ref                      
0080bf48  IM1qe_ref                      
0080bf4c  IM1qe_ref1                     
0080bf50  Vdc_rated_ref                  
0080bf54  Krst_av                        
0080bf58  Krst_pv                        
0080bf5c  Krst_iv                        
0080bf60  Kp_leg                         
0080bf64  Ki_leg                         
0080bf68  W_lega_err                     
0080bf6c  Plega_ref_integ                
0080bf70  Plega_ref_prop                 
0080bf74  i_ao_cirDC_ref                 
0080bf78  W_legb_err                     
0080bf7c  Plegb_ref_integ                
0080bf80  Plegb_ref_prop                 
0080bf84  i_bo_cirDC_ref                 
0080bf88  W_legc_err                     
0080bf8c  Plegc_ref_integ                
0080bf90  Plegc_ref_prop                 
0080bf94  i_co_cirDC_ref                 
0080bf98  Ki_com                         
0080bf9c  Kp_com                         
0080bfa0  W_diff_com_err                 
0080bfa4  Pdiff_com_ref_prop             
0080bfa8  i_cirAC_ref_pos                
0080bfac  ia_cirAC_ref_pos               
0080bfb0  ib_cirAC_ref_pos               
0080bfb4  ic_cirAC_ref_pos               
0080bfb8  Pdiff_com_ref_integ            
0080bfbc  Ki_diff                        
0080bfc0  Kp_diff                        
0080bfc4  ia_cirAC_ref_neg               
0080bfc8  ib_cirAC_ref_neg               
0080bfcc  ic_cirAC_ref_neg               
0080bfd0  W_diff_diffb_err               
0080bfd4  W_diff_diffa_err               
0080bfd8  Pdiff_diffa_ref_integ          
0080bfdc  Pdiff_diffa_ref_prop           
0080bfe0  Pdiff_diffa_ref                
0080bfe4  Pdiff_diffb_ref_integ          
0080bfe8  Pdiff_diffb_ref_prop           
0080bfec  Pdiff_diffb_ref                
0080bff0  W_diff_diffc_err               
0080bff4  Pdiff_diffc_ref_integ          
0080bff8  Pdiff_diffc_ref_prop           
0080bffc  Pdiff_diffc_ref                
0080c000  Pdiff_diff_qs_ref              
0080c004  pdiff_multi_d                  
0080c008  P_diff_qs_old                  
0080c00c  Vms                            
0080c010  P_diff_qs                      
0080c014  Pdiff_diff_ds_ref              
0080c018  ia_cir_ref                     
0080c01c  ib_cir_ref                     
0080c020  ic_cir_ref                     
0080c024  ib_cir_errr                    
0080c028  ia_cir_err_n1                  
0080c02c  ib_cir_err_n1                  
0080c030  ic_cir_err_n1                  
0080c034  ia_cir_err                     
0080c038  ib_cir_err                     
0080c03c  ic_cir_err                     
0080c040  Va0_ref_integ                  
0080c044  Ki_Pi                          
0080c048  Va0_ref_prop                   
0080c04c  Va0_ref_delay                  
0080c050  inter                          
0080c054  Kp_Pir                         
0080c058  Va0_ref_res                    
0080c05c  Va0_ref                        
0080c060  Vb0_ref_integ                  
0080c064  Vb0_ref_prop                   
0080c068  Vb0_ref_delay                  
0080c06c  Vb0_ref_res                    
0080c070  Vb0_ref                        
0080c074  Vc0_ref_integ                  
0080c078  Vc0_ref_prop                   
0080c07c  Vc0_ref_delay                  
0080c080  Kres_Pir                       
0080c084  Vc0_ref_res                    
0080c088  Vc0_ref                        
0080c08c  Ki_Pir                         
0080c090  Va0_ref_res_n1                 
0080c094  Vb0_ref_res_n1                 
0080c098  Vc0_ref_res_n1                 
0080c09c  Va0_ref_res_n2                 
0080c0a0  Vb0_ref_res_n2                 
0080c0a4  Vc0_ref_res_n2                 
0080c0a8  Wc                             
0080c0ac  VM1de_ref_vf                   
0080c0b0  VM1qe_ref_vf                   
0080c0b4  We_M1                          
0080c0b8  I_com                          
0080c0bc  V_grid                         
0080c0c0  PRE_MC_TIMER_CNT               
0080c0c4  Erst_qe_test                   
0080c0c8  Erst_de_test                   
0080c0cc  qErst_ds                       
0080c0d0  qErst_qs                       
0080c0d4  Erst_ds_prime                  
0080c0d8  Erst_qs_prime                  
0080c0dc  qErst_ds_prime                 
0080c0e0  qErst_qs_prime                 
0080c0e4  Erst_ds_q                      
0080c0e8  Erst_qs_q                      
0080c0ec  K_dsogi                        
0080c0f0  W0                             
0080c0f4  Erst_ds_err                    
0080c0f8  Erst_qs_err                    
0080c0fc  Erst_ds_integ_err              
0080c100  Erst_qs_integ_err              
0080c104  Erst_ds_p                      
0080c108  Erst_qs_p                      
0080c10c  Vdc_initial_status             
0080c110  Vdc_initial_threshold          
0080c114  Pre_MC_count                   
0080c118  MAIN_MC_OP_Rec_count           
0080c11c  MAIN_MC_OP_Rec_TIMER_CNT       
0080c120  CCSC_cnt                       
0080c124  Inv_off_cnt                    
0080c128  AIN0_CH1                       
0080c12c  AIN0_CH2                       
0080c130  AIN0_CH3                       
0080c134  AIN0_CH4                       
0080c138  AIN1_CH1                       
0080c13c  AIN1_CH2                       
0080c140  AIN1_CH3                       
0080c144  AIN1_CH4                       
0080c148  AIN2_CH1                       
0080c14c  AIN2_CH2                       
0080c150  AIN2_CH3                       
0080c154  AIN2_CH4                       
0080c158  AIN3_CH1                       
0080c15c  AIN3_CH2                       
0080c160  AIN3_CH3                       
0080c164  AIN3_CH4                       
0080c168  V_AB_offset                    
0080c16c  V_BC_offset                    
0080c170  V_CA_offset                    
0080c174  V_DC_offset                    
0080c178  I_DC_offset                    
0080c17c  I_AS_offset                    
0080c180  I_BS_offset                    
0080c184  I_CS_offset                    
0080c188  I_AU_offset                    
0080c18c  I_BU_offset                    
0080c190  I_CU_offset                    
0080c194  I_AL_offset                    
0080c198  I_BL_offset                    
0080c19c  I_CL_offset                    
0080c1a0  offset_sum_V_AB                
0080c1a4  offset_sum_V_BC                
0080c1a8  offset_sum_V_CA                
0080c1ac  offset_sum_V_DC                
0080c1b0  offset_sum_I_DC                
0080c1b4  offset_sum_I_AS                
0080c1b8  offset_sum_I_BS                
0080c1bc  offset_sum_I_CS                
0080c1c0  offset_sum_I_AU                
0080c1c4  offset_sum_I_BU                
0080c1c8  offset_sum_I_CU                
0080c1cc  offset_sum_I_AL                
0080c1d0  offset_sum_I_BL                
0080c1d4  offset_sum_I_CL                
0080c1dc  V_AB                           
0080c1e0  V_BC                           
0080c1e4  V_CA                           
0080c1e8  V_AS_pri                       
0080c1ec  V_BS_pri                       
0080c1f0  V_CS_pri                       
0080c1f4  V_AS_sec                       
0080c1f8  V_BS_sec                       
0080c1fc  V_CS_sec                       
0080c200  V_AB_sec                       
0080c204  V_BC_sec                       
0080c208  V_CA_sec                       
0080c20c  V_DC                           
0080c210  I_AS                           
0080c214  I_BS                           
0080c218  I_CS                           
0080c21c  I_RS                           
0080c220  I_SS                           
0080c224  I_TS                           
0080c228  I_DC                           
0080c22c  I_AU                           
0080c230  I_BU                           
0080c234  I_CU                           
0080c238  I_AL                           
0080c23c  I_BL                           
0080c240  I_CL                           
0080c244  I_AO                           
0080c248  I_BO                           
0080c24c  I_CO                           
0080c250  I_T1                           
0080c254  I_T2                           
0080c258  V_grid_max                     
0080c25c  V_dc_max                       
0080c260  I_sensor_max                   
0080c264  Trans_ratio                    
0080c268  Vdc_low                        
0080c26c  Idc_sensor_low                 
0080c270  Vdc_old                        
0080c274  Twc_Vdc                        
0080c278  Tcl                            
0080c27c  I_DC_old                       
0080c280  VM1an_refu                     
0080c284  VM1an_refl                     
0080c288  VM1bn_refu                     
0080c28c  VM1bn_refl                     
0080c290  VM1cn_refu                     
0080c294  VM1cn_refl                     
0080c298  V_AU_arm                       
0080c29c  V_AL_arm                       
0080c2a0  V_BU_arm                       
0080c2a4  V_BL_arm                       
0080c2a8  V_CU_arm                       
0080c2ac  V_CL_arm                       
0080c2b0  NUM_SM                         
0080c2b2  NUM_group                      
0080c2b4  VM1an_refu_norm                
0080c2b8  VM1an_refl_norm                
0080c2bc  VM1bn_refu_norm                
0080c2c0  VM1bn_refl_norm                
0080c2c4  VM1cn_refu_norm                
0080c2c8  VM1cn_refl_norm                
0080c2cc  SMua_on                        
0080c2d0  SMla_on                        
0080c2d4  SMub_on                        
0080c2d8  SMlb_on                        
0080c2dc  SMuc_on                        
0080c2e0  SMlc_on                        
0080c2e4  DC_CHARGE_cnt                  
0080c2e8  DC_CHARGE_RAMP                 
0080c2ec  Vdc_char_ref                   
0080c2f0  I_ARM_oC                       
0080c2f4  I_LINE_OC                      
0080c2f8  V_DC_oV                        
0080c2fc  Fault_register1                
0080c2fe  Fault_register2                
0080c300  Fault_register3                
0080c302  Fault_register4                
0080c304  Fault_register5                
0080c306  Fault_register6                
0080c308  Fault_register7                
0080c30a  Fault_register8                
0080c30c  Fault_register9                
0080c30e  Flag_fault                     
0080c310  Flag_DO1                       
0080c312  Flag_DO2                       
0080c314  Flag_DO3                       
0080c316  Flag_DO4                       
0080c318  Flag_GPMC_BE1n                 
0080c31a  Flag_EcatReady                 
0080c31c  Flag_Ecat_DAQ_EN_CNT           
0080c320  STATUS_ECAT_READY_L1           
0080c322  STATUS_ECAT_READY_L2           
0080c324  STATUS_ECAT_READY_L3           
0080c326  Flag_BE0n_test                 
0080c328  INT_carrier_loop_cnt1          
0080c32a  Flag_Out_Loop                  
0080c32c  CNT_BEn0                       
0080c330  Start_CNT                      
0080c334  End_CNT                        
0080c338  Diff_CNT                       
0080c33c  Compen_CNT                     
0080c340  Flag_Mode_Info                 
0080c344  PRE_MC_TIME                    
0080c348  Timer_Set_Value                
0080c34c  PRE_MC_CNT_MAX                 
0080c350  Pre_MC_cnt                     
0080c354  Flag_Ecat_EN                   
0080c358  Flag_DAQ_EN                    
0080c35c  Flag_Ecat_TEST                 
0080c360  da_sel                         
0080c362  da1_tmp                        
0080c364  da2_tmp                        
0080c366  da3_tmp                        
0080c368  da4_tmp                        
0080c36a  LEDCount                       
0080c36c  LEDCase                        
0080c36e  Stop_cnt                       
0080c370  Vdc_test                       
0080c378  HmiCen                         
0080c418  MAILBOX_EX_RD                  
0080c448  MAILBOX_EX_WR                  
0080c478  CenLegBypass_A                 
0080c48c  CenLegBypass_B                 
0080c4a0  CenLegBypass_C                 
0080c4b4  da1                            
0080c4c4  da2                            
0080c4d4  da3                            
0080c4e4  da4                            
0080c4f4  CenLegComm                     
0080c502  CenLegOpData_Alower            
0080c504  CenHmi_Fault_Req               
0080c508  CenHmi_Status                  
0080c50c  DiffTime                       
0080c510  I_AL_T                         
0080c514  I_AS_T                         
0080c518  I_AU_T                         
0080c51c  I_BL_T                         
0080c520  I_BS_T                         
0080c524  I_BU_T                         
0080c528  I_CL_T                         
0080c52c  I_CS_T                         
0080c530  I_CU_T                         
0080c534  I_DC_T                         
0080c538  Mode_Info                      
0080c53c  Mode_Info_old                  
0080c540  NLC_REF_AL                     
0080c544  NLC_REF_AU                     
0080c548  NLC_REF_BL                     
0080c54c  NLC_REF_BU                     
0080c550  NLC_REF_CL                     
0080c554  NLC_REF_CU                     
0080c558  P                              
0080c55c  Q                              
0080c560  SmFaultA                       
0080c564  SmFaultB                       
0080c568  SmFaultC                       
0080c56c  SmSumAL                        
0080c570  SmSumAU                        
0080c574  SmSumBL                        
0080c578  SmSumBU                        
0080c57c  SmSumCL                        
0080c580  SmSumCU                        
0080c584  V_AS_sec_T                     
0080c588  V_BS_sec_T                     
0080c58c  V_CS_sec_T                     
0080c590  V_DC_T                         
0080c594  pf                             
0080c598  CenLegOpData_Aupper            
0080c59a  CenLegOpData_Blower            
0080c59c  CenLegOpData_Bupper            
0080c59e  CenLegOpData_Clower            
0080c5a0  CenLegOpData_Cupper            
0080c628  V_AL                           
0080c63c  __errno                        
0080c63c  errno                          
0080c640  V_AU                           
0080c658  V_BL                           
0080c670  V_BU                           
0080c688  V_CL                           
0080c6a0  V_CU                           
0080c6b4  __TI_cleanup_ptr               
0080c6b8  __TI_dtors_ptr                 
0080c6bc  __TI_enable_exit_profile_output
0080c730  Inv_V_AL                       
0080c734  Inv_V_AU                       
0080c738  Inv_V_BL                       
0080c73c  Inv_V_BU                       
0080c740  Inv_V_CL                       
0080c744  Inv_V_CU                       
0080c748  Inv_Vdc                        
0080c74c  P_A_Leg_ff_low                 
0080c750  P_A_Leg_ff_low_old             
0080c754  P_A_Leg_ff_low_old_old         
0080c758  P_A_leg_ff                     
0080c75c  P_A_leg_ff_old                 
0080c760  P_A_leg_ff_old_old             
0080c764  P_B_Leg_ff_low                 
0080c768  P_B_Leg_ff_low_old             
0080c76c  P_B_Leg_ff_low_old_old         
0080c770  P_B_leg_ff                     
0080c774  P_B_leg_ff_old                 
0080c778  P_B_leg_ff_old_old             
0080c77c  P_Leg_ave                      
0080c780  P_diff_ds                      
0080c784  P_diff_ds_old                  
0080c788  Vms_mag                        
0080c78c  pdiff_multi_a                  
0080c790  pdiff_multi_b                  
0080c794  pdiff_multi_c                  
0080c800  ISR_TABLE                      
0080ccb8  __TI_Handler_Table_Base        
0080ccc0  __TI_CINIT_Base                
0080ccc0  __TI_Handler_Table_Limit       
0080cd80  __TI_CINIT_Limit               
01800000  DSP_ICFGRegs                   
48051000  GPIO7Regs                      
48055000  GPIO2Regs                      
48057000  GPIO3Regs                      
48059000  GPIO4Regs                      
4805d000  GPIO6Regs                      
4809a000  McSPI2Regs                     
48820000  Timer5Regs                     
4883a000  MAILBOX2Regs                   
4883c000  MAILBOX3Regs                   
4883e000  MAILBOX4Regs                   
48840000  MAILBOX5Regs                   
48842000  MAILBOX6Regs                   
48844000  MAILBOX7Regs                   
4a005400  CM_CORE_AON__DSP1Regs          
4a005500  CM_CORE_AON__IPURegs           
4a008700  CM_CORE__CORERegs              
4a009700  CM_CORE__L4PERRegs             
50000000  GPMCRegs                       
ffffffff  __TI_pprof_out_hndl            
ffffffff  __TI_prof_data_size            
ffffffff  __TI_prof_data_start           
ffffffff  __binit__                      
ffffffff  __c_args__                     
ffffffff  binit                          
UNDEFED   __TI_TLS_INIT_Base             
UNDEFED   __TI_TLS_INIT_Limit            

[759 symbols]
