******************************************************************************
             TMS320C2000 Linker PC v18.12.1                    
******************************************************************************
>> Linked Mon Sep 28 23:43:39 2020

OUTPUT FILE NAME:   <Groupmodule_Controller_31Lv_DSP_CPU2.out>
ENTRY POINT SYMBOL: "_c_int00"  address: 000157ee


MEMORY CONFIGURATION

         name            origin    length      used     unused   attr    fill
----------------------  --------  ---------  --------  --------  ----  --------
PAGE 0:
  RAM_BEGIN             00000000   00000002  00000000  00000002  RWIX
  RAMM0                 00000080   00000380  00000004  0000037c  RWIX
  RAMLS0                00008000   00000800  0000032a  000004d6  RWIX
  RAMLS1                00008800   00000800  00000000  00000800  RWIX
  RAMLS2                00009000   00000800  00000000  00000800  RWIX
  RAMLS3                00009800   00000800  00000000  00000800  RWIX
  RAMD0                 0000b000   00000800  00000000  00000800  RWIX
  RAMGS8910             00014000   00003000  00001966  0000169a  RWIX
  FLASH_BEGIN           00080000   00000002  00000002  00000000  RWIX
  FLASHA                00080002   00001ffe  00000372  00001c8c  RWIX
  FLASHB                00082000   00002000  00000010  00001ff0  RWIX
  FLASHC                00084000   00002000  00000000  00002000  RWIX
  FLASHD                00086000   00002000  00000000  00002000  RWIX
  FLASHE                00088000   00008000  00001966  0000669a  RWIX
  FLASHF                00090000   00008000  00000000  00008000  RWIX
  FLASHG                00098000   00008000  00000000  00008000  RWIX
  FLASHH                000a0000   00008000  00000000  00008000  RWIX
  FLASHI                000a8000   00008000  00000000  00008000  RWIX
  FLASHJ                000b0000   00008000  00000000  00008000  RWIX
  FLASHK                000b8000   00002000  00000000  00002000  RWIX
  FLASHL                000ba000   00002000  00000000  00002000  RWIX
  FLASHM                000bc000   00002000  00000000  00002000  RWIX
  FLASHN                000be000   00002000  00000000  00002000  RWIX
  RESET                 003fffc0   00000002  00000000  00000002  RWIX

PAGE 1:
  BOOT_RSVD             00000002   00000120  00000000  00000120  RWIX
  RAMM1                 00000400   00000400  00000200  00000200  RWIX
  ADCA_RESULT           00000b00   00000020  00000018  00000008  RWIX
  ADCB_RESULT           00000b20   00000020  00000018  00000008  RWIX
  ADCC_RESULT           00000b40   00000020  00000018  00000008  RWIX
  ADCD_RESULT           00000b60   00000020  00000018  00000008  RWIX
  CPUx_TIMER0           00000c00   00000008  00000008  00000000  RWIX
  CPUx_TIMER1           00000c08   00000008  00000008  00000000  RWIX
  CPUx_TIMER2           00000c10   00000008  00000008  00000000  RWIX
  CPUx_PIE_CTRL         00000ce0   00000020  0000001a  00000006  RWIX
  CPUx_PIE_VECT         00000d00   00000200  000001c0  00000040  RWIX
  CPUx_DMA              00001000   00000200  000000e0  00000120  RWIX
  CPUx_CLA1             00001400   00000040  0000003e  00000002  RWIX
  EPWM1                 00004000   00000100  00000100  00000000  RWIX
  EPWM2                 00004100   00000100  00000100  00000000  RWIX
  EPWM3                 00004200   00000100  00000100  00000000  RWIX
  EPWM4                 00004300   00000100  00000100  00000000  RWIX
  EPWM5                 00004400   00000100  00000100  00000000  RWIX
  EPWM6                 00004500   00000100  00000100  00000000  RWIX
  EPWM7                 00004600   00000100  00000100  00000000  RWIX
  EPWM8                 00004700   00000100  00000100  00000000  RWIX
  EPWM9                 00004800   00000100  00000100  00000000  RWIX
  EPWM10                00004900   00000100  00000100  00000000  RWIX
  EPWM11                00004a00   00000100  00000100  00000000  RWIX
  EPWM12                00004b00   00000100  00000100  00000000  RWIX
  ECAP1                 00005000   00000020  00000020  00000000  RWIX
  ECAP2                 00005020   00000020  00000020  00000000  RWIX
  ECAP3                 00005040   00000020  00000020  00000000  RWIX
  ECAP4                 00005060   00000020  00000020  00000000  RWIX
  ECAP5                 00005080   00000020  00000020  00000000  RWIX
  ECAP6                 000050a0   00000020  00000020  00000000  RWIX
  EQEP1                 00005100   00000040  00000022  0000001e  RWIX
  EQEP2                 00005140   00000040  00000022  0000001e  RWIX
  EQEP3                 00005180   00000040  00000022  0000001e  RWIX
  DACA                  00005c00   00000010  00000008  00000008  RWIX
  DACB                  00005c10   00000010  00000008  00000008  RWIX
  DACC                  00005c20   00000010  00000008  00000008  RWIX
  CMPSS1                00005c80   00000020  00000020  00000000  RWIX
  CMPSS2                00005ca0   00000020  00000020  00000000  RWIX
  CMPSS3                00005cc0   00000020  00000020  00000000  RWIX
  CMPSS4                00005ce0   00000020  00000020  00000000  RWIX
  CMPSS5                00005d00   00000020  00000020  00000000  RWIX
  CMPSS6                00005d20   00000020  00000020  00000000  RWIX
  CMPSS7                00005d40   00000020  00000020  00000000  RWIX
  CMPSS8                00005d60   00000020  00000020  00000000  RWIX
  SDFM1                 00005e00   00000080  00000080  00000000  RWIX
  SDFM2                 00005e80   00000080  00000080  00000000  RWIX
  MCBSPA                00006000   00000040  00000024  0000001c  RWIX
  MCBSPB                00006040   00000040  00000024  0000001c  RWIX
  SPIA                  00006100   00000010  00000010  00000000  RWIX
  SPIB                  00006110   00000010  00000010  00000000  RWIX
  SPIC                  00006120   00000010  00000010  00000000  RWIX
  CPU1_UPP              00006200   00000100  00000000  00000100  RWIX
  CPUx_WD               00007000   00000040  0000002b  00000015  RWIX
  CPUx_NMIINTRUPT       00007060   00000010  00000007  00000009  RWIX
  CPUx_XINT             00007070   00000010  0000000b  00000005  RWIX
  SCIA                  00007200   00000010  00000010  00000000  RWIX
  SCIB                  00007210   00000010  00000010  00000000  RWIX
  SCIC                  00007220   00000010  00000010  00000000  RWIX
  SCID                  00007230   00000010  00000010  00000000  RWIX
  I2CA                  00007300   00000040  00000022  0000001e  RWIX
  I2CB                  00007340   00000040  00000022  0000001e  RWIX
  ADCA                  00007400   00000080  00000080  00000000  RWIX
  ADCB                  00007480   00000080  00000080  00000000  RWIX
  ADCC                  00007500   00000080  00000080  00000000  RWIX
  ADCD                  00007580   00000080  00000080  00000000  RWIX
  CPU1_INPUT_XBAR       00007900   00000020  00000000  00000020  RWIX
  CPU1_XBAR             00007920   00000020  00000000  00000020  RWIX
  CPU1_SYNC_SOC         00007940   00000010  00000000  00000010  RWIX
  CPUx_DMACLASRCSEL     00007980   00000040  0000001a  00000026  RWIX
  CPU1_EPWM_XBAR        00007a00   00000040  00000000  00000040  RWIX
  CPU1_OUTPUT_XBAR      00007a80   00000040  00000000  00000040  RWIX
  CPU1_GPIOCTRL         00007c00   00000180  00000000  00000180  RWIX
  CPUx_GPIODATA         00007f00   00000030  00000030  00000000  RWIX
  RAMLS4                0000a000   00000800  00000000  00000800  RWIX
  RAMLS5                0000a800   00000800  00000222  000005de  RWIX
  RAMD1                 0000b800   00000800  00000000  00000800  RWIX
  RAMGS11               00017000   00001000  00000000  00001000  RWIX
  RAMGS12               00018000   00001000  00000000  00001000  RWIX
  RAMGS13               00019000   00001000  00000000  00001000  RWIX
  RAMGS14               0001a000   00001000  00000000  00001000  RWIX
  RAMGS15               0001b000   00001000  00000000  00001000  RWIX
  IPC_CPU2TO1_TEMP      0003f800   00000018  00000018  00000000  RWIX
  IPC_CPU2TO1_EtherCAT  0003f818   000003e8  00000004  000003e4  RWIX
  IPC_CPU1TO2_TEMP      0003fc00   00000018  00000018  00000000  RWIX
  IPC_CPU1TO2_EtherCAT  0003fc18   000003e8  0000000b  000003dd  RWIX
  CPU1_USBA             00040000   00001000  00000000  00001000  RWIX
  EMIF1                 00047000   00000800  00000070  00000790  RWIX
  CPU1_EMIF2            00047800   00000800  00000000  00000800  RWIX
  CPUx_IPC              00050000   00000024  00000024  00000000  RWIX
  CPUx_FLASHPUMPSEMAPHO 00050024   00000002  00000002  00000000  RWIX
  CPU1_DEV_CFG          0005d000   00000180  00000000  00000180  RWIX
  CPU1_ANALOG_SUBSYS    0005d180   00000080  00000000  00000080  RWIX
  CLK_CFG               0005d200   00000100  00000032  000000ce  RWIX
  CPUx_CPU_SYS          0005d300   00000100  00000082  0000007e  RWIX
  CPU1_ROMPREFETCH      0005e608   00000002  00000000  00000002  RWIX
  CPUx_DCSM_Z1          0005f000   00000030  00000024  0000000c  RWIX
  CPUx_DCSM_Z2          0005f040   00000030  00000024  0000000c  RWIX
  CPUx_DCSM_COMMON      0005f070   00000010  00000008  00000008  RWIX
  CPUx_MEMCFG           0005f400   00000080  00000080  00000000  RWIX
  CPUx_EMIF1CONFIG      0005f480   00000020  00000020  00000000  RWIX
  CPU1_EMIF2CONFIG      0005f4a0   00000020  00000000  00000020  RWIX
  CPUx_ACCESSPROTECTION 0005f4c0   00000040  00000040  00000000  RWIX
  CPUx_MEMORYERROR      0005f500   00000040  00000040  00000000  RWIX
  CPU1_ROMWAITSTATE     0005f540   00000002  00000000  00000002  RWIX
  CPUx_FLASH0_CTRL      0005f800   00000300  00000182  0000017e  RWIX
  CPUx_FLASH0_ECC       0005fb00   00000040  00000028  00000018  RWIX
  CPUx_DCSM_Z1_OTP      00078000   00000020  00000020  00000000  RWIX
  CPUx_DCSM_Z2_OTP      00078200   00000020  00000020  00000000  RWIX


SECTION ALLOCATION MAP

 output                                  attributes/
section   page    origin      length       input sections
--------  ----  ----------  ----------   ----------------
.pinit     0    00000080    00000000     UNINITIALIZED

.switch    0    00000080    00000000     UNINITIALIZED

codestart 
*          0    00080000    00000002     
                  00080000    00000002     DSP28xxx_FLASH_CodeStartBranch.obj (codestart)

ramfuncs   0    00080002    00000004     RUN ADDR = 00000080
                  00080002    00000004     F2837xD_usDelay.obj (ramfuncs)

.cinit     0    00080006    0000032a     RUN ADDR = 00008000
                  00080006    00000057     Sensor.obj (.cinit)
                  0008005d    00000054     ADC.obj (.cinit)
                  000800b1    00000041     Interrupt.obj (.cinit)
                  000800f2    0000003b     OPERATION_MODE.obj (.cinit)
                  0008012d    00000028     DAC.obj (.cinit)
                  00080155    0000001e     LPF_Parameter.obj (.cinit)
                  00080173    0000001b     Sensor.obj (.cinit:_Rt)
                  0008018e    0000001b     Sensor.obj (.cinit:_Rt_R25C)
                  000801a9    0000001b     Sensor.obj (.cinit:_Rt_denum)
                  000801c4    0000001b     Sensor.obj (.cinit:_Rt_num)
                  000801df    0000001b     Sensor.obj (.cinit:_Vol_Temp)
                  000801fa    00000019     DAQ_RS422.obj (.cinit)
                  00080213    00000018     PWM.obj (.cinit)
                  0008022b    00000010     LED.obj (.cinit)
                  0008023b    0000000f     Fault.obj (.cinit)
                  0008024a    0000000f     Vol_Balance.obj (.cinit:_SM_VOLTAGE_NEW)
                  00080259    0000000f     Sensor.obj (.cinit:_SM_Vol_offset)
                  00080268    0000000f     Sensor.obj (.cinit:_V_SM)
                  00080277    0000000f     OPERATION_MODE.obj (.cinit:_V_SMt)
                  00080286    0000000f     Sensor.obj (.cinit:_offset_sum_SM_Vol)
                  00080295    0000000f     OPERATION_MODE.obj (.cinit:_sine_offset_t)
                  000802a4    0000000f     OPERATION_MODE.obj (.cinit:_sine_t)
                  000802b3    0000000e     rts2800_fpu32.lib : exit.c.obj (.cinit)
                  000802c1    0000000c     Bypass.obj (.cinit)
                  000802cd    00000009     Vol_Balance.obj (.cinit)
                  000802d6    00000009     PWM.obj (.cinit:_Flag_Buffer_SW)
                  000802df    00000009     FAN.obj (.cinit:_Flag_FAN)
                  000802e8    00000009     Bypass.obj (.cinit:_Flag_IGBT)
                  000802f1    00000009     Bypass.obj (.cinit:_Flag_Relay)
                  000802fa    00000009     PWM.obj (.cinit:_REFERENCE)
                  00080303    00000009     PWM.obj (.cinit:_REFERENCE_t)
                  0008030c    00000009     Vol_Balance.obj (.cinit:_SM_INDEX_NEW)
                  00080315    00000007     PWM.obj (.cinit:_Flag_Buffer_HW)
                  0008031c    00000005     rts2800_fpu32.lib : _lock.c.obj (.cinit:__lock)
                  00080321    00000005                       : _lock.c.obj (.cinit:__unlock)
                  00080326    00000004     FAN.obj (.cinit)
                  0008032a    00000004     rts2800_fpu32.lib : errno.c.obj (.cinit)
                  0008032e    00000002     --HOLE-- [fill = 0]

copysections 
*          0    00080330    0000003c     
                  00080330    0000003c     DSP28xxx_SectionCopy_nonBIOS.obj (copysections)

wddisable 
*          0    0008036c    00000008     
                  0008036c    00000008     DSP28xxx_FLASH_CodeStartBranch.obj (wddisable)

.econst    0    00082000    00000010     RUN ADDR = 0000aa12
                  00082000    00000010     rts2800_fpu32.lib : e_logf.c.obj (.econst)

.text      0    00088000    00001966     RUN ADDR = 00014000
                  00088000    000003a0     OPERATION_MODE.obj (.text)
                  000883a0    000002c8     Sensor.obj (.text)
                  00088668    000002a1     DAC.obj (.text)
                  00088909    0000025d     SysCtrl.obj (.text)
                  00088b66    000001ac     PWM.obj (.text)
                  00088d12    00000160     DAQ_RS422.obj (.text)
                  00088e72    0000013f     Fault.obj (.text)
                  00088fb1    00000136     ADC.obj (.text:retain)
                  000890e7    0000012b     rts2800_fpu32.lib : e_logf.c.obj (.text)
                  00089212    000000c3     Bypass.obj (.text)
                  000892d5    000000c1     IPC.obj (.text)
                  00089396    0000009f     Vol_Balance.obj (.text)
                  00089435    00000099     EMIF.obj (.text)
                  000894ce    00000088     rts2800_fpu32.lib : fs_div28.asm.obj (.text)
                  00089556    00000085     ADC.obj (.text)
                  000895db    00000081     FAN.obj (.text)
                  0008965c    00000073     ePWM.obj (.text)
                  000896cf    0000006f     Interrupt.obj (.text:retain)
                  0008973e    00000059     rts2800_fpu32.lib : s_sinf.c.obj (.text)
                  00089797    00000057     LPF_Parameter.obj (.text)
                  000897ee    00000056     rts2800_fpu32.lib : boot28.asm.obj (.text)
                  00089844    00000045     LED.obj (.text)
                  00089889    0000002a     main.obj (.text)
                  000898b3    00000029     rts2800_fpu32.lib : exit.c.obj (.text)
                  000898dc    00000024                       : cpy_tbl.c.obj (.text)
                  00089900    0000001d                       : memcpy.c.obj (.text)
                  0008991d    00000019                       : args_main.c.obj (.text)
                  00089936    0000000e     WatchDog.obj (.text)
                  00089944    0000000c     Xint.obj (.text)
                  00089950    0000000a     SysCtrl.obj (.text:retain)
                  0008995a    00000009     rts2800_fpu32.lib : _lock.c.obj (.text)
                  00089963    00000002                       : pre_init.c.obj (.text)
                  00089965    00000001                       : startup.c.obj (.text)

AdcaResultFile 
*          1    00000b00    00000018     UNINITIALIZED
                  00000b00    00000018     F2837xD_GlobalVariableDefs.obj (AdcaResultFile)

AdcbResultFile 
*          1    00000b20    00000018     UNINITIALIZED
                  00000b20    00000018     F2837xD_GlobalVariableDefs.obj (AdcbResultFile)

AdccResultFile 
*          1    00000b40    00000018     UNINITIALIZED
                  00000b40    00000018     F2837xD_GlobalVariableDefs.obj (AdccResultFile)

AdcdResultFile 
*          1    00000b60    00000018     UNINITIALIZED
                  00000b60    00000018     F2837xD_GlobalVariableDefs.obj (AdcdResultFile)

CpuTimer0RegsFile 
*          1    00000c00    00000008     UNINITIALIZED
                  00000c00    00000008     F2837xD_GlobalVariableDefs.obj (CpuTimer0RegsFile)

CpuTimer1RegsFile 
*          1    00000c08    00000008     UNINITIALIZED
                  00000c08    00000008     F2837xD_GlobalVariableDefs.obj (CpuTimer1RegsFile)

CpuTimer2RegsFile 
*          1    00000c10    00000008     UNINITIALIZED
                  00000c10    00000008     F2837xD_GlobalVariableDefs.obj (CpuTimer2RegsFile)

PieCtrlRegsFile 
*          1    00000ce0    0000001a     UNINITIALIZED
                  00000ce0    0000001a     F2837xD_GlobalVariableDefs.obj (PieCtrlRegsFile)

Cla1SoftIntRegsFile 
*          1    00000ce0    00000004     DSECT
                  00000ce0    00000004     F2837xD_GlobalVariableDefs.obj (Cla1SoftIntRegsFile)

PieVectTableFile 
*          1    00000d00    000001c0     UNINITIALIZED
                  00000d00    000001c0     F2837xD_GlobalVariableDefs.obj (PieVectTableFile)

EmuKeyVar 
*          1    00000d00    00000001     UNINITIALIZED
                  00000d00    00000001     F2837xD_GlobalVariableDefs.obj (EmuKeyVar)

EmuBModeVar 
*          1    00000d01    00000001     UNINITIALIZED
                  00000d01    00000001     F2837xD_GlobalVariableDefs.obj (EmuBModeVar)

FlashCallbackVar 
*          1    00000d02    00000000     UNINITIALIZED

FlashScalingVar 
*          1    00000d02    00000000     UNINITIALIZED

DmaRegsFile 
*          1    00001000    000000e0     UNINITIALIZED
                  00001000    000000e0     F2837xD_GlobalVariableDefs.obj (DmaRegsFile)

Cla1RegsFile 
*          1    00001400    0000003e     UNINITIALIZED
                  00001400    0000003e     F2837xD_GlobalVariableDefs.obj (Cla1RegsFile)

EPwm1RegsFile 
*          1    00004000    00000100     UNINITIALIZED
                  00004000    00000100     F2837xD_GlobalVariableDefs.obj (EPwm1RegsFile)

EPwm2RegsFile 
*          1    00004100    00000100     UNINITIALIZED
                  00004100    00000100     F2837xD_GlobalVariableDefs.obj (EPwm2RegsFile)

EPwm3RegsFile 
*          1    00004200    00000100     UNINITIALIZED
                  00004200    00000100     F2837xD_GlobalVariableDefs.obj (EPwm3RegsFile)

EPwm4RegsFile 
*          1    00004300    00000100     UNINITIALIZED
                  00004300    00000100     F2837xD_GlobalVariableDefs.obj (EPwm4RegsFile)

EPwm5RegsFile 
*          1    00004400    00000100     UNINITIALIZED
                  00004400    00000100     F2837xD_GlobalVariableDefs.obj (EPwm5RegsFile)

EPwm6RegsFile 
*          1    00004500    00000100     UNINITIALIZED
                  00004500    00000100     F2837xD_GlobalVariableDefs.obj (EPwm6RegsFile)

EPwm7RegsFile 
*          1    00004600    00000100     UNINITIALIZED
                  00004600    00000100     F2837xD_GlobalVariableDefs.obj (EPwm7RegsFile)

EPwm8RegsFile 
*          1    00004700    00000100     UNINITIALIZED
                  00004700    00000100     F2837xD_GlobalVariableDefs.obj (EPwm8RegsFile)

EPwm9RegsFile 
*          1    00004800    00000100     UNINITIALIZED
                  00004800    00000100     F2837xD_GlobalVariableDefs.obj (EPwm9RegsFile)

EPwm10RegsFile 
*          1    00004900    00000100     UNINITIALIZED
                  00004900    00000100     F2837xD_GlobalVariableDefs.obj (EPwm10RegsFile)

EPwm11RegsFile 
*          1    00004a00    00000100     UNINITIALIZED
                  00004a00    00000100     F2837xD_GlobalVariableDefs.obj (EPwm11RegsFile)

EPwm12RegsFile 
*          1    00004b00    00000100     UNINITIALIZED
                  00004b00    00000100     F2837xD_GlobalVariableDefs.obj (EPwm12RegsFile)

ECap1RegsFile 
*          1    00005000    00000020     UNINITIALIZED
                  00005000    00000020     F2837xD_GlobalVariableDefs.obj (ECap1RegsFile)

ECap2RegsFile 
*          1    00005020    00000020     UNINITIALIZED
                  00005020    00000020     F2837xD_GlobalVariableDefs.obj (ECap2RegsFile)

ECap3RegsFile 
*          1    00005040    00000020     UNINITIALIZED
                  00005040    00000020     F2837xD_GlobalVariableDefs.obj (ECap3RegsFile)

ECap4RegsFile 
*          1    00005060    00000020     UNINITIALIZED
                  00005060    00000020     F2837xD_GlobalVariableDefs.obj (ECap4RegsFile)

ECap5RegsFile 
*          1    00005080    00000020     UNINITIALIZED
                  00005080    00000020     F2837xD_GlobalVariableDefs.obj (ECap5RegsFile)

ECap6RegsFile 
*          1    000050a0    00000020     UNINITIALIZED
                  000050a0    00000020     F2837xD_GlobalVariableDefs.obj (ECap6RegsFile)

EQep1RegsFile 
*          1    00005100    00000022     UNINITIALIZED
                  00005100    00000022     F2837xD_GlobalVariableDefs.obj (EQep1RegsFile)

EQep2RegsFile 
*          1    00005140    00000022     UNINITIALIZED
                  00005140    00000022     F2837xD_GlobalVariableDefs.obj (EQep2RegsFile)

EQep3RegsFile 
*          1    00005180    00000022     UNINITIALIZED
                  00005180    00000022     F2837xD_GlobalVariableDefs.obj (EQep3RegsFile)

DacaRegsFile 
*          1    00005c00    00000008     UNINITIALIZED
                  00005c00    00000008     F2837xD_GlobalVariableDefs.obj (DacaRegsFile)

DacbRegsFile 
*          1    00005c10    00000008     UNINITIALIZED
                  00005c10    00000008     F2837xD_GlobalVariableDefs.obj (DacbRegsFile)

DaccRegsFile 
*          1    00005c20    00000008     UNINITIALIZED
                  00005c20    00000008     F2837xD_GlobalVariableDefs.obj (DaccRegsFile)

Cmpss1RegsFile 
*          1    00005c80    00000020     UNINITIALIZED
                  00005c80    00000020     F2837xD_GlobalVariableDefs.obj (Cmpss1RegsFile)

Cmpss2RegsFile 
*          1    00005ca0    00000020     UNINITIALIZED
                  00005ca0    00000020     F2837xD_GlobalVariableDefs.obj (Cmpss2RegsFile)

Cmpss3RegsFile 
*          1    00005cc0    00000020     UNINITIALIZED
                  00005cc0    00000020     F2837xD_GlobalVariableDefs.obj (Cmpss3RegsFile)

Cmpss4RegsFile 
*          1    00005ce0    00000020     UNINITIALIZED
                  00005ce0    00000020     F2837xD_GlobalVariableDefs.obj (Cmpss4RegsFile)

Cmpss5RegsFile 
*          1    00005d00    00000020     UNINITIALIZED
                  00005d00    00000020     F2837xD_GlobalVariableDefs.obj (Cmpss5RegsFile)

Cmpss6RegsFile 
*          1    00005d20    00000020     UNINITIALIZED
                  00005d20    00000020     F2837xD_GlobalVariableDefs.obj (Cmpss6RegsFile)

Cmpss7RegsFile 
*          1    00005d40    00000020     UNINITIALIZED
                  00005d40    00000020     F2837xD_GlobalVariableDefs.obj (Cmpss7RegsFile)

Cmpss8RegsFile 
*          1    00005d60    00000020     UNINITIALIZED
                  00005d60    00000020     F2837xD_GlobalVariableDefs.obj (Cmpss8RegsFile)

Sdfm1RegsFile 
*          1    00005e00    00000080     UNINITIALIZED
                  00005e00    00000080     F2837xD_GlobalVariableDefs.obj (Sdfm1RegsFile)

Sdfm2RegsFile 
*          1    00005e80    00000080     UNINITIALIZED
                  00005e80    00000080     F2837xD_GlobalVariableDefs.obj (Sdfm2RegsFile)

McbspaRegsFile 
*          1    00006000    00000024     UNINITIALIZED
                  00006000    00000024     F2837xD_GlobalVariableDefs.obj (McbspaRegsFile)

McbspbRegsFile 
*          1    00006040    00000024     UNINITIALIZED
                  00006040    00000024     F2837xD_GlobalVariableDefs.obj (McbspbRegsFile)

SpiaRegsFile 
*          1    00006100    00000010     UNINITIALIZED
                  00006100    00000010     F2837xD_GlobalVariableDefs.obj (SpiaRegsFile)

SpibRegsFile 
*          1    00006110    00000010     UNINITIALIZED
                  00006110    00000010     F2837xD_GlobalVariableDefs.obj (SpibRegsFile)

SpicRegsFile 
*          1    00006120    00000010     UNINITIALIZED
                  00006120    00000010     F2837xD_GlobalVariableDefs.obj (SpicRegsFile)

WdRegsFile 
*          1    00007000    0000002b     UNINITIALIZED
                  00007000    0000002b     F2837xD_GlobalVariableDefs.obj (WdRegsFile)

NmiIntruptRegsFile 
*          1    00007060    00000007     UNINITIALIZED
                  00007060    00000007     F2837xD_GlobalVariableDefs.obj (NmiIntruptRegsFile)

XintRegsFile 
*          1    00007070    0000000b     UNINITIALIZED
                  00007070    0000000b     F2837xD_GlobalVariableDefs.obj (XintRegsFile)

SciaRegsFile 
*          1    00007200    00000010     UNINITIALIZED
                  00007200    00000010     F2837xD_GlobalVariableDefs.obj (SciaRegsFile)

ScibRegsFile 
*          1    00007210    00000010     UNINITIALIZED
                  00007210    00000010     F2837xD_GlobalVariableDefs.obj (ScibRegsFile)

ScicRegsFile 
*          1    00007220    00000010     UNINITIALIZED
                  00007220    00000010     F2837xD_GlobalVariableDefs.obj (ScicRegsFile)

ScidRegsFile 
*          1    00007230    00000010     UNINITIALIZED
                  00007230    00000010     F2837xD_GlobalVariableDefs.obj (ScidRegsFile)

I2caRegsFile 
*          1    00007300    00000022     UNINITIALIZED
                  00007300    00000022     F2837xD_GlobalVariableDefs.obj (I2caRegsFile)

I2cbRegsFile 
*          1    00007340    00000022     UNINITIALIZED
                  00007340    00000022     F2837xD_GlobalVariableDefs.obj (I2cbRegsFile)

AdcaRegsFile 
*          1    00007400    00000080     UNINITIALIZED
                  00007400    00000080     F2837xD_GlobalVariableDefs.obj (AdcaRegsFile)

AdcbRegsFile 
*          1    00007480    00000080     UNINITIALIZED
                  00007480    00000080     F2837xD_GlobalVariableDefs.obj (AdcbRegsFile)

AdccRegsFile 
*          1    00007500    00000080     UNINITIALIZED
                  00007500    00000080     F2837xD_GlobalVariableDefs.obj (AdccRegsFile)

AdcdRegsFile 
*          1    00007580    00000080     UNINITIALIZED
                  00007580    00000080     F2837xD_GlobalVariableDefs.obj (AdcdRegsFile)

DmaClaSrcSelRegsFile 
*          1    00007980    0000001a     UNINITIALIZED
                  00007980    0000001a     F2837xD_GlobalVariableDefs.obj (DmaClaSrcSelRegsFile)

GpioDataRegsFile 
*          1    00007f00    00000030     UNINITIALIZED
                  00007f00    00000030     F2837xD_GlobalVariableDefs.obj (GpioDataRegsFile)

IpcTempVolFile 
*          1    0003f800    00000018     UNINITIALIZED
                  0003f800    00000018     F2837xD_GlobalVariableDefs.obj (IpcTempVolFile)

IpcEcatSlaveFile 
*          1    0003f818    00000004     UNINITIALIZED
                  0003f818    00000004     F2837xD_GlobalVariableDefs.obj (IpcEcatSlaveFile)

IpcTempCalFile 
*          1    0003fc00    00000018     UNINITIALIZED
                  0003fc00    00000018     F2837xD_GlobalVariableDefs.obj (IpcTempCalFile)

IpcEcatMasterFile 
*          1    0003fc18    0000000b     UNINITIALIZED
                  0003fc18    0000000b     F2837xD_GlobalVariableDefs.obj (IpcEcatMasterFile)

Emif1RegsFile 
*          1    00047000    00000070     UNINITIALIZED
                  00047000    00000070     F2837xD_GlobalVariableDefs.obj (Emif1RegsFile)

IpcRegsFile 
*          1    00050000    00000024     UNINITIALIZED
                  00050000    00000024     F2837xD_GlobalVariableDefs.obj (IpcRegsFile)

FlashPumpSemaphoreRegsFile 
*          1    00050024    00000002     UNINITIALIZED
                  00050024    00000002     F2837xD_GlobalVariableDefs.obj (FlashPumpSemaphoreRegsFile)

ClkCfgRegsFile 
*          1    0005d200    00000032     UNINITIALIZED
                  0005d200    00000032     F2837xD_GlobalVariableDefs.obj (ClkCfgRegsFile)

CpuSysRegsFile 
*          1    0005d300    00000082     UNINITIALIZED
                  0005d300    00000082     F2837xD_GlobalVariableDefs.obj (CpuSysRegsFile)

DcsmZ1RegsFile 
*          1    0005f000    00000024     UNINITIALIZED
                  0005f000    00000024     F2837xD_GlobalVariableDefs.obj (DcsmZ1RegsFile)

DcsmZ2RegsFile 
*          1    0005f040    00000024     UNINITIALIZED
                  0005f040    00000024     F2837xD_GlobalVariableDefs.obj (DcsmZ2RegsFile)

DcsmCommonRegsFile 
*          1    0005f070    00000008     UNINITIALIZED
                  0005f070    00000008     F2837xD_GlobalVariableDefs.obj (DcsmCommonRegsFile)

MemCfgRegsFile 
*          1    0005f400    00000080     UNINITIALIZED
                  0005f400    00000080     F2837xD_GlobalVariableDefs.obj (MemCfgRegsFile)

Emif1ConfigRegsFile 
*          1    0005f480    00000020     UNINITIALIZED
                  0005f480    00000020     F2837xD_GlobalVariableDefs.obj (Emif1ConfigRegsFile)

AccessProtectionRegsFile 
*          1    0005f4c0    00000040     UNINITIALIZED
                  0005f4c0    00000040     F2837xD_GlobalVariableDefs.obj (AccessProtectionRegsFile)

MemoryErrorRegsFile 
*          1    0005f500    00000040     UNINITIALIZED
                  0005f500    00000040     F2837xD_GlobalVariableDefs.obj (MemoryErrorRegsFile)

Flash0CtrlRegsFile 
*          1    0005f800    00000182     UNINITIALIZED
                  0005f800    00000182     F2837xD_GlobalVariableDefs.obj (Flash0CtrlRegsFile)

Flash0EccRegsFile 
*          1    0005fb00    00000028     UNINITIALIZED
                  0005fb00    00000028     F2837xD_GlobalVariableDefs.obj (Flash0EccRegsFile)

DcsmZ1OtpFile 
*          1    00078000    00000020     NOLOAD SECTION
                  00078000    00000020     F2837xD_GlobalVariableDefs.obj (DcsmZ1OtpFile)

DcsmZ2OtpFile 
*          1    00078200    00000020     NOLOAD SECTION
                  00078200    00000020     F2837xD_GlobalVariableDefs.obj (DcsmZ2OtpFile)

.reset     0    003fffc0    00000002     DSECT
                  003fffc0    00000002     rts2800_fpu32.lib : boot28.asm.obj (.reset)

.stack     1    00000400    00000200     UNINITIALIZED
                  00000400    00000200     --HOLE--

.ebss      1    0000a800    00000212     UNINITIALIZED
                  0000a800    00000050     DAC.obj (.ebss)
                  0000a850    00000022     Sensor.obj (.ebss)
                  0000a872    0000000c     LPF_Parameter.obj (.ebss)
                  0000a87e    00000002     rts2800_fpu32.lib : _lock.c.obj (.ebss:__lock)
                  0000a880    00000018     Sensor.obj (.ebss:_Rt)
                  0000a898    00000018     Sensor.obj (.ebss:_Rt_R25C)
                  0000a8b0    0000000f     IPC.obj (.ebss)
                  0000a8bf    00000001     FAN.obj (.ebss)
                  0000a8c0    00000018     Sensor.obj (.ebss:_Rt_denum)
                  0000a8d8    00000018     Sensor.obj (.ebss:_Rt_num)
                  0000a8f0    0000000c     Vol_Balance.obj (.ebss:_SM_VOLTAGE_NEW)
                  0000a8fc    00000004     LED.obj (.ebss)
                  0000a900    00000018     Sensor.obj (.ebss:_Temp)
                  0000a918    00000018     Sensor.obj (.ebss:_Vol_Temp)
                  0000a930    0000000c     Sensor.obj (.ebss:_SM_Vol_offset)
                  0000a93c    00000004     Vol_Balance.obj (.ebss)
                  0000a940    00000015     ADC.obj (.ebss)
                  0000a955    00000001     rts2800_fpu32.lib : errno.c.obj (.ebss)
                  0000a956    00000014     OPERATION_MODE.obj (.ebss)
                  0000a96a    00000012     Interrupt.obj (.ebss)
                  0000a97c    00000004     PWM.obj (.ebss:_Flag_Buffer_HW)
                  0000a980    0000000c     Sensor.obj (.ebss:_V_SM)
                  0000a98c    0000000c     OPERATION_MODE.obj (.ebss:_V_SMt)
                  0000a998    0000000c     Sensor.obj (.ebss:_offset_sum_SM_Vol)
                  0000a9a4    0000000c     OPERATION_MODE.obj (.ebss:_sine_offset_t)
                  0000a9b0    0000000c     OPERATION_MODE.obj (.ebss:_sine_t)
                  0000a9bc    00000003     Bypass.obj (.ebss)
                  0000a9bf    00000001     --HOLE--
                  0000a9c0    0000000a     DAQ_RS422.obj (.ebss:_EX_DATA)
                  0000a9ca    00000008     DAQ_RS422.obj (.ebss)
                  0000a9d2    00000008     Fault.obj (.ebss)
                  0000a9da    00000006     PWM.obj (.ebss)
                  0000a9e0    00000006     PWM.obj (.ebss:_Flag_Buffer_SW)
                  0000a9e6    00000006     FAN.obj (.ebss:_Flag_FAN)
                  0000a9ec    00000006     Bypass.obj (.ebss:_Flag_IGBT)
                  0000a9f2    00000006     Bypass.obj (.ebss:_Flag_Relay)
                  0000a9f8    00000006     PWM.obj (.ebss:_REFERENCE)
                  0000a9fe    00000002     rts2800_fpu32.lib : _lock.c.obj (.ebss:__unlock)
                  0000aa00    00000006     PWM.obj (.ebss:_REFERENCE_t)
                  0000aa06    00000006     Vol_Balance.obj (.ebss:_SM_INDEX_NEW)
                  0000aa0c    00000006     rts2800_fpu32.lib : exit.c.obj (.ebss)

MODULE SUMMARY

       Module                               code    initialized data   uninitialized data
       ------                               ----    ----------------   ------------------
    .\BOOT_FLASH\
       DSP28xxx_SectionCopy_nonBIOS.obj     60      0                  0                 
       DSP28xxx_FLASH_CodeStartBranch.obj   10      0                  0                 
    +--+------------------------------------+-------+------------------+--------------------+
       Total:                               70      0                  0                 
                                                                                         
    .\include\F2837xD\
       F2837xD_GlobalVariableDefs.obj       0       0                  6934              
       F2837xD_usDelay.obj                  8       0                  0                 
    +--+------------------------------------+-------+------------------+--------------------+
       Total:                               8       0                  6934              
                                                                                         
    .\source\
       Sensor.obj                           1424    534                214               
       OPERATION_MODE.obj                   1856    208                56                
       DAC.obj                              1346    80                 80                
       SysCtrl.obj                          1230    0                  0                 
       ADC.obj                              886     168                21                
       PWM.obj                              856     116                28                
       DAQ_RS422.obj                        704     50                 18                
       Fault.obj                            638     30                 8                 
       Bypass.obj                           390     60                 15                
       Vol_Balance.obj                      318     66                 22                
       IPC.obj                              386     0                  15                
       Interrupt.obj                        222     130                18                
       EMIF.obj                             306     0                  0                 
       FAN.obj                              258     26                 7                 
       LPF_Parameter.obj                    174     60                 12                
       ePWM.obj                             230     0                  0                 
       LED.obj                              138     32                 4                 
       main.obj                             84      0                  0                 
       WatchDog.obj                         28      0                  0                 
       Xint.obj                             24      0                  0                 
    +--+------------------------------------+-------+------------------+--------------------+
       Total:                               11498   1560               518               
                                                                                         
    C:\ti\ccs901\ccs\tools\compiler\ti-cgt-c2000_18.12.1.LTS\lib\rts2800_fpu32.lib
       e_logf.c.obj                         598     32                 0                 
       fs_div28.asm.obj                     272     0                  0                 
       s_sinf.c.obj                         178     0                  0                 
       boot28.asm.obj                       172     0                  0                 
       exit.c.obj                           82      28                 6                 
       cpy_tbl.c.obj                        72      0                  0                 
       memcpy.c.obj                         58      0                  0                 
       args_main.c.obj                      50      0                  0                 
       _lock.c.obj                          18      20                 4                 
       errno.c.obj                          0       8                  1                 
       pre_init.c.obj                       4       0                  0                 
       startup.c.obj                        2       0                  0                 
    +--+------------------------------------+-------+------------------+--------------------+
       Total:                               1506    88                 11                
                                                                                         
       Stack:                               0       0                  512               
    +--+------------------------------------+-------+------------------+--------------------+
       Grand Total:                         13082   1648               7975              


GLOBAL DATA SYMBOLS: SORTED BY DATA PAGE

address     data page           name
--------    ----------------    ----
00000400      10 (00000400)     __stack

00000b00      2c (00000b00)     _AdcaResultRegs
00000b20      2c (00000b00)     _AdcbResultRegs

00000b40      2d (00000b40)     _AdccResultRegs
00000b60      2d (00000b40)     _AdcdResultRegs

00000c00      30 (00000c00)     _CpuTimer0Regs
00000c08      30 (00000c00)     _CpuTimer1Regs
00000c10      30 (00000c00)     _CpuTimer2Regs

00000ce0      33 (00000cc0)     _Cla1SoftIntRegs
00000ce0      33 (00000cc0)     _PieCtrlRegs

00000d00      34 (00000d00)     _EmuKey
00000d00      34 (00000d00)     _PieVectTable
00000d01      34 (00000d00)     _EmuBMode

00001000      40 (00001000)     _DmaRegs

00001400      50 (00001400)     _Cla1Regs

00004000     100 (00004000)     _EPwm1Regs

00004100     104 (00004100)     _EPwm2Regs

00004200     108 (00004200)     _EPwm3Regs

00004300     10c (00004300)     _EPwm4Regs

00004400     110 (00004400)     _EPwm5Regs

00004500     114 (00004500)     _EPwm6Regs

00004600     118 (00004600)     _EPwm7Regs

00004700     11c (00004700)     _EPwm8Regs

00004800     120 (00004800)     _EPwm9Regs

00004900     124 (00004900)     _EPwm10Regs

00004a00     128 (00004a00)     _EPwm11Regs

00004b00     12c (00004b00)     _EPwm12Regs

00005000     140 (00005000)     _ECap1Regs
00005020     140 (00005000)     _ECap2Regs

00005040     141 (00005040)     _ECap3Regs
00005060     141 (00005040)     _ECap4Regs

00005080     142 (00005080)     _ECap5Regs
000050a0     142 (00005080)     _ECap6Regs

00005100     144 (00005100)     _EQep1Regs

00005140     145 (00005140)     _EQep2Regs

00005180     146 (00005180)     _EQep3Regs

00005c00     170 (00005c00)     _DacaRegs
00005c10     170 (00005c00)     _DacbRegs
00005c20     170 (00005c00)     _DaccRegs

00005c80     172 (00005c80)     _Cmpss1Regs
00005ca0     172 (00005c80)     _Cmpss2Regs

00005cc0     173 (00005cc0)     _Cmpss3Regs
00005ce0     173 (00005cc0)     _Cmpss4Regs

00005d00     174 (00005d00)     _Cmpss5Regs
00005d20     174 (00005d00)     _Cmpss6Regs

00005d40     175 (00005d40)     _Cmpss7Regs
00005d60     175 (00005d40)     _Cmpss8Regs

00005e00     178 (00005e00)     _Sdfm1Regs

00005e80     17a (00005e80)     _Sdfm2Regs

00006000     180 (00006000)     _McbspaRegs

00006040     181 (00006040)     _McbspbRegs

00006100     184 (00006100)     _SpiaRegs
00006110     184 (00006100)     _SpibRegs
00006120     184 (00006100)     _SpicRegs

00007000     1c0 (00007000)     _WdRegs

00007060     1c1 (00007040)     _NmiIntruptRegs
00007070     1c1 (00007040)     _XintRegs

00007200     1c8 (00007200)     _SciaRegs
00007210     1c8 (00007200)     _ScibRegs
00007220     1c8 (00007200)     _ScicRegs
00007230     1c8 (00007200)     _ScidRegs

00007300     1cc (00007300)     _I2caRegs

00007340     1cd (00007340)     _I2cbRegs

00007400     1d0 (00007400)     _AdcaRegs

00007480     1d2 (00007480)     _AdcbRegs

00007500     1d4 (00007500)     _AdccRegs

00007580     1d6 (00007580)     _AdcdRegs

00007980     1e6 (00007980)     _DmaClaSrcSelRegs

00007f00     1fc (00007f00)     _GpioDataRegs

0000a800     2a0 (0000a800)     _da1_tmp
0000a801     2a0 (0000a800)     _da2_tmp
0000a802     2a0 (0000a800)     _da3_tmp
0000a803     2a0 (0000a800)     _da4_tmp
0000a804     2a0 (0000a800)     _da5_tmp
0000a805     2a0 (0000a800)     _da6_tmp
0000a806     2a0 (0000a800)     _da7_tmp
0000a807     2a0 (0000a800)     _da8_tmp
0000a808     2a0 (0000a800)     _temp
0000a809     2a0 (0000a800)     _da_sel
0000a80a     2a0 (0000a800)     _da1
0000a812     2a0 (0000a800)     _da2
0000a81a     2a0 (0000a800)     _da3
0000a822     2a0 (0000a800)     _da4
0000a82a     2a0 (0000a800)     _da5
0000a832     2a0 (0000a800)     _da6

0000a840     2a1 (0000a840)     _da7
0000a848     2a1 (0000a840)     _da8
0000a850     2a1 (0000a840)     _Arm_Cur_Sign
0000a851     2a1 (0000a840)     _Upper_Arm_Cur_Sign
0000a852     2a1 (0000a840)     _Lower_Arm_Cur_Sign
0000a854     2a1 (0000a840)     _Arm_Cur_A
0000a856     2a1 (0000a840)     _Arm_Cur_B
0000a858     2a1 (0000a840)     _V_SM_SUM
0000a85a     2a1 (0000a840)     _Arm_Cur_A_offset
0000a85c     2a1 (0000a840)     _Arm_Cur_B_offset
0000a85e     2a1 (0000a840)     _Arm_Cur_A_offset_origin
0000a860     2a1 (0000a840)     _Arm_Cur_B_offset_origin
0000a862     2a1 (0000a840)     _offset_sum_Arm_Cur_A
0000a864     2a1 (0000a840)     _offset_sum_Arm_Cur_B
0000a866     2a1 (0000a840)     _SM_MAX
0000a868     2a1 (0000a840)     _Vdc_test
0000a86a     2a1 (0000a840)     _Inv_Vdc
0000a86c     2a1 (0000a840)     _SM_VOL_MAX
0000a86e     2a1 (0000a840)     _TEMP_MAX
0000a870     2a1 (0000a840)     _CUR_MAX
0000a872     2a1 (0000a840)     _Fc_rpm
0000a874     2a1 (0000a840)     _La_rpm
0000a876     2a1 (0000a840)     _Lb_rpm
0000a878     2a1 (0000a840)     _VM1de_delta
0000a87a     2a1 (0000a840)     _VM1de_pre
0000a87c     2a1 (0000a840)     _VM1de_lpf
0000a87e     2a1 (0000a840)     __lock

0000a880     2a2 (0000a880)     _Rt
0000a898     2a2 (0000a880)     _Rt_R25C
0000a8b0     2a2 (0000a880)     _Dsp2EcatSlave
0000a8b4     2a2 (0000a880)     _Dsp2EcatMaster
0000a8bf     2a2 (0000a880)     _FAN_OP

0000a8c0     2a3 (0000a8c0)     _Rt_denum
0000a8d8     2a3 (0000a8c0)     _Rt_num
0000a8f0     2a3 (0000a8c0)     _SM_VOLTAGE_NEW
0000a8fc     2a3 (0000a8c0)     _LED_cnt
0000a8fd     2a3 (0000a8c0)     _LED_case

0000a900     2a4 (0000a900)     _Temp
0000a918     2a4 (0000a900)     _Vol_Temp
0000a930     2a4 (0000a900)     _SM_Vol_offset
0000a93c     2a4 (0000a900)     _index_temp
0000a93e     2a4 (0000a900)     _voltage_temp

0000a940     2a5 (0000a940)     _AIN0_CH1
0000a941     2a5 (0000a940)     _AIN0_CH2
0000a942     2a5 (0000a940)     _AIN0_CH3
0000a943     2a5 (0000a940)     _AIN0_CH4
0000a944     2a5 (0000a940)     _AIN1_CH1
0000a945     2a5 (0000a940)     _AIN1_CH2
0000a946     2a5 (0000a940)     _AIN1_CH3
0000a947     2a5 (0000a940)     _AIN1_CH4
0000a948     2a5 (0000a940)     _AIN2_CH1
0000a949     2a5 (0000a940)     _AIN2_CH2
0000a94a     2a5 (0000a940)     _AIN2_CH3
0000a94b     2a5 (0000a940)     _AIN2_CH4
0000a94c     2a5 (0000a940)     _AIN3_CH1
0000a94d     2a5 (0000a940)     _AIN3_CH2
0000a94e     2a5 (0000a940)     _AIN3_CH3
0000a94f     2a5 (0000a940)     _AIN3_CH4
0000a950     2a5 (0000a940)     _AIN4_CH1
0000a951     2a5 (0000a940)     _AIN4_CH2
0000a952     2a5 (0000a940)     _AIN4_CH3
0000a953     2a5 (0000a940)     _AIN4_CH4
0000a955     2a5 (0000a940)     _errno
0000a956     2a5 (0000a940)     _OP_MODE
0000a957     2a5 (0000a940)     _Flag_Normal_DT
0000a958     2a5 (0000a940)     _Flag_Gating
0000a959     2a5 (0000a940)     _PWM_MODE
0000a95a     2a5 (0000a940)     _Group_number_t
0000a95b     2a5 (0000a940)     _fault_t
0000a95c     2a5 (0000a940)     _NUM_SM_t
0000a95e     2a5 (0000a940)     _theta_t
0000a960     2a5 (0000a940)     _freq_t
0000a962     2a5 (0000a940)     _theta_t2
0000a964     2a5 (0000a940)     _freq_t2
0000a966     2a5 (0000a940)     _Arm_Cur_A_offset_t
0000a968     2a5 (0000a940)     _Arm_Cur_B_offset_t
0000a96a     2a5 (0000a940)     _l
0000a96b     2a5 (0000a940)     _m
0000a96c     2a5 (0000a940)     _k
0000a96d     2a5 (0000a940)     _i
0000a96e     2a5 (0000a940)     _j
0000a96f     2a5 (0000a940)     _t
0000a970     2a5 (0000a940)     _Number_SM
0000a971     2a5 (0000a940)     _D_Number_SM
0000a972     2a5 (0000a940)     _H_Number_SM
0000a973     2a5 (0000a940)     _Group_number
0000a974     2a5 (0000a940)     _REF_MIN
0000a975     2a5 (0000a940)     _REF_MAX
0000a976     2a5 (0000a940)     _HALF_CNT
0000a977     2a5 (0000a940)     _Flag_PWM_INIT
0000a978     2a5 (0000a940)     _Flag_ADC_init
0000a97a     2a5 (0000a940)     _Temp_old
0000a97c     2a5 (0000a940)     _Flag_Buffer_HW

0000a980     2a6 (0000a980)     _V_SM
0000a98c     2a6 (0000a980)     _V_SMt
0000a998     2a6 (0000a980)     _offset_sum_SM_Vol
0000a9a4     2a6 (0000a980)     _sine_offset_t
0000a9b0     2a6 (0000a980)     _sine_t
0000a9bc     2a6 (0000a980)     _RELAY_OP
0000a9bd     2a6 (0000a980)     _IGBT_OP
0000a9be     2a6 (0000a980)     _Flag_Bypass

0000a9c0     2a7 (0000a9c0)     _EX_DATA
0000a9ca     2a7 (0000a9c0)     _test_tx_cnt
0000a9cb     2a7 (0000a9c0)     _fault
0000a9cc     2a7 (0000a9c0)     _RX_DATA
0000a9cd     2a7 (0000a9c0)     _RX_ACCESS_INDEX
0000a9d2     2a7 (0000a9c0)     _SM_VOL_UNDER_Limit
0000a9d4     2a7 (0000a9c0)     _SM_VOL_OVER_LIMIT
0000a9d6     2a7 (0000a9c0)     _TEMP_LIMIT
0000a9d8     2a7 (0000a9c0)     _FlagFault
0000a9da     2a7 (0000a9c0)     _BUFFER_HW
0000a9db     2a7 (0000a9c0)     _BUFFER_SW
0000a9dc     2a7 (0000a9c0)     _V_ref_NLC
0000a9dd     2a7 (0000a9c0)     _V_ref_PWM
0000a9de     2a7 (0000a9c0)     _PWM_x
0000a9df     2a7 (0000a9c0)     _NLC_x
0000a9e0     2a7 (0000a9c0)     _Flag_Buffer_SW
0000a9e6     2a7 (0000a9c0)     _Flag_FAN
0000a9ec     2a7 (0000a9c0)     _Flag_IGBT
0000a9f2     2a7 (0000a9c0)     _Flag_Relay
0000a9f8     2a7 (0000a9c0)     _REFERENCE
0000a9fe     2a7 (0000a9c0)     __unlock

0000aa00     2a8 (0000aa00)     _REFERENCE_t
0000aa06     2a8 (0000aa00)     _SM_INDEX_NEW
0000aa0c     2a8 (0000aa00)     ___TI_enable_exit_profile_output
0000aa0e     2a8 (0000aa00)     ___TI_cleanup_ptr
0000aa10     2a8 (0000aa00)     ___TI_dtors_ptr

0003f800     fe0 (0003f800)     _IPC_Temp_Vol
0003f818     fe0 (0003f800)     _IpcDspEcatSlave

0003fc00     ff0 (0003fc00)     _IPC_Temp_Cal
0003fc18     ff0 (0003fc00)     _IpcDspEcatMaster

00047000    11c0 (00047000)     _Emif1Regs

00050000    1400 (00050000)     _IpcRegs
00050024    1400 (00050000)     _FlashPumpSemaphoreRegs

0005d200    1748 (0005d200)     _ClkCfgRegs

0005d300    174c (0005d300)     _CpuSysRegs

0005f000    17c0 (0005f000)     _DcsmZ1Regs

0005f040    17c1 (0005f040)     _DcsmZ2Regs
0005f070    17c1 (0005f040)     _DcsmCommonRegs

0005f400    17d0 (0005f400)     _MemCfgRegs

0005f480    17d2 (0005f480)     _Emif1ConfigRegs

0005f4c0    17d3 (0005f4c0)     _AccessProtectionRegs

0005f500    17d4 (0005f500)     _MemoryErrorRegs

0005f800    17e0 (0005f800)     _Flash0CtrlRegs

0005fb00    17ec (0005fb00)     _Flash0EccRegs

00078000    1e00 (00078000)     _DcsmZ1Otp

00078200    1e08 (00078200)     _DcsmZ2Otp


GLOBAL SYMBOLS: SORTED ALPHABETICALLY BY Name 

page  address   name                            
----  -------   ----                            
0     00014000  .text                           
0     000158b3  C$$EXIT                         
0     000154ce  FS$$DIV                         
0     00015567  _ADC                            
0     00014fb1  _ADC_Offset                     
0     00015571  _ADC_Read                       
1     0000a940  _AIN0_CH1                       
1     0000a941  _AIN0_CH2                       
1     0000a942  _AIN0_CH3                       
1     0000a943  _AIN0_CH4                       
1     0000a944  _AIN1_CH1                       
1     0000a945  _AIN1_CH2                       
1     0000a946  _AIN1_CH3                       
1     0000a947  _AIN1_CH4                       
1     0000a948  _AIN2_CH1                       
1     0000a949  _AIN2_CH2                       
1     0000a94a  _AIN2_CH3                       
1     0000a94b  _AIN2_CH4                       
1     0000a94c  _AIN3_CH1                       
1     0000a94d  _AIN3_CH2                       
1     0000a94e  _AIN3_CH3                       
1     0000a94f  _AIN3_CH4                       
1     0000a950  _AIN4_CH1                       
1     0000a951  _AIN4_CH2                       
1     0000a952  _AIN4_CH3                       
1     0000a953  _AIN4_CH4                       
1     0005f4c0  _AccessProtectionRegs           
1     00007400  _AdcaRegs                       
1     00000b00  _AdcaResultRegs                 
1     00007480  _AdcbRegs                       
1     00000b20  _AdcbResultRegs                 
1     00007500  _AdccRegs                       
1     00000b40  _AdccResultRegs                 
1     00007580  _AdcdRegs                       
1     00000b60  _AdcdResultRegs                 
1     0000a854  _Arm_Cur_A                      
1     0000a85a  _Arm_Cur_A_offset               
1     0000a85e  _Arm_Cur_A_offset_origin        
1     0000a966  _Arm_Cur_A_offset_t             
1     0000a856  _Arm_Cur_B                      
1     0000a85c  _Arm_Cur_B_offset               
1     0000a860  _Arm_Cur_B_offset_origin        
1     0000a968  _Arm_Cur_B_offset_t             
1     0000a850  _Arm_Cur_Sign                   
0     00014580  _Arm_Current_Sensor             
1     0000a9da  _BUFFER_HW                      
1     0000a9db  _BUFFER_SW                      
0     00015212  _BYPASSING                      
0     00015396  _Bubble_sort                    
1     0000a870  _CUR_MAX                        
1     00001400  _Cla1Regs                       
0     00000ce0  _Cla1SoftIntRegs                
1     0005d200  _ClkCfgRegs                     
1     00005c80  _Cmpss1Regs                     
1     00005ca0  _Cmpss2Regs                     
1     00005cc0  _Cmpss3Regs                     
1     00005ce0  _Cmpss4Regs                     
1     00005d00  _Cmpss5Regs                     
1     00005d20  _Cmpss6Regs                     
1     00005d40  _Cmpss7Regs                     
1     00005d60  _Cmpss8Regs                     
1     0005d300  _CpuSysRegs                     
1     00000c00  _CpuTimer0Regs                  
1     00000c08  _CpuTimer1Regs                  
1     00000c10  _CpuTimer2Regs                  
0     00014668  _DAC                            
0     000148b3  _DAC_out                        
0     00014d12  _DAQ_RS422                      
1     0000a971  _D_Number_SM                    
1     00005c00  _DacaRegs                       
1     00005c10  _DacbRegs                       
1     00005c20  _DaccRegs                       
1     0005f070  _DcsmCommonRegs                 
1     00078000  _DcsmZ1Otp                      
1     0005f000  _DcsmZ1Regs                     
1     00078200  _DcsmZ2Otp                      
1     0005f040  _DcsmZ2Regs                     
0     00015936  _DisableDog                     
1     00007980  _DmaClaSrcSelRegs               
1     00001000  _DmaRegs                        
1     0000a8b4  _Dsp2EcatMaster                 
1     0000a8b0  _Dsp2EcatSlave                  
1     00005000  _ECap1Regs                      
1     00005020  _ECap2Regs                      
1     00005040  _ECap3Regs                      
1     00005060  _ECap4Regs                      
1     00005080  _ECap5Regs                      
1     000050a0  _ECap6Regs                      
1     00004900  _EPwm10Regs                     
1     00004a00  _EPwm11Regs                     
1     00004b00  _EPwm12Regs                     
1     00004000  _EPwm1Regs                      
1     00004100  _EPwm2Regs                      
1     00004200  _EPwm3Regs                      
1     00004300  _EPwm4Regs                      
1     00004400  _EPwm5Regs                      
1     00004500  _EPwm6Regs                      
1     00004600  _EPwm7Regs                      
1     00004700  _EPwm8Regs                      
1     00004800  _EPwm9Regs                      
1     00005100  _EQep1Regs                      
1     00005140  _EQep2Regs                      
1     00005180  _EQep3Regs                      
1     0000a9c0  _EX_DATA                        
1     0005f480  _Emif1ConfigRegs                
0     000154ca  _Emif1Initialize                
1     00047000  _Emif1Regs                      
1     00000d01  _EmuBMode                       
1     00000d00  _EmuKey                         
0     00000080  _F28x_usDelay                   
0     000155db  _FAN                            
1     0000a8bf  _FAN_OP                         
0     00014e72  _Fault                          
1     0000a872  _Fc_rpm                         
1     0000a9d8  _FlagFault                      
1     0000a978  _Flag_ADC_init                  
1     0000a97c  _Flag_Buffer_HW                 
1     0000a9e0  _Flag_Buffer_SW                 
1     0000a9be  _Flag_Bypass                    
1     0000a9e6  _Flag_FAN                       
1     0000a958  _Flag_Gating                    
1     0000a9ec  _Flag_IGBT                      
1     0000a957  _Flag_Normal_DT                 
1     0000a977  _Flag_PWM_INIT                  
1     0000a9f2  _Flag_Relay                     
1     0005f800  _Flash0CtrlRegs                 
1     0005fb00  _Flash0EccRegs                  
1     00050024  _FlashPumpSemaphoreRegs         
0     00014b82  _GATING                         
1     00007f00  _GpioDataRegs                   
1     0000a973  _Group_number                   
1     0000a95a  _Group_number_t                 
1     0000a976  _HALF_CNT                       
1     0000a972  _H_Number_SM                    
1     00007300  _I2caRegs                       
1     00007340  _I2cbRegs                       
1     0000a9bd  _IGBT_OP                        
0     0001534b  _IPC_DSP2_EtherCAT_RX           
0     00015333  _IPC_DSP2_EtherCAT_TX           
0     00015303  _IPC_DSP2_Temp_RX               
0     000152d5  _IPC_DSP2_Temp_TX               
1     0003fc00  _IPC_Temp_Cal                   
1     0003f800  _IPC_Temp_Vol                   
0     00015950  _ISR_Default                    
0     00015556  _Init_ADC                       
0     00015435  _Init_Emif                      
0     0001565c  _Init_Epwm                      
0     00014b4a  _Init_Flash                     
0     00014ab2  _Init_Mem                       
0     00014909  _Init_PeripheralClocks          
0     00014991  _Init_PieCtrl                   
0     000149b6  _Init_PieVectTable              
0     00015944  _Init_xint                      
0     000156cf  _Interrupt                      
1     0000a86a  _Inv_Vdc                        
1     0003fc18  _IpcDspEcatMaster               
1     0003f818  _IpcDspEcatSlave                
1     00050000  _IpcRegs                        
0     00015844  _LED_DSP                        
0     00015876  _LED_FPGA                       
1     0000a8fd  _LED_case                       
1     0000a8fc  _LED_cnt                        
0     00015797  _LPF_Parameter                  
1     0000a874  _La_rpm                         
1     0000a876  _Lb_rpm                         
1     0000a852  _Lower_Arm_Cur_Sign             
1     00006000  _McbspaRegs                     
1     00006040  _McbspbRegs                     
1     0005f400  _MemCfgRegs                     
1     0005f500  _MemoryErrorRegs                
0     00014c7b  _NLC                            
1     0000a9df  _NLC_x                          
1     0000a95c  _NUM_SM_t                       
1     00007060  _NmiIntruptRegs                 
1     0000a970  _Number_SM                      
0     00014000  _OPERATION                      
1     0000a956  _OP_MODE                        
0     00014ba4  _PD                             
0     00014b66  _PMW_INIT                       
0     00014d11  _PSC                            
0     000142c1  _PWM_METHOD                     
1     0000a959  _PWM_MODE                       
1     0000a9de  _PWM_x                          
1     00000ce0  _PieCtrlRegs                    
1     00000d00  _PieVectTable                   
1     0000a9f8  _REFERENCE                      
1     0000aa00  _REFERENCE_t                    
1     0000a975  _REF_MAX                        
1     0000a974  _REF_MIN                        
1     0000a9bc  _RELAY_OP                       
1     0000a9cd  _RX_ACCESS_INDEX                
1     0000a9cc  _RX_DATA                        
0     00014333  _Reset                          
1     0000a880  _Rt                             
1     0000a898  _Rt_R25C                        
1     0000a8c0  _Rt_denum                       
1     0000a8d8  _Rt_num                         
1     0000aa06  _SM_INDEX_NEW                   
1     0000a866  _SM_MAX                         
1     0000a8f0  _SM_VOLTAGE_NEW                 
1     0000a86c  _SM_VOL_MAX                     
1     0000a9d4  _SM_VOL_OVER_LIMIT              
1     0000a9d2  _SM_VOL_UNDER_Limit             
0     000143a0  _SM_Vol_Sensor                  
1     0000a930  _SM_Vol_offset                  
1     00007200  _SciaRegs                       
1     00007210  _ScibRegs                       
1     00007220  _ScicRegs                       
1     00007230  _ScidRegs                       
1     00005e00  _Sdfm1Regs                      
1     00005e80  _Sdfm2Regs                      
1     00006100  _SpiaRegs                       
1     00006110  _SpibRegs                       
1     00006120  _SpicRegs                       
0     00014b40  _Start_PieCtrl                  
1     0000a9d6  _TEMP_LIMIT                     
1     0000a86e  _TEMP_MAX                       
1     0000a900  _Temp                           
0     000145d0  _Temp_Calc                      
0     0001445c  _Temp_Sensor                    
1     0000a97a  _Temp_old                       
1     0000a851  _Upper_Arm_Cur_Sign             
1     0000a878  _VM1de_delta                    
1     0000a87c  _VM1de_lpf                      
1     0000a87a  _VM1de_pre                      
1     0000a980  _V_SM                           
1     0000a858  _V_SM_SUM                       
1     0000a98c  _V_SMt                          
1     0000a9dc  _V_ref_NLC                      
1     0000a9dd  _V_ref_PWM                      
1     0000a868  _Vdc_test                       
1     0000a918  _Vol_Temp                       
1     00007000  _WdRegs                         
1     00007070  _XintRegs                       
1     00000600  __STACK_END                     
abs   00000200  __STACK_SIZE                    
1     0000aa0e  ___TI_cleanup_ptr               
1     0000aa10  ___TI_dtors_ptr                 
1     0000aa0c  ___TI_enable_exit_profile_output
abs   ffffffff  ___TI_pprof_out_hndl            
abs   ffffffff  ___TI_prof_data_size            
abs   ffffffff  ___TI_prof_data_start           
abs   ffffffff  ___binit__                      
abs   ffffffff  ___c_args__                     
0     00008000  ___cinit__                      
0     00015966  ___etext__                      
abs   ffffffff  ___pinit__                      
0     00014000  ___text__                       
0     0001591d  __args_main                     
1     0000a87e  __lock                          
0     00015962  __nop                           
0     0001595e  __register_lock                 
0     0001595a  __register_unlock               
1     00000400  __stack                         
0     00015965  __system_post_cinit             
0     00015963  __system_pre_init               
1     0000a9fe  __unlock                        
0     000158b3  _abort                          
0     000157ee  _c_int00                        
0     00080006  _cinit_loadstart                
0     00008000  _cinit_runstart                 
abs   0000032a  _cinit_size                     
0     000158dc  _copy_in                        
1     0000a80a  _da1                            
1     0000a800  _da1_tmp                        
1     0000a812  _da2                            
1     0000a801  _da2_tmp                        
1     0000a81a  _da3                            
1     0000a802  _da3_tmp                        
1     0000a822  _da4                            
1     0000a803  _da4_tmp                        
1     0000a82a  _da5                            
1     0000a804  _da5_tmp                        
1     0000a832  _da6                            
1     0000a805  _da6_tmp                        
1     0000a840  _da7                            
1     0000a806  _da7_tmp                        
1     0000a848  _da8                            
1     0000a807  _da8_tmp                        
1     0000a809  _da_sel                         
0     00082000  _econst_loadstart               
0     0000aa12  _econst_runstart                
abs   00000010  _econst_size                    
1     0000a955  _errno                          
0     000158b5  _exit                           
1     0000a9cb  _fault                          
1     0000a95b  _fault_t                        
1     0000a960  _freq_t                         
1     0000a964  _freq_t2                        
1     0000a96d  _i                              
1     0000a93c  _index_temp                     
1     0000a96e  _j                              
1     0000a96c  _k                              
1     0000a96a  _l                              
0     000150e7  _log                            
0     000150e7  _logf                           
1     0000a96b  _m                              
0     00015889  _main                           
0     00015900  _memcpy                         
1     0000a862  _offset_sum_Arm_Cur_A           
1     0000a864  _offset_sum_Arm_Cur_B           
1     0000a998  _offset_sum_SM_Vol              
0     00000080  _pinit_loadstart                
0     00000080  _pinit_runstart                 
abs   00000000  _pinit_size                     
0     00080002  _ramfunc_loadstart              
0     00000080  _ramfunc_runstart               
abs   00000004  _ramfunc_size                   
0     0001573e  _sin                            
1     0000a9a4  _sine_offset_t                  
1     0000a9b0  _sine_t                         
0     0001573e  _sinf                           
0     00000080  _switch_loadstart               
0     00000080  _switch_runstart                
abs   00000000  _switch_size                    
1     0000a96f  _t                              
1     0000a808  _temp                           
1     0000a9ca  _test_tx_cnt                    
0     00088000  _text_loadstart                 
0     00014000  _text_runstart                  
abs   00001966  _text_size                      
1     0000a95e  _theta_t                        
1     0000a962  _theta_t2                       
1     0000a93e  _voltage_temp                   
abs   ffffffff  binit                           
0     00008000  cinit                           
0     00080000  code_start                      
0     00080330  copy_sections                   
0     00015966  etext                           
abs   ffffffff  pinit                           


GLOBAL SYMBOLS: SORTED BY Symbol Address 

page  address   name                            
----  -------   ----                            
0     00000080  _F28x_usDelay                   
0     00000080  _pinit_loadstart                
0     00000080  _pinit_runstart                 
0     00000080  _ramfunc_runstart               
0     00000080  _switch_loadstart               
0     00000080  _switch_runstart                
0     00000ce0  _Cla1SoftIntRegs                
0     00008000  ___cinit__                      
0     00008000  _cinit_runstart                 
0     00008000  cinit                           
0     0000aa12  _econst_runstart                
0     00014000  .text                           
0     00014000  _OPERATION                      
0     00014000  ___text__                       
0     00014000  _text_runstart                  
0     000142c1  _PWM_METHOD                     
0     00014333  _Reset                          
0     000143a0  _SM_Vol_Sensor                  
0     0001445c  _Temp_Sensor                    
0     00014580  _Arm_Current_Sensor             
0     000145d0  _Temp_Calc                      
0     00014668  _DAC                            
0     000148b3  _DAC_out                        
0     00014909  _Init_PeripheralClocks          
0     00014991  _Init_PieCtrl                   
0     000149b6  _Init_PieVectTable              
0     00014ab2  _Init_Mem                       
0     00014b40  _Start_PieCtrl                  
0     00014b4a  _Init_Flash                     
0     00014b66  _PMW_INIT                       
0     00014b82  _GATING                         
0     00014ba4  _PD                             
0     00014c7b  _NLC                            
0     00014d11  _PSC                            
0     00014d12  _DAQ_RS422                      
0     00014e72  _Fault                          
0     00014fb1  _ADC_Offset                     
0     000150e7  _log                            
0     000150e7  _logf                           
0     00015212  _BYPASSING                      
0     000152d5  _IPC_DSP2_Temp_TX               
0     00015303  _IPC_DSP2_Temp_RX               
0     00015333  _IPC_DSP2_EtherCAT_TX           
0     0001534b  _IPC_DSP2_EtherCAT_RX           
0     00015396  _Bubble_sort                    
0     00015435  _Init_Emif                      
0     000154ca  _Emif1Initialize                
0     000154ce  FS$$DIV                         
0     00015556  _Init_ADC                       
0     00015567  _ADC                            
0     00015571  _ADC_Read                       
0     000155db  _FAN                            
0     0001565c  _Init_Epwm                      
0     000156cf  _Interrupt                      
0     0001573e  _sin                            
0     0001573e  _sinf                           
0     00015797  _LPF_Parameter                  
0     000157ee  _c_int00                        
0     00015844  _LED_DSP                        
0     00015876  _LED_FPGA                       
0     00015889  _main                           
0     000158b3  C$$EXIT                         
0     000158b3  _abort                          
0     000158b5  _exit                           
0     000158dc  _copy_in                        
0     00015900  _memcpy                         
0     0001591d  __args_main                     
0     00015936  _DisableDog                     
0     00015944  _Init_xint                      
0     00015950  _ISR_Default                    
0     0001595a  __register_unlock               
0     0001595e  __register_lock                 
0     00015962  __nop                           
0     00015963  __system_pre_init               
0     00015965  __system_post_cinit             
0     00015966  ___etext__                      
0     00015966  etext                           
0     00080000  code_start                      
0     00080002  _ramfunc_loadstart              
0     00080006  _cinit_loadstart                
0     00080330  copy_sections                   
0     00082000  _econst_loadstart               
0     00088000  _text_loadstart                 
1     00000400  __stack                         
1     00000600  __STACK_END                     
1     00000b00  _AdcaResultRegs                 
1     00000b20  _AdcbResultRegs                 
1     00000b40  _AdccResultRegs                 
1     00000b60  _AdcdResultRegs                 
1     00000c00  _CpuTimer0Regs                  
1     00000c08  _CpuTimer1Regs                  
1     00000c10  _CpuTimer2Regs                  
1     00000ce0  _PieCtrlRegs                    
1     00000d00  _EmuKey                         
1     00000d00  _PieVectTable                   
1     00000d01  _EmuBMode                       
1     00001000  _DmaRegs                        
1     00001400  _Cla1Regs                       
1     00004000  _EPwm1Regs                      
1     00004100  _EPwm2Regs                      
1     00004200  _EPwm3Regs                      
1     00004300  _EPwm4Regs                      
1     00004400  _EPwm5Regs                      
1     00004500  _EPwm6Regs                      
1     00004600  _EPwm7Regs                      
1     00004700  _EPwm8Regs                      
1     00004800  _EPwm9Regs                      
1     00004900  _EPwm10Regs                     
1     00004a00  _EPwm11Regs                     
1     00004b00  _EPwm12Regs                     
1     00005000  _ECap1Regs                      
1     00005020  _ECap2Regs                      
1     00005040  _ECap3Regs                      
1     00005060  _ECap4Regs                      
1     00005080  _ECap5Regs                      
1     000050a0  _ECap6Regs                      
1     00005100  _EQep1Regs                      
1     00005140  _EQep2Regs                      
1     00005180  _EQep3Regs                      
1     00005c00  _DacaRegs                       
1     00005c10  _DacbRegs                       
1     00005c20  _DaccRegs                       
1     00005c80  _Cmpss1Regs                     
1     00005ca0  _Cmpss2Regs                     
1     00005cc0  _Cmpss3Regs                     
1     00005ce0  _Cmpss4Regs                     
1     00005d00  _Cmpss5Regs                     
1     00005d20  _Cmpss6Regs                     
1     00005d40  _Cmpss7Regs                     
1     00005d60  _Cmpss8Regs                     
1     00005e00  _Sdfm1Regs                      
1     00005e80  _Sdfm2Regs                      
1     00006000  _McbspaRegs                     
1     00006040  _McbspbRegs                     
1     00006100  _SpiaRegs                       
1     00006110  _SpibRegs                       
1     00006120  _SpicRegs                       
1     00007000  _WdRegs                         
1     00007060  _NmiIntruptRegs                 
1     00007070  _XintRegs                       
1     00007200  _SciaRegs                       
1     00007210  _ScibRegs                       
1     00007220  _ScicRegs                       
1     00007230  _ScidRegs                       
1     00007300  _I2caRegs                       
1     00007340  _I2cbRegs                       
1     00007400  _AdcaRegs                       
1     00007480  _AdcbRegs                       
1     00007500  _AdccRegs                       
1     00007580  _AdcdRegs                       
1     00007980  _DmaClaSrcSelRegs               
1     00007f00  _GpioDataRegs                   
1     0000a800  _da1_tmp                        
1     0000a801  _da2_tmp                        
1     0000a802  _da3_tmp                        
1     0000a803  _da4_tmp                        
1     0000a804  _da5_tmp                        
1     0000a805  _da6_tmp                        
1     0000a806  _da7_tmp                        
1     0000a807  _da8_tmp                        
1     0000a808  _temp                           
1     0000a809  _da_sel                         
1     0000a80a  _da1                            
1     0000a812  _da2                            
1     0000a81a  _da3                            
1     0000a822  _da4                            
1     0000a82a  _da5                            
1     0000a832  _da6                            
1     0000a840  _da7                            
1     0000a848  _da8                            
1     0000a850  _Arm_Cur_Sign                   
1     0000a851  _Upper_Arm_Cur_Sign             
1     0000a852  _Lower_Arm_Cur_Sign             
1     0000a854  _Arm_Cur_A                      
1     0000a856  _Arm_Cur_B                      
1     0000a858  _V_SM_SUM                       
1     0000a85a  _Arm_Cur_A_offset               
1     0000a85c  _Arm_Cur_B_offset               
1     0000a85e  _Arm_Cur_A_offset_origin        
1     0000a860  _Arm_Cur_B_offset_origin        
1     0000a862  _offset_sum_Arm_Cur_A           
1     0000a864  _offset_sum_Arm_Cur_B           
1     0000a866  _SM_MAX                         
1     0000a868  _Vdc_test                       
1     0000a86a  _Inv_Vdc                        
1     0000a86c  _SM_VOL_MAX                     
1     0000a86e  _TEMP_MAX                       
1     0000a870  _CUR_MAX                        
1     0000a872  _Fc_rpm                         
1     0000a874  _La_rpm                         
1     0000a876  _Lb_rpm                         
1     0000a878  _VM1de_delta                    
1     0000a87a  _VM1de_pre                      
1     0000a87c  _VM1de_lpf                      
1     0000a87e  __lock                          
1     0000a880  _Rt                             
1     0000a898  _Rt_R25C                        
1     0000a8b0  _Dsp2EcatSlave                  
1     0000a8b4  _Dsp2EcatMaster                 
1     0000a8bf  _FAN_OP                         
1     0000a8c0  _Rt_denum                       
1     0000a8d8  _Rt_num                         
1     0000a8f0  _SM_VOLTAGE_NEW                 
1     0000a8fc  _LED_cnt                        
1     0000a8fd  _LED_case                       
1     0000a900  _Temp                           
1     0000a918  _Vol_Temp                       
1     0000a930  _SM_Vol_offset                  
1     0000a93c  _index_temp                     
1     0000a93e  _voltage_temp                   
1     0000a940  _AIN0_CH1                       
1     0000a941  _AIN0_CH2                       
1     0000a942  _AIN0_CH3                       
1     0000a943  _AIN0_CH4                       
1     0000a944  _AIN1_CH1                       
1     0000a945  _AIN1_CH2                       
1     0000a946  _AIN1_CH3                       
1     0000a947  _AIN1_CH4                       
1     0000a948  _AIN2_CH1                       
1     0000a949  _AIN2_CH2                       
1     0000a94a  _AIN2_CH3                       
1     0000a94b  _AIN2_CH4                       
1     0000a94c  _AIN3_CH1                       
1     0000a94d  _AIN3_CH2                       
1     0000a94e  _AIN3_CH3                       
1     0000a94f  _AIN3_CH4                       
1     0000a950  _AIN4_CH1                       
1     0000a951  _AIN4_CH2                       
1     0000a952  _AIN4_CH3                       
1     0000a953  _AIN4_CH4                       
1     0000a955  _errno                          
1     0000a956  _OP_MODE                        
1     0000a957  _Flag_Normal_DT                 
1     0000a958  _Flag_Gating                    
1     0000a959  _PWM_MODE                       
1     0000a95a  _Group_number_t                 
1     0000a95b  _fault_t                        
1     0000a95c  _NUM_SM_t                       
1     0000a95e  _theta_t                        
1     0000a960  _freq_t                         
1     0000a962  _theta_t2                       
1     0000a964  _freq_t2                        
1     0000a966  _Arm_Cur_A_offset_t             
1     0000a968  _Arm_Cur_B_offset_t             
1     0000a96a  _l                              
1     0000a96b  _m                              
1     0000a96c  _k                              
1     0000a96d  _i                              
1     0000a96e  _j                              
1     0000a96f  _t                              
1     0000a970  _Number_SM                      
1     0000a971  _D_Number_SM                    
1     0000a972  _H_Number_SM                    
1     0000a973  _Group_number                   
1     0000a974  _REF_MIN                        
1     0000a975  _REF_MAX                        
1     0000a976  _HALF_CNT                       
1     0000a977  _Flag_PWM_INIT                  
1     0000a978  _Flag_ADC_init                  
1     0000a97a  _Temp_old                       
1     0000a97c  _Flag_Buffer_HW                 
1     0000a980  _V_SM                           
1     0000a98c  _V_SMt                          
1     0000a998  _offset_sum_SM_Vol              
1     0000a9a4  _sine_offset_t                  
1     0000a9b0  _sine_t                         
1     0000a9bc  _RELAY_OP                       
1     0000a9bd  _IGBT_OP                        
1     0000a9be  _Flag_Bypass                    
1     0000a9c0  _EX_DATA                        
1     0000a9ca  _test_tx_cnt                    
1     0000a9cb  _fault                          
1     0000a9cc  _RX_DATA                        
1     0000a9cd  _RX_ACCESS_INDEX                
1     0000a9d2  _SM_VOL_UNDER_Limit             
1     0000a9d4  _SM_VOL_OVER_LIMIT              
1     0000a9d6  _TEMP_LIMIT                     
1     0000a9d8  _FlagFault                      
1     0000a9da  _BUFFER_HW                      
1     0000a9db  _BUFFER_SW                      
1     0000a9dc  _V_ref_NLC                      
1     0000a9dd  _V_ref_PWM                      
1     0000a9de  _PWM_x                          
1     0000a9df  _NLC_x                          
1     0000a9e0  _Flag_Buffer_SW                 
1     0000a9e6  _Flag_FAN                       
1     0000a9ec  _Flag_IGBT                      
1     0000a9f2  _Flag_Relay                     
1     0000a9f8  _REFERENCE                      
1     0000a9fe  __unlock                        
1     0000aa00  _REFERENCE_t                    
1     0000aa06  _SM_INDEX_NEW                   
1     0000aa0c  ___TI_enable_exit_profile_output
1     0000aa0e  ___TI_cleanup_ptr               
1     0000aa10  ___TI_dtors_ptr                 
1     0003f800  _IPC_Temp_Vol                   
1     0003f818  _IpcDspEcatSlave                
1     0003fc00  _IPC_Temp_Cal                   
1     0003fc18  _IpcDspEcatMaster               
1     00047000  _Emif1Regs                      
1     00050000  _IpcRegs                        
1     00050024  _FlashPumpSemaphoreRegs         
1     0005d200  _ClkCfgRegs                     
1     0005d300  _CpuSysRegs                     
1     0005f000  _DcsmZ1Regs                     
1     0005f040  _DcsmZ2Regs                     
1     0005f070  _DcsmCommonRegs                 
1     0005f400  _MemCfgRegs                     
1     0005f480  _Emif1ConfigRegs                
1     0005f4c0  _AccessProtectionRegs           
1     0005f500  _MemoryErrorRegs                
1     0005f800  _Flash0CtrlRegs                 
1     0005fb00  _Flash0EccRegs                  
1     00078000  _DcsmZ1Otp                      
1     00078200  _DcsmZ2Otp                      
abs   00000000  _pinit_size                     
abs   00000000  _switch_size                    
abs   00000004  _ramfunc_size                   
abs   00000010  _econst_size                    
abs   00000200  __STACK_SIZE                    
abs   0000032a  _cinit_size                     
abs   00001966  _text_size                      
abs   ffffffff  ___TI_pprof_out_hndl            
abs   ffffffff  ___TI_prof_data_size            
abs   ffffffff  ___TI_prof_data_start           
abs   ffffffff  ___binit__                      
abs   ffffffff  ___c_args__                     
abs   ffffffff  ___pinit__                      
abs   ffffffff  binit                           
abs   ffffffff  pinit                           

[330 symbols]
