<?xml version="1.0"?>
<link_info>
   <banner>TMS320C6x Linker PC v8.2.2</banner>
   <copyright>Copyright (c) 1996-2017 Texas Instruments Incorporated</copyright>
   <link_time>0x6051ecbd</link_time>
   <link_errors>0x0</link_errors>
   <output_file>Master_Central_31Lv_DSP_R2.out</output_file>
   <entry_point>
      <name>_c_int00</name>
      <address>0x40503540</address>
   </entry_point>
   <input_file_list>
      <input_file id="fl-2">
         <path>.\Includes\AM572x_C66\</path>
         <kind>object</kind>
         <file>AM572x_C66_GlobarVariableDefs.obj</file>
         <name>AM572x_C66_GlobarVariableDefs.obj</name>
      </input_file>
      <input_file id="fl-3">
         <path>.\Sources\</path>
         <kind>object</kind>
         <file>ADC.obj</file>
         <name>ADC.obj</name>
      </input_file>
      <input_file id="fl-4">
         <path>.\Sources\</path>
         <kind>object</kind>
         <file>CtrlModule.obj</file>
         <name>CtrlModule.obj</name>
      </input_file>
      <input_file id="fl-5">
         <path>.\Sources\</path>
         <kind>object</kind>
         <file>DAC.obj</file>
         <name>DAC.obj</name>
      </input_file>
      <input_file id="fl-6">
         <path>.\Sources\</path>
         <kind>object</kind>
         <file>D_IO.obj</file>
         <name>D_IO.obj</name>
      </input_file>
      <input_file id="fl-7">
         <path>.\Sources\</path>
         <kind>object</kind>
         <file>Fault.obj</file>
         <name>Fault.obj</name>
      </input_file>
      <input_file id="fl-8">
         <path>.\Sources\</path>
         <kind>object</kind>
         <file>Filter.obj</file>
         <name>Filter.obj</name>
      </input_file>
      <input_file id="fl-9">
         <path>.\Sources\</path>
         <kind>object</kind>
         <file>GPIO.obj</file>
         <name>GPIO.obj</name>
      </input_file>
      <input_file id="fl-a">
         <path>.\Sources\</path>
         <kind>object</kind>
         <file>GPMC.obj</file>
         <name>GPMC.obj</name>
      </input_file>
      <input_file id="fl-b">
         <path>.\Sources\</path>
         <kind>object</kind>
         <file>IPC.obj</file>
         <name>IPC.obj</name>
      </input_file>
      <input_file id="fl-c">
         <path>.\Sources\</path>
         <kind>object</kind>
         <file>IntCtrl.obj</file>
         <name>IntCtrl.obj</name>
      </input_file>
      <input_file id="fl-d">
         <path>.\Sources\</path>
         <kind>object</kind>
         <file>Interrupt.obj</file>
         <name>Interrupt.obj</name>
      </input_file>
      <input_file id="fl-e">
         <path>.\Sources\</path>
         <kind>object</kind>
         <file>L3_MAIN_interconnect.obj</file>
         <name>L3_MAIN_interconnect.obj</name>
      </input_file>
      <input_file id="fl-f">
         <path>.\Sources\</path>
         <kind>object</kind>
         <file>LED.obj</file>
         <name>LED.obj</name>
      </input_file>
      <input_file id="fl-10">
         <path>.\Sources\</path>
         <kind>object</kind>
         <file>MMC_Control.obj</file>
         <name>MMC_Control.obj</name>
      </input_file>
      <input_file id="fl-11">
         <path>.\Sources\</path>
         <kind>object</kind>
         <file>Mailbox.obj</file>
         <name>Mailbox.obj</name>
      </input_file>
      <input_file id="fl-12">
         <path>.\Sources\</path>
         <kind>object</kind>
         <file>McSPI.obj</file>
         <name>McSPI.obj</name>
      </input_file>
      <input_file id="fl-13">
         <path>.\Sources\</path>
         <kind>object</kind>
         <file>PRCM.obj</file>
         <name>PRCM.obj</name>
      </input_file>
      <input_file id="fl-14">
         <path>.\Sources\</path>
         <kind>object</kind>
         <file>Sensor.obj</file>
         <name>Sensor.obj</name>
      </input_file>
      <input_file id="fl-15">
         <path>.\Sources\</path>
         <kind>object</kind>
         <file>Timer.obj</file>
         <name>Timer.obj</name>
      </input_file>
      <input_file id="fl-16">
         <path>.\Sources\</path>
         <kind>object</kind>
         <file>device.obj</file>
         <name>device.obj</name>
      </input_file>
      <input_file id="fl-17">
         <path>.\Sources\</path>
         <kind>object</kind>
         <file>main.obj</file>
         <name>main.obj</name>
      </input_file>
      <input_file id="fl-1c">
         <kind>object</kind>
         <file>&lt;internal&gt;</file>
         <name>&lt;internal&gt;</name>
      </input_file>
      <input_file id="fl-36">
         <path>C:\ti\ti-cgt-c6000_8.2.2\lib\</path>
         <kind>archive</kind>
         <file>rts6600_elf.lib</file>
         <name>boot.obj</name>
      </input_file>
      <input_file id="fl-37">
         <path>C:\ti\ti-cgt-c6000_8.2.2\lib\</path>
         <kind>archive</kind>
         <file>rts6600_elf.lib</file>
         <name>ceil.obj</name>
      </input_file>
      <input_file id="fl-38">
         <path>C:\ti\ti-cgt-c6000_8.2.2\lib\</path>
         <kind>archive</kind>
         <file>rts6600_elf.lib</file>
         <name>copy_decompress_none.obj</name>
      </input_file>
      <input_file id="fl-39">
         <path>C:\ti\ti-cgt-c6000_8.2.2\lib\</path>
         <kind>archive</kind>
         <file>rts6600_elf.lib</file>
         <name>copy_decompress_rle.obj</name>
      </input_file>
      <input_file id="fl-3a">
         <path>C:\ti\ti-cgt-c6000_8.2.2\lib\</path>
         <kind>archive</kind>
         <file>rts6600_elf.lib</file>
         <name>copy_zero_init.obj</name>
      </input_file>
      <input_file id="fl-3b">
         <path>C:\ti\ti-cgt-c6000_8.2.2\lib\</path>
         <kind>archive</kind>
         <file>rts6600_elf.lib</file>
         <name>divf.obj</name>
      </input_file>
      <input_file id="fl-3c">
         <path>C:\ti\ti-cgt-c6000_8.2.2\lib\</path>
         <kind>archive</kind>
         <file>rts6600_elf.lib</file>
         <name>exit.obj</name>
      </input_file>
      <input_file id="fl-3d">
         <path>C:\ti\ti-cgt-c6000_8.2.2\lib\</path>
         <kind>archive</kind>
         <file>rts6600_elf.lib</file>
         <name>fixfu.obj</name>
      </input_file>
      <input_file id="fl-3e">
         <path>C:\ti\ti-cgt-c6000_8.2.2\lib\</path>
         <kind>archive</kind>
         <file>rts6600_elf.lib</file>
         <name>floor.obj</name>
      </input_file>
      <input_file id="fl-3f">
         <path>C:\ti\ti-cgt-c6000_8.2.2\lib\</path>
         <kind>archive</kind>
         <file>rts6600_elf.lib</file>
         <name>memcpy64.obj</name>
      </input_file>
      <input_file id="fl-40">
         <path>C:\ti\ti-cgt-c6000_8.2.2\lib\</path>
         <kind>archive</kind>
         <file>rts6600_elf.lib</file>
         <name>memset.obj</name>
      </input_file>
      <input_file id="fl-41">
         <path>C:\ti\ti-cgt-c6000_8.2.2\lib\</path>
         <kind>archive</kind>
         <file>rts6600_elf.lib</file>
         <name>modf.obj</name>
      </input_file>
      <input_file id="fl-42">
         <path>C:\ti\ti-cgt-c6000_8.2.2\lib\</path>
         <kind>archive</kind>
         <file>rts6600_elf.lib</file>
         <name>pre_init.obj</name>
      </input_file>
      <input_file id="fl-43">
         <path>C:\ti\ti-cgt-c6000_8.2.2\lib\</path>
         <kind>archive</kind>
         <file>rts6600_elf.lib</file>
         <name>args_main.obj</name>
      </input_file>
      <input_file id="fl-44">
         <path>C:\ti\ti-cgt-c6000_8.2.2\lib\</path>
         <kind>archive</kind>
         <file>rts6600_elf.lib</file>
         <name>autoinit.obj</name>
      </input_file>
      <input_file id="fl-45">
         <path>C:\ti\ti-cgt-c6000_8.2.2\lib\</path>
         <kind>archive</kind>
         <file>rts6600_elf.lib</file>
         <name>cpy_tbl.obj</name>
      </input_file>
      <input_file id="fl-46">
         <path>C:\ti\ti-cgt-c6000_8.2.2\lib\</path>
         <kind>archive</kind>
         <file>rts6600_elf.lib</file>
         <name>startup.obj</name>
      </input_file>
      <input_file id="fl-47">
         <path>C:\ti\ti-cgt-c6000_8.2.2\lib\</path>
         <kind>archive</kind>
         <file>rts6600_elf.lib</file>
         <name>tls.obj</name>
      </input_file>
      <input_file id="fl-48">
         <path>C:\ti\ti-cgt-c6000_8.2.2\lib\</path>
         <kind>archive</kind>
         <file>rts6600_elf.lib</file>
         <name>tls_get_tp.obj</name>
      </input_file>
   </input_file_list>
   <object_component_list>
      <object_component id="oc-a9">
         <name>DSP_ICFGRegsFile</name>
         <uninitialized>true</uninitialized>
         <run_address>0x1800000</run_address>
         <size>0x18c</size>
         <input_file_ref idref="fl-2"/>
      </object_component>
      <object_component id="oc-a6">
         <name>Timer5RegsFile</name>
         <uninitialized>true</uninitialized>
         <run_address>0x48820000</run_address>
         <size>0x5c</size>
         <input_file_ref idref="fl-2"/>
      </object_component>
      <object_component id="oc-210">
         <name>GPIO2RegsFile</name>
         <uninitialized>true</uninitialized>
         <run_address>0x48055000</run_address>
         <size>0x198</size>
         <input_file_ref idref="fl-2"/>
      </object_component>
      <object_component id="oc-15c">
         <name>GPIO3RegsFile</name>
         <uninitialized>true</uninitialized>
         <run_address>0x48057000</run_address>
         <size>0x198</size>
         <input_file_ref idref="fl-2"/>
      </object_component>
      <object_component id="oc-159">
         <name>GPIO4RegsFile</name>
         <uninitialized>true</uninitialized>
         <run_address>0x48059000</run_address>
         <size>0x198</size>
         <input_file_ref idref="fl-2"/>
      </object_component>
      <object_component id="oc-c4">
         <name>GPIO6RegsFile</name>
         <uninitialized>true</uninitialized>
         <run_address>0x4805d000</run_address>
         <size>0x198</size>
         <input_file_ref idref="fl-2"/>
      </object_component>
      <object_component id="oc-15f">
         <name>GPIO7RegsFile</name>
         <uninitialized>true</uninitialized>
         <run_address>0x48051000</run_address>
         <size>0x198</size>
         <input_file_ref idref="fl-2"/>
      </object_component>
      <object_component id="oc-214">
         <name>McSPI2RegsFile</name>
         <uninitialized>true</uninitialized>
         <run_address>0x4809a000</run_address>
         <size>0x1a4</size>
         <input_file_ref idref="fl-2"/>
      </object_component>
      <object_component id="oc-1f9">
         <name>CM_CORE_AON__IPURegsFile</name>
         <uninitialized>true</uninitialized>
         <run_address>0x4a005500</run_address>
         <size>0x84</size>
         <input_file_ref idref="fl-2"/>
      </object_component>
      <object_component id="oc-1f0">
         <name>CM_CORE_AON__DSP1RegsFile</name>
         <uninitialized>true</uninitialized>
         <run_address>0x4a005400</run_address>
         <size>0x24</size>
         <input_file_ref idref="fl-2"/>
      </object_component>
      <object_component id="oc-1f3">
         <name>CM_CORE__CORERegsFile</name>
         <uninitialized>true</uninitialized>
         <run_address>0x4a008700</run_address>
         <size>0x94</size>
         <input_file_ref idref="fl-2"/>
      </object_component>
      <object_component id="oc-1f6">
         <name>CM_CORE__L4PERRegsFile</name>
         <uninitialized>true</uninitialized>
         <run_address>0x4a009700</run_address>
         <size>0x218</size>
         <input_file_ref idref="fl-2"/>
      </object_component>
      <object_component id="oc-218">
         <name>GPMCRegsFile</name>
         <uninitialized>true</uninitialized>
         <run_address>0x50000000</run_address>
         <size>0x378</size>
         <input_file_ref idref="fl-2"/>
      </object_component>
      <object_component id="oc-1fc">
         <name>MAILBOX2RegsFile</name>
         <uninitialized>true</uninitialized>
         <run_address>0x4883a000</run_address>
         <size>0x144</size>
         <input_file_ref idref="fl-2"/>
      </object_component>
      <object_component id="oc-1ff">
         <name>MAILBOX3RegsFile</name>
         <uninitialized>true</uninitialized>
         <run_address>0x4883c000</run_address>
         <size>0x144</size>
         <input_file_ref idref="fl-2"/>
      </object_component>
      <object_component id="oc-202">
         <name>MAILBOX4RegsFile</name>
         <uninitialized>true</uninitialized>
         <run_address>0x4883e000</run_address>
         <size>0x144</size>
         <input_file_ref idref="fl-2"/>
      </object_component>
      <object_component id="oc-205">
         <name>MAILBOX5RegsFile</name>
         <uninitialized>true</uninitialized>
         <run_address>0x48840000</run_address>
         <size>0x144</size>
         <input_file_ref idref="fl-2"/>
      </object_component>
      <object_component id="oc-208">
         <name>MAILBOX6RegsFile</name>
         <uninitialized>true</uninitialized>
         <run_address>0x48842000</run_address>
         <size>0x144</size>
         <input_file_ref idref="fl-2"/>
      </object_component>
      <object_component id="oc-20b">
         <name>MAILBOX7RegsFile</name>
         <uninitialized>true</uninitialized>
         <run_address>0x48844000</run_address>
         <size>0x144</size>
         <input_file_ref idref="fl-2"/>
      </object_component>
      <object_component id="oc-9a">
         <name>.text</name>
         <load_address>0x40500000</load_address>
         <run_address>0x40500000</run_address>
         <size>0x860</size>
         <input_file_ref idref="fl-14"/>
      </object_component>
      <object_component id="oc-186">
         <name>.text</name>
         <load_address>0x40500860</load_address>
         <run_address>0x40500860</run_address>
         <size>0x7e0</size>
         <input_file_ref idref="fl-a"/>
      </object_component>
      <object_component id="oc-3c">
         <name>.text:retain</name>
         <load_address>0x40501040</load_address>
         <run_address>0x40501040</run_address>
         <size>0x4a0</size>
         <input_file_ref idref="fl-3"/>
      </object_component>
      <object_component id="oc-3d">
         <name>.text</name>
         <load_address>0x405014e0</load_address>
         <run_address>0x405014e0</run_address>
         <size>0x440</size>
         <input_file_ref idref="fl-c"/>
      </object_component>
      <object_component id="oc-174">
         <name>.text</name>
         <load_address>0x40501920</load_address>
         <run_address>0x40501920</run_address>
         <size>0x3e0</size>
         <input_file_ref idref="fl-4"/>
      </object_component>
      <object_component id="oc-16e">
         <name>.text</name>
         <load_address>0x40501d00</load_address>
         <run_address>0x40501d00</run_address>
         <size>0x340</size>
         <input_file_ref idref="fl-13"/>
      </object_component>
      <object_component id="oc-17a">
         <name>.text</name>
         <load_address>0x40502040</load_address>
         <run_address>0x40502040</run_address>
         <size>0x2e0</size>
         <input_file_ref idref="fl-9"/>
      </object_component>
      <object_component id="oc-94">
         <name>.text</name>
         <load_address>0x40502320</load_address>
         <run_address>0x40502320</run_address>
         <size>0x280</size>
         <input_file_ref idref="fl-3"/>
      </object_component>
      <object_component id="oc-be">
         <name>.text</name>
         <load_address>0x405025a0</load_address>
         <run_address>0x405025a0</run_address>
         <size>0x280</size>
         <input_file_ref idref="fl-f"/>
      </object_component>
      <object_component id="oc-12d">
         <name>.text:__c6xabi_divf</name>
         <load_address>0x40502820</load_address>
         <run_address>0x40502820</run_address>
         <size>0x280</size>
         <input_file_ref idref="fl-3b"/>
      </object_component>
      <object_component id="oc-18c">
         <name>.text</name>
         <load_address>0x40502aa0</load_address>
         <run_address>0x40502aa0</run_address>
         <size>0x1a0</size>
         <input_file_ref idref="fl-15"/>
      </object_component>
      <object_component id="oc-4e">
         <name>.text:retain</name>
         <load_address>0x40502c40</load_address>
         <run_address>0x40502c40</run_address>
         <size>0x180</size>
         <input_file_ref idref="fl-d"/>
      </object_component>
      <object_component id="oc-8d">
         <name>.text:_auto_init_elf</name>
         <load_address>0x40502dc0</load_address>
         <run_address>0x40502dc0</run_address>
         <size>0x160</size>
         <input_file_ref idref="fl-44"/>
      </object_component>
      <object_component id="oc-180">
         <name>.text</name>
         <load_address>0x40502f20</load_address>
         <run_address>0x40502f20</run_address>
         <size>0x100</size>
         <input_file_ref idref="fl-12"/>
      </object_component>
      <object_component id="oc-63">
         <name>.text:__TI_decompress_rle_core</name>
         <load_address>0x40503020</load_address>
         <run_address>0x40503020</run_address>
         <size>0x100</size>
         <input_file_ref idref="fl-39"/>
      </object_component>
      <object_component id="oc-fb">
         <name>.text:copy_in</name>
         <load_address>0x40503120</load_address>
         <run_address>0x40503120</run_address>
         <size>0x100</size>
         <input_file_ref idref="fl-45"/>
      </object_component>
      <object_component id="oc-81">
         <name>.text:exit</name>
         <load_address>0x40503220</load_address>
         <run_address>0x40503220</run_address>
         <size>0xe0</size>
         <input_file_ref idref="fl-3c"/>
      </object_component>
      <object_component id="oc-6f">
         <name>.text:memset</name>
         <load_address>0x40503300</load_address>
         <run_address>0x40503300</run_address>
         <size>0xe0</size>
         <input_file_ref idref="fl-40"/>
      </object_component>
      <object_component id="oc-107">
         <name>.text:tls:init:__TI_tls_init</name>
         <load_address>0x405033e0</load_address>
         <run_address>0x405033e0</run_address>
         <size>0xc0</size>
         <input_file_ref idref="fl-47"/>
      </object_component>
      <object_component id="oc-57">
         <name>.text:memcpy</name>
         <load_address>0x405034a0</load_address>
         <run_address>0x405034a0</run_address>
         <size>0xa0</size>
         <input_file_ref idref="fl-3f"/>
      </object_component>
      <object_component id="oc-36">
         <name>.text:_c_int00</name>
         <load_address>0x40503540</load_address>
         <run_address>0x40503540</run_address>
         <size>0x80</size>
         <input_file_ref idref="fl-36"/>
      </object_component>
      <object_component id="oc-10f">
         <name>.text</name>
         <load_address>0x405035c0</load_address>
         <run_address>0x405035c0</run_address>
         <size>0x80</size>
         <input_file_ref idref="fl-16"/>
      </object_component>
      <object_component id="oc-48">
         <name>.text:retain</name>
         <load_address>0x40503640</load_address>
         <run_address>0x40503640</run_address>
         <size>0x80</size>
         <input_file_ref idref="fl-c"/>
      </object_component>
      <object_component id="oc-e7">
         <name>.text</name>
         <load_address>0x405036c0</load_address>
         <run_address>0x405036c0</run_address>
         <size>0x60</size>
         <input_file_ref idref="fl-17"/>
      </object_component>
      <object_component id="oc-7b">
         <name>.text:_args_main</name>
         <load_address>0x40503720</load_address>
         <run_address>0x40503720</run_address>
         <size>0x40</size>
         <input_file_ref idref="fl-43"/>
      </object_component>
      <object_component id="oc-101">
         <name>.text:_system_post_cinit</name>
         <load_address>0x40503760</load_address>
         <run_address>0x40503760</run_address>
         <size>0x20</size>
         <input_file_ref idref="fl-46"/>
      </object_component>
      <object_component id="oc-87">
         <name>.text:_system_pre_init</name>
         <load_address>0x40503780</load_address>
         <run_address>0x40503780</run_address>
         <size>0x20</size>
         <input_file_ref idref="fl-42"/>
      </object_component>
      <object_component id="oc-f2">
         <name>.text:abort</name>
         <load_address>0x405037a0</load_address>
         <run_address>0x405037a0</run_address>
         <size>0x20</size>
         <input_file_ref idref="fl-3c"/>
      </object_component>
      <object_component id="oc-24">
         <name>.text:decompress:none:__TI_decompress_none</name>
         <load_address>0x405037c0</load_address>
         <run_address>0x405037c0</run_address>
         <size>0x20</size>
         <input_file_ref idref="fl-38"/>
      </object_component>
      <object_component id="oc-2a">
         <name>.text:decompress:rle24:__TI_decompress_rle24</name>
         <load_address>0x405037e0</load_address>
         <run_address>0x405037e0</run_address>
         <size>0x20</size>
         <input_file_ref idref="fl-39"/>
      </object_component>
      <object_component id="oc-2ab">
         <name>.cinit..neardata.load</name>
         <load_address>0x40504200</load_address>
         <run_address>0x40504200</run_address>
         <size>0x33</size>
      </object_component>
      <object_component id="oc-2aa">
         <name>.cinit..fardata.load</name>
         <load_address>0x40504233</load_address>
         <run_address>0x40504233</run_address>
         <size>0xd</size>
      </object_component>
      <object_component id="oc-2a9">
         <name>.cinit..vects.load</name>
         <load_address>0x40504240</load_address>
         <run_address>0x40504240</run_address>
         <size>0xb</size>
      </object_component>
      <object_component id="oc-2a0">
         <name>.cinit.CM_CORE__L4PERRegsFile.load</name>
         <load_address>0x4050424b</load_address>
         <run_address>0x4050424b</run_address>
         <size>0xb</size>
      </object_component>
      <object_component id="oc-295">
         <name>.cinit.DSP_ICFGRegsFile.load</name>
         <load_address>0x40504256</load_address>
         <run_address>0x40504256</run_address>
         <size>0xb</size>
      </object_component>
      <object_component id="oc-297">
         <name>.cinit.GPIO2RegsFile.load</name>
         <load_address>0x40504261</load_address>
         <run_address>0x40504261</run_address>
         <size>0xb</size>
      </object_component>
      <object_component id="oc-298">
         <name>.cinit.GPIO3RegsFile.load</name>
         <load_address>0x4050426c</load_address>
         <run_address>0x4050426c</run_address>
         <size>0xb</size>
      </object_component>
      <object_component id="oc-299">
         <name>.cinit.GPIO4RegsFile.load</name>
         <load_address>0x40504277</load_address>
         <run_address>0x40504277</run_address>
         <size>0xb</size>
      </object_component>
      <object_component id="oc-29a">
         <name>.cinit.GPIO6RegsFile.load</name>
         <load_address>0x40504282</load_address>
         <run_address>0x40504282</run_address>
         <size>0xb</size>
      </object_component>
      <object_component id="oc-29b">
         <name>.cinit.GPIO7RegsFile.load</name>
         <load_address>0x4050428d</load_address>
         <run_address>0x4050428d</run_address>
         <size>0xb</size>
      </object_component>
      <object_component id="oc-2a1">
         <name>.cinit.GPMCRegsFile.load</name>
         <load_address>0x40504298</load_address>
         <run_address>0x40504298</run_address>
         <size>0xb</size>
      </object_component>
      <object_component id="oc-2a2">
         <name>.cinit.MAILBOX2RegsFile.load</name>
         <load_address>0x405042a3</load_address>
         <run_address>0x405042a3</run_address>
         <size>0xb</size>
      </object_component>
      <object_component id="oc-2a3">
         <name>.cinit.MAILBOX3RegsFile.load</name>
         <load_address>0x405042ae</load_address>
         <run_address>0x405042ae</run_address>
         <size>0xb</size>
      </object_component>
      <object_component id="oc-2a4">
         <name>.cinit.MAILBOX4RegsFile.load</name>
         <load_address>0x405042b9</load_address>
         <run_address>0x405042b9</run_address>
         <size>0xb</size>
      </object_component>
      <object_component id="oc-2a5">
         <name>.cinit.MAILBOX5RegsFile.load</name>
         <load_address>0x405042c4</load_address>
         <run_address>0x405042c4</run_address>
         <size>0xb</size>
      </object_component>
      <object_component id="oc-2a6">
         <name>.cinit.MAILBOX6RegsFile.load</name>
         <load_address>0x405042cf</load_address>
         <run_address>0x405042cf</run_address>
         <size>0xb</size>
      </object_component>
      <object_component id="oc-2a7">
         <name>.cinit.MAILBOX7RegsFile.load</name>
         <load_address>0x405042da</load_address>
         <run_address>0x405042da</run_address>
         <size>0xb</size>
      </object_component>
      <object_component id="oc-29c">
         <name>.cinit.McSPI2RegsFile.load</name>
         <load_address>0x405042e5</load_address>
         <run_address>0x405042e5</run_address>
         <size>0xb</size>
      </object_component>
      <object_component id="oc-2a8">
         <name>.cinit..far.load</name>
         <load_address>0x405042f0</load_address>
         <run_address>0x405042f0</run_address>
         <size>0x9</size>
      </object_component>
      <object_component id="oc-29e">
         <name>.cinit.CM_CORE_AON__DSP1RegsFile.load</name>
         <load_address>0x405042f9</load_address>
         <run_address>0x405042f9</run_address>
         <size>0x9</size>
      </object_component>
      <object_component id="oc-29d">
         <name>.cinit.CM_CORE_AON__IPURegsFile.load</name>
         <load_address>0x40504302</load_address>
         <run_address>0x40504302</run_address>
         <size>0x9</size>
      </object_component>
      <object_component id="oc-29f">
         <name>.cinit.CM_CORE__CORERegsFile.load</name>
         <load_address>0x4050430b</load_address>
         <run_address>0x4050430b</run_address>
         <size>0x9</size>
      </object_component>
      <object_component id="oc-296">
         <name>.cinit.Timer5RegsFile.load</name>
         <load_address>0x40504314</load_address>
         <run_address>0x40504314</run_address>
         <size>0x9</size>
      </object_component>
      <object_component id="oc-293">
         <name>__TI_handler_table</name>
         <load_address>0x40504320</load_address>
         <run_address>0x40504320</run_address>
         <size>0x8</size>
      </object_component>
      <object_component id="oc-294">
         <name>__TI_cinit_table</name>
         <load_address>0x40504328</load_address>
         <run_address>0x40504328</run_address>
         <size>0xb8</size>
      </object_component>
      <object_component id="oc-54">
         <name>.stack</name>
         <uninitialized>true</uninitialized>
         <run_address>0x40503800</run_address>
         <size>0x8</size>
         <input_file_ref idref="fl-36"/>
      </object_component>
      <object_component id="oc-2ac">
         <name>.stack</name>
         <uninitialized>true</uninitialized>
         <run_address>0x40503800</run_address>
         <size>0x0</size>
      </object_component>
      <object_component id="oc-11f">
         <name>.common:CenLegOpData_Aupper</name>
         <uninitialized>true</uninitialized>
         <run_address>0x405041ca</run_address>
         <size>0x2</size>
      </object_component>
      <object_component id="oc-122">
         <name>.common:CenLegOpData_Alower</name>
         <uninitialized>true</uninitialized>
         <run_address>0x405041c8</run_address>
         <size>0x2</size>
      </object_component>
      <object_component id="oc-123">
         <name>.common:CenLegOpData_Bupper</name>
         <uninitialized>true</uninitialized>
         <run_address>0x405041ce</run_address>
         <size>0x2</size>
      </object_component>
      <object_component id="oc-124">
         <name>.common:CenLegOpData_Blower</name>
         <uninitialized>true</uninitialized>
         <run_address>0x405041cc</run_address>
         <size>0x2</size>
      </object_component>
      <object_component id="oc-125">
         <name>.common:CenLegOpData_Cupper</name>
         <uninitialized>true</uninitialized>
         <run_address>0x405041d2</run_address>
         <size>0x2</size>
      </object_component>
      <object_component id="oc-126">
         <name>.common:CenLegOpData_Clower</name>
         <uninitialized>true</uninitialized>
         <run_address>0x405041d0</run_address>
         <size>0x2</size>
      </object_component>
      <object_component id="oc-116">
         <name>.common:V_AS_sec_T</name>
         <uninitialized>true</uninitialized>
         <run_address>0x405041b8</run_address>
         <size>0x4</size>
      </object_component>
      <object_component id="oc-119">
         <name>.common:V_BS_sec_T</name>
         <uninitialized>true</uninitialized>
         <run_address>0x405041bc</run_address>
         <size>0x4</size>
      </object_component>
      <object_component id="oc-11a">
         <name>.common:V_CS_sec_T</name>
         <uninitialized>true</uninitialized>
         <run_address>0x405041c0</run_address>
         <size>0x4</size>
      </object_component>
      <object_component id="oc-11c">
         <name>.common:I_AS_T</name>
         <uninitialized>true</uninitialized>
         <run_address>0x40504198</run_address>
         <size>0x4</size>
      </object_component>
      <object_component id="oc-11d">
         <name>.common:I_BS_T</name>
         <uninitialized>true</uninitialized>
         <run_address>0x405041a4</run_address>
         <size>0x4</size>
      </object_component>
      <object_component id="oc-11e">
         <name>.common:I_CS_T</name>
         <uninitialized>true</uninitialized>
         <run_address>0x405041b0</run_address>
         <size>0x4</size>
      </object_component>
      <object_component id="oc-127">
         <name>.common:I_AU_T</name>
         <uninitialized>true</uninitialized>
         <run_address>0x4050419c</run_address>
         <size>0x4</size>
      </object_component>
      <object_component id="oc-128">
         <name>.common:I_AL_T</name>
         <uninitialized>true</uninitialized>
         <run_address>0x40504194</run_address>
         <size>0x4</size>
      </object_component>
      <object_component id="oc-129">
         <name>.common:I_BU_T</name>
         <uninitialized>true</uninitialized>
         <run_address>0x405041a8</run_address>
         <size>0x4</size>
      </object_component>
      <object_component id="oc-12a">
         <name>.common:I_BL_T</name>
         <uninitialized>true</uninitialized>
         <run_address>0x405041a0</run_address>
         <size>0x4</size>
      </object_component>
      <object_component id="oc-12b">
         <name>.common:I_CU_T</name>
         <uninitialized>true</uninitialized>
         <run_address>0x405041b4</run_address>
         <size>0x4</size>
      </object_component>
      <object_component id="oc-12c">
         <name>.common:I_CL_T</name>
         <uninitialized>true</uninitialized>
         <run_address>0x405041ac</run_address>
         <size>0x4</size>
      </object_component>
      <object_component id="oc-11b">
         <name>.common:V_DC_T</name>
         <uninitialized>true</uninitialized>
         <run_address>0x405041c4</run_address>
         <size>0x4</size>
      </object_component>
      <object_component id="oc-222">
         <name>.common:DiffTime</name>
         <uninitialized>true</uninitialized>
         <run_address>0x40504190</run_address>
         <size>0x4</size>
      </object_component>
      <object_component id="oc-ac">
         <name>.vects</name>
         <uninitialized>true</uninitialized>
         <run_address>0x800000</run_address>
         <size>0x200</size>
         <input_file_ref idref="fl-c"/>
      </object_component>
      <object_component id="oc-162">
         <name>.switch:LED</name>
         <load_address>0x405041d4</load_address>
         <run_address>0x405041d4</run_address>
         <size>0x1c</size>
         <input_file_ref idref="fl-f"/>
      </object_component>
      <object_component id="oc-ef">
         <name>.fardata</name>
         <load_address>0x405041f0</load_address>
         <run_address>0x405041f0</run_address>
         <size>0xc</size>
         <input_file_ref idref="fl-3c"/>
      </object_component>
      <object_component id="oc-a0">
         <name>.neardata</name>
         <load_address>0x40504000</load_address>
         <run_address>0x40504000</run_address>
         <size>0xb4</size>
         <input_file_ref idref="fl-3"/>
      </object_component>
      <object_component id="oc-21f">
         <name>.neardata</name>
         <load_address>0x40504158</load_address>
         <run_address>0x40504158</run_address>
         <size>0x20</size>
         <input_file_ref idref="fl-d"/>
      </object_component>
      <object_component id="oc-156">
         <name>.neardata</name>
         <load_address>0x4050418a</load_address>
         <run_address>0x4050418a</run_address>
         <size>0x4</size>
         <input_file_ref idref="fl-f"/>
      </object_component>
      <object_component id="oc-a3">
         <name>.neardata</name>
         <load_address>0x405040b4</load_address>
         <run_address>0x405040b4</run_address>
         <size>0xa4</size>
         <input_file_ref idref="fl-14"/>
      </object_component>
      <object_component id="oc-21c">
         <name>.neardata</name>
         <load_address>0x40504178</load_address>
         <run_address>0x40504178</run_address>
         <size>0x12</size>
         <input_file_ref idref="fl-15"/>
      </object_component>
      <object_component id="oc-13a">
         <name>.debug_info</name>
         <load_address>0x0</load_address>
         <run_address>0x0</run_address>
         <size>0x1a2</size>
         <input_file_ref idref="fl-2"/>
      </object_component>
      <object_component id="oc-aa">
         <name>.debug_info</name>
         <load_address>0x1a2</load_address>
         <run_address>0x1a2</run_address>
         <size>0x119</size>
         <input_file_ref idref="fl-2"/>
      </object_component>
      <object_component id="oc-a7">
         <name>.debug_info</name>
         <load_address>0x2bb</load_address>
         <run_address>0x2bb</run_address>
         <size>0x115</size>
         <input_file_ref idref="fl-2"/>
      </object_component>
      <object_component id="oc-211">
         <name>.debug_info</name>
         <load_address>0x3d0</load_address>
         <run_address>0x3d0</run_address>
         <size>0x113</size>
         <input_file_ref idref="fl-2"/>
      </object_component>
      <object_component id="oc-15d">
         <name>.debug_info</name>
         <load_address>0x4e3</load_address>
         <run_address>0x4e3</run_address>
         <size>0x113</size>
         <input_file_ref idref="fl-2"/>
      </object_component>
      <object_component id="oc-15a">
         <name>.debug_info</name>
         <load_address>0x5f6</load_address>
         <run_address>0x5f6</run_address>
         <size>0x113</size>
         <input_file_ref idref="fl-2"/>
      </object_component>
      <object_component id="oc-c5">
         <name>.debug_info</name>
         <load_address>0x709</load_address>
         <run_address>0x709</run_address>
         <size>0x113</size>
         <input_file_ref idref="fl-2"/>
      </object_component>
      <object_component id="oc-160">
         <name>.debug_info</name>
         <load_address>0x81c</load_address>
         <run_address>0x81c</run_address>
         <size>0x113</size>
         <input_file_ref idref="fl-2"/>
      </object_component>
      <object_component id="oc-1f1">
         <name>.debug_info</name>
         <load_address>0x92f</load_address>
         <run_address>0x92f</run_address>
         <size>0x12b</size>
         <input_file_ref idref="fl-2"/>
      </object_component>
      <object_component id="oc-1f4">
         <name>.debug_info</name>
         <load_address>0xa5a</load_address>
         <run_address>0xa5a</run_address>
         <size>0x123</size>
         <input_file_ref idref="fl-2"/>
      </object_component>
      <object_component id="oc-1f7">
         <name>.debug_info</name>
         <load_address>0xb7d</load_address>
         <run_address>0xb7d</run_address>
         <size>0x125</size>
         <input_file_ref idref="fl-2"/>
      </object_component>
      <object_component id="oc-1fa">
         <name>.debug_info</name>
         <load_address>0xca2</load_address>
         <run_address>0xca2</run_address>
         <size>0x129</size>
         <input_file_ref idref="fl-2"/>
      </object_component>
      <object_component id="oc-219">
         <name>.debug_info</name>
         <load_address>0xdcb</load_address>
         <run_address>0xdcb</run_address>
         <size>0x111</size>
         <input_file_ref idref="fl-2"/>
      </object_component>
      <object_component id="oc-215">
         <name>.debug_info</name>
         <load_address>0xedc</load_address>
         <run_address>0xedc</run_address>
         <size>0x115</size>
         <input_file_ref idref="fl-2"/>
      </object_component>
      <object_component id="oc-1fd">
         <name>.debug_info</name>
         <load_address>0xff1</load_address>
         <run_address>0xff1</run_address>
         <size>0x119</size>
         <input_file_ref idref="fl-2"/>
      </object_component>
      <object_component id="oc-200">
         <name>.debug_info</name>
         <load_address>0x110a</load_address>
         <run_address>0x110a</run_address>
         <size>0x119</size>
         <input_file_ref idref="fl-2"/>
      </object_component>
      <object_component id="oc-203">
         <name>.debug_info</name>
         <load_address>0x1223</load_address>
         <run_address>0x1223</run_address>
         <size>0x119</size>
         <input_file_ref idref="fl-2"/>
      </object_component>
      <object_component id="oc-206">
         <name>.debug_info</name>
         <load_address>0x133c</load_address>
         <run_address>0x133c</run_address>
         <size>0x119</size>
         <input_file_ref idref="fl-2"/>
      </object_component>
      <object_component id="oc-209">
         <name>.debug_info</name>
         <load_address>0x1455</load_address>
         <run_address>0x1455</run_address>
         <size>0x119</size>
         <input_file_ref idref="fl-2"/>
      </object_component>
      <object_component id="oc-20c">
         <name>.debug_info</name>
         <load_address>0x156e</load_address>
         <run_address>0x156e</run_address>
         <size>0x119</size>
         <input_file_ref idref="fl-2"/>
      </object_component>
      <object_component id="oc-147">
         <name>.debug_info</name>
         <load_address>0x1687</load_address>
         <run_address>0x1687</run_address>
         <size>0x179a</size>
         <input_file_ref idref="fl-2"/>
      </object_component>
      <object_component id="oc-1b3">
         <name>.debug_info</name>
         <load_address>0x2e21</load_address>
         <run_address>0x2e21</run_address>
         <size>0x2aa1</size>
         <input_file_ref idref="fl-2"/>
      </object_component>
      <object_component id="oc-1be">
         <name>.debug_info</name>
         <load_address>0x58c2</load_address>
         <run_address>0x58c2</run_address>
         <size>0x2a5</size>
         <input_file_ref idref="fl-2"/>
      </object_component>
      <object_component id="oc-1c3">
         <name>.debug_info</name>
         <load_address>0x5b67</load_address>
         <run_address>0x5b67</run_address>
         <size>0x29a</size>
         <input_file_ref idref="fl-2"/>
      </object_component>
      <object_component id="oc-1c8">
         <name>.debug_info</name>
         <load_address>0x5e01</load_address>
         <run_address>0x5e01</run_address>
         <size>0x460</size>
         <input_file_ref idref="fl-2"/>
      </object_component>
      <object_component id="oc-1cd">
         <name>.debug_info</name>
         <load_address>0x6261</load_address>
         <run_address>0x6261</run_address>
         <size>0xc41</size>
         <input_file_ref idref="fl-2"/>
      </object_component>
      <object_component id="oc-1d2">
         <name>.debug_info</name>
         <load_address>0x6ea2</load_address>
         <run_address>0x6ea2</run_address>
         <size>0xbd0</size>
         <input_file_ref idref="fl-2"/>
      </object_component>
      <object_component id="oc-151">
         <name>.debug_info</name>
         <load_address>0x7a72</load_address>
         <run_address>0x7a72</run_address>
         <size>0x18dc</size>
         <input_file_ref idref="fl-2"/>
      </object_component>
      <object_component id="oc-1dc">
         <name>.debug_info</name>
         <load_address>0x934e</load_address>
         <run_address>0x934e</run_address>
         <size>0xe41</size>
         <input_file_ref idref="fl-2"/>
      </object_component>
      <object_component id="oc-1d7">
         <name>.debug_info</name>
         <load_address>0xa18f</load_address>
         <run_address>0xa18f</run_address>
         <size>0x12e8</size>
         <input_file_ref idref="fl-2"/>
      </object_component>
      <object_component id="oc-b8">
         <name>.debug_info</name>
         <load_address>0xb477</load_address>
         <run_address>0xb477</run_address>
         <size>0xc0</size>
         <input_file_ref idref="fl-2"/>
      </object_component>
      <object_component id="oc-b2">
         <name>.debug_info</name>
         <load_address>0xb537</load_address>
         <run_address>0xb537</run_address>
         <size>0x87</size>
         <input_file_ref idref="fl-2"/>
      </object_component>
      <object_component id="oc-1e1">
         <name>.debug_info</name>
         <load_address>0xb5be</load_address>
         <run_address>0xb5be</run_address>
         <size>0x868</size>
         <input_file_ref idref="fl-3"/>
      </object_component>
      <object_component id="oc-a1">
         <name>.debug_info</name>
         <load_address>0xbe26</load_address>
         <run_address>0xbe26</run_address>
         <size>0x78e</size>
         <input_file_ref idref="fl-3"/>
      </object_component>
      <object_component id="oc-95">
         <name>.debug_info</name>
         <load_address>0xc5b4</load_address>
         <run_address>0xc5b4</run_address>
         <size>0x243</size>
         <input_file_ref idref="fl-3"/>
      </object_component>
      <object_component id="oc-43">
         <name>.debug_info</name>
         <load_address>0xc7f7</load_address>
         <run_address>0xc7f7</run_address>
         <size>0x181</size>
         <input_file_ref idref="fl-3"/>
      </object_component>
      <object_component id="oc-14c">
         <name>.debug_info</name>
         <load_address>0xc978</load_address>
         <run_address>0xc978</run_address>
         <size>0x26b</size>
         <input_file_ref idref="fl-3"/>
      </object_component>
      <object_component id="oc-142">
         <name>.debug_info</name>
         <load_address>0xcbe3</load_address>
         <run_address>0xcbe3</run_address>
         <size>0x1a03</size>
         <input_file_ref idref="fl-3"/>
      </object_component>
      <object_component id="oc-1e3">
         <name>.debug_info</name>
         <load_address>0xe5e6</load_address>
         <run_address>0xe5e6</run_address>
         <size>0x275</size>
         <input_file_ref idref="fl-3"/>
      </object_component>
      <object_component id="oc-175">
         <name>.debug_info</name>
         <load_address>0xe85b</load_address>
         <run_address>0xe85b</run_address>
         <size>0x1c8</size>
         <input_file_ref idref="fl-4"/>
      </object_component>
      <object_component id="oc-17b">
         <name>.debug_info</name>
         <load_address>0xea23</load_address>
         <run_address>0xea23</run_address>
         <size>0x128</size>
         <input_file_ref idref="fl-9"/>
      </object_component>
      <object_component id="oc-120">
         <name>.debug_info</name>
         <load_address>0xeb4b</load_address>
         <run_address>0xeb4b</run_address>
         <size>0x9f3</size>
         <input_file_ref idref="fl-a"/>
      </object_component>
      <object_component id="oc-187">
         <name>.debug_info</name>
         <load_address>0xf53e</load_address>
         <run_address>0xf53e</run_address>
         <size>0x128</size>
         <input_file_ref idref="fl-a"/>
      </object_component>
      <object_component id="oc-b0">
         <name>.debug_info</name>
         <load_address>0xf666</load_address>
         <run_address>0xf666</run_address>
         <size>0x723</size>
         <input_file_ref idref="fl-c"/>
      </object_component>
      <object_component id="oc-ad">
         <name>.debug_info</name>
         <load_address>0xfd89</load_address>
         <run_address>0xfd89</run_address>
         <size>0xf1</size>
         <input_file_ref idref="fl-c"/>
      </object_component>
      <object_component id="oc-3e">
         <name>.debug_info</name>
         <load_address>0xfe7a</load_address>
         <run_address>0xfe7a</run_address>
         <size>0x3ae</size>
         <input_file_ref idref="fl-c"/>
      </object_component>
      <object_component id="oc-49">
         <name>.debug_info</name>
         <load_address>0x10228</load_address>
         <run_address>0x10228</run_address>
         <size>0x5cf</size>
         <input_file_ref idref="fl-c"/>
      </object_component>
      <object_component id="oc-220">
         <name>.debug_info</name>
         <load_address>0x107f7</load_address>
         <run_address>0x107f7</run_address>
         <size>0x346</size>
         <input_file_ref idref="fl-d"/>
      </object_component>
      <object_component id="oc-4f">
         <name>.debug_info</name>
         <load_address>0x10b3d</load_address>
         <run_address>0x10b3d</run_address>
         <size>0x148</size>
         <input_file_ref idref="fl-d"/>
      </object_component>
      <object_component id="oc-157">
         <name>.debug_info</name>
         <load_address>0x10c85</load_address>
         <run_address>0x10c85</run_address>
         <size>0x10a</size>
         <input_file_ref idref="fl-f"/>
      </object_component>
      <object_component id="oc-bf">
         <name>.debug_info</name>
         <load_address>0x10d8f</load_address>
         <run_address>0x10d8f</run_address>
         <size>0x119</size>
         <input_file_ref idref="fl-f"/>
      </object_component>
      <object_component id="oc-181">
         <name>.debug_info</name>
         <load_address>0x10ea8</load_address>
         <run_address>0x10ea8</run_address>
         <size>0x12d</size>
         <input_file_ref idref="fl-12"/>
      </object_component>
      <object_component id="oc-170">
         <name>.debug_info</name>
         <load_address>0x10fd5</load_address>
         <run_address>0x10fd5</run_address>
         <size>0x128</size>
         <input_file_ref idref="fl-13"/>
      </object_component>
      <object_component id="oc-117">
         <name>.debug_info</name>
         <load_address>0x110fd</load_address>
         <run_address>0x110fd</run_address>
         <size>0xc15</size>
         <input_file_ref idref="fl-14"/>
      </object_component>
      <object_component id="oc-a4">
         <name>.debug_info</name>
         <load_address>0x11d12</load_address>
         <run_address>0x11d12</run_address>
         <size>0x574</size>
         <input_file_ref idref="fl-14"/>
      </object_component>
      <object_component id="oc-9b">
         <name>.debug_info</name>
         <load_address>0x12286</load_address>
         <run_address>0x12286</run_address>
         <size>0x1ad</size>
         <input_file_ref idref="fl-14"/>
      </object_component>
      <object_component id="oc-223">
         <name>.debug_info</name>
         <load_address>0x12433</load_address>
         <run_address>0x12433</run_address>
         <size>0x760</size>
         <input_file_ref idref="fl-15"/>
      </object_component>
      <object_component id="oc-21d">
         <name>.debug_info</name>
         <load_address>0x12b93</load_address>
         <run_address>0x12b93</run_address>
         <size>0x181</size>
         <input_file_ref idref="fl-15"/>
      </object_component>
      <object_component id="oc-18e">
         <name>.debug_info</name>
         <load_address>0x12d14</load_address>
         <run_address>0x12d14</run_address>
         <size>0x1ed</size>
         <input_file_ref idref="fl-15"/>
      </object_component>
      <object_component id="oc-110">
         <name>.debug_info</name>
         <load_address>0x12f01</load_address>
         <run_address>0x12f01</run_address>
         <size>0x214</size>
         <input_file_ref idref="fl-16"/>
      </object_component>
      <object_component id="oc-e9">
         <name>.debug_info</name>
         <load_address>0x13115</load_address>
         <run_address>0x13115</run_address>
         <size>0x1a0</size>
         <input_file_ref idref="fl-17"/>
      </object_component>
      <object_component id="oc-ca">
         <name>.debug_info</name>
         <load_address>0x132b5</load_address>
         <run_address>0x132b5</run_address>
         <size>0x5d6</size>
         <input_file_ref idref="fl-36"/>
      </object_component>
      <object_component id="oc-55">
         <name>.debug_info</name>
         <load_address>0x1388b</load_address>
         <run_address>0x1388b</run_address>
         <size>0xed</size>
         <input_file_ref idref="fl-36"/>
      </object_component>
      <object_component id="oc-39">
         <name>.debug_info</name>
         <load_address>0x13978</load_address>
         <run_address>0x13978</run_address>
         <size>0x17a</size>
         <input_file_ref idref="fl-36"/>
      </object_component>
      <object_component id="oc-d3">
         <name>.debug_info</name>
         <load_address>0x13af2</load_address>
         <run_address>0x13af2</run_address>
         <size>0xb2</size>
         <input_file_ref idref="fl-36"/>
      </object_component>
      <object_component id="oc-62">
         <name>.debug_info</name>
         <load_address>0x13ba4</load_address>
         <run_address>0x13ba4</run_address>
         <size>0x5ab</size>
         <input_file_ref idref="fl-38"/>
      </object_component>
      <object_component id="oc-26">
         <name>.debug_info</name>
         <load_address>0x1414f</load_address>
         <run_address>0x1414f</run_address>
         <size>0x1c4</size>
         <input_file_ref idref="fl-38"/>
      </object_component>
      <object_component id="oc-5d">
         <name>.debug_info</name>
         <load_address>0x14313</load_address>
         <run_address>0x14313</run_address>
         <size>0x46</size>
         <input_file_ref idref="fl-38"/>
      </object_component>
      <object_component id="oc-cc">
         <name>.debug_info</name>
         <load_address>0x14359</load_address>
         <run_address>0x14359</run_address>
         <size>0x2c</size>
         <input_file_ref idref="fl-38"/>
      </object_component>
      <object_component id="oc-d9">
         <name>.debug_info</name>
         <load_address>0x14385</load_address>
         <run_address>0x14385</run_address>
         <size>0x595</size>
         <input_file_ref idref="fl-39"/>
      </object_component>
      <object_component id="oc-65">
         <name>.debug_info</name>
         <load_address>0x1491a</load_address>
         <run_address>0x1491a</run_address>
         <size>0x24c</size>
         <input_file_ref idref="fl-39"/>
      </object_component>
      <object_component id="oc-2b">
         <name>.debug_info</name>
         <load_address>0x14b66</load_address>
         <run_address>0x14b66</run_address>
         <size>0x1a9</size>
         <input_file_ref idref="fl-39"/>
      </object_component>
      <object_component id="oc-6a">
         <name>.debug_info</name>
         <load_address>0x14d0f</load_address>
         <run_address>0x14d0f</run_address>
         <size>0x46</size>
         <input_file_ref idref="fl-39"/>
      </object_component>
      <object_component id="oc-e1">
         <name>.debug_info</name>
         <load_address>0x14d55</load_address>
         <run_address>0x14d55</run_address>
         <size>0x2c</size>
         <input_file_ref idref="fl-39"/>
      </object_component>
      <object_component id="oc-da">
         <name>.debug_info</name>
         <load_address>0x14d81</load_address>
         <run_address>0x14d81</run_address>
         <size>0x39</size>
         <input_file_ref idref="fl-39"/>
      </object_component>
      <object_component id="oc-1bb">
         <name>.debug_info</name>
         <load_address>0x14dba</load_address>
         <run_address>0x14dba</run_address>
         <size>0x5f7</size>
         <input_file_ref idref="fl-3b"/>
      </object_component>
      <object_component id="oc-12e">
         <name>.debug_info</name>
         <load_address>0x153b1</load_address>
         <run_address>0x153b1</run_address>
         <size>0x189</size>
         <input_file_ref idref="fl-3b"/>
      </object_component>
      <object_component id="oc-f9">
         <name>.debug_info</name>
         <load_address>0x1553a</load_address>
         <run_address>0x1553a</run_address>
         <size>0x5bf</size>
         <input_file_ref idref="fl-3c"/>
      </object_component>
      <object_component id="oc-f0">
         <name>.debug_info</name>
         <load_address>0x15af9</load_address>
         <run_address>0x15af9</run_address>
         <size>0x17d</size>
         <input_file_ref idref="fl-3c"/>
      </object_component>
      <object_component id="oc-f6">
         <name>.debug_info</name>
         <load_address>0x15c76</load_address>
         <run_address>0x15c76</run_address>
         <size>0x10f</size>
         <input_file_ref idref="fl-3c"/>
      </object_component>
      <object_component id="oc-82">
         <name>.debug_info</name>
         <load_address>0x15d85</load_address>
         <run_address>0x15d85</run_address>
         <size>0x16f</size>
         <input_file_ref idref="fl-3c"/>
      </object_component>
      <object_component id="oc-58">
         <name>.debug_info</name>
         <load_address>0x15ef4</load_address>
         <run_address>0x15ef4</run_address>
         <size>0x119</size>
         <input_file_ref idref="fl-3f"/>
      </object_component>
      <object_component id="oc-e0">
         <name>.debug_info</name>
         <load_address>0x1600d</load_address>
         <run_address>0x1600d</run_address>
         <size>0x674</size>
         <input_file_ref idref="fl-40"/>
      </object_component>
      <object_component id="oc-71">
         <name>.debug_info</name>
         <load_address>0x16681</load_address>
         <run_address>0x16681</run_address>
         <size>0x21e</size>
         <input_file_ref idref="fl-40"/>
      </object_component>
      <object_component id="oc-88">
         <name>.debug_info</name>
         <load_address>0x1689f</load_address>
         <run_address>0x1689f</run_address>
         <size>0x140</size>
         <input_file_ref idref="fl-42"/>
      </object_component>
      <object_component id="oc-ee">
         <name>.debug_info</name>
         <load_address>0x169df</load_address>
         <run_address>0x169df</run_address>
         <size>0x5cc</size>
         <input_file_ref idref="fl-43"/>
      </object_component>
      <object_component id="oc-7c">
         <name>.debug_info</name>
         <load_address>0x16fab</load_address>
         <run_address>0x16fab</run_address>
         <size>0x15f</size>
         <input_file_ref idref="fl-43"/>
      </object_component>
      <object_component id="oc-195">
         <name>.debug_info</name>
         <load_address>0x1710a</load_address>
         <run_address>0x1710a</run_address>
         <size>0x5e</size>
         <input_file_ref idref="fl-43"/>
      </object_component>
      <object_component id="oc-10e">
         <name>.debug_info</name>
         <load_address>0x17168</load_address>
         <run_address>0x17168</run_address>
         <size>0x79e</size>
         <input_file_ref idref="fl-44"/>
      </object_component>
      <object_component id="oc-91">
         <name>.debug_info</name>
         <load_address>0x17906</load_address>
         <run_address>0x17906</run_address>
         <size>0x1bc</size>
         <input_file_ref idref="fl-44"/>
      </object_component>
      <object_component id="oc-1a6">
         <name>.debug_info</name>
         <load_address>0x17ac2</load_address>
         <run_address>0x17ac2</run_address>
         <size>0x39</size>
         <input_file_ref idref="fl-44"/>
      </object_component>
      <object_component id="oc-239">
         <name>.debug_info</name>
         <load_address>0x17afb</load_address>
         <run_address>0x17afb</run_address>
         <size>0x39</size>
         <input_file_ref idref="fl-44"/>
      </object_component>
      <object_component id="oc-1ab">
         <name>.debug_info</name>
         <load_address>0x17b34</load_address>
         <run_address>0x17b34</run_address>
         <size>0xcd</size>
         <input_file_ref idref="fl-44"/>
      </object_component>
      <object_component id="oc-1a0">
         <name>.debug_info</name>
         <load_address>0x17c01</load_address>
         <run_address>0x17c01</run_address>
         <size>0x650</size>
         <input_file_ref idref="fl-45"/>
      </object_component>
      <object_component id="oc-fc">
         <name>.debug_info</name>
         <load_address>0x18251</load_address>
         <run_address>0x18251</run_address>
         <size>0x194</size>
         <input_file_ref idref="fl-45"/>
      </object_component>
      <object_component id="oc-228">
         <name>.debug_info</name>
         <load_address>0x183e5</load_address>
         <run_address>0x183e5</run_address>
         <size>0x2c</size>
         <input_file_ref idref="fl-45"/>
      </object_component>
      <object_component id="oc-102">
         <name>.debug_info</name>
         <load_address>0x18411</load_address>
         <run_address>0x18411</run_address>
         <size>0x13d</size>
         <input_file_ref idref="fl-46"/>
      </object_component>
      <object_component id="oc-1a3">
         <name>.debug_info</name>
         <load_address>0x1854e</load_address>
         <run_address>0x1854e</run_address>
         <size>0x744</size>
         <input_file_ref idref="fl-47"/>
      </object_component>
      <object_component id="oc-109">
         <name>.debug_info</name>
         <load_address>0x18c92</load_address>
         <run_address>0x18c92</run_address>
         <size>0x207</size>
         <input_file_ref idref="fl-47"/>
      </object_component>
      <object_component id="oc-22f">
         <name>.debug_info</name>
         <load_address>0x18e99</load_address>
         <run_address>0x18e99</run_address>
         <size>0x2c</size>
         <input_file_ref idref="fl-47"/>
      </object_component>
      <object_component id="oc-234">
         <name>.debug_info</name>
         <load_address>0x18ec5</load_address>
         <run_address>0x18ec5</run_address>
         <size>0x39</size>
         <input_file_ref idref="fl-47"/>
      </object_component>
      <object_component id="oc-2ad">
         <name>.debug_info</name>
         <load_address>0x18efe</load_address>
         <run_address>0x18efe</run_address>
         <size>0xc0</size>
      </object_component>
      <object_component id="oc-1bd">
         <name>.debug_line</name>
         <load_address>0x0</load_address>
         <run_address>0x0</run_address>
         <size>0x4f</size>
         <input_file_ref idref="fl-2"/>
      </object_component>
      <object_component id="oc-13d">
         <name>.debug_line</name>
         <load_address>0x4f</load_address>
         <run_address>0x4f</run_address>
         <size>0x5a</size>
         <input_file_ref idref="fl-2"/>
      </object_component>
      <object_component id="oc-139">
         <name>.debug_line</name>
         <load_address>0xa9</load_address>
         <run_address>0xa9</run_address>
         <size>0x5a</size>
         <input_file_ref idref="fl-2"/>
      </object_component>
      <object_component id="oc-257">
         <name>.debug_line</name>
         <load_address>0x103</load_address>
         <run_address>0x103</run_address>
         <size>0x5a</size>
         <input_file_ref idref="fl-2"/>
      </object_component>
      <object_component id="oc-1ed">
         <name>.debug_line</name>
         <load_address>0x15d</load_address>
         <run_address>0x15d</run_address>
         <size>0x5a</size>
         <input_file_ref idref="fl-2"/>
      </object_component>
      <object_component id="oc-1eb">
         <name>.debug_line</name>
         <load_address>0x1b7</load_address>
         <run_address>0x1b7</run_address>
         <size>0x5a</size>
         <input_file_ref idref="fl-2"/>
      </object_component>
      <object_component id="oc-165">
         <name>.debug_line</name>
         <load_address>0x211</load_address>
         <run_address>0x211</run_address>
         <size>0x5a</size>
         <input_file_ref idref="fl-2"/>
      </object_component>
      <object_component id="oc-1ef">
         <name>.debug_line</name>
         <load_address>0x26b</load_address>
         <run_address>0x26b</run_address>
         <size>0x5a</size>
         <input_file_ref idref="fl-2"/>
      </object_component>
      <object_component id="oc-243">
         <name>.debug_line</name>
         <load_address>0x2c5</load_address>
         <run_address>0x2c5</run_address>
         <size>0x5a</size>
         <input_file_ref idref="fl-2"/>
      </object_component>
      <object_component id="oc-245">
         <name>.debug_line</name>
         <load_address>0x31f</load_address>
         <run_address>0x31f</run_address>
         <size>0x5a</size>
         <input_file_ref idref="fl-2"/>
      </object_component>
      <object_component id="oc-247">
         <name>.debug_line</name>
         <load_address>0x379</load_address>
         <run_address>0x379</run_address>
         <size>0x5a</size>
         <input_file_ref idref="fl-2"/>
      </object_component>
      <object_component id="oc-249">
         <name>.debug_line</name>
         <load_address>0x3d3</load_address>
         <run_address>0x3d3</run_address>
         <size>0x5a</size>
         <input_file_ref idref="fl-2"/>
      </object_component>
      <object_component id="oc-25b">
         <name>.debug_line</name>
         <load_address>0x42d</load_address>
         <run_address>0x42d</run_address>
         <size>0x5a</size>
         <input_file_ref idref="fl-2"/>
      </object_component>
      <object_component id="oc-259">
         <name>.debug_line</name>
         <load_address>0x487</load_address>
         <run_address>0x487</run_address>
         <size>0x5a</size>
         <input_file_ref idref="fl-2"/>
      </object_component>
      <object_component id="oc-24b">
         <name>.debug_line</name>
         <load_address>0x4e1</load_address>
         <run_address>0x4e1</run_address>
         <size>0x5a</size>
         <input_file_ref idref="fl-2"/>
      </object_component>
      <object_component id="oc-24d">
         <name>.debug_line</name>
         <load_address>0x53b</load_address>
         <run_address>0x53b</run_address>
         <size>0x5a</size>
         <input_file_ref idref="fl-2"/>
      </object_component>
      <object_component id="oc-24f">
         <name>.debug_line</name>
         <load_address>0x595</load_address>
         <run_address>0x595</run_address>
         <size>0x5a</size>
         <input_file_ref idref="fl-2"/>
      </object_component>
      <object_component id="oc-251">
         <name>.debug_line</name>
         <load_address>0x5ef</load_address>
         <run_address>0x5ef</run_address>
         <size>0x5a</size>
         <input_file_ref idref="fl-2"/>
      </object_component>
      <object_component id="oc-253">
         <name>.debug_line</name>
         <load_address>0x649</load_address>
         <run_address>0x649</run_address>
         <size>0x5a</size>
         <input_file_ref idref="fl-2"/>
      </object_component>
      <object_component id="oc-255">
         <name>.debug_line</name>
         <load_address>0x6a3</load_address>
         <run_address>0x6a3</run_address>
         <size>0x5a</size>
         <input_file_ref idref="fl-2"/>
      </object_component>
      <object_component id="oc-149">
         <name>.debug_line</name>
         <load_address>0x6fd</load_address>
         <run_address>0x6fd</run_address>
         <size>0x50</size>
         <input_file_ref idref="fl-2"/>
      </object_component>
      <object_component id="oc-1b5">
         <name>.debug_line</name>
         <load_address>0x74d</load_address>
         <run_address>0x74d</run_address>
         <size>0x4c</size>
         <input_file_ref idref="fl-2"/>
      </object_component>
      <object_component id="oc-1c0">
         <name>.debug_line</name>
         <load_address>0x799</load_address>
         <run_address>0x799</run_address>
         <size>0x64</size>
         <input_file_ref idref="fl-2"/>
      </object_component>
      <object_component id="oc-1c5">
         <name>.debug_line</name>
         <load_address>0x7fd</load_address>
         <run_address>0x7fd</run_address>
         <size>0x58</size>
         <input_file_ref idref="fl-2"/>
      </object_component>
      <object_component id="oc-1ca">
         <name>.debug_line</name>
         <load_address>0x855</load_address>
         <run_address>0x855</run_address>
         <size>0x60</size>
         <input_file_ref idref="fl-2"/>
      </object_component>
      <object_component id="oc-1cf">
         <name>.debug_line</name>
         <load_address>0x8b5</load_address>
         <run_address>0x8b5</run_address>
         <size>0x61</size>
         <input_file_ref idref="fl-2"/>
      </object_component>
      <object_component id="oc-1d4">
         <name>.debug_line</name>
         <load_address>0x916</load_address>
         <run_address>0x916</run_address>
         <size>0x4c</size>
         <input_file_ref idref="fl-2"/>
      </object_component>
      <object_component id="oc-153">
         <name>.debug_line</name>
         <load_address>0x962</load_address>
         <run_address>0x962</run_address>
         <size>0x4f</size>
         <input_file_ref idref="fl-2"/>
      </object_component>
      <object_component id="oc-1de">
         <name>.debug_line</name>
         <load_address>0x9b1</load_address>
         <run_address>0x9b1</run_address>
         <size>0x4d</size>
         <input_file_ref idref="fl-2"/>
      </object_component>
      <object_component id="oc-1d9">
         <name>.debug_line</name>
         <load_address>0x9fe</load_address>
         <run_address>0x9fe</run_address>
         <size>0x4d</size>
         <input_file_ref idref="fl-2"/>
      </object_component>
      <object_component id="oc-ba">
         <name>.debug_line</name>
         <load_address>0xa4b</load_address>
         <run_address>0xa4b</run_address>
         <size>0x20</size>
         <input_file_ref idref="fl-2"/>
      </object_component>
      <object_component id="oc-b4">
         <name>.debug_line</name>
         <load_address>0xa6b</load_address>
         <run_address>0xa6b</run_address>
         <size>0x4e</size>
         <input_file_ref idref="fl-2"/>
      </object_component>
      <object_component id="oc-241">
         <name>.debug_line</name>
         <load_address>0xab9</load_address>
         <run_address>0xab9</run_address>
         <size>0x24d</size>
         <input_file_ref idref="fl-3"/>
      </object_component>
      <object_component id="oc-135">
         <name>.debug_line</name>
         <load_address>0xd06</load_address>
         <run_address>0xd06</run_address>
         <size>0x34</size>
         <input_file_ref idref="fl-3"/>
      </object_component>
      <object_component id="oc-98">
         <name>.debug_line</name>
         <load_address>0xd3a</load_address>
         <run_address>0xd3a</run_address>
         <size>0xd2</size>
         <input_file_ref idref="fl-3"/>
      </object_component>
      <object_component id="oc-46">
         <name>.debug_line</name>
         <load_address>0xe0c</load_address>
         <run_address>0xe0c</run_address>
         <size>0x7d</size>
         <input_file_ref idref="fl-3"/>
      </object_component>
      <object_component id="oc-14e">
         <name>.debug_line</name>
         <load_address>0xe89</load_address>
         <run_address>0xe89</run_address>
         <size>0x6b</size>
         <input_file_ref idref="fl-3"/>
      </object_component>
      <object_component id="oc-144">
         <name>.debug_line</name>
         <load_address>0xef4</load_address>
         <run_address>0xef4</run_address>
         <size>0x86</size>
         <input_file_ref idref="fl-3"/>
      </object_component>
      <object_component id="oc-1e5">
         <name>.debug_line</name>
         <load_address>0xf7a</load_address>
         <run_address>0xf7a</run_address>
         <size>0x6f</size>
         <input_file_ref idref="fl-3"/>
      </object_component>
      <object_component id="oc-178">
         <name>.debug_line</name>
         <load_address>0xfe9</load_address>
         <run_address>0xfe9</run_address>
         <size>0xc2</size>
         <input_file_ref idref="fl-4"/>
      </object_component>
      <object_component id="oc-17e">
         <name>.debug_line</name>
         <load_address>0x10ab</load_address>
         <run_address>0x10ab</run_address>
         <size>0x97</size>
         <input_file_ref idref="fl-9"/>
      </object_component>
      <object_component id="oc-1b9">
         <name>.debug_line</name>
         <load_address>0x1142</load_address>
         <run_address>0x1142</run_address>
         <size>0x11e</size>
         <input_file_ref idref="fl-a"/>
      </object_component>
      <object_component id="oc-18a">
         <name>.debug_line</name>
         <load_address>0x1260</load_address>
         <run_address>0x1260</run_address>
         <size>0xba</size>
         <input_file_ref idref="fl-a"/>
      </object_component>
      <object_component id="oc-141">
         <name>.debug_line</name>
         <load_address>0x131a</load_address>
         <run_address>0x131a</run_address>
         <size>0x1d9</size>
         <input_file_ref idref="fl-c"/>
      </object_component>
      <object_component id="oc-13f">
         <name>.debug_line</name>
         <load_address>0x14f3</load_address>
         <run_address>0x14f3</run_address>
         <size>0x38</size>
         <input_file_ref idref="fl-c"/>
      </object_component>
      <object_component id="oc-41">
         <name>.debug_line</name>
         <load_address>0x152b</load_address>
         <run_address>0x152b</run_address>
         <size>0xc4</size>
         <input_file_ref idref="fl-c"/>
      </object_component>
      <object_component id="oc-4c">
         <name>.debug_line</name>
         <load_address>0x15ef</load_address>
         <run_address>0x15ef</run_address>
         <size>0x13b</size>
         <input_file_ref idref="fl-c"/>
      </object_component>
      <object_component id="oc-25f">
         <name>.debug_line</name>
         <load_address>0x172a</load_address>
         <run_address>0x172a</run_address>
         <size>0x3a</size>
         <input_file_ref idref="fl-d"/>
      </object_component>
      <object_component id="oc-53">
         <name>.debug_line</name>
         <load_address>0x1764</load_address>
         <run_address>0x1764</run_address>
         <size>0x5d</size>
         <input_file_ref idref="fl-d"/>
      </object_component>
      <object_component id="oc-1e9">
         <name>.debug_line</name>
         <load_address>0x17c1</load_address>
         <run_address>0x17c1</run_address>
         <size>0x34</size>
         <input_file_ref idref="fl-f"/>
      </object_component>
      <object_component id="oc-c2">
         <name>.debug_line</name>
         <load_address>0x17f5</load_address>
         <run_address>0x17f5</run_address>
         <size>0xca</size>
         <input_file_ref idref="fl-f"/>
      </object_component>
      <object_component id="oc-184">
         <name>.debug_line</name>
         <load_address>0x18bf</load_address>
         <run_address>0x18bf</run_address>
         <size>0x5b</size>
         <input_file_ref idref="fl-12"/>
      </object_component>
      <object_component id="oc-16f">
         <name>.debug_line</name>
         <load_address>0x191a</load_address>
         <run_address>0x191a</run_address>
         <size>0x9c</size>
         <input_file_ref idref="fl-13"/>
      </object_component>
      <object_component id="oc-1b2">
         <name>.debug_line</name>
         <load_address>0x19b6</load_address>
         <run_address>0x19b6</run_address>
         <size>0x183</size>
         <input_file_ref idref="fl-14"/>
      </object_component>
      <object_component id="oc-137">
         <name>.debug_line</name>
         <load_address>0x1b39</load_address>
         <run_address>0x1b39</run_address>
         <size>0x37</size>
         <input_file_ref idref="fl-14"/>
      </object_component>
      <object_component id="oc-9e">
         <name>.debug_line</name>
         <load_address>0x1b70</load_address>
         <run_address>0x1b70</run_address>
         <size>0xc8</size>
         <input_file_ref idref="fl-14"/>
      </object_component>
      <object_component id="oc-261">
         <name>.debug_line</name>
         <load_address>0x1c38</load_address>
         <run_address>0x1c38</run_address>
         <size>0x184</size>
         <input_file_ref idref="fl-15"/>
      </object_component>
      <object_component id="oc-25d">
         <name>.debug_line</name>
         <load_address>0x1dbc</load_address>
         <run_address>0x1dbc</run_address>
         <size>0x36</size>
         <input_file_ref idref="fl-15"/>
      </object_component>
      <object_component id="oc-18d">
         <name>.debug_line</name>
         <load_address>0x1df2</load_address>
         <run_address>0x1df2</run_address>
         <size>0xb5</size>
         <input_file_ref idref="fl-15"/>
      </object_component>
      <object_component id="oc-113">
         <name>.debug_line</name>
         <load_address>0x1ea7</load_address>
         <run_address>0x1ea7</run_address>
         <size>0x68</size>
         <input_file_ref idref="fl-16"/>
      </object_component>
      <object_component id="oc-e8">
         <name>.debug_line</name>
         <load_address>0x1f0f</load_address>
         <run_address>0x1f0f</run_address>
         <size>0x54</size>
         <input_file_ref idref="fl-17"/>
      </object_component>
      <object_component id="oc-167">
         <name>.debug_line</name>
         <load_address>0x1f63</load_address>
         <run_address>0x1f63</run_address>
         <size>0x48</size>
         <input_file_ref idref="fl-36"/>
      </object_component>
      <object_component id="oc-c9">
         <name>.debug_line</name>
         <load_address>0x1fab</load_address>
         <run_address>0x1fab</run_address>
         <size>0x2a</size>
         <input_file_ref idref="fl-36"/>
      </object_component>
      <object_component id="oc-37">
         <name>.debug_line</name>
         <load_address>0x1fd5</load_address>
         <run_address>0x1fd5</run_address>
         <size>0x5d</size>
         <input_file_ref idref="fl-36"/>
      </object_component>
      <object_component id="oc-d5">
         <name>.debug_line</name>
         <load_address>0x2032</load_address>
         <run_address>0x2032</run_address>
         <size>0x20</size>
         <input_file_ref idref="fl-36"/>
      </object_component>
      <object_component id="oc-d2">
         <name>.debug_line</name>
         <load_address>0x2052</load_address>
         <run_address>0x2052</run_address>
         <size>0x8a</size>
         <input_file_ref idref="fl-38"/>
      </object_component>
      <object_component id="oc-25">
         <name>.debug_line</name>
         <load_address>0x20dc</load_address>
         <run_address>0x20dc</run_address>
         <size>0x53</size>
         <input_file_ref idref="fl-38"/>
      </object_component>
      <object_component id="oc-5f">
         <name>.debug_line</name>
         <load_address>0x212f</load_address>
         <run_address>0x212f</run_address>
         <size>0x3a</size>
         <input_file_ref idref="fl-38"/>
      </object_component>
      <object_component id="oc-ce">
         <name>.debug_line</name>
         <load_address>0x2169</load_address>
         <run_address>0x2169</run_address>
         <size>0x8a</size>
         <input_file_ref idref="fl-38"/>
      </object_component>
      <object_component id="oc-169">
         <name>.debug_line</name>
         <load_address>0x21f3</load_address>
         <run_address>0x21f3</run_address>
         <size>0x8a</size>
         <input_file_ref idref="fl-39"/>
      </object_component>
      <object_component id="oc-64">
         <name>.debug_line</name>
         <load_address>0x227d</load_address>
         <run_address>0x227d</run_address>
         <size>0xc3</size>
         <input_file_ref idref="fl-39"/>
      </object_component>
      <object_component id="oc-2f">
         <name>.debug_line</name>
         <load_address>0x2340</load_address>
         <run_address>0x2340</run_address>
         <size>0x49</size>
         <input_file_ref idref="fl-39"/>
      </object_component>
      <object_component id="oc-6c">
         <name>.debug_line</name>
         <load_address>0x2389</load_address>
         <run_address>0x2389</run_address>
         <size>0x39</size>
         <input_file_ref idref="fl-39"/>
      </object_component>
      <object_component id="oc-e3">
         <name>.debug_line</name>
         <load_address>0x23c2</load_address>
         <run_address>0x23c2</run_address>
         <size>0x8a</size>
         <input_file_ref idref="fl-39"/>
      </object_component>
      <object_component id="oc-dc">
         <name>.debug_line</name>
         <load_address>0x244c</load_address>
         <run_address>0x244c</run_address>
         <size>0x8a</size>
         <input_file_ref idref="fl-39"/>
      </object_component>
      <object_component id="oc-23f">
         <name>.debug_line</name>
         <load_address>0x24d6</load_address>
         <run_address>0x24d6</run_address>
         <size>0x87</size>
         <input_file_ref idref="fl-3b"/>
      </object_component>
      <object_component id="oc-131">
         <name>.debug_line</name>
         <load_address>0x255d</load_address>
         <run_address>0x255d</run_address>
         <size>0x119</size>
         <input_file_ref idref="fl-3b"/>
      </object_component>
      <object_component id="oc-19e">
         <name>.debug_line</name>
         <load_address>0x2676</load_address>
         <run_address>0x2676</run_address>
         <size>0x89</size>
         <input_file_ref idref="fl-3c"/>
      </object_component>
      <object_component id="oc-19b">
         <name>.debug_line</name>
         <load_address>0x26ff</load_address>
         <run_address>0x26ff</run_address>
         <size>0x2a</size>
         <input_file_ref idref="fl-3c"/>
      </object_component>
      <object_component id="oc-f3">
         <name>.debug_line</name>
         <load_address>0x2729</load_address>
         <run_address>0x2729</run_address>
[...]
         <name>CenLegOpData_Bupper</name>
         <value>0x405041ce</value>
      </symbol>
      <symbol id="sm-17d">
         <name>CenLegOpData_Blower</name>
         <value>0x405041cc</value>
      </symbol>
      <symbol id="sm-17e">
         <name>CenLegOpData_Cupper</name>
         <value>0x405041d2</value>
      </symbol>
      <symbol id="sm-17f">
         <name>CenLegOpData_Clower</name>
         <value>0x405041d0</value>
      </symbol>
      <symbol id="sm-180">
         <name>Init_GPMC</name>
         <value>0x40500860</value>
         <object_component_ref idref="oc-186"/>
      </symbol>
      <symbol id="sm-1a8">
         <name>USERISR_SET</name>
         <value>0x40501880</value>
         <object_component_ref idref="oc-3d"/>
      </symbol>
      <symbol id="sm-1a9">
         <name>USERISR_RSTSET</name>
         <value>0x40501824</value>
         <object_component_ref idref="oc-3d"/>
      </symbol>
      <symbol id="sm-1aa">
         <name>ISR_DefaultNMI</name>
         <value>0x40503648</value>
         <object_component_ref idref="oc-48"/>
      </symbol>
      <symbol id="sm-1ab">
         <name>ISR_Default5</name>
         <value>0x4050364c</value>
         <object_component_ref idref="oc-48"/>
      </symbol>
      <symbol id="sm-1ac">
         <name>ISR_Default6</name>
         <value>0x40503654</value>
         <object_component_ref idref="oc-48"/>
      </symbol>
      <symbol id="sm-1ad">
         <name>ISR_Default7</name>
         <value>0x4050365c</value>
         <object_component_ref idref="oc-48"/>
      </symbol>
      <symbol id="sm-1ae">
         <name>ISR_Default8</name>
         <value>0x40503664</value>
         <object_component_ref idref="oc-48"/>
      </symbol>
      <symbol id="sm-1af">
         <name>ISR_Default9</name>
         <value>0x4050366c</value>
         <object_component_ref idref="oc-48"/>
      </symbol>
      <symbol id="sm-1b0">
         <name>ISR_Reset</name>
         <value>0x40503640</value>
         <object_component_ref idref="oc-48"/>
      </symbol>
      <symbol id="sm-1b1">
         <name>ISR_Default15</name>
         <value>0x4050369c</value>
         <object_component_ref idref="oc-48"/>
      </symbol>
      <symbol id="sm-1b2">
         <name>ISR_Default14</name>
         <value>0x40503694</value>
         <object_component_ref idref="oc-48"/>
      </symbol>
      <symbol id="sm-1b3">
         <name>ISR_Default13</name>
         <value>0x4050368c</value>
         <object_component_ref idref="oc-48"/>
      </symbol>
      <symbol id="sm-1b4">
         <name>ISR_Default12</name>
         <value>0x40503684</value>
         <object_component_ref idref="oc-48"/>
      </symbol>
      <symbol id="sm-1b5">
         <name>ISR_Default11</name>
         <value>0x4050367c</value>
         <object_component_ref idref="oc-48"/>
      </symbol>
      <symbol id="sm-1b6">
         <name>ISR_Default10</name>
         <value>0x40503674</value>
         <object_component_ref idref="oc-48"/>
      </symbol>
      <symbol id="sm-1b7">
         <name>ISR_TABLE</name>
         <value>0x800000</value>
         <object_component_ref idref="oc-ac"/>
      </symbol>
      <symbol id="sm-1b8">
         <name>Init_Interrupt</name>
         <value>0x405014e0</value>
         <object_component_ref idref="oc-3d"/>
      </symbol>
      <symbol id="sm-1c7">
         <name>Flag_GPMC_BE1n</name>
         <value>0x40504160</value>
         <object_component_ref idref="oc-21f"/>
      </symbol>
      <symbol id="sm-1c8">
         <name>Flag_Ecat_DAQ_EN_CNT</name>
         <value>0x40504164</value>
         <object_component_ref idref="oc-21f"/>
      </symbol>
      <symbol id="sm-1c9">
         <name>Flag_BE0n_test</name>
         <value>0x4050416e</value>
         <object_component_ref idref="oc-21f"/>
      </symbol>
      <symbol id="sm-1ca">
         <name>CNT_BEn0</name>
         <value>0x40504174</value>
         <object_component_ref idref="oc-21f"/>
      </symbol>
      <symbol id="sm-1cb">
         <name>Flag_DO1</name>
         <value>0x40504158</value>
         <object_component_ref idref="oc-21f"/>
      </symbol>
      <symbol id="sm-1cc">
         <name>Flag_DO3</name>
         <value>0x4050415c</value>
         <object_component_ref idref="oc-21f"/>
      </symbol>
      <symbol id="sm-1cd">
         <name>Flag_DO2</name>
         <value>0x4050415a</value>
         <object_component_ref idref="oc-21f"/>
      </symbol>
      <symbol id="sm-1ce">
         <name>Flag_DO4</name>
         <value>0x4050415e</value>
         <object_component_ref idref="oc-21f"/>
      </symbol>
      <symbol id="sm-1cf">
         <name>STATUS_ECAT_READY_L2</name>
         <value>0x4050416a</value>
         <object_component_ref idref="oc-21f"/>
      </symbol>
      <symbol id="sm-1d0">
         <name>STATUS_ECAT_READY_L3</name>
         <value>0x4050416c</value>
         <object_component_ref idref="oc-21f"/>
      </symbol>
      <symbol id="sm-1d1">
         <name>STATUS_ECAT_READY_L1</name>
         <value>0x40504168</value>
         <object_component_ref idref="oc-21f"/>
      </symbol>
      <symbol id="sm-1d2">
         <name>ISR_DSPTimer</name>
         <value>0x40502c40</value>
         <object_component_ref idref="oc-4e"/>
      </symbol>
      <symbol id="sm-1d3">
         <name>INT_carrier_loop_cnt1</name>
         <value>0x40504170</value>
         <object_component_ref idref="oc-21f"/>
      </symbol>
      <symbol id="sm-1d4">
         <name>Flag_Out_Loop</name>
         <value>0x40504172</value>
         <object_component_ref idref="oc-21f"/>
      </symbol>
      <symbol id="sm-1d5">
         <name>Flag_EcatReady</name>
         <value>0x40504162</value>
         <object_component_ref idref="oc-21f"/>
      </symbol>
      <symbol id="sm-1f1">
         <name>LEDCount</name>
         <value>0x4050418a</value>
         <object_component_ref idref="oc-156"/>
      </symbol>
      <symbol id="sm-1f2">
         <name>LEDCase</name>
         <value>0x4050418c</value>
         <object_component_ref idref="oc-156"/>
      </symbol>
      <symbol id="sm-1f3">
         <name>LED</name>
         <value>0x405025a0</value>
         <object_component_ref idref="oc-be"/>
      </symbol>
      <symbol id="sm-200">
         <name>Init_McSPI</name>
         <value>0x40502f20</value>
         <object_component_ref idref="oc-180"/>
      </symbol>
      <symbol id="sm-21d">
         <name>Init_PRCM</name>
         <value>0x40501d00</value>
         <object_component_ref idref="oc-16e"/>
      </symbol>
      <symbol id="sm-23c">
         <name>V_AS_sec_T</name>
         <value>0x405041b8</value>
      </symbol>
      <symbol id="sm-23d">
         <name>V_BS_sec_T</name>
         <value>0x405041bc</value>
      </symbol>
      <symbol id="sm-23e">
         <name>V_CS_sec_T</name>
         <value>0x405041c0</value>
      </symbol>
      <symbol id="sm-23f">
         <name>I_AS_T</name>
         <value>0x40504198</value>
      </symbol>
      <symbol id="sm-240">
         <name>I_BS_T</name>
         <value>0x405041a4</value>
      </symbol>
      <symbol id="sm-241">
         <name>I_CS_T</name>
         <value>0x405041b0</value>
      </symbol>
      <symbol id="sm-242">
         <name>I_AU_T</name>
         <value>0x4050419c</value>
      </symbol>
      <symbol id="sm-243">
         <name>I_AL_T</name>
         <value>0x40504194</value>
      </symbol>
      <symbol id="sm-244">
         <name>I_BU_T</name>
         <value>0x405041a8</value>
      </symbol>
      <symbol id="sm-245">
         <name>I_BL_T</name>
         <value>0x405041a0</value>
      </symbol>
      <symbol id="sm-246">
         <name>I_CU_T</name>
         <value>0x405041b4</value>
      </symbol>
      <symbol id="sm-247">
         <name>I_CL_T</name>
         <value>0x405041ac</value>
      </symbol>
      <symbol id="sm-248">
         <name>V_DC_T</name>
         <value>0x405041c4</value>
      </symbol>
      <symbol id="sm-249">
         <name>I_TS</name>
         <value>0x405040fc</value>
         <object_component_ref idref="oc-a3"/>
      </symbol>
      <symbol id="sm-24a">
         <name>I_T2</name>
         <value>0x4050412c</value>
         <object_component_ref idref="oc-a3"/>
      </symbol>
      <symbol id="sm-24b">
         <name>I_T1</name>
         <value>0x40504128</value>
         <object_component_ref idref="oc-a3"/>
      </symbol>
      <symbol id="sm-24c">
         <name>Sensor_Inside</name>
         <value>0x40500428</value>
         <object_component_ref idref="oc-9a"/>
      </symbol>
      <symbol id="sm-24d">
         <name>I_SS</name>
         <value>0x405040f8</value>
         <object_component_ref idref="oc-a3"/>
      </symbol>
      <symbol id="sm-24e">
         <name>I_RS</name>
         <value>0x405040f4</value>
         <object_component_ref idref="oc-a3"/>
      </symbol>
      <symbol id="sm-24f">
         <name>V_DC</name>
         <value>0x405040e4</value>
         <object_component_ref idref="oc-a3"/>
      </symbol>
      <symbol id="sm-250">
         <name>Twc_Vdc</name>
         <value>0x4050414c</value>
         <object_component_ref idref="oc-a3"/>
      </symbol>
      <symbol id="sm-251">
         <name>V_CA</name>
         <value>0x405040bc</value>
         <object_component_ref idref="oc-a3"/>
      </symbol>
      <symbol id="sm-252">
         <name>V_BC</name>
         <value>0x405040b8</value>
         <object_component_ref idref="oc-a3"/>
      </symbol>
      <symbol id="sm-253">
         <name>Sensor_Outside</name>
         <value>0x40500000</value>
         <object_component_ref idref="oc-9a"/>
      </symbol>
      <symbol id="sm-254">
         <name>V_AB</name>
         <value>0x405040b4</value>
         <object_component_ref idref="oc-a3"/>
      </symbol>
      <symbol id="sm-255">
         <name>V_BS_pri</name>
         <value>0x405040c4</value>
         <object_component_ref idref="oc-a3"/>
      </symbol>
      <symbol id="sm-256">
         <name>V_CS_pri</name>
         <value>0x405040c8</value>
         <object_component_ref idref="oc-a3"/>
      </symbol>
      <symbol id="sm-257">
         <name>Vdc_old</name>
         <value>0x40504148</value>
         <object_component_ref idref="oc-a3"/>
      </symbol>
      <symbol id="sm-258">
         <name>V_AS_pri</name>
         <value>0x405040c0</value>
         <object_component_ref idref="oc-a3"/>
      </symbol>
      <symbol id="sm-259">
         <name>Idc_sensor_low</name>
         <value>0x40504144</value>
         <object_component_ref idref="oc-a3"/>
      </symbol>
      <symbol id="sm-25a">
         <name>I_DC</name>
         <value>0x40504100</value>
         <object_component_ref idref="oc-a3"/>
      </symbol>
      <symbol id="sm-25b">
         <name>V_CA_sec</name>
         <value>0x405040e0</value>
         <object_component_ref idref="oc-a3"/>
      </symbol>
      <symbol id="sm-25c">
         <name>I_CU</name>
         <value>0x4050410c</value>
         <object_component_ref idref="oc-a3"/>
      </symbol>
      <symbol id="sm-25d">
         <name>I_CS</name>
         <value>0x405040f0</value>
         <object_component_ref idref="oc-a3"/>
      </symbol>
      <symbol id="sm-25e">
         <name>I_CO</name>
         <value>0x40504124</value>
         <object_component_ref idref="oc-a3"/>
      </symbol>
      <symbol id="sm-25f">
         <name>I_CL</name>
         <value>0x40504118</value>
         <object_component_ref idref="oc-a3"/>
      </symbol>
      <symbol id="sm-260">
         <name>I_BU</name>
         <value>0x40504108</value>
         <object_component_ref idref="oc-a3"/>
      </symbol>
      <symbol id="sm-261">
         <name>I_BS</name>
         <value>0x405040ec</value>
         <object_component_ref idref="oc-a3"/>
      </symbol>
      <symbol id="sm-262">
         <name>I_BO</name>
         <value>0x40504120</value>
         <object_component_ref idref="oc-a3"/>
      </symbol>
      <symbol id="sm-263">
         <name>I_BL</name>
         <value>0x40504114</value>
         <object_component_ref idref="oc-a3"/>
      </symbol>
      <symbol id="sm-264">
         <name>I_AU</name>
         <value>0x40504104</value>
         <object_component_ref idref="oc-a3"/>
      </symbol>
      <symbol id="sm-265">
         <name>I_AS</name>
         <value>0x405040e8</value>
         <object_component_ref idref="oc-a3"/>
      </symbol>
      <symbol id="sm-266">
         <name>I_AO</name>
         <value>0x4050411c</value>
         <object_component_ref idref="oc-a3"/>
      </symbol>
      <symbol id="sm-267">
         <name>I_AL</name>
         <value>0x40504110</value>
         <object_component_ref idref="oc-a3"/>
      </symbol>
      <symbol id="sm-268">
         <name>Vdc_low</name>
         <value>0x40504140</value>
         <object_component_ref idref="oc-a3"/>
      </symbol>
      <symbol id="sm-269">
         <name>V_AB_sec</name>
         <value>0x405040d8</value>
         <object_component_ref idref="oc-a3"/>
      </symbol>
      <symbol id="sm-26a">
         <name>V_dc_max</name>
         <value>0x40504134</value>
         <object_component_ref idref="oc-a3"/>
      </symbol>
      <symbol id="sm-26b">
         <name>I_DC_old</name>
         <value>0x40504154</value>
         <object_component_ref idref="oc-a3"/>
      </symbol>
      <symbol id="sm-26c">
         <name>V_CS_sec</name>
         <value>0x405040d4</value>
         <object_component_ref idref="oc-a3"/>
      </symbol>
      <symbol id="sm-26d">
         <name>V_BC_sec</name>
         <value>0x405040dc</value>
         <object_component_ref idref="oc-a3"/>
      </symbol>
      <symbol id="sm-26e">
         <name>V_BS_sec</name>
         <value>0x405040d0</value>
         <object_component_ref idref="oc-a3"/>
      </symbol>
      <symbol id="sm-26f">
         <name>V_AS_sec</name>
         <value>0x405040cc</value>
         <object_component_ref idref="oc-a3"/>
      </symbol>
      <symbol id="sm-270">
         <name>Trans_ratio</name>
         <value>0x4050413c</value>
         <object_component_ref idref="oc-a3"/>
      </symbol>
      <symbol id="sm-271">
         <name>Tcl</name>
         <value>0x40504150</value>
         <object_component_ref idref="oc-a3"/>
      </symbol>
      <symbol id="sm-272">
         <name>I_sensor_max</name>
         <value>0x40504138</value>
         <object_component_ref idref="oc-a3"/>
      </symbol>
      <symbol id="sm-273">
         <name>V_grid_max</name>
         <value>0x40504130</value>
         <object_component_ref idref="oc-a3"/>
      </symbol>
      <symbol id="sm-28f">
         <name>DiffTime</name>
         <value>0x40504190</value>
      </symbol>
      <symbol id="sm-290">
         <name>Start_Timer</name>
         <value>0x40502b98</value>
         <object_component_ref idref="oc-18c"/>
      </symbol>
      <symbol id="sm-291">
         <name>Flag_Mode_Info</name>
         <value>0x40504188</value>
         <object_component_ref idref="oc-21c"/>
      </symbol>
      <symbol id="sm-292">
         <name>Ecat_Time_Compen</name>
         <value>0x40502bb8</value>
         <object_component_ref idref="oc-18c"/>
      </symbol>
      <symbol id="sm-293">
         <name>Compen_CNT</name>
         <value>0x40504184</value>
         <object_component_ref idref="oc-21c"/>
      </symbol>
      <symbol id="sm-294">
         <name>Start_CNT</name>
         <value>0x40504178</value>
         <object_component_ref idref="oc-21c"/>
      </symbol>
      <symbol id="sm-295">
         <name>End_CNT</name>
         <value>0x4050417c</value>
         <object_component_ref idref="oc-21c"/>
      </symbol>
      <symbol id="sm-296">
         <name>Init_Timer</name>
         <value>0x40502aa0</value>
         <object_component_ref idref="oc-18c"/>
      </symbol>
      <symbol id="sm-297">
         <name>Diff_CNT</name>
         <value>0x40504180</value>
         <object_component_ref idref="oc-21c"/>
      </symbol>
      <symbol id="sm-2a6">
         <name>cycleDelay</name>
         <value>0x405035e0</value>
         <object_component_ref idref="oc-10f"/>
      </symbol>
      <symbol id="sm-2b8">
         <name>main</name>
         <value>0x405036c0</value>
         <object_component_ref idref="oc-e7"/>
      </symbol>
      <symbol id="sm-2d3">
         <name>_c_int00</name>
         <value>0x40503540</value>
         <object_component_ref idref="oc-36"/>
      </symbol>
      <symbol id="sm-2d4">
         <name>_stack</name>
         <value>0x40503800</value>
         <object_component_ref idref="oc-54"/>
      </symbol>
      <symbol id="sm-2ec">
         <name>__TI_decompress_none</name>
         <value>0x405037c0</value>
         <object_component_ref idref="oc-24"/>
      </symbol>
      <symbol id="sm-317">
         <name>__TI_decompress_rle24</name>
         <value>0x405037e0</value>
         <object_component_ref idref="oc-2a"/>
      </symbol>
      <symbol id="sm-32a">
         <name>__c6xabi_divf</name>
         <value>0x40502820</value>
         <object_component_ref idref="oc-12d"/>
      </symbol>
      <symbol id="sm-34b">
         <name>C$$EXIT</name>
         <value>0x405037a0</value>
         <object_component_ref idref="oc-f2"/>
      </symbol>
      <symbol id="sm-34c">
         <name>abort</name>
         <value>0x405037a0</value>
         <object_component_ref idref="oc-f2"/>
      </symbol>
      <symbol id="sm-34d">
         <name>exit</name>
         <value>0x40503220</value>
         <object_component_ref idref="oc-81"/>
      </symbol>
      <symbol id="sm-34e">
         <name>__TI_dtors_ptr</name>
         <value>0x405041f4</value>
         <object_component_ref idref="oc-ef"/>
      </symbol>
      <symbol id="sm-34f">
         <name>__TI_cleanup_ptr</name>
         <value>0x405041f0</value>
         <object_component_ref idref="oc-ef"/>
      </symbol>
      <symbol id="sm-350">
         <name>__TI_enable_exit_profile_output</name>
         <value>0x405041f8</value>
         <object_component_ref idref="oc-ef"/>
      </symbol>
      <symbol id="sm-35b">
         <name>memcpy</name>
         <value>0x405034a0</value>
         <object_component_ref idref="oc-57"/>
      </symbol>
      <symbol id="sm-36b">
         <name>memset</name>
         <value>0x40503300</value>
         <object_component_ref idref="oc-6f"/>
      </symbol>
      <symbol id="sm-375">
         <name>_system_pre_init</name>
         <value>0x40503780</value>
         <object_component_ref idref="oc-87"/>
      </symbol>
      <symbol id="sm-387">
         <name>_args_main</name>
         <value>0x40503720</value>
         <object_component_ref idref="oc-7b"/>
      </symbol>
      <symbol id="sm-3ad">
         <name>_auto_init_elf</name>
         <value>0x40502dc0</value>
         <object_component_ref idref="oc-8d"/>
      </symbol>
      <symbol id="sm-3c4">
         <name>copy_in</name>
         <value>0x40503120</value>
         <object_component_ref idref="oc-fb"/>
      </symbol>
      <symbol id="sm-3cd">
         <name>_system_post_cinit</name>
         <value>0x40503760</value>
         <object_component_ref idref="oc-101"/>
      </symbol>
      <symbol id="sm-3e6">
         <name>__TI_tls_init</name>
         <value>0x405033e0</value>
         <object_component_ref idref="oc-107"/>
      </symbol>
      <symbol id="sm-3e8">
         <name>__TI_STATIC_BASE</name>
         <value>0x40504000</value>
      </symbol>
      <symbol id="sm-3ea">
         <name>__TI_INITARRAY_Limit</name>
         <value>0x0</value>
      </symbol>
      <symbol id="sm-3eb">
         <name>__TI_INITARRAY_Base</name>
         <value>0x0</value>
      </symbol>
      <symbol id="sm-3ec">
         <name>__TI_TLS_INIT_Base</name>
         <value>0x0</value>
      </symbol>
      <symbol id="sm-3ed">
         <name>__TI_TLS_INIT_Limit</name>
         <value>0x0</value>
      </symbol>
   </symbol_table>
   <title>Link successful</title>
</link_info>
