<?xml version="1.0" encoding="ISO-8859-1" ?>
<link_info>
   <banner>TMS320C2000 Linker PC v18.12.2.LTS</banner>
   <copyright>Copyright (c) 1996-2018 Texas Instruments Incorporated</copyright>
   <link_time>0x5d31a3c0</link_time>
   <link_errors>0x0</link_errors>
   <output_file>3LV_SiC_MAIN_VER1_2_20190718_0930_CPU2_RAM.out</output_file>
   <entry_point>
      <name>_c_int00</name>
      <address>0x14bbd</address>
   </entry_point>
   <input_file_list>
      <input_file id="fl-2">
         <path>.\Include\F2837xD\</path>
         <kind>object</kind>
         <file>F2837xD_GlobalVariableDefs.obj</file>
         <name>F2837xD_GlobalVariableDefs.obj</name>
      </input_file>
      <input_file id="fl-3">
         <path>.\Include\FPGA\</path>
         <kind>object</kind>
         <file>FPGA.obj</file>
         <name>FPGA.obj</name>
      </input_file>
      <input_file id="fl-4">
         <path>.\Source\</path>
         <kind>object</kind>
         <file>CPU1_Interrupt.obj</file>
         <name>CPU1_Interrupt.obj</name>
      </input_file>
      <input_file id="fl-5">
         <path>.\Source\</path>
         <kind>object</kind>
         <file>CPU2_Interrupt.obj</file>
         <name>CPU2_Interrupt.obj</name>
      </input_file>
      <input_file id="fl-6">
         <path>.\Source\</path>
         <kind>object</kind>
         <file>Control.obj</file>
         <name>Control.obj</name>
      </input_file>
      <input_file id="fl-7">
         <path>.\Source\</path>
         <kind>object</kind>
         <file>DAC.obj</file>
         <name>DAC.obj</name>
      </input_file>
      <input_file id="fl-8">
         <path>.\Source\</path>
         <kind>object</kind>
         <file>EMIF.obj</file>
         <name>EMIF.obj</name>
      </input_file>
      <input_file id="fl-9">
         <path>.\Source\</path>
         <kind>object</kind>
         <file>FPGA_ADC.obj</file>
         <name>FPGA_ADC.obj</name>
      </input_file>
      <input_file id="fl-a">
         <path>.\Source\</path>
         <kind>object</kind>
         <file>FPGA_GPIO.obj</file>
         <name>FPGA_GPIO.obj</name>
      </input_file>
      <input_file id="fl-b">
         <path>.\Source\</path>
         <kind>object</kind>
         <file>FPGA_PWM.obj</file>
         <name>FPGA_PWM.obj</name>
      </input_file>
      <input_file id="fl-c">
         <path>.\Source\</path>
         <kind>object</kind>
         <file>FPGA_QEP.obj</file>
         <name>FPGA_QEP.obj</name>
      </input_file>
      <input_file id="fl-d">
         <path>.\Source\</path>
         <kind>object</kind>
         <file>FPGA_SPI.obj</file>
         <name>FPGA_SPI.obj</name>
      </input_file>
      <input_file id="fl-e">
         <path>.\Source\</path>
         <kind>object</kind>
         <file>Fault.obj</file>
         <name>Fault.obj</name>
      </input_file>
      <input_file id="fl-f">
         <path>.\Source\</path>
         <kind>object</kind>
         <file>GPIO.obj</file>
         <name>GPIO.obj</name>
      </input_file>
      <input_file id="fl-10">
         <path>.\Source\</path>
         <kind>object</kind>
         <file>LED.obj</file>
         <name>LED.obj</name>
      </input_file>
      <input_file id="fl-11">
         <path>.\Source\</path>
         <kind>object</kind>
         <file>LPF.obj</file>
         <name>LPF.obj</name>
      </input_file>
      <input_file id="fl-12">
         <path>.\Source\</path>
         <kind>object</kind>
         <file>MemConfig.obj</file>
         <name>MemConfig.obj</name>
      </input_file>
      <input_file id="fl-13">
         <path>.\Source\</path>
         <kind>object</kind>
         <file>NSFOPWM.obj</file>
         <name>NSFOPWM.obj</name>
      </input_file>
      <input_file id="fl-14">
         <path>.\Source\</path>
         <kind>object</kind>
         <file>PieCtrl.obj</file>
         <name>PieCtrl.obj</name>
      </input_file>
      <input_file id="fl-15">
         <path>.\Source\</path>
         <kind>object</kind>
         <file>PieVect.obj</file>
         <name>PieVect.obj</name>
      </input_file>
      <input_file id="fl-16">
         <path>.\Source\</path>
         <kind>object</kind>
         <file>SFOPWM.obj</file>
         <name>SFOPWM.obj</name>
      </input_file>
      <input_file id="fl-17">
         <path>.\Source\</path>
         <kind>object</kind>
         <file>Sensor.obj</file>
         <name>Sensor.obj</name>
      </input_file>
      <input_file id="fl-18">
         <path>.\Source\</path>
         <kind>object</kind>
         <file>SysCtrl.obj</file>
         <name>SysCtrl.obj</name>
      </input_file>
      <input_file id="fl-19">
         <path>.\Source\</path>
         <kind>object</kind>
         <file>TMU.obj</file>
         <name>TMU.obj</name>
      </input_file>
      <input_file id="fl-1a">
         <path>.\Source\</path>
         <kind>object</kind>
         <file>ePWM.obj</file>
         <name>ePWM.obj</name>
      </input_file>
      <input_file id="fl-1b">
         <path>.\Source\</path>
         <kind>object</kind>
         <file>main.obj</file>
         <name>main.obj</name>
      </input_file>
      <input_file id="fl-22">
         <kind>object</kind>
         <file>&lt;internal&gt;</file>
         <name>&lt;internal&gt;</name>
      </input_file>
      <input_file id="fl-2e">
         <path>C:\ti\ccs901\ccs\tools\compiler\ti-cgt-c2000_18.12.2.LTS\lib\</path>
         <kind>archive</kind>
         <file>rts2800_fpu32.lib</file>
         <name>boot28.asm.obj</name>
      </input_file>
      <input_file id="fl-2f">
         <path>C:\ti\ccs901\ccs\tools\compiler\ti-cgt-c2000_18.12.2.LTS\lib\</path>
         <kind>archive</kind>
         <file>rts2800_fpu32.lib</file>
         <name>cpy_tbl.c.obj</name>
      </input_file>
      <input_file id="fl-30">
         <path>C:\ti\ccs901\ccs\tools\compiler\ti-cgt-c2000_18.12.2.LTS\lib\</path>
         <kind>archive</kind>
         <file>rts2800_fpu32.lib</file>
         <name>memcpy.c.obj</name>
      </input_file>
      <input_file id="fl-31">
         <path>C:\ti\ccs901\ccs\tools\compiler\ti-cgt-c2000_18.12.2.LTS\lib\</path>
         <kind>archive</kind>
         <file>rts2800_fpu32.lib</file>
         <name>pre_init.c.obj</name>
      </input_file>
      <input_file id="fl-32">
         <path>C:\ti\ccs901\ccs\tools\compiler\ti-cgt-c2000_18.12.2.LTS\lib\</path>
         <kind>archive</kind>
         <file>rts2800_fpu32.lib</file>
         <name>startup.c.obj</name>
      </input_file>
      <input_file id="fl-33">
         <path>C:\ti\ccs901\ccs\tools\compiler\ti-cgt-c2000_18.12.2.LTS\lib\</path>
         <kind>archive</kind>
         <file>rts2800_fpu32.lib</file>
         <name>exit.c.obj</name>
      </input_file>
      <input_file id="fl-34">
         <path>C:\ti\ccs901\ccs\tools\compiler\ti-cgt-c2000_18.12.2.LTS\lib\</path>
         <kind>archive</kind>
         <file>rts2800_fpu32.lib</file>
         <name>_lock.c.obj</name>
      </input_file>
      <input_file id="fl-35">
         <path>C:\ti\ccs901\ccs\tools\compiler\ti-cgt-c2000_18.12.2.LTS\lib\</path>
         <kind>archive</kind>
         <file>rts2800_fpu32.lib</file>
         <name>args_main.c.obj</name>
      </input_file>
   </input_file_list>
   <object_component_list>
      <object_component id="oc-209">
         <name>.reset</name>
         <load_address>0x3fffc0</load_address>
         <run_address>0x3fffc0</run_address>
         <size>0x2</size>
         <input_file_ref idref="fl-2e"/>
      </object_component>
      <object_component id="oc-16b">
         <name>.cinit</name>
         <load_address>0x80</load_address>
         <run_address>0x80</run_address>
         <size>0x162</size>
         <input_file_ref idref="fl-5"/>
      </object_component>
      <object_component id="oc-1ee">
         <name>.cinit</name>
         <load_address>0x1e2</load_address>
         <run_address>0x1e2</run_address>
         <size>0x2b</size>
         <input_file_ref idref="fl-17"/>
      </object_component>
      <object_component id="oc-19e">
         <name>.cinit</name>
         <load_address>0x20d</load_address>
         <run_address>0x20d</run_address>
         <size>0x10</size>
         <input_file_ref idref="fl-7"/>
      </object_component>
      <object_component id="oc-223">
         <name>.cinit</name>
         <load_address>0x21d</load_address>
         <run_address>0x21d</run_address>
         <size>0xe</size>
         <input_file_ref idref="fl-33"/>
      </object_component>
      <object_component id="oc-1c8">
         <name>.cinit</name>
         <load_address>0x22b</load_address>
         <run_address>0x22b</run_address>
         <size>0x8</size>
         <input_file_ref idref="fl-10"/>
      </object_component>
      <object_component id="oc-12d">
         <name>.cinit:_EPWM</name>
         <load_address>0x233</load_address>
         <run_address>0x233</run_address>
         <size>0x5</size>
         <input_file_ref idref="fl-1a"/>
      </object_component>
      <object_component id="oc-242">
         <name>.cinit:__lock</name>
         <load_address>0x238</load_address>
         <run_address>0x238</run_address>
         <size>0x5</size>
         <input_file_ref idref="fl-34"/>
      </object_component>
      <object_component id="oc-24b">
         <name>.cinit:__unlock</name>
         <load_address>0x23d</load_address>
         <run_address>0x23d</run_address>
         <size>0x5</size>
         <input_file_ref idref="fl-34"/>
      </object_component>
      <object_component id="oc-23b">
         <name>.text</name>
         <load_address>0x14000</load_address>
         <run_address>0x14000</run_address>
         <size>0x3a2</size>
         <input_file_ref idref="fl-6"/>
      </object_component>
      <object_component id="oc-23d">
         <name>.text</name>
         <load_address>0x143a2</load_address>
         <run_address>0x143a2</run_address>
         <size>0x299</size>
         <input_file_ref idref="fl-7"/>
      </object_component>
      <object_component id="oc-23c">
         <name>.text</name>
         <load_address>0x1463b</load_address>
         <run_address>0x1463b</run_address>
         <size>0x21e</size>
         <input_file_ref idref="fl-13"/>
      </object_component>
      <object_component id="oc-193">
         <name>.text:retain</name>
         <load_address>0x14859</load_address>
         <run_address>0x14859</run_address>
         <size>0x1e9</size>
         <input_file_ref idref="fl-5"/>
      </object_component>
      <object_component id="oc-239">
         <name>.text</name>
         <load_address>0x14a42</load_address>
         <run_address>0x14a42</run_address>
         <size>0x120</size>
         <input_file_ref idref="fl-17"/>
      </object_component>
      <object_component id="oc-23a">
         <name>.text</name>
         <load_address>0x14b62</load_address>
         <run_address>0x14b62</run_address>
         <size>0x5b</size>
         <input_file_ref idref="fl-e"/>
      </object_component>
      <object_component id="oc-e1">
         <name>.text</name>
         <load_address>0x14bbd</load_address>
         <run_address>0x14bbd</run_address>
         <size>0x56</size>
         <input_file_ref idref="fl-2e"/>
      </object_component>
      <object_component id="oc-248">
         <name>.text</name>
         <load_address>0x14c13</load_address>
         <run_address>0x14c13</run_address>
         <size>0x4d</size>
         <input_file_ref idref="fl-1a"/>
      </object_component>
      <object_component id="oc-249">
         <name>.text</name>
         <load_address>0x14c60</load_address>
         <run_address>0x14c60</run_address>
         <size>0x4a</size>
         <input_file_ref idref="fl-11"/>
      </object_component>
      <object_component id="oc-243">
         <name>.text</name>
         <load_address>0x14caa</load_address>
         <run_address>0x14caa</run_address>
         <size>0x35</size>
         <input_file_ref idref="fl-18"/>
      </object_component>
      <object_component id="oc-23e">
         <name>.text</name>
         <load_address>0x14cdf</load_address>
         <run_address>0x14cdf</run_address>
         <size>0x32</size>
         <input_file_ref idref="fl-10"/>
      </object_component>
      <object_component id="oc-1f9">
         <name>.text</name>
         <load_address>0x14d11</load_address>
         <run_address>0x14d11</run_address>
         <size>0x31</size>
         <input_file_ref idref="fl-19"/>
      </object_component>
      <object_component id="oc-246">
         <name>.text</name>
         <load_address>0x14d42</load_address>
         <run_address>0x14d42</run_address>
         <size>0x2d</size>
         <input_file_ref idref="fl-14"/>
      </object_component>
      <object_component id="oc-244">
         <name>.text</name>
         <load_address>0x14d6f</load_address>
         <run_address>0x14d6f</run_address>
         <size>0x2b</size>
         <input_file_ref idref="fl-f"/>
      </object_component>
      <object_component id="oc-237">
         <name>.text</name>
         <load_address>0x14d9a</load_address>
         <run_address>0x14d9a</run_address>
         <size>0x29</size>
         <input_file_ref idref="fl-33"/>
      </object_component>
      <object_component id="oc-247">
         <name>.text</name>
         <load_address>0x14dc3</load_address>
         <run_address>0x14dc3</run_address>
         <size>0x24</size>
         <input_file_ref idref="fl-15"/>
      </object_component>
      <object_component id="oc-234">
         <name>.text</name>
         <load_address>0x14de7</load_address>
         <run_address>0x14de7</run_address>
         <size>0x24</size>
         <input_file_ref idref="fl-2f"/>
      </object_component>
      <object_component id="oc-240">
         <name>.text</name>
         <load_address>0x14e0b</load_address>
         <run_address>0x14e0b</run_address>
         <size>0x21</size>
         <input_file_ref idref="fl-1b"/>
      </object_component>
      <object_component id="oc-23f">
         <name>.text</name>
         <load_address>0x14e2c</load_address>
         <run_address>0x14e2c</run_address>
         <size>0x1d</size>
         <input_file_ref idref="fl-30"/>
      </object_component>
      <object_component id="oc-236">
         <name>.text</name>
         <load_address>0x14e49</load_address>
         <run_address>0x14e49</run_address>
         <size>0x19</size>
         <input_file_ref idref="fl-35"/>
      </object_component>
      <object_component id="oc-245">
         <name>.text</name>
         <load_address>0x14e62</load_address>
         <run_address>0x14e62</run_address>
         <size>0x16</size>
         <input_file_ref idref="fl-12"/>
      </object_component>
      <object_component id="oc-1e3">
         <name>.text:retain</name>
         <load_address>0x14e78</load_address>
         <run_address>0x14e78</run_address>
         <size>0xa</size>
         <input_file_ref idref="fl-15"/>
      </object_component>
      <object_component id="oc-24a">
         <name>.text</name>
         <load_address>0x14e82</load_address>
         <run_address>0x14e82</run_address>
         <size>0x9</size>
         <input_file_ref idref="fl-34"/>
      </object_component>
      <object_component id="oc-233">
         <name>.text</name>
         <load_address>0x14e8b</load_address>
         <run_address>0x14e8b</run_address>
         <size>0x2</size>
         <input_file_ref idref="fl-31"/>
      </object_component>
      <object_component id="oc-235">
         <name>.text</name>
         <load_address>0x14e8d</load_address>
         <run_address>0x14e8d</run_address>
         <size>0x1</size>
         <input_file_ref idref="fl-32"/>
      </object_component>
      <object_component id="oc-208">
         <name>.stack</name>
         <uninitialized>true</uninitialized>
         <run_address>0x400</run_address>
         <size>0x0</size>
         <input_file_ref idref="fl-2e"/>
      </object_component>
      <object_component id="oc-335">
         <name>.stack</name>
         <uninitialized>true</uninitialized>
         <run_address>0x400</run_address>
         <size>0x0</size>
      </object_component>
      <object_component id="oc-1c9">
         <name>.ebss</name>
         <uninitialized>true</uninitialized>
         <run_address>0xa806</run_address>
         <size>0x2</size>
         <input_file_ref idref="fl-10"/>
      </object_component>
      <object_component id="oc-238">
         <name>.ebss:_EPWM</name>
         <uninitialized>true</uninitialized>
         <run_address>0xa808</run_address>
         <size>0x2</size>
         <input_file_ref idref="fl-1a"/>
      </object_component>
      <object_component id="oc-224">
         <name>.ebss</name>
         <uninitialized>true</uninitialized>
         <run_address>0xa800</run_address>
         <size>0x6</size>
         <input_file_ref idref="fl-33"/>
      </object_component>
      <object_component id="oc-241">
         <name>.ebss:__lock</name>
         <uninitialized>true</uninitialized>
         <run_address>0xa80a</run_address>
         <size>0x2</size>
         <input_file_ref idref="fl-34"/>
      </object_component>
      <object_component id="oc-24c">
         <name>.ebss:__unlock</name>
         <uninitialized>true</uninitialized>
         <run_address>0xa80c</run_address>
         <size>0x2</size>
         <input_file_ref idref="fl-34"/>
      </object_component>
      <object_component id="oc-168">
         <name>M1SampFile</name>
         <uninitialized>true</uninitialized>
         <run_address>0x11000</run_address>
         <size>0x1a</size>
         <input_file_ref idref="fl-4"/>
      </object_component>
      <object_component id="oc-163">
         <name>M1ParaFile</name>
         <uninitialized>true</uninitialized>
         <run_address>0x1101a</run_address>
         <size>0xc</size>
         <input_file_ref idref="fl-4"/>
      </object_component>
      <object_component id="oc-166">
         <name>M1ContFile</name>
         <uninitialized>true</uninitialized>
         <run_address>0x11026</run_address>
         <size>0x14</size>
         <input_file_ref idref="fl-4"/>
      </object_component>
      <object_component id="oc-159">
         <name>M1CountFile</name>
         <uninitialized>true</uninitialized>
         <run_address>0x1103a</run_address>
         <size>0x4</size>
         <input_file_ref idref="fl-4"/>
      </object_component>
      <object_component id="oc-14b">
         <name>M1FlagFile</name>
         <uninitialized>true</uninitialized>
         <run_address>0x11040</run_address>
         <size>0x3</size>
         <input_file_ref idref="fl-4"/>
      </object_component>
      <object_component id="oc-15a">
         <name>M1KsFile</name>
         <uninitialized>true</uninitialized>
         <run_address>0x11050</run_address>
         <size>0x6</size>
         <input_file_ref idref="fl-4"/>
      </object_component>
      <object_component id="oc-164">
         <name>M1KcFile</name>
         <uninitialized>true</uninitialized>
         <run_address>0x11056</run_address>
         <size>0xc</size>
         <input_file_ref idref="fl-4"/>
      </object_component>
      <object_component id="oc-141">
         <name>M1KoffFile</name>
         <uninitialized>true</uninitialized>
         <run_address>0x11062</run_address>
         <size>0x2</size>
         <input_file_ref idref="fl-4"/>
      </object_component>
      <object_component id="oc-167">
         <name>M1Theta_SensFile</name>
         <uninitialized>true</uninitialized>
         <run_address>0x1109e</run_address>
         <size>0x14</size>
         <input_file_ref idref="fl-4"/>
      </object_component>
      <object_component id="oc-142">
         <name>M1RPM_refFile</name>
         <uninitialized>true</uninitialized>
         <run_address>0x110c0</run_address>
         <size>0x2</size>
         <input_file_ref idref="fl-4"/>
      </object_component>
      <object_component id="oc-143">
         <name>M1Wm_refFile</name>
         <uninitialized>true</uninitialized>
         <run_address>0x110c2</run_address>
         <size>0x2</size>
         <input_file_ref idref="fl-4"/>
      </object_component>
      <object_component id="oc-144">
         <name>M1Wm_errFile</name>
         <uninitialized>true</uninitialized>
         <run_address>0x110c4</run_address>
         <size>0x2</size>
         <input_file_ref idref="fl-4"/>
      </object_component>
      <object_component id="oc-165">
         <name>M1Speed_SensFile</name>
         <uninitialized>true</uninitialized>
         <run_address>0x110c6</run_address>
         <size>0xe</size>
         <input_file_ref idref="fl-4"/>
      </object_component>
      <object_component id="oc-145">
         <name>M1Ie_ref_propFile</name>
         <uninitialized>true</uninitialized>
         <run_address>0x110e0</run_address>
         <size>0x2</size>
         <input_file_ref idref="fl-4"/>
      </object_component>
      <object_component id="oc-146">
         <name>M1Ie_ref_integFile</name>
         <uninitialized>true</uninitialized>
         <run_address>0x110e2</run_address>
         <size>0x2</size>
         <input_file_ref idref="fl-4"/>
      </object_component>
      <object_component id="oc-147">
         <name>M1Ie_ref_antiFile</name>
         <uninitialized>true</uninitialized>
         <run_address>0x110e4</run_address>
         <size>0x2</size>
         <input_file_ref idref="fl-4"/>
      </object_component>
      <object_component id="oc-148">
         <name>M1Ie_ref_ulFile</name>
         <uninitialized>true</uninitialized>
         <run_address>0x110e6</run_address>
         <size>0x2</size>
         <input_file_ref idref="fl-4"/>
      </object_component>
      <object_component id="oc-14e">
         <name>M1Ie_refFile</name>
         <uninitialized>true</uninitialized>
         <run_address>0x110e8</run_address>
         <size>0x4</size>
         <input_file_ref idref="fl-4"/>
      </object_component>
      <object_component id="oc-14f">
         <name>M1Ie_errFile</name>
         <uninitialized>true</uninitialized>
         <run_address>0x110ec</run_address>
         <size>0x4</size>
         <input_file_ref idref="fl-4"/>
      </object_component>
      <object_component id="oc-15b">
         <name>M1IpFile</name>
         <uninitialized>true</uninitialized>
         <run_address>0x110f0</run_address>
         <size>0x6</size>
         <input_file_ref idref="fl-4"/>
      </object_component>
      <object_component id="oc-15c">
         <name>M1Ip_sumFile</name>
         <uninitialized>true</uninitialized>
         <run_address>0x110f6</run_address>
         <size>0x6</size>
         <input_file_ref idref="fl-4"/>
      </object_component>
      <object_component id="oc-15d">
         <name>M1Ip_offsetFile</name>
         <uninitialized>true</uninitialized>
         <run_address>0x11100</run_address>
         <size>0x6</size>
         <input_file_ref idref="fl-4"/>
      </object_component>
      <object_component id="oc-150">
         <name>M1IsFile</name>
         <uninitialized>true</uninitialized>
         <run_address>0x11106</run_address>
         <size>0x4</size>
         <input_file_ref idref="fl-4"/>
      </object_component>
      <object_component id="oc-151">
         <name>M1IeFile</name>
         <uninitialized>true</uninitialized>
         <run_address>0x1110a</run_address>
         <size>0x4</size>
         <input_file_ref idref="fl-4"/>
      </object_component>
      <object_component id="oc-152">
         <name>M1Ve_ref_propFile</name>
         <uninitialized>true</uninitialized>
         <run_address>0x11110</run_address>
         <size>0x4</size>
         <input_file_ref idref="fl-4"/>
      </object_component>
      <object_component id="oc-153">
         <name>M1Ve_ref_integFile</name>
         <uninitialized>true</uninitialized>
         <run_address>0x11114</run_address>
         <size>0x4</size>
         <input_file_ref idref="fl-4"/>
      </object_component>
      <object_component id="oc-154">
         <name>M1Ve_ref_antiFile</name>
         <uninitialized>true</uninitialized>
         <run_address>0x11118</run_address>
         <size>0x4</size>
         <input_file_ref idref="fl-4"/>
      </object_component>
      <object_component id="oc-155">
         <name>M1Ve_refFile</name>
         <uninitialized>true</uninitialized>
         <run_address>0x1111c</run_address>
         <size>0x4</size>
         <input_file_ref idref="fl-4"/>
      </object_component>
      <object_component id="oc-156">
         <name>M1Vs_refFile</name>
         <uninitialized>true</uninitialized>
         <run_address>0x11120</run_address>
         <size>0x4</size>
         <input_file_ref idref="fl-4"/>
      </object_component>
      <object_component id="oc-15e">
         <name>M1Vp_refFile</name>
         <uninitialized>true</uninitialized>
         <run_address>0x11124</run_address>
         <size>0x6</size>
         <input_file_ref idref="fl-4"/>
      </object_component>
      <object_component id="oc-161">
         <name>M1Vn_refFile</name>
         <uninitialized>true</uninitialized>
         <run_address>0x1112a</run_address>
         <size>0x8</size>
         <input_file_ref idref="fl-4"/>
      </object_component>
      <object_component id="oc-157">
         <name>M1VsFile</name>
         <uninitialized>true</uninitialized>
         <run_address>0x11132</run_address>
         <size>0x4</size>
         <input_file_ref idref="fl-4"/>
      </object_component>
      <object_component id="oc-158">
         <name>M1VeFile</name>
         <uninitialized>true</uninitialized>
         <run_address>0x11136</run_address>
         <size>0x4</size>
         <input_file_ref idref="fl-4"/>
      </object_component>
      <object_component id="oc-15f">
         <name>M1Np_refFile</name>
         <uninitialized>true</uninitialized>
         <run_address>0x1113a</run_address>
         <size>0x6</size>
         <input_file_ref idref="fl-4"/>
      </object_component>
      <object_component id="oc-160">
         <name>M1Nn_refFile</name>
         <uninitialized>true</uninitialized>
         <run_address>0x11140</run_address>
         <size>0x6</size>
         <input_file_ref idref="fl-4"/>
      </object_component>
      <object_component id="oc-149">
         <name>M1CMPuFile</name>
         <uninitialized>true</uninitialized>
         <run_address>0x11148</run_address>
         <size>0x3</size>
         <input_file_ref idref="fl-4"/>
      </object_component>
      <object_component id="oc-14a">
         <name>M1CMPlFile</name>
         <uninitialized>true</uninitialized>
         <run_address>0x1114b</run_address>
         <size>0x3</size>
         <input_file_ref idref="fl-4"/>
      </object_component>
      <object_component id="oc-162">
         <name>M1Fault_LevelFile</name>
         <uninitialized>true</uninitialized>
         <run_address>0x11150</run_address>
         <size>0x8</size>
         <input_file_ref idref="fl-4"/>
      </object_component>
      <object_component id="oc-13e">
         <name>M1Fault_RegisterFile</name>
         <uninitialized>true</uninitialized>
         <run_address>0x11158</run_address>
         <size>0x1</size>
         <input_file_ref idref="fl-4"/>
      </object_component>
      <object_component id="oc-13f">
         <name>M1toM2Vp_dataFile</name>
         <uninitialized>true</uninitialized>
         <run_address>0x11160</run_address>
         <size>0x1</size>
         <input_file_ref idref="fl-4"/>
      </object_component>
      <object_component id="oc-140">
         <name>M1toM2Vn_dataFile</name>
         <uninitialized>true</uninitialized>
         <run_address>0x11161</run_address>
         <size>0x1</size>
         <input_file_ref idref="fl-4"/>
      </object_component>
      <object_component id="oc-14c">
         <name>M1toM2Ip_dataFile</name>
         <uninitialized>true</uninitialized>
         <run_address>0x11162</run_address>
         <size>0x3</size>
         <input_file_ref idref="fl-4"/>
      </object_component>
      <object_component id="oc-14d">
         <name>M1toM2El_dataFile</name>
         <uninitialized>true</uninitialized>
         <run_address>0x11165</run_address>
         <size>0x3</size>
         <input_file_ref idref="fl-4"/>
      </object_component>
      <object_component id="oc-192">
         <name>M2SampFile</name>
         <uninitialized>true</uninitialized>
         <run_address>0x19000</run_address>
         <size>0x1a</size>
         <input_file_ref idref="fl-5"/>
      </object_component>
      <object_component id="oc-18d">
         <name>M2ParaFile</name>
         <uninitialized>true</uninitialized>
         <run_address>0x1901a</run_address>
         <size>0xc</size>
         <input_file_ref idref="fl-5"/>
      </object_component>
      <object_component id="oc-190">
         <name>M2ContFile</name>
         <uninitialized>true</uninitialized>
         <run_address>0x19026</run_address>
         <size>0x14</size>
         <input_file_ref idref="fl-5"/>
      </object_component>
      <object_component id="oc-183">
         <name>M2CountFile</name>
         <uninitialized>true</uninitialized>
         <run_address>0x1903a</run_address>
         <size>0x4</size>
         <input_file_ref idref="fl-5"/>
      </object_component>
      <object_component id="oc-177">
         <name>M2FlagFile</name>
         <uninitialized>true</uninitialized>
         <run_address>0x19040</run_address>
         <size>0x3</size>
         <input_file_ref idref="fl-5"/>
      </object_component>
      <object_component id="oc-184">
         <name>M2KsFile</name>
         <uninitialized>true</uninitialized>
         <run_address>0x19050</run_address>
         <size>0x6</size>
         <input_file_ref idref="fl-5"/>
      </object_component>
      <object_component id="oc-18e">
         <name>M2KcFile</name>
         <uninitialized>true</uninitialized>
         <run_address>0x19056</run_address>
         <size>0xc</size>
         <input_file_ref idref="fl-5"/>
      </object_component>
      <object_component id="oc-16d">
         <name>M2KoffFile</name>
         <uninitialized>true</uninitialized>
         <run_address>0x19062</run_address>
         <size>0x2</size>
         <input_file_ref idref="fl-5"/>
      </object_component>
      <object_component id="oc-191">
         <name>M2Theta_SensFile</name>
         <uninitialized>true</uninitialized>
         <run_address>0x190a0</run_address>
         <size>0x14</size>
         <input_file_ref idref="fl-5"/>
      </object_component>
      <object_component id="oc-16e">
         <name>M2RPM_refFile</name>
         <uninitialized>true</uninitialized>
         <run_address>0x190c0</run_address>
         <size>0x2</size>
         <input_file_ref idref="fl-5"/>
      </object_component>
      <object_component id="oc-16f">
         <name>M2Wm_refFile</name>
         <uninitialized>true</uninitialized>
         <run_address>0x190c2</run_address>
         <size>0x2</size>
         <input_file_ref idref="fl-5"/>
      </object_component>
      <object_component id="oc-170">
         <name>M2Wm_errFile</name>
         <uninitialized>true</uninitialized>
         <run_address>0x190c4</run_address>
         <size>0x2</size>
         <input_file_ref idref="fl-5"/>
      </object_component>
      <object_component id="oc-18f">
         <name>M2Speed_SensFile</name>
         <uninitialized>true</uninitialized>
         <run_address>0x190c6</run_address>
         <size>0xe</size>
         <input_file_ref idref="fl-5"/>
      </object_component>
      <object_component id="oc-171">
         <name>M2Ie_ref_propFile</name>
         <uninitialized>true</uninitialized>
         <run_address>0x190e0</run_address>
         <size>0x2</size>
         <input_file_ref idref="fl-5"/>
      </object_component>
      <object_component id="oc-172">
         <name>M2Ie_ref_integFile</name>
         <uninitialized>true</uninitialized>
         <run_address>0x190e2</run_address>
         <size>0x2</size>
         <input_file_ref idref="fl-5"/>
      </object_component>
      <object_component id="oc-173">
         <name>M2Ie_ref_antiFile</name>
         <uninitialized>true</uninitialized>
         <run_address>0x190e4</run_address>
         <size>0x2</size>
         <input_file_ref idref="fl-5"/>
      </object_component>
      <object_component id="oc-174">
         <name>M2Ie_ref_ulFile</name>
         <uninitialized>true</uninitialized>
         <run_address>0x190e6</run_address>
         <size>0x2</size>
         <input_file_ref idref="fl-5"/>
      </object_component>
      <object_component id="oc-178">
         <name>M2Ie_refFile</name>
         <uninitialized>true</uninitialized>
         <run_address>0x190e8</run_address>
         <size>0x4</size>
         <input_file_ref idref="fl-5"/>
      </object_component>
      <object_component id="oc-179">
         <name>M2Ie_errFile</name>
         <uninitialized>true</uninitialized>
         <run_address>0x190ec</run_address>
         <size>0x4</size>
         <input_file_ref idref="fl-5"/>
      </object_component>
      <object_component id="oc-185">
         <name>M2IpFile</name>
         <uninitialized>true</uninitialized>
         <run_address>0x190f0</run_address>
         <size>0x6</size>
         <input_file_ref idref="fl-5"/>
      </object_component>
      <object_component id="oc-186">
         <name>M2Ip_sumFile</name>
         <uninitialized>true</uninitialized>
         <run_address>0x190f6</run_address>
         <size>0x6</size>
         <input_file_ref idref="fl-5"/>
      </object_component>
      <object_component id="oc-187">
         <name>M2Ip_offsetFile</name>
         <uninitialized>true</uninitialized>
         <run_address>0x19100</run_address>
         <size>0x6</size>
         <input_file_ref idref="fl-5"/>
      </object_component>
      <object_component id="oc-17a">
         <name>M2IsFile</name>
         <uninitialized>true</uninitialized>
         <run_address>0x19106</run_address>
         <size>0x4</size>
         <input_file_ref idref="fl-5"/>
      </object_component>
      <object_component id="oc-17b">
         <name>M2IeFile</name>
         <uninitialized>true</uninitialized>
         <run_address>0x1910a</run_address>
         <size>0x4</size>
         <input_file_ref idref="fl-5"/>
      </object_component>
      <object_component id="oc-17c">
         <name>M2Ve_ref_propFile</name>
         <uninitialized>true</uninitialized>
         <run_address>0x19110</run_address>
         <size>0x4</size>
         <input_file_ref idref="fl-5"/>
      </object_component>
      <object_component id="oc-17d">
         <name>M2Ve_ref_integFile</name>
         <uninitialized>true</uninitialized>
         <run_address>0x19114</run_address>
         <size>0x4</size>
         <input_file_ref idref="fl-5"/>
      </object_component>
      <object_component id="oc-17e">
         <name>M2Ve_ref_antiFile</name>
         <uninitialized>true</uninitialized>
         <run_address>0x19118</run_address>
         <size>0x4</size>
         <input_file_ref idref="fl-5"/>
      </object_component>
      <object_component id="oc-17f">
         <name>M2Ve_refFile</name>
         <uninitialized>true</uninitialized>
         <run_address>0x1911c</run_address>
         <size>0x4</size>
         <input_file_ref idref="fl-5"/>
      </object_component>
      <object_component id="oc-180">
         <name>M2Vs_refFile</name>
         <uninitialized>true</uninitialized>
         <run_address>0x19120</run_address>
         <size>0x4</size>
         <input_file_ref idref="fl-5"/>
      </object_component>
      <object_component id="oc-188">
         <name>M2Vp_refFile</name>
         <uninitialized>true</uninitialized>
         <run_address>0x19124</run_address>
         <size>0x6</size>
         <input_file_ref idref="fl-5"/>
      </object_component>
      <object_component id="oc-18a">
         <name>M2Vn_refFile</name>
         <uninitialized>true</uninitialized>
         <run_address>0x1912a</run_address>
         <size>0x8</size>
         <input_file_ref idref="fl-5"/>
      </object_component>
      <object_component id="oc-181">
         <name>M2VsFile</name>
         <uninitialized>true</uninitialized>
         <run_address>0x19132</run_address>
         <size>0x4</size>
         <input_file_ref idref="fl-5"/>
      </object_component>
      <object_component id="oc-182">
         <name>M2VeFile</name>
         <uninitialized>true</uninitialized>
         <run_address>0x19136</run_address>
         <size>0x4</size>
         <input_file_ref idref="fl-5"/>
      </object_component>
      <object_component id="oc-189">
         <name>M2Np_refFile</name>
         <uninitialized>true</uninitialized>
         <run_address>0x1913a</run_address>
         <size>0x6</size>
         <input_file_ref idref="fl-5"/>
      </object_component>
      <object_component id="oc-18b">
         <name>M2Nn_refFile</name>
         <uninitialized>true</uninitialized>
         <run_address>0x19140</run_address>
         <size>0x8</size>
         <input_file_ref idref="fl-5"/>
      </object_component>
      <object_component id="oc-175">
         <name>M2CMPuFile</name>
         <uninitialized>true</uninitialized>
         <run_address>0x19148</run_address>
         <size>0x3</size>
         <input_file_ref idref="fl-5"/>
      </object_component>
      <object_component id="oc-176">
         <name>M2CMPlFile</name>
         <uninitialized>true</uninitialized>
         <run_address>0x1914b</run_address>
         <size>0x3</size>
         <input_file_ref idref="fl-5"/>
      </object_component>
      <object_component id="oc-18c">
         <name>M2Fault_LevelFile</name>
         <uninitialized>true</uninitialized>
         <run_address>0x19150</run_address>
         <size>0x8</size>
         <input_file_ref idref="fl-5"/>
      </object_component>
      <object_component id="oc-16c">
         <name>M2Fault_RegisterFile</name>
         <uninitialized>true</uninitialized>
         <run_address>0x19158</run_address>
         <size>0x1</size>
         <input_file_ref idref="fl-5"/>
      </object_component>
      <object_component id="oc-1ef">
         <name>M2VdcFile</name>
         <uninitialized>true</uninitialized>
         <run_address>0x19180</run_address>
         <size>0x28</size>
         <input_file_ref idref="fl-17"/>
      </object_component>
      <object_component id="oc-1a6">
         <name>M2da1File</name>
         <uninitialized>true</uninitialized>
         <run_address>0x19200</run_address>
         <size>0x8</size>
         <input_file_ref idref="fl-7"/>
      </object_component>
      <object_component id="oc-1a7">
         <name>M2da2File</name>
         <uninitialized>true</uninitialized>
         <run_address>0x19208</run_address>
         <size>0x8</size>
         <input_file_ref idref="fl-7"/>
      </object_component>
      <object_component id="oc-1a8">
         <name>M2da3File</name>
         <uninitialized>true</uninitialized>
         <run_address>0x19210</run_address>
         <size>0x8</size>
         <input_file_ref idref="fl-7"/>
      </object_component>
      <object_component id="oc-1a9">
         <name>M2da4File</name>
         <uninitialized>true</uninitialized>
         <run_address>0x19218</run_address>
         <size>0x8</size>
         <input_file_ref idref="fl-7"/>
      </object_component>
      <object_component id="oc-1a1">
         <name>M2da1_invrngFile</name>
         <uninitialized>true</uninitialized>
         <run_address>0x19220</run_address>
         <size>0x2</size>
         <input_file_ref idref="fl-7"/>
      </object_component>
      <object_component id="oc-1a2">
         <name>M2da2_invrngFile</name>
         <uninitialized>true</uninitialized>
         <run_address>0x19222</run_address>
         <size>0x2</size>
         <input_file_ref idref="fl-7"/>
      </object_component>
      <object_component id="oc-1a3">
         <name>M2da3_invrngFile</name>
         <uninitialized>true</uninitialized>
         <run_address>0x19224</run_address>
         <size>0x2</size>
         <input_file_ref idref="fl-7"/>
      </object_component>
      <object_component id="oc-1a4">
         <name>M2da4_invrngFile</name>
         <uninitialized>true</uninitialized>
         <run_address>0x19226</run_address>
         <size>0x2</size>
         <input_file_ref idref="fl-7"/>
      </object_component>
      <object_component id="oc-1a5">
         <name>M2dac_tempFile</name>
         <uninitialized>true</uninitialized>
         <run_address>0x19228</run_address>
         <size>0x4</size>
         <input_file_ref idref="fl-7"/>
      </object_component>
      <object_component id="oc-1a0">
         <name>M2da_rngFile</name>
         <uninitialized>true</uninitialized>
         <run_address>0x1922c</run_address>
         <size>0x2</size>
         <input_file_ref idref="fl-7"/>
      </object_component>
      <object_component id="oc-19f">
         <name>M2da_selFile</name>
         <uninitialized>true</uninitialized>
         <run_address>0x1922e</run_address>
         <size>0x1</size>
         <input_file_ref idref="fl-7"/>
      </object_component>
      <object_component id="oc-f7">
         <name>AdcaResultFile</name>
         <uninitialized>true</uninitialized>
         <run_address>0xb00</run_address>
         <size>0x18</size>
         <input_file_ref idref="fl-2"/>
      </object_component>
      <object_component id="oc-f8">
         <name>AdcbResultFile</name>
         <uninitialized>true</uninitialized>
         <run_address>0xb20</run_address>
         <size>0x18</size>
         <input_file_ref idref="fl-2"/>
      </object_component>
      <object_component id="oc-f9">
         <name>AdccResultFile</name>
         <uninitialized>true</uninitialized>
         <run_address>0xb40</run_address>
         <size>0x18</size>
         <input_file_ref idref="fl-2"/>
      </object_component>
      <object_component id="oc-fa">
         <name>AdcdResultFile</name>
         <uninitialized>true</uninitialized>
         <run_address>0xb60</run_address>
         <size>0x18</size>
         <input_file_ref idref="fl-2"/>
      </object_component>
      <object_component id="oc-eb">
         <name>CpuTimer0RegsFile</name>
         <uninitialized>true</uninitialized>
         <run_address>0xc00</run_address>
         <size>0x8</size>
         <input_file_ref idref="fl-2"/>
      </object_component>
      <object_component id="oc-ec">
         <name>CpuTimer1RegsFile</name>
         <uninitialized>true</uninitialized>
         <run_address>0xc08</run_address>
         <size>0x8</size>
         <input_file_ref idref="fl-2"/>
      </object_component>
      <object_component id="oc-ed">
         <name>CpuTimer2RegsFile</name>
         <uninitialized>true</uninitialized>
         <run_address>0xc10</run_address>
         <size>0x8</size>
         <input_file_ref idref="fl-2"/>
      </object_component>
      <object_component id="oc-fb">
         <name>PieCtrlRegsFile</name>
         <uninitialized>true</uninitialized>
         <run_address>0xce0</run_address>
         <size>0x1a</size>
         <input_file_ref idref="fl-2"/>
      </object_component>
      <object_component id="oc-e6">
         <name>Cla1SoftIntRegsFile</name>
         <uninitialized>true</uninitialized>
         <run_address>0xce0</run_address>
         <size>0x4</size>
         <input_file_ref idref="fl-2"/>
      </object_component>
      <object_component id="oc-139">
         <name>PieVectTableFile</name>
         <uninitialized>true</uninitialized>
         <run_address>0xd00</run_address>
         <size>0x1c0</size>
         <input_file_ref idref="fl-2"/>
      </object_component>
      <object_component id="oc-e3">
         <name>EmuKeyVar</name>
         <uninitialized>true</uninitialized>
         <run_address>0xd00</run_address>
         <size>0x1</size>
         <input_file_ref idref="fl-2"/>
      </object_component>
      <object_component id="oc-e4">
         <name>EmuBModeVar</name>
         <uninitialized>true</uninitialized>
         <run_address>0xd01</run_address>
         <size>0x1</size>
         <input_file_ref idref="fl-2"/>
      </object_component>
      <object_component id="oc-128">
         <name>DmaRegsFile</name>
         <uninitialized>true</uninitialized>
         <run_address>0x1000</run_address>
         <size>0xe0</size>
         <input_file_ref idref="fl-2"/>
      </object_component>
      <object_component id="oc-11c">
         <name>Cla1RegsFile</name>
         <uninitialized>true</uninitialized>
         <run_address>0x1400</run_address>
         <size>0x3e</size>
         <input_file_ref idref="fl-2"/>
      </object_component>
      <object_component id="oc-129">
         <name>EPwm1RegsFile</name>
         <uninitialized>true</uninitialized>
         <run_address>0x4000</run_address>
         <size>0x100</size>
         <input_file_ref idref="fl-2"/>
      </object_component>
      <object_component id="oc-12a">
         <name>EPwm2RegsFile</name>
         <uninitialized>true</uninitialized>
         <run_address>0x4100</run_address>
         <size>0x100</size>
         <input_file_ref idref="fl-2"/>
      </object_component>
      <object_component id="oc-12b">
         <name>EPwm3RegsFile</name>
         <uninitialized>true</uninitialized>
         <run_address>0x4200</run_address>
         <size>0x100</size>
         <input_file_ref idref="fl-2"/>
      </object_component>
      <object_component id="oc-12c">
         <name>EPwm4RegsFile</name>
         <uninitialized>true</uninitialized>
         <run_address>0x4300</run_address>
         <size>0x100</size>
         <input_file_ref idref="fl-2"/>
      </object_component>
      <object_component id="oc-12e">
         <name>EPwm5RegsFile</name>
         <uninitialized>true</uninitialized>
         <run_address>0x4400</run_address>
         <size>0x100</size>
         <input_file_ref idref="fl-2"/>
      </object_component>
      <object_component id="oc-12f">
         <name>EPwm6RegsFile</name>
         <uninitialized>true</uninitialized>
         <run_address>0x4500</run_address>
         <size>0x100</size>
         <input_file_ref idref="fl-2"/>
      </object_component>
      <object_component id="oc-130">
         <name>EPwm7RegsFile</name>
         <uninitialized>true</uninitialized>
         <run_address>0x4600</run_address>
         <size>0x100</size>
         <input_file_ref idref="fl-2"/>
      </object_component>
      <object_component id="oc-131">
         <name>EPwm8RegsFile</name>
         <uninitialized>true</uninitialized>
         <run_address>0x4700</run_address>
         <size>0x100</size>
         <input_file_ref idref="fl-2"/>
      </object_component>
      <object_component id="oc-132">
         <name>EPwm9RegsFile</name>
         <uninitialized>true</uninitialized>
         <run_address>0x4800</run_address>
         <size>0x100</size>
         <input_file_ref idref="fl-2"/>
      </object_component>
      <object_component id="oc-133">
         <name>EPwm10RegsFile</name>
         <uninitialized>true</uninitialized>
         <run_address>0x4900</run_address>
         <size>0x100</size>
         <input_file_ref idref="fl-2"/>
      </object_component>
      <object_component id="oc-134">
         <name>EPwm11RegsFile</name>
         <uninitialized>true</uninitialized>
         <run_address>0x4a00</run_address>
         <size>0x100</size>
         <input_file_ref idref="fl-2"/>
      </object_component>
      <object_component id="oc-135">
         <name>EPwm12RegsFile</name>
         <uninitialized>true</uninitialized>
         <run_address>0x4b00</run_address>
         <size>0x100</size>
         <input_file_ref idref="fl-2"/>
      </object_component>
      <object_component id="oc-fd">
         <name>ECap1RegsFile</name>
         <uninitialized>true</uninitialized>
         <run_address>0x5000</run_address>
         <size>0x20</size>
         <input_file_ref idref="fl-2"/>
      </object_component>
      <object_component id="oc-fe">
         <name>ECap2RegsFile</name>
         <uninitialized>true</uninitialized>
         <run_address>0x5020</run_address>
         <size>0x20</size>
         <input_file_ref idref="fl-2"/>
      </object_component>
      <object_component id="oc-ff">
         <name>ECap3RegsFile</name>
         <uninitialized>true</uninitialized>
         <run_address>0x5040</run_address>
         <size>0x20</size>
         <input_file_ref idref="fl-2"/>
      </object_component>
      <object_component id="oc-100">
         <name>ECap4RegsFile</name>
         <uninitialized>true</uninitialized>
         <run_address>0x5060</run_address>
         <size>0x20</size>
         <input_file_ref idref="fl-2"/>
      </object_component>
      <object_component id="oc-101">
         <name>ECap5RegsFile</name>
         <uninitialized>true</uninitialized>
         <run_address>0x5080</run_address>
         <size>0x20</size>
         <input_file_ref idref="fl-2"/>
      </object_component>
      <object_component id="oc-102">
         <name>ECap6RegsFile</name>
         <uninitialized>true</uninitialized>
         <run_address>0x50a0</run_address>
         <size>0x20</size>
         <input_file_ref idref="fl-2"/>
      </object_component>
      <object_component id="oc-10e">
         <name>EQep1RegsFile</name>
         <uninitialized>true</uninitialized>
         <run_address>0x5100</run_address>
         <size>0x22</size>
         <input_file_ref idref="fl-2"/>
      </object_component>
      <object_component id="oc-10f">
         <name>EQep2RegsFile</name>
         <uninitialized>true</uninitialized>
         <run_address>0x5140</run_address>
         <size>0x22</size>
         <input_file_ref idref="fl-2"/>
      </object_component>
      <object_component id="oc-110">
         <name>EQep3RegsFile</name>
         <uninitialized>true</uninitialized>
         <run_address>0x5180</run_address>
         <size>0x22</size>
         <input_file_ref idref="fl-2"/>
      </object_component>
      <object_component id="oc-e8">
         <name>DacaRegsFile</name>
         <uninitialized>true</uninitialized>
         <run_address>0x5c00</run_address>
         <size>0x8</size>
         <input_file_ref idref="fl-2"/>
      </object_component>
      <object_component id="oc-e9">
         <name>DacbRegsFile</name>
         <uninitialized>true</uninitialized>
         <run_address>0x5c10</run_address>
         <size>0x8</size>
         <input_file_ref idref="fl-2"/>
      </object_component>
      <object_component id="oc-ea">
         <name>DaccRegsFile</name>
         <uninitialized>true</uninitialized>
         <run_address>0x5c20</run_address>
         <size>0x8</size>
         <input_file_ref idref="fl-2"/>
      </object_component>
      <object_component id="oc-103">
         <name>Cmpss1RegsFile</name>
         <uninitialized>true</uninitialized>
         <run_address>0x5c80</run_address>
         <size>0x20</size>
         <input_file_ref idref="fl-2"/>
      </object_component>
      <object_component id="oc-104">
         <name>Cmpss2RegsFile</name>
         <uninitialized>true</uninitialized>
         <run_address>0x5ca0</run_address>
         <size>0x20</size>
         <input_file_ref idref="fl-2"/>
      </object_component>
      <object_component id="oc-105">
         <name>Cmpss3RegsFile</name>
         <uninitialized>true</uninitialized>
         <run_address>0x5cc0</run_address>
         <size>0x20</size>
         <input_file_ref idref="fl-2"/>
      </object_component>
      <object_component id="oc-106">
         <name>Cmpss4RegsFile</name>
         <uninitialized>true</uninitialized>
         <run_address>0x5ce0</run_address>
         <size>0x20</size>
         <input_file_ref idref="fl-2"/>
      </object_component>
      <object_component id="oc-107">
         <name>Cmpss5RegsFile</name>
         <uninitialized>true</uninitialized>
         <run_address>0x5d00</run_address>
         <size>0x20</size>
         <input_file_ref idref="fl-2"/>
      </object_component>
      <object_component id="oc-108">
         <name>Cmpss6RegsFile</name>
         <uninitialized>true</uninitialized>
         <run_address>0x5d20</run_address>
         <size>0x20</size>
         <input_file_ref idref="fl-2"/>
      </object_component>
      <object_component id="oc-109">
         <name>Cmpss7RegsFile</name>
         <uninitialized>true</uninitialized>
         <run_address>0x5d40</run_address>
         <size>0x20</size>
         <input_file_ref idref="fl-2"/>
      </object_component>
      <object_component id="oc-10a">
         <name>Cmpss8RegsFile</name>
         <uninitialized>true</uninitialized>
         <run_address>0x5d60</run_address>
         <size>0x20</size>
         <input_file_ref idref="fl-2"/>
      </object_component>
      <object_component id="oc-120">
         <name>Sdfm1RegsFile</name>
         <uninitialized>true</uninitialized>
         <run_address>0x5e00</run_address>
         <size>0x80</size>
         <input_file_ref idref="fl-2"/>
      </object_component>
      <object_component id="oc-121">
         <name>Sdfm2RegsFile</name>
         <uninitialized>true</uninitialized>
         <run_address>0x5e80</run_address>
         <size>0x80</size>
         <input_file_ref idref="fl-2"/>
      </object_component>
      <object_component id="oc-113">
         <name>McbspaRegsFile</name>
         <uninitialized>true</uninitialized>
         <run_address>0x6000</run_address>
         <size>0x24</size>
         <input_file_ref idref="fl-2"/>
      </object_component>
      <object_component id="oc-114">
         <name>McbspbRegsFile</name>
         <uninitialized>true</uninitialized>
         <run_address>0x6040</run_address>
         <size>0x24</size>
         <input_file_ref idref="fl-2"/>
      </object_component>
      <object_component id="oc-f0">
         <name>SpiaRegsFile</name>
         <uninitialized>true</uninitialized>
         <run_address>0x6100</run_address>
         <size>0x10</size>
         <input_file_ref idref="fl-2"/>
      </object_component>
      <object_component id="oc-f1">
         <name>SpibRegsFile</name>
         <uninitialized>true</uninitialized>
         <run_address>0x6110</run_address>
         <size>0x10</size>
         <input_file_ref idref="fl-2"/>
      </object_component>
      <object_component id="oc-f2">
         <name>SpicRegsFile</name>
         <uninitialized>true</uninitialized>
         <run_address>0x6120</run_address>
         <size>0x10</size>
         <input_file_ref idref="fl-2"/>
      </object_component>
      <object_component id="oc-119">
         <name>WdRegsFile</name>
         <uninitialized>true</uninitialized>
         <run_address>0x7000</run_address>
         <size>0x2b</size>
         <input_file_ref idref="fl-2"/>
      </object_component>
      <object_component id="oc-e7">
         <name>NmiIntruptRegsFile</name>
         <uninitialized>true</uninitialized>
         <run_address>0x7060</run_address>
         <size>0x7</size>
         <input_file_ref idref="fl-2"/>
      </object_component>
      <object_component id="oc-ef">
         <name>XintRegsFile</name>
         <uninitialized>true</uninitialized>
         <run_address>0x7070</run_address>
         <size>0xb</size>
         <input_file_ref idref="fl-2"/>
      </object_component>
      <object_component id="oc-f3">
         <name>SciaRegsFile</name>
         <uninitialized>true</uninitialized>
         <run_address>0x7200</run_address>
         <size>0x10</size>
         <input_file_ref idref="fl-2"/>
      </object_component>
      <object_component id="oc-f4">
         <name>ScibRegsFile</name>
         <uninitialized>true</uninitialized>
         <run_address>0x7210</run_address>
         <size>0x10</size>
         <input_file_ref idref="fl-2"/>
      </object_component>
      <object_component id="oc-f5">
         <name>ScicRegsFile</name>
         <uninitialized>true</uninitialized>
         <run_address>0x7220</run_address>
         <size>0x10</size>
         <input_file_ref idref="fl-2"/>
      </object_component>
      <object_component id="oc-f6">
         <name>ScidRegsFile</name>
         <uninitialized>true</uninitialized>
         <run_address>0x7230</run_address>
         <size>0x10</size>
         <input_file_ref idref="fl-2"/>
      </object_component>
      <object_component id="oc-111">
         <name>I2caRegsFile</name>
         <uninitialized>true</uninitialized>
         <run_address>0x7300</run_address>
         <size>0x22</size>
         <input_file_ref idref="fl-2"/>
      </object_component>
      <object_component id="oc-112">
         <name>I2cbRegsFile</name>
         <uninitialized>true</uninitialized>
         <run_address>0x7340</run_address>
         <size>0x22</size>
         <input_file_ref idref="fl-2"/>
      </object_component>
      <object_component id="oc-122">
         <name>AdcaRegsFile</name>
         <uninitialized>true</uninitialized>
         <run_address>0x7400</run_address>
         <size>0x80</size>
         <input_file_ref idref="fl-2"/>
      </object_component>
      <object_component id="oc-123">
         <name>AdcbRegsFile</name>
         <uninitialized>true</uninitialized>
         <run_address>0x7480</run_address>
         <size>0x80</size>
         <input_file_ref idref="fl-2"/>
      </object_component>
      <object_component id="oc-124">
         <name>AdccRegsFile</name>
         <uninitialized>true</uninitialized>
         <run_address>0x7500</run_address>
         <size>0x80</size>
         <input_file_ref idref="fl-2"/>
      </object_component>
      <object_component id="oc-125">
         <name>AdcdRegsFile</name>
         <uninitialized>true</uninitialized>
         <run_address>0x7580</run_address>
         <size>0x80</size>
         <input_file_ref idref="fl-2"/>
      </object_component>
      <object_component id="oc-fc">
         <name>DmaClaSrcSelRegsFile</name>
         <uninitialized>true</uninitialized>
         <run_address>0x7980</run_address>
         <size>0x1a</size>
         <input_file_ref idref="fl-2"/>
      </object_component>
      <object_component id="oc-11a">
         <name>GpioDataRegsFile</name>
         <uninitialized>true</uninitialized>
         <run_address>0x7f00</run_address>
         <size>0x30</size>
         <input_file_ref idref="fl-2"/>
      </object_component>
      <object_component id="oc-11f">
         <name>Emif1RegsFile</name>
         <uninitialized>true</uninitialized>
         <run_address>0x47000</run_address>
         <size>0x70</size>
         <input_file_ref idref="fl-2"/>
      </object_component>
      <object_component id="oc-136">
         <name>CanaRegsFile</name>
         <uninitialized>true</uninitialized>
         <run_address>0x48000</run_address>
         <size>0x164</size>
         <input_file_ref idref="fl-2"/>
      </object_component>
      <object_component id="oc-137">
         <name>CanbRegsFile</name>
         <uninitialized>true</uninitialized>
         <run_address>0x4a000</run_address>
         <size>0x164</size>
         <input_file_ref idref="fl-2"/>
      </object_component>
      <object_component id="oc-117">
         <name>IpcRegsFile</name>
         <uninitialized>true</uninitialized>
         <run_address>0x50000</run_address>
         <size>0x24</size>
         <input_file_ref idref="fl-2"/>
      </object_component>
      <object_component id="oc-e5">
         <name>FlashPumpSemaphoreRegsFile</name>
         <uninitialized>true</uninitialized>
         <run_address>0x50024</run_address>
         <size>0x2</size>
         <input_file_ref idref="fl-2"/>
      </object_component>
      <object_component id="oc-11b">
         <name>ClkCfgRegsFile</name>
         <uninitialized>true</uninitialized>
         <run_address>0x5d200</run_address>
         <size>0x32</size>
         <input_file_ref idref="fl-2"/>
      </object_component>
      <object_component id="oc-127">
         <name>CpuSysRegsFile</name>
         <uninitialized>true</uninitialized>
         <run_address>0x5d300</run_address>
         <size>0x82</size>
         <input_file_ref idref="fl-2"/>
      </object_component>
      <object_component id="oc-115">
         <name>DcsmZ1RegsFile</name>
         <uninitialized>true</uninitialized>
         <run_address>0x5f000</run_address>
         <size>0x24</size>
         <input_file_ref idref="fl-2"/>
      </object_component>
      <object_component id="oc-116">
         <name>DcsmZ2RegsFile</name>
         <uninitialized>true</uninitialized>
         <run_address>0x5f040</run_address>
         <size>0x24</size>
         <input_file_ref idref="fl-2"/>
      </object_component>
      <object_component id="oc-ee">
         <name>DcsmCommonRegsFile</name>
         <uninitialized>true</uninitialized>
         <run_address>0x5f070</run_address>
         <size>0x8</size>
         <input_file_ref idref="fl-2"/>
      </object_component>
      <object_component id="oc-126">
         <name>MemCfgRegsFile</name>
         <uninitialized>true</uninitialized>
         <run_address>0x5f400</run_address>
         <size>0x80</size>
         <input_file_ref idref="fl-2"/>
      </object_component>
      <object_component id="oc-10b">
         <name>Emif1ConfigRegsFile</name>
         <uninitialized>true</uninitialized>
         <run_address>0x5f480</run_address>
         <size>0x20</size>
         <input_file_ref idref="fl-2"/>
      </object_component>
      <object_component id="oc-11d">
         <name>AccessProtectionRegsFile</name>
         <uninitialized>true</uninitialized>
         <run_address>0x5f4c0</run_address>
         <size>0x40</size>
         <input_file_ref idref="fl-2"/>
      </object_component>
      <object_component id="oc-11e">
         <name>MemoryErrorRegsFile</name>
         <uninitialized>true</uninitialized>
         <run_address>0x5f500</run_address>
         <size>0x40</size>
         <input_file_ref idref="fl-2"/>
      </object_component>
      <object_component id="oc-138">
         <name>Flash0CtrlRegsFile</name>
         <uninitialized>true</uninitialized>
         <run_address>0x5f800</run_address>
         <size>0x182</size>
         <input_file_ref idref="fl-2"/>
      </object_component>
      <object_component id="oc-118">
         <name>Flash0EccRegsFile</name>
         <uninitialized>true</uninitialized>
         <run_address>0x5fb00</run_address>
         <size>0x28</size>
         <input_file_ref idref="fl-2"/>
      </object_component>
      <object_component id="oc-10c">
         <name>DcsmZ1OtpFile</name>
         <uninitialized>true</uninitialized>
         <run_address>0x78000</run_address>
         <size>0x20</size>
         <input_file_ref idref="fl-2"/>
      </object_component>
      <object_component id="oc-10d">
         <name>DcsmZ2OtpFile</name>
         <uninitialized>true</uninitialized>
         <run_address>0x78200</run_address>
         <size>0x20</size>
         <input_file_ref idref="fl-2"/>
      </object_component>
      <object_component id="oc-e2">
         <name>.debug_info</name>
         <load_address>0x0</load_address>
         <run_address>0x0</run_address>
         <size>0x3048d</size>
         <input_file_ref idref="fl-2"/>
      </object_component>
      <object_component id="oc-13b">
         <name>.debug_info</name>
         <load_address>0x3048d</load_address>
         <run_address>0x3048d</run_address>
         <size>0x19f</size>
         <input_file_ref idref="fl-3"/>
      </object_component>
      <object_component id="oc-13d">
         <name>.debug_info</name>
         <load_address>0x3062c</load_address>
         <run_address>0x3062c</run_address>
         <size>0x111f</size>
         <input_file_ref idref="fl-4"/>
      </object_component>
      <object_component id="oc-16a">
         <name>.debug_info</name>
         <load_address>0x3174b</load_address>
         <run_address>0x3174b</run_address>
         <size>0x12687</size>
         <input_file_ref idref="fl-5"/>
      </object_component>
      <object_component id="oc-198">
         <name>.debug_info</name>
         <load_address>0x43dd2</load_address>
         <run_address>0x43dd2</run_address>
         <size>0x11e4</size>
         <input_file_ref idref="fl-6"/>
      </object_component>
      <object_component id="oc-19d">
         <name>.debug_info</name>
         <load_address>0x44fb6</load_address>
         <run_address>0x44fb6</run_address>
         <size>0xb04</size>
         <input_file_ref idref="fl-7"/>
      </object_component>
      <object_component id="oc-1ae">
         <name>.debug_info</name>
         <load_address>0x45aba</load_address>
         <run_address>0x45aba</run_address>
         <size>0x182f</size>
         <input_file_ref idref="fl-8"/>
      </object_component>
      <object_component id="oc-1b3">
         <name>.debug_info</name>
         <load_address>0x472e9</load_address>
         <run_address>0x472e9</run_address>
         <size>0x19d</size>
         <input_file_ref idref="fl-9"/>
      </object_component>
      <object_component id="oc-1b5">
         <name>.debug_info</name>
         <load_address>0x47486</load_address>
         <run_address>0x47486</run_address>
         <size>0x19e</size>
         <input_file_ref idref="fl-a"/>
      </object_component>
      <object_component id="oc-1b7">
         <name>.debug_info</name>
         <load_address>0x47624</load_address>
         <run_address>0x47624</run_address>
         <size>0x19d</size>
         <input_file_ref idref="fl-b"/>
      </object_component>
      <object_component id="oc-1b9">
         <name>.debug_info</name>
         <load_address>0x477c1</load_address>
         <run_address>0x477c1</run_address>
         <size>0x19d</size>
         <input_file_ref idref="fl-c"/>
      </object_component>
      <object_component id="oc-1bb">
         <name>.debug_info</name>
         <load_address>0x4795e</load_address>
         <run_address>0x4795e</run_address>
         <size>0x19d</size>
         <input_file_ref idref="fl-d"/>
      </object_component>
      <object_component id="oc-1bd">
         <name>.debug_info</name>
         <load_address>0x47afb</load_address>
         <run_address>0x47afb</run_address>
         <size>0x8e3</size>
         <input_file_ref idref="fl-e"/>
      </object_component>
      <object_component id="oc-1c2">
         <name>.debug_info</name>
         <load_address>0x483de</load_address>
         <run_address>0x483de</run_address>
         <size>0x5da6</size>
         <input_file_ref idref="fl-f"/>
      </object_component>
      <object_component id="oc-1c7">
         <name>.debug_info</name>
         <load_address>0x4e184</load_address>
         <run_address>0x4e184</run_address>
         <size>0x5d30</size>
         <input_file_ref idref="fl-10"/>
      </object_component>
      <object_component id="oc-1ce">
         <name>.debug_info</name>
         <load_address>0x53eb4</load_address>
         <run_address>0x53eb4</run_address>
         <size>0x8a0</size>
         <input_file_ref idref="fl-11"/>
      </object_component>
      <object_component id="oc-1d3">
         <name>.debug_info</name>
         <load_address>0x54754</load_address>
         <run_address>0x54754</run_address>
         <size>0x364a</size>
         <input_file_ref idref="fl-12"/>
      </object_component>
      <object_component id="oc-1d8">
         <name>.debug_info</name>
         <load_address>0x57d9e</load_address>
         <run_address>0x57d9e</run_address>
         <size>0xbfd</size>
         <input_file_ref idref="fl-13"/>
      </object_component>
      <object_component id="oc-1dd">
         <name>.debug_info</name>
         <load_address>0x5899b</load_address>
         <run_address>0x5899b</run_address>
         <size>0x353f</size>
         <input_file_ref idref="fl-14"/>
      </object_component>
      <object_component id="oc-1e2">
         <name>.debug_info</name>
         <load_address>0x5beda</load_address>
         <run_address>0x5beda</run_address>
         <size>0x58a1</size>
         <input_file_ref idref="fl-15"/>
      </object_component>
      <object_component id="oc-1e8">
         <name>.debug_info</name>
         <load_address>0x6177b</load_address>
         <run_address>0x6177b</run_address>
         <size>0xa49</size>
         <input_file_ref idref="fl-16"/>
      </object_component>
      <object_component id="oc-1ed">
         <name>.debug_info</name>
         <load_address>0x621c4</load_address>
         <run_address>0x621c4</run_address>
         <size>0x82c</size>
         <input_file_ref idref="fl-17"/>
      </object_component>
      <object_component id="oc-1f4">
         <name>.debug_info</name>
         <load_address>0x629f0</load_address>
         <run_address>0x629f0</run_address>
         <size>0x2c8b</size>
         <input_file_ref idref="fl-18"/>
      </object_component>
      <object_component id="oc-1fb">
         <name>.debug_info</name>
         <load_address>0x6567b</load_address>
         <run_address>0x6567b</run_address>
         <size>0x11d</size>
         <input_file_ref idref="fl-19"/>
      </object_component>
      <object_component id="oc-1fe">
         <name>.debug_info</name>
         <load_address>0x65798</load_address>
         <run_address>0x65798</run_address>
         <size>0x5594</size>
         <input_file_ref idref="fl-1a"/>
      </object_component>
      <object_component id="oc-203">
         <name>.debug_info</name>
         <load_address>0x6ad2c</load_address>
         <run_address>0x6ad2c</run_address>
         <size>0x17d5</size>
         <input_file_ref idref="fl-1b"/>
      </object_component>
      <object_component id="oc-20a">
         <name>.debug_info</name>
         <load_address>0x6c501</load_address>
         <run_address>0x6c501</run_address>
         <size>0x174</size>
         <input_file_ref idref="fl-2e"/>
      </object_component>
      <object_component id="oc-20e">
         <name>.debug_info</name>
         <load_address>0x6c675</load_address>
         <run_address>0x6c675</run_address>
         <size>0x562</size>
         <input_file_ref idref="fl-2f"/>
      </object_component>
      <object_component id="oc-213">
         <name>.debug_info</name>
         <load_address>0x6cbd7</load_address>
         <run_address>0x6cbd7</run_address>
         <size>0x43b</size>
         <input_file_ref idref="fl-30"/>
      </object_component>
      <object_component id="oc-218">
         <name>.debug_info</name>
         <load_address>0x6d012</load_address>
         <run_address>0x6d012</run_address>
         <size>0x3ae</size>
         <input_file_ref idref="fl-31"/>
      </object_component>
      <object_component id="oc-21d">
         <name>.debug_info</name>
         <load_address>0x6d3c0</load_address>
         <run_address>0x6d3c0</run_address>
         <size>0x3ab</size>
         <input_file_ref idref="fl-32"/>
      </object_component>
      <object_component id="oc-222">
         <name>.debug_info</name>
         <load_address>0x6d76b</load_address>
         <run_address>0x6d76b</run_address>
         <size>0x545</size>
         <input_file_ref idref="fl-33"/>
      </object_component>
      <object_component id="oc-229">
         <name>.debug_info</name>
         <load_address>0x6dcb0</load_address>
         <run_address>0x6dcb0</run_address>
         <size>0x4cd</size>
         <input_file_ref idref="fl-34"/>
      </object_component>
      <object_component id="oc-22e">
         <name>.debug_info</name>
         <load_address>0x6e17d</load_address>
         <run_address>0x6e17d</run_address>
         <size>0x468</size>
         <input_file_ref idref="fl-35"/>
      </object_component>
      <object_component id="oc-337">
         <name>.debug_info</name>
         <load_address>0x6e5e5</load_address>
         <run_address>0x6e5e5</run_address>
         <size>0xbe</size>
      </object_component>
      <object_component id="oc-13a">
         <name>.debug_abbrev</name>
         <load_address>0x0</load_address>
         <run_address>0x0</run_address>
         <size>0xcb</size>
         <input_file_ref idref="fl-2"/>
      </object_component>
      <object_component id="oc-13c">
         <name>.debug_abbrev</name>
         <load_address>0xcb</load_address>
         <run_address>0xcb</run_address>
         <size>0x21</size>
         <input_file_ref idref="fl-3"/>
      </object_component>
      <object_component id="oc-169">
         <name>.debug_abbrev</name>
         <load_address>0xec</load_address>
         <run_address>0xec</run_address>
         <size>0x84</size>
         <input_file_ref idref="fl-4"/>
      </object_component>
      <object_component id="oc-196">
         <name>.debug_abbrev</name>
         <load_address>0x170</load_address>
         <run_address>0x170</run_address>
         <size>0x1a0</size>
         <input_file_ref idref="fl-5"/>
      </object_component>
      <object_component id="oc-19b">
         <name>.debug_abbrev</name>
         <load_address>0x310</load_address>
         <run_address>0x310</run_address>
         <size>0x147</size>
         <input_file_ref idref="fl-6"/>
      </object_component>
      <object_component id="oc-1ac">
         <name>.debug_abbrev</name>
         <load_address>0x457</load_address>
         <run_address>0x457</run_address>
         <size>0xf1</size>
         <input_file_ref idref="fl-7"/>
      </object_component>
      <object_component id="oc-1b1">
         <name>.debug_abbrev</name>
         <load_address>0x548</load_address>
         <run_address>0x548</run_address>
         <size>0xf8</size>
         <input_file_ref idref="fl-8"/>
      </object_component>
      <object_component id="oc-1b4">
         <name>.debug_abbrev</name>
         <load_address>0x640</load_address>
         <run_address>0x640</run_address>
         <size>0x21</size>
         <input_file_ref idref="fl-9"/>
      </object_component>
      <object_component id="oc-1b6">
         <name>.debug_abbrev</name>
         <load_address>0x661</load_address>
         <run_address>0x661</run_address>
         <size>0x21</size>
         <input_file_ref idref="fl-a"/>
      </object_component>
      <object_component id="oc-1b8">
         <name>.debug_abbrev</name>
         <load_address>0x682</load_address>
         <run_address>0x682</run_address>
         <size>0x21</size>
         <input_file_ref idref="fl-b"/>
      </object_component>
      <object_component id="oc-1ba">
         <name>.debug_abbrev</name>
         <load_address>0x6a3</load_address>
         <run_address>0x6a3</run_address>
         <size>0x21</size>
         <input_file_ref idref="fl-c"/>
      </object_component>
      <object_component id="oc-1bc">
         <name>.debug_abbrev</name>
         <load_address>0x6c4</load_address>
         <run_address>0x6c4</run_address>
         <size>0x21</size>
         <input_file_ref idref="fl-d"/>
      </object_component>
      <object_component id="oc-1c0">
         <name>.debug_abbrev</name>
         <load_address>0x6e5</load_address>
         <run_address>0x6e5</run_address>
         <size>0xb4</size>
         <input_file_ref idref="fl-e"/>
      </object_component>
      <object_component id="oc-1c5">
         <name>.debug_abbrev</name>
         <load_address>0x799</load_address>
         <run_address>0x799</run_address>
         <size>0xd6</size>
         <input_file_ref idref="fl-f"/>
      </object_component>
      <object_component id="oc-1cc">
         <name>.debug_abbrev</name>
         <load_address>0x86f</load_address>
         <run_address>0x86f</run_address>
         <size>0xd6</size>
         <input_file_ref idref="fl-10"/>
      </object_component>
      <object_component id="oc-1d1">
         <name>.debug_abbrev</name>
         <load_address>0x945</load_address>
         <run_address>0x945</run_address>
         <size>0xbe</size>
         <input_file_ref idref="fl-11"/>
      </object_component>
      <object_component id="oc-1d6">
         <name>.debug_abbrev</name>
         <load_address>0xa03</load_address>
         <run_address>0xa03</run_address>
         <size>0xdc</size>
         <input_file_ref idref="fl-12"/>
      </object_component>
      <object_component id="oc-1db">
         <name>.debug_abbrev</name>
         <load_address>0xadf</load_address>
         <run_address>0xadf</run_address>
         <size>0xda</size>
         <input_file_ref idref="fl-13"/>
      </object_component>
      <object_component id="oc-1e0">
         <name>.debug_abbrev</name>
         <load_address>0xbb9</load_address>
         <run_address>0xbb9</run_address>
         <size>0xc8</size>
         <input_file_ref idref="fl-14"/>
      </object_component>
      <object_component id="oc-1e6">
         <name>.debug_abbrev</name>
         <load_address>0xc81</load_address>
         <run_address>0xc81</run_address>
         <size>0x127</size>
         <input_file_ref idref="fl-15"/>
      </object_component>
      <object_component id="oc-1eb">
         <name>.debug_abbrev</name>
         <load_address>0xda8</load_address>
         <run_address>0xda8</run_address>
         <size>0xda</size>
         <input_file_ref idref="fl-16"/>
      </object_component>
      <object_component id="oc-1f2">
         <name>.debug_abbrev</name>
         <load_address>0xe82</load_address>
         <run_address>0xe82</run_address>
         <size>0xea</size>
         <input_file_ref idref="fl-17"/>
      </object_component>
      <object_component id="oc-1f7">
         <name>.debug_abbrev</name>
         <load_address>0xf6c</load_address>
         <run_address>0xf6c</run_address>
         <size>0x103</size>
         <input_file_ref idref="fl-18"/>
      </object_component>
      <object_component id="oc-1fc">
         <name>.debug_abbrev</name>
         <load_address>0x106f</load_address>
         <run_address>0x106f</run_address>
         <size>0x2f</size>
         <input_file_ref idref="fl-19"/>
      </object_component>
      <object_component id="oc-201">
         <name>.debug_abbrev</name>
         <load_address>0x109e</load_address>
         <run_address>0x109e</run_address>
         <size>0x117</size>
         <input_file_ref idref="fl-1a"/>
      </object_component>
      <object_component id="oc-206">
         <name>.debug_abbrev</name>
         <load_address>0x11b5</load_address>
         <run_address>0x11b5</run_address>
         <size>0xec</size>
         <input_file_ref idref="fl-1b"/>
      </object_component>
      <object_component id="oc-20c">
         <name>.debug_abbrev</name>
         <load_address>0x12a1</load_address>
         <run_address>0x12a1</run_address>
         <size>0x46</size>
         <input_file_ref idref="fl-2e"/>
      </object_component>
      <object_component id="oc-211">
         <name>.debug_abbrev</name>
         <load_address>0x12e7</load_address>
         <run_address>0x12e7</run_address>
         <size>0xe3</size>
         <input_file_ref idref="fl-2f"/>
      </object_component>
      <object_component id="oc-216">
         <name>.debug_abbrev</name>
         <load_address>0x13ca</load_address>
         <run_address>0x13ca</run_address>
         <size>0xa8</size>
         <input_file_ref idref="fl-30"/>
      </object_component>
      <object_component id="oc-21b">
         <name>.debug_abbrev</name>
         <load_address>0x1472</load_address>
         <run_address>0x1472</run_address>
         <size>0x68</size>
         <input_file_ref idref="fl-31"/>
      </object_component>
      <object_component id="oc-220">
         <name>.debug_abbrev</name>
         <load_address>0x14da</load_address>
         <run_address>0x14da</run_address>
         <size>0x66</size>
         <input_file_ref idref="fl-32"/>
      </object_component>
      <object_component id="oc-227">
         <name>.debug_abbrev</name>
[...]
         <name>_M1Speed_Sens</name>
         <value>0x110c6</value>
         <object_component_ref idref="oc-165"/>
      </symbol>
      <symbol id="sm-34c">
         <name>_M1Ve_ref</name>
         <value>0x1111c</value>
         <object_component_ref idref="oc-155"/>
      </symbol>
      <symbol id="sm-34d">
         <name>_M1CMPu</name>
         <value>0x11148</value>
         <object_component_ref idref="oc-149"/>
      </symbol>
      <symbol id="sm-34e">
         <name>_M1CMPl</name>
         <value>0x1114b</value>
         <object_component_ref idref="oc-14a"/>
      </symbol>
      <symbol id="sm-34f">
         <name>_M1Fault_Level</name>
         <value>0x11150</value>
         <object_component_ref idref="oc-162"/>
      </symbol>
      <symbol id="sm-350">
         <name>_M1toM2El_data</name>
         <value>0x11165</value>
         <object_component_ref idref="oc-14d"/>
      </symbol>
      <symbol id="sm-351">
         <name>_M1Nn_ref</name>
         <value>0x11140</value>
         <object_component_ref idref="oc-160"/>
      </symbol>
      <symbol id="sm-352">
         <name>_M1Vn_ref</name>
         <value>0x1112a</value>
         <object_component_ref idref="oc-161"/>
      </symbol>
      <symbol id="sm-353">
         <name>_M1Samp</name>
         <value>0x11000</value>
         <object_component_ref idref="oc-168"/>
      </symbol>
      <symbol id="sm-354">
         <name>_M1Ks</name>
         <value>0x11050</value>
         <object_component_ref idref="oc-15a"/>
      </symbol>
      <symbol id="sm-355">
         <name>_M1Kc</name>
         <value>0x11056</value>
         <object_component_ref idref="oc-164"/>
      </symbol>
      <symbol id="sm-356">
         <name>_M1Ve_ref_integ</name>
         <value>0x11114</value>
         <object_component_ref idref="oc-153"/>
      </symbol>
      <symbol id="sm-357">
         <name>_M1toM2Ip_data</name>
         <value>0x11162</value>
         <object_component_ref idref="oc-14c"/>
      </symbol>
      <symbol id="sm-358">
         <name>_M1Is</name>
         <value>0x11106</value>
         <object_component_ref idref="oc-150"/>
      </symbol>
      <symbol id="sm-359">
         <name>_M1Ip</name>
         <value>0x110f0</value>
         <object_component_ref idref="oc-15b"/>
      </symbol>
      <symbol id="sm-35a">
         <name>_M1Ie</name>
         <value>0x1110a</value>
         <object_component_ref idref="oc-151"/>
      </symbol>
      <symbol id="sm-35b">
         <name>_M1Ie_ref_integ</name>
         <value>0x110e2</value>
         <object_component_ref idref="oc-146"/>
      </symbol>
      <symbol id="sm-35c">
         <name>_M1Ie_ref_ul</name>
         <value>0x110e6</value>
         <object_component_ref idref="oc-148"/>
      </symbol>
      <symbol id="sm-35d">
         <name>_M1Wm_err</name>
         <value>0x110c4</value>
         <object_component_ref idref="oc-144"/>
      </symbol>
      <symbol id="sm-35e">
         <name>_M1Ie_ref_anti</name>
         <value>0x110e4</value>
         <object_component_ref idref="oc-147"/>
      </symbol>
      <symbol id="sm-35f">
         <name>_M1Cont</name>
         <value>0x11026</value>
         <object_component_ref idref="oc-166"/>
      </symbol>
      <symbol id="sm-360">
         <name>_M1Fault_Register</name>
         <value>0x11158</value>
         <object_component_ref idref="oc-13e"/>
      </symbol>
      <symbol id="sm-361">
         <name>_M1Ip_sum</name>
         <value>0x110f6</value>
         <object_component_ref idref="oc-15c"/>
      </symbol>
      <symbol id="sm-3ea">
         <name>_M2Ie_ref_integ</name>
         <value>0x190e2</value>
         <object_component_ref idref="oc-172"/>
      </symbol>
      <symbol id="sm-3eb">
         <name>_M2Count</name>
         <value>0x1903a</value>
         <object_component_ref idref="oc-183"/>
      </symbol>
      <symbol id="sm-3ec">
         <name>_M2Vs</name>
         <value>0x19132</value>
         <object_component_ref idref="oc-181"/>
      </symbol>
      <symbol id="sm-3ed">
         <name>_M2Ve</name>
         <value>0x19136</value>
         <object_component_ref idref="oc-182"/>
      </symbol>
      <symbol id="sm-3ee">
         <name>_M2Wm_ref</name>
         <value>0x190c2</value>
         <object_component_ref idref="oc-16f"/>
      </symbol>
      <symbol id="sm-3ef">
         <name>_M2Fault_Level</name>
         <value>0x19150</value>
         <object_component_ref idref="oc-18c"/>
      </symbol>
      <symbol id="sm-3f0">
         <name>_M2Ve_ref_anti</name>
         <value>0x19118</value>
         <object_component_ref idref="oc-17e"/>
      </symbol>
      <symbol id="sm-3f1">
         <name>_M2Ie_ref</name>
         <value>0x190e8</value>
         <object_component_ref idref="oc-178"/>
      </symbol>
      <symbol id="sm-3f2">
         <name>_M2Koff</name>
         <value>0x19062</value>
         <object_component_ref idref="oc-16d"/>
      </symbol>
      <symbol id="sm-3f3">
         <name>_M2Ve_ref</name>
         <value>0x1911c</value>
         <object_component_ref idref="oc-17f"/>
      </symbol>
      <symbol id="sm-3f4">
         <name>_M2Theta_Sens</name>
         <value>0x190a0</value>
         <object_component_ref idref="oc-191"/>
      </symbol>
      <symbol id="sm-3f5">
         <name>_M2Ve_ref_prop</name>
         <value>0x19110</value>
         <object_component_ref idref="oc-17c"/>
      </symbol>
      <symbol id="sm-3f6">
         <name>_M2Para</name>
         <value>0x1901a</value>
         <object_component_ref idref="oc-18d"/>
      </symbol>
      <symbol id="sm-3f7">
         <name>_M2Wm_err</name>
         <value>0x190c4</value>
         <object_component_ref idref="oc-170"/>
      </symbol>
      <symbol id="sm-3f8">
         <name>_M2Ks</name>
         <value>0x19050</value>
         <object_component_ref idref="oc-184"/>
      </symbol>
      <symbol id="sm-3f9">
         <name>_M2Kc</name>
         <value>0x19056</value>
         <object_component_ref idref="oc-18e"/>
      </symbol>
      <symbol id="sm-3fa">
         <name>_M2Flag</name>
         <value>0x19040</value>
         <object_component_ref idref="oc-177"/>
      </symbol>
      <symbol id="sm-3fb">
         <name>_M2Nn_ref</name>
         <value>0x19140</value>
         <object_component_ref idref="oc-18b"/>
      </symbol>
      <symbol id="sm-3fc">
         <name>_M2Vn_ref</name>
         <value>0x1912a</value>
         <object_component_ref idref="oc-18a"/>
      </symbol>
      <symbol id="sm-3fd">
         <name>_M2Is</name>
         <value>0x19106</value>
         <object_component_ref idref="oc-17a"/>
      </symbol>
      <symbol id="sm-3fe">
         <name>_M2Ip</name>
         <value>0x190f0</value>
         <object_component_ref idref="oc-185"/>
      </symbol>
      <symbol id="sm-3ff">
         <name>_M2Ie</name>
         <value>0x1910a</value>
         <object_component_ref idref="oc-17b"/>
      </symbol>
      <symbol id="sm-400">
         <name>_M2Speed_Sens</name>
         <value>0x190c6</value>
         <object_component_ref idref="oc-18f"/>
      </symbol>
      <symbol id="sm-401">
         <name>_M2Ip_sum</name>
         <value>0x190f6</value>
         <object_component_ref idref="oc-186"/>
      </symbol>
      <symbol id="sm-402">
         <name>_M2Ie_ref_prop</name>
         <value>0x190e0</value>
         <object_component_ref idref="oc-171"/>
      </symbol>
      <symbol id="sm-403">
         <name>_ISR_CPU2_EPWM4_OFFSET</name>
         <value>0x149a6</value>
         <object_component_ref idref="oc-193"/>
      </symbol>
      <symbol id="sm-404">
         <name>_M2Ip_offset</name>
         <value>0x19100</value>
         <object_component_ref idref="oc-187"/>
      </symbol>
      <symbol id="sm-405">
         <name>_M2Ie_err</name>
         <value>0x190ec</value>
         <object_component_ref idref="oc-179"/>
      </symbol>
      <symbol id="sm-406">
         <name>_M2CMPu</name>
         <value>0x19148</value>
         <object_component_ref idref="oc-175"/>
      </symbol>
      <symbol id="sm-407">
         <name>_M2CMPl</name>
         <value>0x1914b</value>
         <object_component_ref idref="oc-176"/>
      </symbol>
      <symbol id="sm-408">
         <name>_M2Samp</name>
         <value>0x19000</value>
         <object_component_ref idref="oc-192"/>
      </symbol>
      <symbol id="sm-409">
         <name>_M2Np_ref</name>
         <value>0x1913a</value>
         <object_component_ref idref="oc-189"/>
      </symbol>
      <symbol id="sm-40a">
         <name>_M2Vp_ref</name>
         <value>0x19124</value>
         <object_component_ref idref="oc-188"/>
      </symbol>
      <symbol id="sm-40b">
         <name>_ISR_CPU2_EPWM4_MAIN</name>
         <value>0x14859</value>
         <object_component_ref idref="oc-193"/>
      </symbol>
      <symbol id="sm-40c">
         <name>_M2Fault_Register</name>
         <value>0x19158</value>
         <object_component_ref idref="oc-16c"/>
      </symbol>
      <symbol id="sm-40d">
         <name>_M2Ie_ref_anti</name>
         <value>0x190e4</value>
         <object_component_ref idref="oc-173"/>
      </symbol>
      <symbol id="sm-40e">
         <name>_M2Ve_ref_integ</name>
         <value>0x19114</value>
         <object_component_ref idref="oc-17d"/>
      </symbol>
      <symbol id="sm-40f">
         <name>_M2Vs_ref</name>
         <value>0x19120</value>
         <object_component_ref idref="oc-180"/>
      </symbol>
      <symbol id="sm-410">
         <name>_M2RPM_ref</name>
         <value>0x190c0</value>
         <object_component_ref idref="oc-16e"/>
      </symbol>
      <symbol id="sm-411">
         <name>_M2Ie_ref_ul</name>
         <value>0x190e6</value>
         <object_component_ref idref="oc-174"/>
      </symbol>
      <symbol id="sm-412">
         <name>_M2Cont</name>
         <value>0x19026</value>
         <object_component_ref idref="oc-190"/>
      </symbol>
      <symbol id="sm-42e">
         <name>_Current_Cont</name>
         <value>0x141f3</value>
         <object_component_ref idref="oc-23b"/>
      </symbol>
      <symbol id="sm-42f">
         <name>_Vabc2dqe</name>
         <value>0x141a0</value>
         <object_component_ref idref="oc-23b"/>
      </symbol>
      <symbol id="sm-430">
         <name>_Reset_Cont</name>
         <value>0x1434f</value>
         <object_component_ref idref="oc-23b"/>
      </symbol>
      <symbol id="sm-431">
         <name>_Motor_Cont</name>
         <value>0x14000</value>
         <object_component_ref idref="oc-23b"/>
      </symbol>
      <symbol id="sm-432">
         <name>_Vdqs2abc</name>
         <value>0x1416f</value>
         <object_component_ref idref="oc-23b"/>
      </symbol>
      <symbol id="sm-433">
         <name>_Speed_Cont</name>
         <value>0x142bd</value>
         <object_component_ref idref="oc-23b"/>
      </symbol>
      <symbol id="sm-434">
         <name>_Vdqe2dqs</name>
         <value>0x14140</value>
         <object_component_ref idref="oc-23b"/>
      </symbol>
      <symbol id="sm-46d">
         <name>_DAC</name>
         <value>0x143a2</value>
         <object_component_ref idref="oc-23d"/>
      </symbol>
      <symbol id="sm-46e">
         <name>_da4_invrng</name>
         <value>0x19226</value>
         <object_component_ref idref="oc-1a4"/>
      </symbol>
      <symbol id="sm-46f">
         <name>_da1_invrng</name>
         <value>0x19220</value>
         <object_component_ref idref="oc-1a1"/>
      </symbol>
      <symbol id="sm-470">
         <name>_da_sel</name>
         <value>0x1922e</value>
         <object_component_ref idref="oc-19f"/>
      </symbol>
      <symbol id="sm-471">
         <name>_da_rng</name>
         <value>0x1922c</value>
         <object_component_ref idref="oc-1a0"/>
      </symbol>
      <symbol id="sm-472">
         <name>_da4</name>
         <value>0x19218</value>
         <object_component_ref idref="oc-1a9"/>
      </symbol>
      <symbol id="sm-473">
         <name>_da3</name>
         <value>0x19210</value>
         <object_component_ref idref="oc-1a8"/>
      </symbol>
      <symbol id="sm-474">
         <name>_da2</name>
         <value>0x19208</value>
         <object_component_ref idref="oc-1a7"/>
      </symbol>
      <symbol id="sm-475">
         <name>_da1</name>
         <value>0x19200</value>
         <object_component_ref idref="oc-1a6"/>
      </symbol>
      <symbol id="sm-476">
         <name>_dac_temp</name>
         <value>0x19228</value>
         <object_component_ref idref="oc-1a5"/>
      </symbol>
      <symbol id="sm-477">
         <name>_da3_invrng</name>
         <value>0x19224</value>
         <object_component_ref idref="oc-1a3"/>
      </symbol>
      <symbol id="sm-478">
         <name>_da2_invrng</name>
         <value>0x19222</value>
         <object_component_ref idref="oc-1a2"/>
      </symbol>
      <symbol id="sm-4a5">
         <name>_Fault</name>
         <value>0x14b62</value>
         <object_component_ref idref="oc-23a"/>
      </symbol>
      <symbol id="sm-4b1">
         <name>_Init_GPIO</name>
         <value>0x14d6f</value>
         <object_component_ref idref="oc-244"/>
      </symbol>
      <symbol id="sm-4ca">
         <name>_LED</name>
         <value>0x14cdf</value>
         <object_component_ref idref="oc-23e"/>
      </symbol>
      <symbol id="sm-4d6">
         <name>_LPF_Parameter</name>
         <value>0x14c60</value>
         <object_component_ref idref="oc-249"/>
      </symbol>
      <symbol id="sm-4e2">
         <name>_Init_RAM</name>
         <value>0x14e62</value>
         <object_component_ref idref="oc-245"/>
      </symbol>
      <symbol id="sm-50a">
         <name>_NSFOPWM</name>
         <value>0x1463b</value>
         <object_component_ref idref="oc-23c"/>
      </symbol>
      <symbol id="sm-516">
         <name>_Init_PieCtrl</name>
         <value>0x14d42</value>
         <object_component_ref idref="oc-246"/>
      </symbol>
      <symbol id="sm-517">
         <name>_Start_PieCtrl</name>
         <value>0x14d65</value>
         <object_component_ref idref="oc-246"/>
      </symbol>
      <symbol id="sm-528">
         <name>_ISR_Default</name>
         <value>0x14e78</value>
         <object_component_ref idref="oc-1e3"/>
      </symbol>
      <symbol id="sm-529">
         <name>_Init_PieVectTable</name>
         <value>0x14dc3</value>
         <object_component_ref idref="oc-247"/>
      </symbol>
      <symbol id="sm-549">
         <name>_Vdc_Sensor</name>
         <value>0x14a42</value>
         <object_component_ref idref="oc-239"/>
      </symbol>
      <symbol id="sm-54a">
         <name>_Vdc</name>
         <value>0x19180</value>
         <object_component_ref idref="oc-1ef"/>
      </symbol>
      <symbol id="sm-54b">
         <name>_Current_Sensor</name>
         <value>0x14b13</value>
         <object_component_ref idref="oc-239"/>
      </symbol>
      <symbol id="sm-557">
         <name>_DisableDog</name>
         <value>0x14caa</value>
         <object_component_ref idref="oc-243"/>
      </symbol>
      <symbol id="sm-558">
         <name>_InitStartDog</name>
         <value>0x14cb2</value>
         <object_component_ref idref="oc-243"/>
      </symbol>
      <symbol id="sm-559">
         <name>_ResetDog</name>
         <value>0x14cbd</value>
         <object_component_ref idref="oc-243"/>
      </symbol>
      <symbol id="sm-55a">
         <name>_Init_PeripheralClocks</name>
         <value>0x14cc7</value>
         <object_component_ref idref="oc-243"/>
      </symbol>
      <symbol id="sm-566">
         <name>_DIV2PIF32</name>
         <value>0x14d15</value>
         <object_component_ref idref="oc-1f9"/>
      </symbol>
      <symbol id="sm-567">
         <name>_DIVF32</name>
         <value>0x14d19</value>
         <object_component_ref idref="oc-1f9"/>
      </symbol>
      <symbol id="sm-568">
         <name>_ATANF32</name>
         <value>0x14d39</value>
         <object_component_ref idref="oc-1f9"/>
      </symbol>
      <symbol id="sm-569">
         <name>_COSF32</name>
         <value>0x14d30</value>
         <object_component_ref idref="oc-1f9"/>
      </symbol>
      <symbol id="sm-56a">
         <name>_MPY2PIF32</name>
         <value>0x14d11</value>
         <object_component_ref idref="oc-1f9"/>
      </symbol>
      <symbol id="sm-56b">
         <name>_SQRTF32</name>
         <value>0x14d20</value>
         <object_component_ref idref="oc-1f9"/>
      </symbol>
      <symbol id="sm-56c">
         <name>_SINF32</name>
         <value>0x14d27</value>
         <object_component_ref idref="oc-1f9"/>
      </symbol>
      <symbol id="sm-57f">
         <name>_EPWM</name>
         <value>0xa808</value>
         <object_component_ref idref="oc-238"/>
      </symbol>
      <symbol id="sm-580">
         <name>_Init_ePWM</name>
         <value>0x14c13</value>
         <object_component_ref idref="oc-248"/>
      </symbol>
      <symbol id="sm-58e">
         <name>_main</name>
         <value>0x14e0b</value>
         <object_component_ref idref="oc-240"/>
      </symbol>
      <symbol id="sm-5a9">
         <name>_c_int00</name>
         <value>0x14bbd</value>
         <object_component_ref idref="oc-e1"/>
      </symbol>
      <symbol id="sm-5aa">
         <name>__stack</name>
         <value>0x400</value>
         <object_component_ref idref="oc-208"/>
      </symbol>
      <symbol id="sm-5b9">
         <name>_copy_in</name>
         <value>0x14de7</value>
         <object_component_ref idref="oc-234"/>
      </symbol>
      <symbol id="sm-5ca">
         <name>_memcpy</name>
         <value>0x14e2c</value>
         <object_component_ref idref="oc-23f"/>
      </symbol>
      <symbol id="sm-5d6">
         <name>__system_pre_init</name>
         <value>0x14e8b</value>
         <object_component_ref idref="oc-233"/>
      </symbol>
      <symbol id="sm-5e3">
         <name>__system_post_cinit</name>
         <value>0x14e8d</value>
         <object_component_ref idref="oc-235"/>
      </symbol>
      <symbol id="sm-5f7">
         <name>C$$EXIT</name>
         <value>0x14d9a</value>
         <object_component_ref idref="oc-237"/>
      </symbol>
      <symbol id="sm-5f8">
         <name>_exit</name>
         <value>0x14d9c</value>
         <object_component_ref idref="oc-237"/>
      </symbol>
      <symbol id="sm-5f9">
         <name>___TI_cleanup_ptr</name>
         <value>0xa802</value>
         <object_component_ref idref="oc-224"/>
      </symbol>
      <symbol id="sm-5fa">
         <name>___TI_enable_exit_profile_output</name>
         <value>0xa800</value>
         <object_component_ref idref="oc-224"/>
      </symbol>
      <symbol id="sm-5fb">
         <name>_abort</name>
         <value>0x14d9a</value>
         <object_component_ref idref="oc-237"/>
      </symbol>
      <symbol id="sm-5fc">
         <name>___TI_dtors_ptr</name>
         <value>0xa804</value>
         <object_component_ref idref="oc-224"/>
      </symbol>
      <symbol id="sm-610">
         <name>__unlock</name>
         <value>0xa80c</value>
         <object_component_ref idref="oc-24c"/>
      </symbol>
      <symbol id="sm-611">
         <name>__lock</name>
         <value>0xa80a</value>
         <object_component_ref idref="oc-241"/>
      </symbol>
      <symbol id="sm-612">
         <name>__register_lock</name>
         <value>0x14e86</value>
         <object_component_ref idref="oc-24a"/>
      </symbol>
      <symbol id="sm-613">
         <name>__nop</name>
         <value>0x14e8a</value>
         <object_component_ref idref="oc-24a"/>
      </symbol>
      <symbol id="sm-614">
         <name>__register_unlock</name>
         <value>0x14e82</value>
         <object_component_ref idref="oc-24a"/>
      </symbol>
      <symbol id="sm-623">
         <name>__args_main</name>
         <value>0x14e49</value>
         <object_component_ref idref="oc-236"/>
      </symbol>
   </symbol_table>
   <title>Link successful</title>
</link_info>
